oh_ai v0.1.0 (E:\openhoi\.orchestrator\wt\WP-09\crates\oh_ai)
└── oh_sim v0.1.0 (E:\openhoi\.orchestrator\wt\WP-09\crates\oh_sim)
    ├── oh_core v0.1.0 (E:\openhoi\.orchestrator\wt\WP-09\crates\oh_core)
    │   ├── fixed v1.31.0
    │   │   ├── az v1.3.0
    │   │   ├── bytemuck v1.25.2
    │   │   ├── half v2.7.1
    │   │   │   ├── cfg-if v1.0.5
    │   │   │   └── zerocopy v0.8.60
    │   │   │       └── zerocopy-derive v0.8.60 (proc-macro)
    │   │   │           ├── proc-macro2 v1.0.107
    │   │   │           │   └── unicode-ident v1.0.26
    │   │   │           ├── quote v1.0.47
    │   │   │           │   └── proc-macro2 v1.0.107 (*)
    │   │   │           └── syn v2.0.119
    │   │   │               ├── proc-macro2 v1.0.107 (*)
    │   │   │               ├── quote v1.0.47 (*)
    │   │   │               └── unicode-ident v1.0.26
    │   │   ├── serde v1.0.229
    │   │   │   ├── serde_core v1.0.229
    │   │   │   └── serde_derive v1.0.229 (proc-macro)
    │   │   │       ├── proc-macro2 v1.0.107 (*)
    │   │   │       ├── quote v1.0.47 (*)
    │   │   │       └── syn v3.0.6
    │   │   │           ├── proc-macro2 v1.0.107 (*)
    │   │   │           ├── quote v1.0.47 (*)
    │   │   │           └── unicode-ident v1.0.26
    │   │   └── typenum v1.20.1
    │   ├── postcard v1.1.3
    │   │   ├── cobs v0.3.0
    │   │   │   └── thiserror v2.0.21
    │   │   │       └── thiserror-impl v2.0.21 (proc-macro)
    │   │   │           ├── proc-macro2 v1.0.107 (*)
    │   │   │           ├── quote v1.0.47 (*)
    │   │   │           └── syn v3.0.6 (*)
    │   │   └── serde v1.0.229 (*)
    │   ├── rand_chacha v0.10.0
    │   │   ├── ppv-lite86 v0.2.21
    │   │   │   └── zerocopy v0.8.60 (*)
    │   │   └── rand_core v0.10.1
    │   └── serde v1.0.229 (*)
    ├── oh_data v0.1.0 (E:\openhoi\.orchestrator\wt\WP-09\crates\oh_data)
    │   ├── fixed v1.31.0 (*)
    │   ├── oh_core v0.1.0 (E:\openhoi\.orchestrator\wt\WP-09\crates\oh_core) (*)
    │   ├── png v0.18.1
    │   │   ├── bitflags v2.13.2
    │   │   ├── crc32fast v1.5.2
    │   │   │   └── cfg-if v1.0.5
    │   │   ├── fdeflate v0.3.7
    │   │   │   └── simd-adler32 v0.3.10
    │   │   ├── flate2 v1.1.10
    │   │   │   ├── crc32fast v1.5.2 (*)
    │   │   │   └── miniz_oxide v0.9.1
    │   │   │       ├── adler2 v2.0.1
    │   │   │       └── simd-adler32 v0.3.10
    │   │   └── miniz_oxide v0.8.9
    │   │       ├── adler2 v2.0.1
    │   │       └── simd-adler32 v0.3.10
    │   ├── schemars v1.2.2
    │   │   ├── dyn-clone v1.0.20
    │   │   ├── ref-cast v1.0.27
    │   │   │   └── ref-cast-impl v1.0.27 (proc-macro)
    │   │   │       ├── proc-macro2 v1.0.107 (*)
    │   │   │       ├── quote v1.0.47 (*)
    │   │   │       └── syn v3.0.6 (*)
    │   │   ├── schemars_derive v1.2.2 (proc-macro)
    │   │   │   ├── proc-macro2 v1.0.107 (*)
    │   │   │   ├── quote v1.0.47 (*)
    │   │   │   ├── serde_derive_internals v0.30.0
    │   │   │   │   ├── proc-macro2 v1.0.107 (*)
    │   │   │   │   ├── quote v1.0.47 (*)
    │   │   │   │   └── syn v3.0.6 (*)
    │   │   │   └── syn v3.0.6 (*)
    │   │   ├── semver v1.0.28
    │   │   ├── serde v1.0.229 (*)
    │   │   └── serde_json v1.0.151
    │   │       ├── itoa v1.0.18
    │   │       ├── memchr v2.8.3
    │   │       ├── serde_core v1.0.229
    │   │       └── zmij v1.0.23
    │   ├── semver v1.0.28
    │   ├── serde v1.0.229 (*)
    │   ├── serde_json v1.0.151 (*)
    │   └── toml v1.1.6+spec-1.1.0
    │       ├── serde_core v1.0.229
    │       ├── serde_spanned v1.1.1
    │       │   └── serde_core v1.0.229
    │       ├── toml_datetime v1.1.1+spec-1.1.0
    │       │   └── serde_core v1.0.229
    │       ├── toml_parser v1.1.3+spec-1.1.0
    │       │   └── winnow v1.0.4
    │       ├── toml_writer v1.1.2+spec-1.1.0
    │       └── winnow v1.0.4
    └── serde v1.0.229 (*)
oh_core v0.1.0 (E:\openhoi\.orchestrator\wt\WP-09\crates\oh_core)
├── fixed v1.31.0
│   ├── az v1.3.0
│   ├── bytemuck v1.25.2
│   ├── half v2.7.1
│   │   ├── cfg-if v1.0.5
│   │   └── zerocopy v0.8.60
│   │       └── zerocopy-derive v0.8.60 (proc-macro)
│   │           ├── proc-macro2 v1.0.107
│   │           │   └── unicode-ident v1.0.26
│   │           ├── quote v1.0.47
│   │           │   └── proc-macro2 v1.0.107 (*)
│   │           └── syn v2.0.119
│   │               ├── proc-macro2 v1.0.107 (*)
│   │               ├── quote v1.0.47 (*)
│   │               └── unicode-ident v1.0.26
│   ├── serde v1.0.229
│   │   ├── serde_core v1.0.229
│   │   └── serde_derive v1.0.229 (proc-macro)
│   │       ├── proc-macro2 v1.0.107 (*)
│   │       ├── quote v1.0.47 (*)
│   │       └── syn v3.0.6
│   │           ├── proc-macro2 v1.0.107 (*)
│   │           ├── quote v1.0.47 (*)
│   │           └── unicode-ident v1.0.26
│   └── typenum v1.20.1
├── postcard v1.1.3
│   ├── cobs v0.3.0
│   │   └── thiserror v2.0.21
│   │       └── thiserror-impl v2.0.21 (proc-macro)
│   │           ├── proc-macro2 v1.0.107 (*)
│   │           ├── quote v1.0.47 (*)
│   │           └── syn v3.0.6 (*)
│   └── serde v1.0.229 (*)
├── rand_chacha v0.10.0
│   ├── ppv-lite86 v0.2.21
│   │   └── zerocopy v0.8.60 (*)
│   └── rand_core v0.10.1
└── serde v1.0.229 (*)
oh_data v0.1.0 (E:\openhoi\.orchestrator\wt\WP-09\crates\oh_data)
├── fixed v1.31.0
│   ├── az v1.3.0
│   ├── bytemuck v1.25.2
│   ├── half v2.7.1
│   │   ├── cfg-if v1.0.5
│   │   └── zerocopy v0.8.60
│   │       └── zerocopy-derive v0.8.60 (proc-macro)
│   │           ├── proc-macro2 v1.0.107
│   │           │   └── unicode-ident v1.0.26
│   │           ├── quote v1.0.47
│   │           │   └── proc-macro2 v1.0.107 (*)
│   │           └── syn v2.0.119
│   │               ├── proc-macro2 v1.0.107 (*)
│   │               ├── quote v1.0.47 (*)
│   │               └── unicode-ident v1.0.26
│   ├── serde v1.0.229
│   │   ├── serde_core v1.0.229
│   │   └── serde_derive v1.0.229 (proc-macro)
│   │       ├── proc-macro2 v1.0.107 (*)
│   │       ├── quote v1.0.47 (*)
│   │       └── syn v3.0.6
│   │           ├── proc-macro2 v1.0.107 (*)
│   │           ├── quote v1.0.47 (*)
│   │           └── unicode-ident v1.0.26
│   └── typenum v1.20.1
├── oh_core v0.1.0 (E:\openhoi\.orchestrator\wt\WP-09\crates\oh_core)
│   ├── fixed v1.31.0 (*)
│   ├── postcard v1.1.3
│   │   ├── cobs v0.3.0
│   │   │   └── thiserror v2.0.21
│   │   │       └── thiserror-impl v2.0.21 (proc-macro)
│   │   │           ├── proc-macro2 v1.0.107 (*)
│   │   │           ├── quote v1.0.47 (*)
│   │   │           └── syn v3.0.6 (*)
│   │   └── serde v1.0.229 (*)
│   ├── rand_chacha v0.10.0
│   │   ├── ppv-lite86 v0.2.21
│   │   │   └── zerocopy v0.8.60 (*)
│   │   └── rand_core v0.10.1
│   └── serde v1.0.229 (*)
├── png v0.18.1
│   ├── bitflags v2.13.2
│   ├── crc32fast v1.5.2
│   │   └── cfg-if v1.0.5
│   ├── fdeflate v0.3.7
│   │   └── simd-adler32 v0.3.10
│   ├── flate2 v1.1.10
│   │   ├── crc32fast v1.5.2 (*)
│   │   └── miniz_oxide v0.9.1
│   │       ├── adler2 v2.0.1
│   │       └── simd-adler32 v0.3.10
│   └── miniz_oxide v0.8.9
│       ├── adler2 v2.0.1
│       └── simd-adler32 v0.3.10
├── schemars v1.2.2
│   ├── dyn-clone v1.0.20
│   ├── ref-cast v1.0.27
│   │   └── ref-cast-impl v1.0.27 (proc-macro)
│   │       ├── proc-macro2 v1.0.107 (*)
│   │       ├── quote v1.0.47 (*)
│   │       └── syn v3.0.6 (*)
│   ├── schemars_derive v1.2.2 (proc-macro)
│   │   ├── proc-macro2 v1.0.107 (*)
│   │   ├── quote v1.0.47 (*)
│   │   ├── serde_derive_internals v0.30.0
│   │   │   ├── proc-macro2 v1.0.107 (*)
│   │   │   ├── quote v1.0.47 (*)
│   │   │   └── syn v3.0.6 (*)
│   │   └── syn v3.0.6 (*)
│   ├── semver v1.0.28
│   ├── serde v1.0.229 (*)
│   └── serde_json v1.0.151
│       ├── itoa v1.0.18
│       ├── memchr v2.8.3
│       ├── serde_core v1.0.229
│       └── zmij v1.0.23
├── semver v1.0.28
├── serde v1.0.229 (*)
├── serde_json v1.0.151 (*)
└── toml v1.1.6+spec-1.1.0
    ├── serde_core v1.0.229
    ├── serde_spanned v1.1.1
    │   └── serde_core v1.0.229
    ├── toml_datetime v1.1.1+spec-1.1.0
    │   └── serde_core v1.0.229
    ├── toml_parser v1.1.3+spec-1.1.0
    │   └── winnow v1.0.4
    ├── toml_writer v1.1.2+spec-1.1.0
    └── winnow v1.0.4
oh_save v0.1.0 (E:\openhoi\.orchestrator\wt\WP-09\crates\oh_save)
└── oh_sim v0.1.0 (E:\openhoi\.orchestrator\wt\WP-09\crates\oh_sim)
    ├── oh_core v0.1.0 (E:\openhoi\.orchestrator\wt\WP-09\crates\oh_core)
    │   ├── fixed v1.31.0
    │   │   ├── az v1.3.0
    │   │   ├── bytemuck v1.25.2
    │   │   ├── half v2.7.1
    │   │   │   ├── cfg-if v1.0.5
    │   │   │   └── zerocopy v0.8.60
    │   │   │       └── zerocopy-derive v0.8.60 (proc-macro)
    │   │   │           ├── proc-macro2 v1.0.107
    │   │   │           │   └── unicode-ident v1.0.26
    │   │   │           ├── quote v1.0.47
    │   │   │           │   └── proc-macro2 v1.0.107 (*)
    │   │   │           └── syn v2.0.119
    │   │   │               ├── proc-macro2 v1.0.107 (*)
    │   │   │               ├── quote v1.0.47 (*)
    │   │   │               └── unicode-ident v1.0.26
    │   │   ├── serde v1.0.229
    │   │   │   ├── serde_core v1.0.229
    │   │   │   └── serde_derive v1.0.229 (proc-macro)
    │   │   │       ├── proc-macro2 v1.0.107 (*)
    │   │   │       ├── quote v1.0.47 (*)
    │   │   │       └── syn v3.0.6
    │   │   │           ├── proc-macro2 v1.0.107 (*)
    │   │   │           ├── quote v1.0.47 (*)
    │   │   │           └── unicode-ident v1.0.26
    │   │   └── typenum v1.20.1
    │   ├── postcard v1.1.3
    │   │   ├── cobs v0.3.0
    │   │   │   └── thiserror v2.0.21
    │   │   │       └── thiserror-impl v2.0.21 (proc-macro)
    │   │   │           ├── proc-macro2 v1.0.107 (*)
    │   │   │           ├── quote v1.0.47 (*)
    │   │   │           └── syn v3.0.6 (*)
    │   │   └── serde v1.0.229 (*)
    │   ├── rand_chacha v0.10.0
    │   │   ├── ppv-lite86 v0.2.21
    │   │   │   └── zerocopy v0.8.60 (*)
    │   │   └── rand_core v0.10.1
    │   └── serde v1.0.229 (*)
    ├── oh_data v0.1.0 (E:\openhoi\.orchestrator\wt\WP-09\crates\oh_data)
    │   ├── fixed v1.31.0 (*)
    │   ├── oh_core v0.1.0 (E:\openhoi\.orchestrator\wt\WP-09\crates\oh_core) (*)
    │   ├── png v0.18.1
    │   │   ├── bitflags v2.13.2
    │   │   ├── crc32fast v1.5.2
    │   │   │   └── cfg-if v1.0.5
    │   │   ├── fdeflate v0.3.7
    │   │   │   └── simd-adler32 v0.3.10
    │   │   ├── flate2 v1.1.10
    │   │   │   ├── crc32fast v1.5.2 (*)
    │   │   │   └── miniz_oxide v0.9.1
    │   │   │       ├── adler2 v2.0.1
    │   │   │       └── simd-adler32 v0.3.10
    │   │   └── miniz_oxide v0.8.9
    │   │       ├── adler2 v2.0.1
    │   │       └── simd-adler32 v0.3.10
    │   ├── schemars v1.2.2
    │   │   ├── dyn-clone v1.0.20
    │   │   ├── ref-cast v1.0.27
    │   │   │   └── ref-cast-impl v1.0.27 (proc-macro)
    │   │   │       ├── proc-macro2 v1.0.107 (*)
    │   │   │       ├── quote v1.0.47 (*)
    │   │   │       └── syn v3.0.6 (*)
    │   │   ├── schemars_derive v1.2.2 (proc-macro)
    │   │   │   ├── proc-macro2 v1.0.107 (*)
    │   │   │   ├── quote v1.0.47 (*)
    │   │   │   ├── serde_derive_internals v0.30.0
    │   │   │   │   ├── proc-macro2 v1.0.107 (*)
    │   │   │   │   ├── quote v1.0.47 (*)
    │   │   │   │   └── syn v3.0.6 (*)
    │   │   │   └── syn v3.0.6 (*)
    │   │   ├── semver v1.0.28
    │   │   ├── serde v1.0.229 (*)
    │   │   └── serde_json v1.0.151
    │   │       ├── itoa v1.0.18
    │   │       ├── memchr v2.8.3
    │   │       ├── serde_core v1.0.229
    │   │       └── zmij v1.0.23
    │   ├── semver v1.0.28
    │   ├── serde v1.0.229 (*)
    │   ├── serde_json v1.0.151 (*)
    │   └── toml v1.1.6+spec-1.1.0
    │       ├── serde_core v1.0.229
    │       ├── serde_spanned v1.1.1
    │       │   └── serde_core v1.0.229
    │       ├── toml_datetime v1.1.1+spec-1.1.0
    │       │   └── serde_core v1.0.229
    │       ├── toml_parser v1.1.3+spec-1.1.0
    │       │   └── winnow v1.0.4
    │       ├── toml_writer v1.1.2+spec-1.1.0
    │       └── winnow v1.0.4
    └── serde v1.0.229 (*)
oh_sim v0.1.0 (E:\openhoi\.orchestrator\wt\WP-09\crates\oh_sim)
├── oh_core v0.1.0 (E:\openhoi\.orchestrator\wt\WP-09\crates\oh_core)
│   ├── fixed v1.31.0
│   │   ├── az v1.3.0
│   │   ├── bytemuck v1.25.2
│   │   ├── half v2.7.1
│   │   │   ├── cfg-if v1.0.5
│   │   │   └── zerocopy v0.8.60
│   │   │       └── zerocopy-derive v0.8.60 (proc-macro)
│   │   │           ├── proc-macro2 v1.0.107
│   │   │           │   └── unicode-ident v1.0.26
│   │   │           ├── quote v1.0.47
│   │   │           │   └── proc-macro2 v1.0.107 (*)
│   │   │           └── syn v2.0.119
│   │   │               ├── proc-macro2 v1.0.107 (*)
│   │   │               ├── quote v1.0.47 (*)
│   │   │               └── unicode-ident v1.0.26
│   │   ├── serde v1.0.229
│   │   │   ├── serde_core v1.0.229
│   │   │   └── serde_derive v1.0.229 (proc-macro)
│   │   │       ├── proc-macro2 v1.0.107 (*)
│   │   │       ├── quote v1.0.47 (*)
│   │   │       └── syn v3.0.6
│   │   │           ├── proc-macro2 v1.0.107 (*)
│   │   │           ├── quote v1.0.47 (*)
│   │   │           └── unicode-ident v1.0.26
│   │   └── typenum v1.20.1
│   ├── postcard v1.1.3
│   │   ├── cobs v0.3.0
│   │   │   └── thiserror v2.0.21
│   │   │       └── thiserror-impl v2.0.21 (proc-macro)
│   │   │           ├── proc-macro2 v1.0.107 (*)
│   │   │           ├── quote v1.0.47 (*)
│   │   │           └── syn v3.0.6 (*)
│   │   └── serde v1.0.229 (*)
│   ├── rand_chacha v0.10.0
│   │   ├── ppv-lite86 v0.2.21
│   │   │   └── zerocopy v0.8.60 (*)
│   │   └── rand_core v0.10.1
│   └── serde v1.0.229 (*)
├── oh_data v0.1.0 (E:\openhoi\.orchestrator\wt\WP-09\crates\oh_data)
│   ├── fixed v1.31.0 (*)
│   ├── oh_core v0.1.0 (E:\openhoi\.orchestrator\wt\WP-09\crates\oh_core) (*)
│   ├── png v0.18.1
│   │   ├── bitflags v2.13.2
│   │   ├── crc32fast v1.5.2
│   │   │   └── cfg-if v1.0.5
│   │   ├── fdeflate v0.3.7
│   │   │   └── simd-adler32 v0.3.10
│   │   ├── flate2 v1.1.10
│   │   │   ├── crc32fast v1.5.2 (*)
│   │   │   └── miniz_oxide v0.9.1
│   │   │       ├── adler2 v2.0.1
│   │   │       └── simd-adler32 v0.3.10
│   │   └── miniz_oxide v0.8.9
│   │       ├── adler2 v2.0.1
│   │       └── simd-adler32 v0.3.10
│   ├── schemars v1.2.2
│   │   ├── dyn-clone v1.0.20
│   │   ├── ref-cast v1.0.27
│   │   │   └── ref-cast-impl v1.0.27 (proc-macro)
│   │   │       ├── proc-macro2 v1.0.107 (*)
│   │   │       ├── quote v1.0.47 (*)
│   │   │       └── syn v3.0.6 (*)
│   │   ├── schemars_derive v1.2.2 (proc-macro)
│   │   │   ├── proc-macro2 v1.0.107 (*)
│   │   │   ├── quote v1.0.47 (*)
│   │   │   ├── serde_derive_internals v0.30.0
│   │   │   │   ├── proc-macro2 v1.0.107 (*)
│   │   │   │   ├── quote v1.0.47 (*)
│   │   │   │   └── syn v3.0.6 (*)
│   │   │   └── syn v3.0.6 (*)
│   │   ├── semver v1.0.28
│   │   ├── serde v1.0.229 (*)
│   │   └── serde_json v1.0.151
│   │       ├── itoa v1.0.18
│   │       ├── memchr v2.8.3
│   │       ├── serde_core v1.0.229
│   │       └── zmij v1.0.23
│   ├── semver v1.0.28
│   ├── serde v1.0.229 (*)
│   ├── serde_json v1.0.151 (*)
│   └── toml v1.1.6+spec-1.1.0
│       ├── serde_core v1.0.229
│       ├── serde_spanned v1.1.1
│       │   └── serde_core v1.0.229
│       ├── toml_datetime v1.1.1+spec-1.1.0
│       │   └── serde_core v1.0.229
│       ├── toml_parser v1.1.3+spec-1.1.0
│       │   └── winnow v1.0.4
│       ├── toml_writer v1.1.2+spec-1.1.0
│       └── winnow v1.0.4
└── serde v1.0.229 (*)
