
> openhoi-client@0.1.0 test:e2e
> playwright test --config playwright.m1.config.ts


Running 15 tests using 8 workers

(node:25328) Warning: The 'NO_COLOR' env is ignored due to the 'FORCE_COLOR' env being set.
(Use `node --trace-warnings ...` to show where the warning was created)
(node:34444) Warning: The 'NO_COLOR' env is ignored due to the 'FORCE_COLOR' env being set.
(Use `node --trace-warnings ...` to show where the warning was created)
(node:31656) Warning: The 'NO_COLOR' env is ignored due to the 'FORCE_COLOR' env being set.
(Use `node --trace-warnings ...` to show where the warning was created)
(node:33428) Warning: The 'NO_COLOR' env is ignored due to the 'FORCE_COLOR' env being set.
(Use `node --trace-warnings ...` to show where the warning was created)
(node:32920) Warning: The 'NO_COLOR' env is ignored due to the 'FORCE_COLOR' env being set.
(Use `node --trace-warnings ...` to show where the warning was created)
(node:18876) Warning: The 'NO_COLOR' env is ignored due to the 'FORCE_COLOR' env being set.
(Use `node --trace-warnings ...` to show where the warning was created)
(node:34252) Warning: The 'NO_COLOR' env is ignored due to the 'FORCE_COLOR' env being set.
(Use `node --trace-warnings ...` to show where the warning was created)
(node:1884) Warning: The 'NO_COLOR' env is ignored due to the 'FORCE_COLOR' env being set.
(Use `node --trace-warnings ...` to show where the warning was created)
  ok  1 [edge] › e2e\malformed-world.spec.ts:5:1 › M1 malformed decoded ledger preserves last valid panel and closes connection (2.2s)
  ok  7 [chromium] › e2e\malformed-world.spec.ts:5:1 › M1 malformed decoded ledger preserves last valid panel and closes connection (2.3s)
  ok  2 [chrome] › e2e\malformed-world.spec.ts:5:1 › M1 malformed decoded ledger preserves last valid panel and closes connection (2.2s)
(node:7032) Warning: The 'NO_COLOR' env is ignored due to the 'FORCE_COLOR' env being set.
(Use `node --trace-warnings ...` to show where the warning was created)
(node:22772) Warning: The 'NO_COLOR' env is ignored due to the 'FORCE_COLOR' env being set.
(Use `node --trace-warnings ...` to show where the warning was created)
  ok 10 [webkit] › e2e\malformed-world.spec.ts:5:1 › M1 malformed decoded ledger preserves last valid panel and closes connection (2.0s)
  ok  8 [firefox] › e2e\malformed-world.spec.ts:5:1 › M1 malformed decoded ledger preserves last valid panel and closes connection (4.4s)
  x   5 [chromium] › e2e\national.spec.ts:6:1 › AC-M1-03 actual Rust M1 panels, separate owner/control, ledger, languages and time (6.8s)
  x   4 [edge] › e2e\national.spec.ts:6:1 › AC-M1-03 actual Rust M1 panels, separate owner/control, ledger, languages and time (6.7s)
  x   6 [chrome] › e2e\national.spec.ts:6:1 › AC-M1-03 actual Rust M1 panels, separate owner/control, ledger, languages and time (6.7s)
(node:2312) Warning: The 'NO_COLOR' env is ignored due to the 'FORCE_COLOR' env being set.
(Use `node --trace-warnings ...` to show where the warning was created)
(node:34796) Warning: The 'NO_COLOR' env is ignored due to the 'FORCE_COLOR' env being set.
(Use `node --trace-warnings ...` to show where the warning was created)
(node:28924) Warning: The 'NO_COLOR' env is ignored due to the 'FORCE_COLOR' env being set.
(Use `node --trace-warnings ...` to show where the warning was created)
  x  11 [chromium] › e2e\national.spec.ts:31:1 › REQ-NAT-01 MAP-08 actual query metadata, dense mapping, colors and refusal (840ms)
  x  13 [chrome] › e2e\national.spec.ts:31:1 › REQ-NAT-01 MAP-08 actual query metadata, dense mapping, colors and refusal (917ms)
  x  12 [edge] › e2e\national.spec.ts:31:1 › REQ-NAT-01 MAP-08 actual query metadata, dense mapping, colors and refusal (1.0s)
  x   9 [webkit] › e2e\national.spec.ts:6:1 › AC-M1-03 actual Rust M1 panels, separate owner/control, ledger, languages and time (7.8s)
  x   3 [firefox] › e2e\national.spec.ts:6:1 › AC-M1-03 actual Rust M1 panels, separate owner/control, ledger, languages and time (9.9s)
(node:7304) Warning: The 'NO_COLOR' env is ignored due to the 'FORCE_COLOR' env being set.
(Use `node --trace-warnings ...` to show where the warning was created)
(node:20268) Warning: The 'NO_COLOR' env is ignored due to the 'FORCE_COLOR' env being set.
(Use `node --trace-warnings ...` to show where the warning was created)
  x  14 [webkit] › e2e\national.spec.ts:31:1 › REQ-NAT-01 MAP-08 actual query metadata, dense mapping, colors and refusal (802ms)
  x  15 [firefox] › e2e\national.spec.ts:31:1 › REQ-NAT-01 MAP-08 actual query metadata, dense mapping, colors and refusal (3.2s)


  1) [chrome] › e2e\national.spec.ts:6:1 › AC-M1-03 actual Rust M1 panels, separate owner/control, ledger, languages and time

    Error: expect(locator).toContainText(expected) failed

    Locator: getByTestId('state-panel')
    Expected substring: "남부 시험 주"
    Received string:    "주북부 시험주남부 시험주남부 시험주소유국남부 시험국인구2000철강0공업 시설0인프라 0수치 원장틱: 0기본값0최종값0기여 항목연산값누적값인프라출처: 기본값기본값00프로빈스소유국통제국30남부 시험국남부 시험국40남부 시험국남부 시험국"
    Timeout: 5000ms

    Call log:
      - Expect "toContainText" getByTestId('state-panel') with timeout 5000ms
      - waiting for getByTestId('state-panel')
        14 × locator resolved to <section aria-label="주" data-testid="state-panel">…</section>
           - unexpected value "주북부 시험주남부 시험주남부 시험주소유국남부 시험국인구2000철강0공업 시설0인프라 0수치 원장틱: 0기본값0최종값0기여 항목연산값누적값인프라출처: 기본값기본값00프로빈스소유국통제국30남부 시험국남부 시험국40남부 시험국남부 시험국"


      22 |  await page.getByTestId('country-panel').getByRole('button',{name:'Southern Test Nation'}).click();await expect(page.getByTestId('country-panel')).toContainText('Test Council');
      23 |  await panel.getByRole('button',{name:'Southern Test State'}).click();await expect(panel.locator('.ledger-value strong')).toHaveText('0');
    > 24 |  await page.getByRole('combobox').selectOption('ko');await expect(page.getByTestId('country-panel')).toContainText('남부 시험국');await expect(panel).toContainText('남부 시험 주');
         |                                                                                                                                                  ^
      25 |  await panel.getByRole('button',{name:'북부 시험 주'}).click();await expect(page.getByTestId('province-20')).toHaveText('20북부 시험국남부 시험국');
      26 |  await page.screenshot({path:`${evidence}/${info.project.name}-m1-ko.png`,fullPage:true});
      27 |  await page.getByTestId('pause').click();await expect(page.getByTestId('tick')).not.toHaveText(tick!);await page.getByTestId('pause').click();
        at E:\openhoi\.orchestrator\wt\WP-09\client\e2e\national.spec.ts:24:146

    Error Context: test-results\national-AC-M1-03-actual-R-63c86-l-ledger-languages-and-time-chrome\error-context.md

  2) [chrome] › e2e\national.spec.ts:31:1 › REQ-NAT-01 MAP-08 actual query metadata, dense mapping, colors and refusal

    Error: expect(received).toMatchObject(expected)

    - Expected  - 2
    + Received  + 2

    @@ -15,10 +15,10 @@
          140,
          95,
          170,
        ],
        "terrain_color": Array [
    -     130,
    -     165,
    +     155,
    +     135,
          95,
        ],
      }

      36 |  const result=values.find(m=>m.type==='WorldResult'&&m.request==='world');expect(result?.type).toBe('WorldResult');if(result?.type!=='WorldResult'||!result.world)throw new Error('missing actual world');
      37 |  const world=result.world;expect(world.map_id).toBe('testland');expect(world.province_ids).toEqual([10,20,30,40,50,60]);expect(world.width).toBe(8);expect(world.height).toBe(6);
    > 38 |  expect(world.provinces.find(p=>p.id===20)).toMatchObject({owner:1,controller:2,owner_color:[40,100,180],controller_color:[180,70,40],state_color:[140,95,170],terrain_color:[130,165,95]});
         |                                             ^
      39 |  expect(world.provinces.find(p=>p.id===50)).toMatchObject({owner:null,controller:null});
      40 |  expect(world.states[0].infrastructure).toMatchObject({base:'1',final_value:'1',tick:world.tick,entries:[{value:'1',accumulated:'1'}]});
      41 |  for(const request of ['missing','bad'])expect(values).toContainEqual({type:'WorldResult',request,supported:false,reason_key:'unknown-entity',world:null});
        at E:\openhoi\.orchestrator\wt\WP-09\client\e2e\national.spec.ts:38:45

    Error Context: test-results\national-REQ-NAT-01-MAP-08-1922a--mapping-colors-and-refusal-chrome\error-context.md

  3) [edge] › e2e\national.spec.ts:6:1 › AC-M1-03 actual Rust M1 panels, separate owner/control, ledger, languages and time

    Error: expect(locator).toContainText(expected) failed

    Locator: getByTestId('state-panel')
    Expected substring: "남부 시험 주"
    Received string:    "주북부 시험주남부 시험주남부 시험주소유국남부 시험국인구2000철강0공업 시설0인프라 0수치 원장틱: 0기본값0최종값0기여 항목연산값누적값인프라출처: 기본값기본값00프로빈스소유국통제국30남부 시험국남부 시험국40남부 시험국남부 시험국"
    Timeout: 5000ms

    Call log:
      - Expect "toContainText" getByTestId('state-panel') with timeout 5000ms
      - waiting for getByTestId('state-panel')
        14 × locator resolved to <section aria-label="주" data-testid="state-panel">…</section>
           - unexpected value "주북부 시험주남부 시험주남부 시험주소유국남부 시험국인구2000철강0공업 시설0인프라 0수치 원장틱: 0기본값0최종값0기여 항목연산값누적값인프라출처: 기본값기본값00프로빈스소유국통제국30남부 시험국남부 시험국40남부 시험국남부 시험국"


      22 |  await page.getByTestId('country-panel').getByRole('button',{name:'Southern Test Nation'}).click();await expect(page.getByTestId('country-panel')).toContainText('Test Council');
      23 |  await panel.getByRole('button',{name:'Southern Test State'}).click();await expect(panel.locator('.ledger-value strong')).toHaveText('0');
    > 24 |  await page.getByRole('combobox').selectOption('ko');await expect(page.getByTestId('country-panel')).toContainText('남부 시험국');await expect(panel).toContainText('남부 시험 주');
         |                                                                                                                                                  ^
      25 |  await panel.getByRole('button',{name:'북부 시험 주'}).click();await expect(page.getByTestId('province-20')).toHaveText('20북부 시험국남부 시험국');
      26 |  await page.screenshot({path:`${evidence}/${info.project.name}-m1-ko.png`,fullPage:true});
      27 |  await page.getByTestId('pause').click();await expect(page.getByTestId('tick')).not.toHaveText(tick!);await page.getByTestId('pause').click();
        at E:\openhoi\.orchestrator\wt\WP-09\client\e2e\national.spec.ts:24:146

    Error Context: test-results\national-AC-M1-03-actual-R-63c86-l-ledger-languages-and-time-edge\error-context.md

  4) [edge] › e2e\national.spec.ts:31:1 › REQ-NAT-01 MAP-08 actual query metadata, dense mapping, colors and refusal

    Error: expect(received).toMatchObject(expected)

    - Expected  - 2
    + Received  + 2

    @@ -15,10 +15,10 @@
          140,
          95,
          170,
        ],
        "terrain_color": Array [
    -     130,
    -     165,
    +     155,
    +     135,
          95,
        ],
      }

      36 |  const result=values.find(m=>m.type==='WorldResult'&&m.request==='world');expect(result?.type).toBe('WorldResult');if(result?.type!=='WorldResult'||!result.world)throw new Error('missing actual world');
      37 |  const world=result.world;expect(world.map_id).toBe('testland');expect(world.province_ids).toEqual([10,20,30,40,50,60]);expect(world.width).toBe(8);expect(world.height).toBe(6);
    > 38 |  expect(world.provinces.find(p=>p.id===20)).toMatchObject({owner:1,controller:2,owner_color:[40,100,180],controller_color:[180,70,40],state_color:[140,95,170],terrain_color:[130,165,95]});
         |                                             ^
      39 |  expect(world.provinces.find(p=>p.id===50)).toMatchObject({owner:null,controller:null});
      40 |  expect(world.states[0].infrastructure).toMatchObject({base:'1',final_value:'1',tick:world.tick,entries:[{value:'1',accumulated:'1'}]});
      41 |  for(const request of ['missing','bad'])expect(values).toContainEqual({type:'WorldResult',request,supported:false,reason_key:'unknown-entity',world:null});
        at E:\openhoi\.orchestrator\wt\WP-09\client\e2e\national.spec.ts:38:45

    Error Context: test-results\national-REQ-NAT-01-MAP-08-1922a--mapping-colors-and-refusal-edge\error-context.md

  5) [chromium] › e2e\national.spec.ts:6:1 › AC-M1-03 actual Rust M1 panels, separate owner/control, ledger, languages and time

    Error: expect(locator).toContainText(expected) failed

    Locator: getByTestId('state-panel')
    Expected substring: "남부 시험 주"
    Received string:    "주북부 시험주남부 시험주남부 시험주소유국남부 시험국인구2000철강0공업 시설0인프라 0수치 원장틱: 0기본값0최종값0기여 항목연산값누적값인프라출처: 기본값기본값00프로빈스소유국통제국30남부 시험국남부 시험국40남부 시험국남부 시험국"
    Timeout: 5000ms

    Call log:
      - Expect "toContainText" getByTestId('state-panel') with timeout 5000ms
      - waiting for getByTestId('state-panel')
        14 × locator resolved to <section aria-label="주" data-testid="state-panel">…</section>
           - unexpected value "주북부 시험주남부 시험주남부 시험주소유국남부 시험국인구2000철강0공업 시설0인프라 0수치 원장틱: 0기본값0최종값0기여 항목연산값누적값인프라출처: 기본값기본값00프로빈스소유국통제국30남부 시험국남부 시험국40남부 시험국남부 시험국"


      22 |  await page.getByTestId('country-panel').getByRole('button',{name:'Southern Test Nation'}).click();await expect(page.getByTestId('country-panel')).toContainText('Test Council');
      23 |  await panel.getByRole('button',{name:'Southern Test State'}).click();await expect(panel.locator('.ledger-value strong')).toHaveText('0');
    > 24 |  await page.getByRole('combobox').selectOption('ko');await expect(page.getByTestId('country-panel')).toContainText('남부 시험국');await expect(panel).toContainText('남부 시험 주');
         |                                                                                                                                                  ^
      25 |  await panel.getByRole('button',{name:'북부 시험 주'}).click();await expect(page.getByTestId('province-20')).toHaveText('20북부 시험국남부 시험국');
      26 |  await page.screenshot({path:`${evidence}/${info.project.name}-m1-ko.png`,fullPage:true});
      27 |  await page.getByTestId('pause').click();await expect(page.getByTestId('tick')).not.toHaveText(tick!);await page.getByTestId('pause').click();
        at E:\openhoi\.orchestrator\wt\WP-09\client\e2e\national.spec.ts:24:146

    Error Context: test-results\national-AC-M1-03-actual-R-63c86-l-ledger-languages-and-time-chromium\error-context.md

  6) [chromium] › e2e\national.spec.ts:31:1 › REQ-NAT-01 MAP-08 actual query metadata, dense mapping, colors and refusal

    Error: expect(received).toMatchObject(expected)

    - Expected  - 2
    + Received  + 2

    @@ -15,10 +15,10 @@
          140,
          95,
          170,
        ],
        "terrain_color": Array [
    -     130,
    -     165,
    +     155,
    +     135,
          95,
        ],
      }

      36 |  const result=values.find(m=>m.type==='WorldResult'&&m.request==='world');expect(result?.type).toBe('WorldResult');if(result?.type!=='WorldResult'||!result.world)throw new Error('missing actual world');
      37 |  const world=result.world;expect(world.map_id).toBe('testland');expect(world.province_ids).toEqual([10,20,30,40,50,60]);expect(world.width).toBe(8);expect(world.height).toBe(6);
    > 38 |  expect(world.provinces.find(p=>p.id===20)).toMatchObject({owner:1,controller:2,owner_color:[40,100,180],controller_color:[180,70,40],state_color:[140,95,170],terrain_color:[130,165,95]});
         |                                             ^
      39 |  expect(world.provinces.find(p=>p.id===50)).toMatchObject({owner:null,controller:null});
      40 |  expect(world.states[0].infrastructure).toMatchObject({base:'1',final_value:'1',tick:world.tick,entries:[{value:'1',accumulated:'1'}]});
      41 |  for(const request of ['missing','bad'])expect(values).toContainEqual({type:'WorldResult',request,supported:false,reason_key:'unknown-entity',world:null});
        at E:\openhoi\.orchestrator\wt\WP-09\client\e2e\national.spec.ts:38:45

    Error Context: test-results\national-REQ-NAT-01-MAP-08-1922a--mapping-colors-and-refusal-chromium\error-context.md

  7) [firefox] › e2e\national.spec.ts:6:1 › AC-M1-03 actual Rust M1 panels, separate owner/control, ledger, languages and time

    Error: expect(locator).toContainText(expected) failed

    Locator: getByTestId('state-panel')
    Expected substring: "남부 시험 주"
    Received string:    "주북부 시험주남부 시험주남부 시험주소유국남부 시험국인구2000철강0공업 시설0인프라 0수치 원장틱: 0기본값0최종값0기여 항목연산값누적값인프라출처: 기본값기본값00프로빈스소유국통제국30남부 시험국남부 시험국40남부 시험국남부 시험국"
    Timeout: 5000ms

    Call log:
      - Expect "toContainText" getByTestId('state-panel') with timeout 5000ms
      - waiting for getByTestId('state-panel')
        13 × locator resolved to <section aria-label="주" data-testid="state-panel">…</section>
           - unexpected value "주북부 시험주남부 시험주남부 시험주소유국남부 시험국인구2000철강0공업 시설0인프라 0수치 원장틱: 0기본값0최종값0기여 항목연산값누적값인프라출처: 기본값기본값00프로빈스소유국통제국30남부 시험국남부 시험국40남부 시험국남부 시험국"


      22 |  await page.getByTestId('country-panel').getByRole('button',{name:'Southern Test Nation'}).click();await expect(page.getByTestId('country-panel')).toContainText('Test Council');
      23 |  await panel.getByRole('button',{name:'Southern Test State'}).click();await expect(panel.locator('.ledger-value strong')).toHaveText('0');
    > 24 |  await page.getByRole('combobox').selectOption('ko');await expect(page.getByTestId('country-panel')).toContainText('남부 시험국');await expect(panel).toContainText('남부 시험 주');
         |                                                                                                                                                  ^
      25 |  await panel.getByRole('button',{name:'북부 시험 주'}).click();await expect(page.getByTestId('province-20')).toHaveText('20북부 시험국남부 시험국');
      26 |  await page.screenshot({path:`${evidence}/${info.project.name}-m1-ko.png`,fullPage:true});
      27 |  await page.getByTestId('pause').click();await expect(page.getByTestId('tick')).not.toHaveText(tick!);await page.getByTestId('pause').click();
        at E:\openhoi\.orchestrator\wt\WP-09\client\e2e\national.spec.ts:24:146

    Error Context: test-results\national-AC-M1-03-actual-R-63c86-l-ledger-languages-and-time-firefox\error-context.md

  8) [firefox] › e2e\national.spec.ts:31:1 › REQ-NAT-01 MAP-08 actual query metadata, dense mapping, colors and refusal

    Error: expect(received).toMatchObject(expected)

    - Expected  - 2
    + Received  + 2

    @@ -15,10 +15,10 @@
          140,
          95,
          170,
        ],
        "terrain_color": Array [
    -     130,
    -     165,
    +     155,
    +     135,
          95,
        ],
      }

      36 |  const result=values.find(m=>m.type==='WorldResult'&&m.request==='world');expect(result?.type).toBe('WorldResult');if(result?.type!=='WorldResult'||!result.world)throw new Error('missing actual world');
      37 |  const world=result.world;expect(world.map_id).toBe('testland');expect(world.province_ids).toEqual([10,20,30,40,50,60]);expect(world.width).toBe(8);expect(world.height).toBe(6);
    > 38 |  expect(world.provinces.find(p=>p.id===20)).toMatchObject({owner:1,controller:2,owner_color:[40,100,180],controller_color:[180,70,40],state_color:[140,95,170],terrain_color:[130,165,95]});
         |                                             ^
      39 |  expect(world.provinces.find(p=>p.id===50)).toMatchObject({owner:null,controller:null});
      40 |  expect(world.states[0].infrastructure).toMatchObject({base:'1',final_value:'1',tick:world.tick,entries:[{value:'1',accumulated:'1'}]});
      41 |  for(const request of ['missing','bad'])expect(values).toContainEqual({type:'WorldResult',request,supported:false,reason_key:'unknown-entity',world:null});
        at E:\openhoi\.orchestrator\wt\WP-09\client\e2e\national.spec.ts:38:45

    Error Context: test-results\national-REQ-NAT-01-MAP-08-1922a--mapping-colors-and-refusal-firefox\error-context.md

  9) [webkit] › e2e\national.spec.ts:6:1 › AC-M1-03 actual Rust M1 panels, separate owner/control, ledger, languages and time

    Error: expect(locator).toContainText(expected) failed

    Locator: getByTestId('state-panel')
    Expected substring: "남부 시험 주"
    Received string:    "주북부 시험주남부 시험주남부 시험주소유국남부 시험국인구2000철강0공업 시설0인프라 0수치 원장틱: 0기본값0최종값0기여 항목연산값누적값인프라출처: 기본값기본값00프로빈스소유국통제국30남부 시험국남부 시험국40남부 시험국남부 시험국"
    Timeout: 5000ms

    Call log:
      - Expect "toContainText" getByTestId('state-panel') with timeout 5000ms
      - waiting for getByTestId('state-panel')
        14 × locator resolved to <section aria-label="주" data-testid="state-panel">…</section>
           - unexpected value "주북부 시험주남부 시험주남부 시험주소유국남부 시험국인구2000철강0공업 시설0인프라 0수치 원장틱: 0기본값0최종값0기여 항목연산값누적값인프라출처: 기본값기본값00프로빈스소유국통제국30남부 시험국남부 시험국40남부 시험국남부 시험국"


      22 |  await page.getByTestId('country-panel').getByRole('button',{name:'Southern Test Nation'}).click();await expect(page.getByTestId('country-panel')).toContainText('Test Council');
      23 |  await panel.getByRole('button',{name:'Southern Test State'}).click();await expect(panel.locator('.ledger-value strong')).toHaveText('0');
    > 24 |  await page.getByRole('combobox').selectOption('ko');await expect(page.getByTestId('country-panel')).toContainText('남부 시험국');await expect(panel).toContainText('남부 시험 주');
         |                                                                                                                                                  ^
      25 |  await panel.getByRole('button',{name:'북부 시험 주'}).click();await expect(page.getByTestId('province-20')).toHaveText('20북부 시험국남부 시험국');
      26 |  await page.screenshot({path:`${evidence}/${info.project.name}-m1-ko.png`,fullPage:true});
      27 |  await page.getByTestId('pause').click();await expect(page.getByTestId('tick')).not.toHaveText(tick!);await page.getByTestId('pause').click();
        at E:\openhoi\.orchestrator\wt\WP-09\client\e2e\national.spec.ts:24:146

    Error Context: test-results\national-AC-M1-03-actual-R-63c86-l-ledger-languages-and-time-webkit\error-context.md

  10) [webkit] › e2e\national.spec.ts:31:1 › REQ-NAT-01 MAP-08 actual query metadata, dense mapping, colors and refusal

    Error: expect(received).toMatchObject(expected)

    - Expected  - 2
    + Received  + 2

    @@ -15,10 +15,10 @@
          140,
          95,
          170,
        ],
        "terrain_color": Array [
    -     130,
    -     165,
    +     155,
    +     135,
          95,
        ],
      }

      36 |  const result=values.find(m=>m.type==='WorldResult'&&m.request==='world');expect(result?.type).toBe('WorldResult');if(result?.type!=='WorldResult'||!result.world)throw new Error('missing actual world');
      37 |  const world=result.world;expect(world.map_id).toBe('testland');expect(world.province_ids).toEqual([10,20,30,40,50,60]);expect(world.width).toBe(8);expect(world.height).toBe(6);
    > 38 |  expect(world.provinces.find(p=>p.id===20)).toMatchObject({owner:1,controller:2,owner_color:[40,100,180],controller_color:[180,70,40],state_color:[140,95,170],terrain_color:[130,165,95]});
         |                                             ^
      39 |  expect(world.provinces.find(p=>p.id===50)).toMatchObject({owner:null,controller:null});
      40 |  expect(world.states[0].infrastructure).toMatchObject({base:'1',final_value:'1',tick:world.tick,entries:[{value:'1',accumulated:'1'}]});
      41 |  for(const request of ['missing','bad'])expect(values).toContainEqual({type:'WorldResult',request,supported:false,reason_key:'unknown-entity',world:null});
        at E:\openhoi\.orchestrator\wt\WP-09\client\e2e\national.spec.ts:38:45

    Error Context: test-results\national-REQ-NAT-01-MAP-08-1922a--mapping-colors-and-refusal-webkit\error-context.md

  10 failed
    [chrome] › e2e\national.spec.ts:6:1 › AC-M1-03 actual Rust M1 panels, separate owner/control, ledger, languages and time
    [chrome] › e2e\national.spec.ts:31:1 › REQ-NAT-01 MAP-08 actual query metadata, dense mapping, colors and refusal
    [edge] › e2e\national.spec.ts:6:1 › AC-M1-03 actual Rust M1 panels, separate owner/control, ledger, languages and time
    [edge] › e2e\national.spec.ts:31:1 › REQ-NAT-01 MAP-08 actual query metadata, dense mapping, colors and refusal
    [chromium] › e2e\national.spec.ts:6:1 › AC-M1-03 actual Rust M1 panels, separate owner/control, ledger, languages and time
    [chromium] › e2e\national.spec.ts:31:1 › REQ-NAT-01 MAP-08 actual query metadata, dense mapping, colors and refusal
    [firefox] › e2e\national.spec.ts:6:1 › AC-M1-03 actual Rust M1 panels, separate owner/control, ledger, languages and time
    [firefox] › e2e\national.spec.ts:31:1 › REQ-NAT-01 MAP-08 actual query metadata, dense mapping, colors and refusal
    [webkit] › e2e\national.spec.ts:6:1 › AC-M1-03 actual Rust M1 panels, separate owner/control, ledger, languages and time
    [webkit] › e2e\national.spec.ts:31:1 › REQ-NAT-01 MAP-08 actual query metadata, dense mapping, colors and refusal
  5 passed (17.7s)
