
> openhoi-client@0.1.0 pretest
> cargo run -p oh_proto --example wire_fixtures

   Compiling oh_proto v0.1.0 (E:\openhoi\.orchestrator\wt\WP-09\crates\oh_proto)
    Finished `dev` profile [unoptimized + debuginfo] target(s) in 0.71s
     Running `E:\openhoi\.orchestrator\wt\WP-09\target\debug\examples\wire_fixtures.exe`

> openhoi-client@0.1.0 test
> vitest run


 RUN  v5.0.3 E:/openhoi/.orchestrator/wt/WP-09/client

 ❯ src/national.test.tsx (0 test)

⎯⎯⎯⎯⎯⎯ Failed Suites 1 ⎯⎯⎯⎯⎯⎯⎯

 FAIL  src/national.test.tsx [ src/national.test.tsx ]
Error: Cannot find module './components/NationalPanels' imported from E:/openhoi/.orchestrator/wt/WP-09/client/src/national.test.tsx
 ❯ src/national.test.tsx:3:1
      1| import { renderToStaticMarkup } from 'react-dom/server';
      2| import { expect, test } from 'vitest';
      3| import { NationalPanels } from './components/NationalPanels';
       | ^
      4| import { readFileSync } from 'node:fs';
      5| import { isServerMessage } from './network';

⎯⎯⎯⎯⎯⎯⎯⎯⎯⎯⎯⎯⎯⎯⎯⎯⎯⎯⎯⎯⎯⎯⎯⎯[1/1]⎯


 Test Files  1 failed | 5 passed (6)
      Tests  123 passed (123)
   Start at  22:15:05
   Duration  474ms (tests 42%, import 33%, transform 21%, worker 3%)
