    Blocking waiting for file lock on build directory
   Compiling thiserror v2.0.21
   Compiling syn v2.0.119
   Compiling cobs v0.3.0
   Compiling postcard v1.1.3
   Compiling zerocopy-derive v0.8.60
   Compiling zerocopy v0.8.60
   Compiling half v2.7.1
   Compiling ppv-lite86 v0.2.21
   Compiling fixed v1.31.0
   Compiling rand_chacha v0.10.0
   Compiling oh_core v0.1.0 (E:\openhoi\.orchestrator\wt\WP-09\crates\oh_core)
   Compiling oh_data v0.1.0 (E:\openhoi\.orchestrator\wt\WP-09\crates\oh_data)
error[E0433]: cannot find `national` in `oh_data`
 --> crates\oh_data\tests\national.rs:5:27
  |
5 |     let loaded = oh_data::national::load_scenario(&root, "m1").unwrap();
  |                           ^^^^^^^^ could not find `national` in `oh_data`

For more information about this error, try `rustc --explain E0433`.
error: could not compile `oh_data` (test "national") due to 1 previous error
