    Checking oh_server v0.1.0 (E:\openhoi\.orchestrator\wt\WP-05\crates\oh_server)
error: this `if` statement can be collapsed
  --> crates\oh_server\src\main.rs:32:5
   |
32 | /     if options.open {
33 | |         if let Err(error) = oh_server::open_browser(&url) {
34 | |             eprintln!("{error}");
35 | |         }
36 | |     }
   | |_____^
   |
   = help: for further information visit https://rust-lang.github.io/rust-clippy/rust-1.99.0/index.html#collapsible_if
   = note: `-D clippy::collapsible-if` implied by `-D warnings`
   = help: to override `-D warnings` add `#[allow(clippy::collapsible_if)]`
help: collapse nested if block
   |
32 ~     if options.open
33 ~         && let Err(error) = oh_server::open_browser(&url) {
34 |             eprintln!("{error}");
35 ~         }
   |

error: could not compile `oh_server` (bin "oh_server") due to 1 previous error
