
> openhoi-client@0.1.0 test:e2e
> playwright test


Running 12 tests using 6 workers

(node:36204) Warning: The 'NO_COLOR' env is ignored due to the 'FORCE_COLOR' env being set.
(Use `node --trace-warnings ...` to show where the warning was created)
(node:33844) Warning: The 'NO_COLOR' env is ignored due to the 'FORCE_COLOR' env being set.
(Use `node --trace-warnings ...` to show where the warning was created)
(node:38092) Warning: The 'NO_COLOR' env is ignored due to the 'FORCE_COLOR' env being set.
(Use `node --trace-warnings ...` to show where the warning was created)
(node:24296) Warning: The 'NO_COLOR' env is ignored due to the 'FORCE_COLOR' env being set.
(Use `node --trace-warnings ...` to show where the warning was created)
(node:36876) Warning: The 'NO_COLOR' env is ignored due to the 'FORCE_COLOR' env being set.
(Use `node --trace-warnings ...` to show where the warning was created)
(node:36928) Warning: The 'NO_COLOR' env is ignored due to the 'FORCE_COLOR' env being set.
(Use `node --trace-warnings ...` to show where the warning was created)
  ok  3 [chromium] › e2e\shell.spec.ts:3:1 › REQ-PLAT-01 built client loads without browser errors (206ms)
  ok  4 [webkit] › e2e\shell.spec.ts:3:1 › REQ-PLAT-01 built client loads without browser errors (429ms)
  ok  2 [chromium] › e2e\network.spec.ts:4:1 › REQ-GEN-01 REQ-TIME-01 REQ-NET-01 authoritative pause, five speeds and date (1.5s)
  ok  7 [chromium] › e2e\network.spec.ts:28:1 › REQ-NET-02 executable serves built assets and ko/en localization (21ms)
  ok  1 [firefox] › e2e\shell.spec.ts:3:1 › REQ-PLAT-01 built client loads without browser errors (1.1s)
  ok  5 [webkit] › e2e\network.spec.ts:4:1 › REQ-GEN-01 REQ-TIME-01 REQ-NET-01 authoritative pause, five speeds and date (3.0s)
  ok  9 [webkit] › e2e\network.spec.ts:28:1 › REQ-NET-02 executable serves built assets and ko/en localization (18ms)
  ok  8 [chromium] › e2e\network.spec.ts:41:1 › REQ-NET-01 version mismatch, acceptance, rejection and unsupported scope (1.6s)
  ok  6 [firefox] › e2e\network.spec.ts:4:1 › REQ-GEN-01 REQ-TIME-01 REQ-NET-01 authoritative pause, five speeds and date (2.6s)
  ok 11 [firefox] › e2e\network.spec.ts:28:1 › REQ-NET-02 executable serves built assets and ko/en localization (18ms)
  ok 10 [webkit] › e2e\network.spec.ts:41:1 › REQ-NET-01 version mismatch, acceptance, rejection and unsupported scope (1.8s)
  ok 12 [firefox] › e2e\network.spec.ts:41:1 › REQ-NET-01 version mismatch, acceptance, rejection and unsupported scope (1.7s)

  12 passed (33.3s)
