
> openhoi-client@0.1.0 test:e2e
> playwright test --project=chromium --timeout=3000

[WebServer] (node:48232) Warning: The 'NO_COLOR' env is ignored due to the 'FORCE_COLOR' env being set.
[WebServer] (Use `node --trace-warnings ...` to show where the warning was created)
[WebServer] (node:26104) Warning: The 'NO_COLOR' env is ignored due to the 'FORCE_COLOR' env being set.
[WebServer] (Use `node --trace-warnings ...` to show where the warning was created)

Running 4 tests using 2 workers

(node:9240) Warning: The 'NO_COLOR' env is ignored due to the 'FORCE_COLOR' env being set.
(Use `node --trace-warnings ...` to show where the warning was created)
(node:8652) Warning: The 'NO_COLOR' env is ignored due to the 'FORCE_COLOR' env being set.
(Use `node --trace-warnings ...` to show where the warning was created)
  ok 1 [chromium] › e2e\shell.spec.ts:3:1 › REQ-PLAT-01 built client loads without browser errors (143ms)
  x  2 [chromium] › e2e\network.spec.ts:4:1 › REQ-GEN-01 REQ-TIME-01 REQ-NET-01 authoritative pause, five speeds and date (3.0s)
(node:28564) Warning: The 'NO_COLOR' env is ignored due to the 'FORCE_COLOR' env being set.
(Use `node --trace-warnings ...` to show where the warning was created)
  x  3 [chromium] › e2e\network.spec.ts:26:1 › REQ-NET-02 executable serves built assets and ko/en localization (34ms)
(node:32644) Warning: The 'NO_COLOR' env is ignored due to the 'FORCE_COLOR' env being set.
(Use `node --trace-warnings ...` to show where the warning was created)
  x  4 [chromium] › e2e\network.spec.ts:39:1 › REQ-NET-01 version mismatch, acceptance, rejection and unsupported scope (137ms)


  1) [chromium] › e2e\network.spec.ts:4:1 › REQ-GEN-01 REQ-TIME-01 REQ-NET-01 authoritative pause, five speeds and date

    Test timeout of 3000ms exceeded.

    Error: expect(locator).toHaveText(expected) failed

    Locator: getByTestId('connection')
    Expected: "Connected"
    Error: element(s) not found

    Call log:
      - Expect "toHaveText" getByTestId('connection') with timeout 5000ms
      - waiting for getByTestId('connection')
      - Test timeout of 3000ms exceeded.


      4 | test('REQ-GEN-01 REQ-TIME-01 REQ-NET-01 authoritative pause, five speeds and date', async ({ page }, info) => {
      5 |   await page.goto('/');
    > 6 |   await expect(page.getByTestId('connection')).toHaveText('Connected');
        |                                                ^
      7 |   await expect(page.getByTestId('date')).toContainText('2000-');
      8 |   await page.getByTestId('pause').click();
      9 |   await expect(page.getByTestId('pause')).toHaveText('Resume');
        at E:\openhoi\.orchestrator\wt\WP-05\client\e2e\network.spec.ts:6:48

    Error Context: test-results\network-REQ-GEN-01-REQ-TIM-15544--pause-five-speeds-and-date-chromium\error-context.md

  2) [chromium] › e2e\network.spec.ts:26:1 › REQ-NET-02 executable serves built assets and ko/en localization

    Error: expect(received).toBe(expected) // Object.is equality

    Expected: 404
    Received: 200

      34 |   expect((await js.body()).length).toBeGreaterThan(1000);
      35 |   for (const locale of ['ko', 'en']) expect((await request.get(`/locales/${locale}.json`)).status()).toBe(200);
    > 36 |   expect((await request.get('/missing.js')).status()).toBe(404);
         |                                                       ^
      37 | });
      38 |
      39 | test('REQ-NET-01 version mismatch, acceptance, rejection and unsupported scope', async ({ page }) => {
        at E:\openhoi\.orchestrator\wt\WP-05\client\e2e\network.spec.ts:36:55

    Error Context: test-results\network-REQ-NET-02-executa-4ab52-sets-and-ko-en-localization-chromium\error-context.md

  3) [chromium] › e2e\network.spec.ts:39:1 › REQ-NET-01 version mismatch, acceptance, rejection and unsupported scope

    Error: expect(received).toMatchObject(expected)

    Matcher error: received value must be a non-null object

    Received has value: undefined

      59 |   }
      60 |   const result = { bad: await exchange('unsupported', []), good: await exchange('m0-v1', requests) };
    > 61 |   expect(result.bad[0]).toMatchObject({ accepted: false, reason_key: 'protocol-version' });
         |                         ^
      62 |   expect(result.good).toContainEqual(expect.objectContaining({ type: 'CommandResult', sequence: '1', accepted: true }));
      63 |   expect(result.good).toContainEqual(expect.objectContaining({ type: 'CommandResult', sequence: '2', accepted: false, reason_key: 'invalid-speed' }));
      64 |   expect(result.good).toContainEqual(expect.objectContaining({ reason_key: 'invalid-sequence' }));
        at E:\openhoi\.orchestrator\wt\WP-05\client\e2e\network.spec.ts:61:25

    Error Context: test-results\network-REQ-NET-01-version-0c177-ction-and-unsupported-scope-chromium\error-context.md

  3 failed
    [chromium] › e2e\network.spec.ts:4:1 › REQ-GEN-01 REQ-TIME-01 REQ-NET-01 authoritative pause, five speeds and date
    [chromium] › e2e\network.spec.ts:26:1 › REQ-NET-02 executable serves built assets and ko/en localization
    [chromium] › e2e\network.spec.ts:39:1 › REQ-NET-01 version mismatch, acceptance, rejection and unsupported scope
  1 passed (6.2s)
