["node", "C:/Program Files/nodejs/node_modules/npm/bin/npm-cli.js", "--prefix", "client", "run", "test:e2e"]

> openhoi-client@0.1.0 test:e2e
> playwright test


Running 60 tests using 8 workers

(node:1048) Warning: The 'NO_COLOR' env is ignored due to the 'FORCE_COLOR' env being set.
(Use `node --trace-warnings ...` to show where the warning was created)
(node:34224) Warning: The 'NO_COLOR' env is ignored due to the 'FORCE_COLOR' env being set.
(Use `node --trace-warnings ...` to show where the warning was created)
(node:35404) Warning: The 'NO_COLOR' env is ignored due to the 'FORCE_COLOR' env being set.
(Use `node --trace-warnings ...` to show where the warning was created)
(node:35352) Warning: The 'NO_COLOR' env is ignored due to the 'FORCE_COLOR' env being set.
(Use `node --trace-warnings ...` to show where the warning was created)
(node:34700) Warning: The 'NO_COLOR' env is ignored due to the 'FORCE_COLOR' env being set.
(Use `node --trace-warnings ...` to show where the warning was created)
(node:35004) Warning: The 'NO_COLOR' env is ignored due to the 'FORCE_COLOR' env being set.
(Use `node --trace-warnings ...` to show where the warning was created)
(node:30060) Warning: The 'NO_COLOR' env is ignored due to the 'FORCE_COLOR' env being set.
(Use `node --trace-warnings ...` to show where the warning was created)
(node:17484) Warning: The 'NO_COLOR' env is ignored due to the 'FORCE_COLOR' env being set.
(Use `node --trace-warnings ...` to show where the warning was created)
  ok  1 [chrome] › e2e\shell.spec.ts:3:1 › REQ-PLAT-01 built client loads without browser errors (972ms)
  ok  3 [edge] › e2e\shell.spec.ts:3:1 › REQ-PLAT-01 built client loads without browser errors (1.0s)
  ok  2 [chrome] › e2e\localization.spec.ts:9:1 › REQ-LOC-01 REQ-LOC-02 actual Rust executable ko/en switch and local CJK font (1.5s)
  ok  5 [edge] › e2e\localization.spec.ts:9:1 › REQ-LOC-01 REQ-LOC-02 actual Rust executable ko/en switch and local CJK font (1.7s)
  ok  9 [chrome] › e2e\localization.spec.ts:58:1 › REQ-LOC-01 actual server Notice and CommandResult failure translate on language switch (668ms)
  ok 10 [edge] › e2e\localization.spec.ts:58:1 › REQ-LOC-01 actual server Notice and CommandResult failure translate on language switch (616ms)
  ok  4 [chrome] › e2e\malformed.spec.ts:7:1 › P-06 malformed MessagePack Snapshot preserves shell and closes connection (2.3s)
  ok  7 [edge] › e2e\malformed.spec.ts:7:1 › P-06 malformed MessagePack Snapshot preserves shell and closes connection (2.4s)
  ok 11 [chrome] › e2e\localization.spec.ts:75:1 › REQ-LOC-01 actual server Notice renders through Fluent (501ms)
  ok 12 [edge] › e2e\localization.spec.ts:75:1 › REQ-LOC-01 actual server Notice renders through Fluent (688ms)
  ok  6 [edge] › e2e\network.spec.ts:6:1 › REQ-GEN-01 REQ-TIME-01 REQ-NET-01 authoritative pause, five speeds and date (2.0s)
  ok 15 [edge] › e2e\network.spec.ts:31:1 › REQ-NET-02 executable serves built assets and ko/en localization (43ms)
  ok  8 [chrome] › e2e\network.spec.ts:6:1 › REQ-GEN-01 REQ-TIME-01 REQ-NET-01 authoritative pause, five speeds and date (2.9s)
  ok 17 [chrome] › e2e\network.spec.ts:31:1 › REQ-NET-02 executable serves built assets and ko/en localization (54ms)
  ok 13 [chrome] › e2e\localization.spec.ts:89:1 › AC-M1-03 ledger display fixture opens with keyboard and preserves supplied values (812ms)
  ok 14 [edge] › e2e\localization.spec.ts:89:1 › AC-M1-03 ledger display fixture opens with keyboard and preserves supplied values (736ms)
  ok 16 [edge] › e2e\network.spec.ts:44:1 › REQ-NET-01 version mismatch, acceptance, rejection and unsupported scope (1.9s)
  ok 18 [chrome] › e2e\network.spec.ts:44:1 › REQ-NET-01 version mismatch, acceptance, rejection and unsupported scope (1.9s)
(node:35852) Warning: The 'NO_COLOR' env is ignored due to the 'FORCE_COLOR' env being set.
(Use `node --trace-warnings ...` to show where the warning was created)
  ok 19 [edge] › e2e\network.spec.ts:73:1 › REQ-NET-01 Create, supported query, Delta and explicit refusal (1.0s)
  ok 20 [chrome] › e2e\network.spec.ts:73:1 › REQ-NET-01 Create, supported query, Delta and explicit refusal (1.0s)
  ok 21 [chromium] › e2e\shell.spec.ts:3:1 › REQ-PLAT-01 built client loads without browser errors (264ms)
  ok 22 [edge] › e2e\network.spec.ts:101:1 › REQ-NET-02 ko localization (540ms)
  ok 23 [chrome] › e2e\network.spec.ts:101:1 › REQ-NET-02 ko localization (504ms)
(node:27356) Warning: The 'NO_COLOR' env is ignored due to the 'FORCE_COLOR' env being set.
(Use `node --trace-warnings ...` to show where the warning was created)
(node:12612) Warning: The 'NO_COLOR' env is ignored due to the 'FORCE_COLOR' env being set.
(Use `node --trace-warnings ...` to show where the warning was created)
(node:14224) Warning: The 'NO_COLOR' env is ignored due to the 'FORCE_COLOR' env being set.
(Use `node --trace-warnings ...` to show where the warning was created)
  ok 24 [edge] › e2e\network.spec.ts:112:1 › REQ-GEN-05 REQ-NET-05 server disconnect freezes displayed time and input (1.3s)
  ok 25 [chrome] › e2e\network.spec.ts:112:1 › REQ-GEN-05 REQ-NET-05 server disconnect freezes displayed time and input (1.3s)
  ok 27 [chromium] › e2e\localization.spec.ts:9:1 › REQ-LOC-01 REQ-LOC-02 actual Rust executable ko/en switch and local CJK font (921ms)
(node:17256) Warning: The 'NO_COLOR' env is ignored due to the 'FORCE_COLOR' env being set.
(Use `node --trace-warnings ...` to show where the warning was created)
(node:14960) Warning: The 'NO_COLOR' env is ignored due to the 'FORCE_COLOR' env being set.
(Use `node --trace-warnings ...` to show where the warning was created)
(node:9484) Warning: The 'NO_COLOR' env is ignored due to the 'FORCE_COLOR' env being set.
(Use `node --trace-warnings ...` to show where the warning was created)
  ok 26 [chromium] › e2e\malformed.spec.ts:7:1 › P-06 malformed MessagePack Snapshot preserves shell and closes connection (1.5s)
  ok 29 [chromium] › e2e\localization.spec.ts:58:1 › REQ-LOC-01 actual server Notice and CommandResult failure translate on language switch (499ms)
  ok 30 [chromium] › e2e\localization.spec.ts:75:1 › REQ-LOC-01 actual server Notice renders through Fluent (419ms)
(node:34128) Warning: The 'NO_COLOR' env is ignored due to the 'FORCE_COLOR' env being set.
(Use `node --trace-warnings ...` to show where the warning was created)
  ok 34 [chromium] › e2e\localization.spec.ts:89:1 › AC-M1-03 ledger display fixture opens with keyboard and preserves supplied values (598ms)
(node:33116) Warning: The 'NO_COLOR' env is ignored due to the 'FORCE_COLOR' env being set.
(Use `node --trace-warnings ...` to show where the warning was created)
  ok 31 [chromium] › e2e\network.spec.ts:6:1 › REQ-GEN-01 REQ-TIME-01 REQ-NET-01 authoritative pause, five speeds and date (2.3s)
  ok 37 [chromium] › e2e\network.spec.ts:31:1 › REQ-NET-02 executable serves built assets and ko/en localization (46ms)
  ok 35 [webkit] › e2e\localization.spec.ts:9:1 › REQ-LOC-01 REQ-LOC-02 actual Rust executable ko/en switch and local CJK font (1.8s)
(node:6996) Warning: The 'NO_COLOR' env is ignored due to the 'FORCE_COLOR' env being set.
(Use `node --trace-warnings ...` to show where the warning was created)
  ok 39 [webkit] › e2e\localization.spec.ts:58:1 › REQ-LOC-01 actual server Notice and CommandResult failure translate on language switch (921ms)
  ok 36 [webkit] › e2e\malformed.spec.ts:7:1 › P-06 malformed MessagePack Snapshot preserves shell and closes connection (1.9s)
  ok 38 [chromium] › e2e\network.spec.ts:44:1 › REQ-NET-01 version mismatch, acceptance, rejection and unsupported scope (1.9s)
  ok 40 [webkit] › e2e\localization.spec.ts:75:1 › REQ-LOC-01 actual server Notice renders through Fluent (698ms)
  ok 42 [webkit] › e2e\shell.spec.ts:3:1 › REQ-PLAT-01 built client loads without browser errors (431ms)
(node:20264) Warning: The 'NO_COLOR' env is ignored due to the 'FORCE_COLOR' env being set.
(Use `node --trace-warnings ...` to show where the warning was created)
  ok 43 [chromium] › e2e\network.spec.ts:73:1 › REQ-NET-01 Create, supported query, Delta and explicit refusal (979ms)
  ok 44 [webkit] › e2e\localization.spec.ts:89:1 › AC-M1-03 ledger display fixture opens with keyboard and preserves supplied values (1.1s)
  ok 45 [chromium] › e2e\network.spec.ts:101:1 › REQ-NET-02 ko localization (500ms)
  ok 47 [chromium] › e2e\network.spec.ts:112:1 › REQ-GEN-05 REQ-NET-05 server disconnect freezes displayed time and input (1.1s)
  ok 46 [firefox] › e2e\shell.spec.ts:3:1 › REQ-PLAT-01 built client loads without browser errors (1.5s)
  ok 41 [webkit] › e2e\network.spec.ts:6:1 › REQ-GEN-01 REQ-TIME-01 REQ-NET-01 authoritative pause, five speeds and date (3.5s)
  ok 48 [webkit] › e2e\network.spec.ts:31:1 › REQ-NET-02 executable serves built assets and ko/en localization (32ms)
  ok 28 [firefox] › e2e\network.spec.ts:6:1 › REQ-GEN-01 REQ-TIME-01 REQ-NET-01 authoritative pause, five speeds and date (10.1s)
  ok 50 [firefox] › e2e\network.spec.ts:31:1 › REQ-NET-02 executable serves built assets and ko/en localization (36ms)
  ok 33 [firefox] › e2e\malformed.spec.ts:7:1 › P-06 malformed MessagePack Snapshot preserves shell and closes connection (7.9s)
  ok 32 [firefox] › e2e\localization.spec.ts:9:1 › REQ-LOC-01 REQ-LOC-02 actual Rust executable ko/en switch and local CJK font (8.8s)
  ok 49 [webkit] › e2e\network.spec.ts:44:1 › REQ-NET-01 version mismatch, acceptance, rejection and unsupported scope (1.9s)
  ok 52 [firefox] › e2e\localization.spec.ts:58:1 › REQ-LOC-01 actual server Notice and CommandResult failure translate on language switch (750ms)
  ok 53 [webkit] › e2e\network.spec.ts:73:1 › REQ-NET-01 Create, supported query, Delta and explicit refusal (1.1s)
  ok 54 [firefox] › e2e\localization.spec.ts:75:1 › REQ-LOC-01 actual server Notice renders through Fluent (633ms)
  ok 51 [firefox] › e2e\network.spec.ts:44:1 › REQ-NET-01 version mismatch, acceptance, rejection and unsupported scope (2.1s)
  ok 55 [webkit] › e2e\network.spec.ts:101:1 › REQ-NET-02 ko localization (727ms)
  ok 56 [firefox] › e2e\localization.spec.ts:89:1 › AC-M1-03 ledger display fixture opens with keyboard and preserves supplied values (987ms)
  ok 57 [firefox] › e2e\network.spec.ts:73:1 › REQ-NET-01 Create, supported query, Delta and explicit refusal (1.3s)
  ok 58 [webkit] › e2e\network.spec.ts:112:1 › REQ-GEN-05 REQ-NET-05 server disconnect freezes displayed time and input (1.5s)
  ok 59 [firefox] › e2e\network.spec.ts:101:1 › REQ-NET-02 ko localization (540ms)
  ok 60 [firefox] › e2e\network.spec.ts:112:1 › REQ-GEN-05 REQ-NET-05 server disconnect freezes displayed time and input (1.3s)

  60 passed (26.6s)

EXIT=0
