["python", "target/wp12-verify2/keys.py"]
{
  "static_ui_keys": [
    "controls",
    "date",
    "font-license",
    "hour",
    "language",
    "language-en",
    "language-ko",
    "ledger-accumulated",
    "ledger-base",
    "ledger-contribution",
    "ledger-empty",
    "ledger-final",
    "ledger-open",
    "ledger-operation",
    "ledger-source",
    "ledger-title",
    "ledger-value",
    "no-value",
    "speed",
    "speed-choice",
    "subtitle",
    "tick",
    "title",
    "waiting"
  ],
  "server_reason_keys": [
    "already-joined",
    "hello-required",
    "invalid-message",
    "invalid-sequence",
    "invalid-speed",
    "not-joined",
    "protocol-version",
    "session-closed",
    "simulation-error",
    "unsupported-create",
    "unsupported-query",
    "unsupported-session"
  ],
  "missing": {
    "ko": [],
    "en": []
  }
}

EXIT=0
