
Running 195 tests using 3 workers

(node:6008) Warning: The 'NO_COLOR' env is ignored due to the 'FORCE_COLOR' env being set.
(Use `node --trace-warnings ...` to show where the warning was created)
(node:33668) Warning: The 'NO_COLOR' env is ignored due to the 'FORCE_COLOR' env being set.
(Use `node --trace-warnings ...` to show where the warning was created)
(node:8220) Warning: The 'NO_COLOR' env is ignored due to the 'FORCE_COLOR' env being set.
(Use `node --trace-warnings ...` to show where the warning was created)
  ok   2 [chrome] › e2e-m1\map-pipeline.spec.ts:5:65 › REQ-PLAT-03 actual device pipeline rejection falls back to GL pixels (1.2s)
  ok   1 [chrome] › e2e-m1\map-capability.spec.ts:6:1 › REQ-PLAT-03 native backend capability renders pixels or preserves authority with localized notice (1.5s)
  ok   4 [chrome] › e2e-m1\map-pipeline.spec.ts:5:65 › REQ-PLAT-03 actual device pipeline rejection with GL unavailable shows notice (714ms)
  ok   3 [chrome] › e2e-m1\malformed-world.spec.ts:5:1 › M1 malformed decoded ledger preserves last valid panel and closes connection (2.0s)
  ok   5 [chrome] › e2e-m1\map-redirect.spec.ts:15:3 › WP08 P06 metadata CORS redirect sends no foreign request on first load (575ms)
  ok   6 [chrome] › e2e-m1\map-pipeline.spec.ts:5:65 › REQ-PLAT-03 actual device pipeline rejection with GL shader shows notice (809ms)
  ok   8 [chrome] › e2e-m1\map-redirect.spec.ts:15:3 › WP08 P06 metadata CORS redirect sends no foreign request after valid selection (1.0s)
  ok  10 [chrome] › e2e-m1\map-redirect.spec.ts:15:3 › WP08 P06 index CORS redirect sends no foreign request on first load (592ms)
  ok   9 [chrome] › e2e-m1\map.spec.ts:11:1 › REQ-MAP-04/05 PLAT-03 actual map pixels, modes, pick and viewport (1.5s)
  ok  11 [chrome] › e2e-m1\map-redirect.spec.ts:15:3 › WP08 P06 index CORS redirect sends no foreign request after valid selection (942ms)
  ok  13 [chrome] › e2e-m1\map-redirect.spec.ts:140:56 › WP08 P06 metadata same-origin redirect is also rejected before follow (411ms)
  ok  14 [chrome] › e2e-m1\map-redirect.spec.ts:140:56 › WP08 P06 index same-origin redirect is also rejected before follow (390ms)
  ok   7 [chrome] › e2e-m1\map-resize.spec.ts:7:1 › REQ-MAP-05 resize and reset preserve presentation pixels and camera authority (3.7s)
  ok  12 [chrome] › e2e-m1\map.spec.ts:40:1 › REQ-PLAT-03 preferred actual backend produces the same map RGB and source shader (1.6s)
(node:34180) Warning: The 'NO_COLOR' env is ignored due to the 'FORCE_COLOR' env being set.
(Use `node --trace-warnings ...` to show where the warning was created)
  ok  16 [chrome] › e2e-m1\map.spec.ts:48:1 › REQ-MAP-04 changed server RGB updates only affected lookup texel on actual backend (1.1s)
  ok  15 [chrome] › e2e-m1\national.spec.ts:6:1 › AC-M1-03 actual Rust M1 panels, separate owner/control, ledger, languages and time (1.8s)
  ok  19 [chrome] › e2e-m1\national.spec.ts:31:1 › REQ-NAT-01 MAP-08 actual query metadata, dense mapping, colors and refusal (810ms)
  ok  18 [chrome] › e2e-m1\map.spec.ts:52:1 › REQ-MAP-04/05 RG8 high dense byte and LUT second row pick real ID65535 (1.4s)
(node:37056) Warning: The 'NO_COLOR' env is ignored due to the 'FORCE_COLOR' env being set.
(Use `node --trace-warnings ...` to show where the warning was created)
  ok  17 [edge] › e2e-m1\malformed-world.spec.ts:5:1 › M1 malformed decoded ledger preserves last valid panel and closes connection (2.0s)
  ok  21 [edge] › e2e-m1\map-pipeline.spec.ts:5:65 › REQ-PLAT-03 actual device pipeline rejection falls back to GL pixels (969ms)
  ok  22 [edge] › e2e-m1\map-capability.spec.ts:6:1 › REQ-PLAT-03 native backend capability renders pixels or preserves authority with localized notice (1.2s)
  ok  23 [edge] › e2e-m1\map-pipeline.spec.ts:5:65 › REQ-PLAT-03 actual device pipeline rejection with GL unavailable shows notice (754ms)
  ok  20 [chrome] › e2e-m1\map.spec.ts:59:33 › REQ-MAP-05 independent three border pixel oracle, u16 sentinel and camera preferred (2.5s)
  ok  24 [edge] › e2e-m1\map-redirect.spec.ts:15:3 › WP08 P06 metadata CORS redirect sends no foreign request on first load (639ms)
  ok  25 [edge] › e2e-m1\map-pipeline.spec.ts:5:65 › REQ-PLAT-03 actual device pipeline rejection with GL shader shows notice (802ms)
  ok  27 [edge] › e2e-m1\map-redirect.spec.ts:15:3 › WP08 P06 metadata CORS redirect sends no foreign request after valid selection (1.0s)
  ok  29 [edge] › e2e-m1\map-redirect.spec.ts:15:3 › WP08 P06 index CORS redirect sends no foreign request on first load (561ms)
  ok  26 [chrome] › e2e-m1\map.spec.ts:59:33 › REQ-MAP-05 independent three border pixel oracle, u16 sentinel and camera WebGL2 (2.0s)
  ok  31 [chrome] › e2e-m1\map.spec.ts:93:93 › REQ-PLAT-03 missingGPU falls back to actual WebGL2 pixels (594ms)
  ok  30 [edge] › e2e-m1\map-redirect.spec.ts:15:3 › WP08 P06 index CORS redirect sends no foreign request after valid selection (950ms)
  ok  33 [edge] › e2e-m1\map-redirect.spec.ts:140:56 › WP08 P06 metadata same-origin redirect is also rejected before follow (396ms)
  ok  32 [chrome] › e2e-m1\map.spec.ts:93:93 › REQ-PLAT-03 nullAdapter falls back to actual WebGL2 pixels (573ms)
  ok  34 [edge] › e2e-m1\map-redirect.spec.ts:140:56 › WP08 P06 index same-origin redirect is also rejected before follow (416ms)
  ok  35 [chrome] › e2e-m1\map.spec.ts:93:93 › REQ-PLAT-03 adapterReject falls back to actual WebGL2 pixels (584ms)
  ok  28 [edge] › e2e-m1\map-resize.spec.ts:7:1 › REQ-MAP-05 resize and reset preserve presentation pixels and camera authority (3.4s)
  ok  37 [chrome] › e2e-m1\map.spec.ts:93:93 › REQ-PLAT-03 deviceReject falls back to actual WebGL2 pixels (562ms)
  ok  39 [chrome] › e2e-m1\map.spec.ts:93:93 › REQ-PLAT-03 insecure falls back to actual WebGL2 pixels (559ms)
  ok  36 [edge] › e2e-m1\map.spec.ts:11:1 › REQ-MAP-04/05 PLAT-03 actual map pixels, modes, pick and viewport (1.5s)
  ok  40 [chrome] › e2e-m1\map.spec.ts:104:37 › REQ-PLAT-03 no backend shows localized notices (516ms)
  ok  38 [edge] › e2e-m1\national.spec.ts:6:1 › AC-M1-03 actual Rust M1 panels, separate owner/control, ledger, languages and time (1.7s)
  ok  42 [chrome] › e2e-m1\map.spec.ts:104:37 › REQ-PLAT-03 no backend shows localized notices after preferred rejection (521ms)
  ok  44 [chrome] › e2e-m1\map.spec.ts:114:1 › REQ-PLAT-03 actual WebGL2 texture limit is checked before texture creation (435ms)
  ok  43 [edge] › e2e-m1\national.spec.ts:31:1 › REQ-NAT-01 MAP-08 actual query metadata, dense mapping, colors and refusal (824ms)
  ok  41 [edge] › e2e-m1\map.spec.ts:40:1 › REQ-PLAT-03 preferred actual backend produces the same map RGB and source shader (1.7s)
  ok  45 [chrome] › e2e-m1\map.spec.ts:118:1 › REQ-MAP-04 missing bundled index fails visibly without external download (555ms)
(node:36172) Warning: The 'NO_COLOR' env is ignored due to the 'FORCE_COLOR' env being set.
(Use `node --trace-warnings ...` to show where the warning was created)
  ok  47 [chrome] › e2e-m1\map.spec.ts:122:116 › REQ-MAP-04 schema boundary oldVersion rejects atomically (392ms)
  ok  48 [chrome] › e2e-m1\map.spec.ts:122:116 › REQ-MAP-04 schema boundary futureVersion rejects atomically (442ms)
  ok  50 [chrome] › e2e-m1\map.spec.ts:122:116 › REQ-MAP-04 schema boundary wrongPack rejects atomically (456ms)
  ok  46 [edge] › e2e-m1\map.spec.ts:48:1 › REQ-MAP-04 changed server RGB updates only affected lookup texel on actual backend (1.7s)
  ok  51 [chrome] › e2e-m1\map.spec.ts:122:116 › REQ-MAP-04 schema boundary duplicateIds rejects atomically (476ms)
  ok  53 [chrome] › e2e-m1\map.spec.ts:122:116 › REQ-MAP-04 schema boundary badStyle rejects atomically (419ms)
  ok  49 [chromium] › e2e-m1\malformed-world.spec.ts:5:1 › M1 malformed decoded ledger preserves last valid panel and closes connection (1.9s)
  ok  54 [chrome] › e2e-m1\map.spec.ts:122:116 › REQ-MAP-04 schema boundary shortBytes rejects atomically (438ms)
  ok  52 [edge] › e2e-m1\map.spec.ts:52:1 › REQ-MAP-04/05 RG8 high dense byte and LUT second row pick real ID65535 (1.4s)
  ok  56 [chrome] › e2e-m1\map.spec.ts:122:116 › REQ-MAP-04 schema boundary wrongHash rejects atomically (485ms)
  ok  55 [chromium] › e2e-m1\map-capability.spec.ts:6:1 › REQ-PLAT-03 native backend capability renders pixels or preserves authority with localized notice (796ms)
  ok  59 [chromium] › e2e-m1\map-pipeline.spec.ts:5:65 › REQ-PLAT-03 actual device pipeline rejection falls back to GL pixels (644ms)
  ok  60 [chromium] › e2e-m1\map-pipeline.spec.ts:5:65 › REQ-PLAT-03 actual device pipeline rejection with GL unavailable shows notice (412ms)
  ok  58 [chrome] › e2e-m1\map.spec.ts:132:70 › REQ-MAP-05 dangling preserves last valid map and closes wire (1.5s)
  ok  61 [chromium] › e2e-m1\map-pipeline.spec.ts:5:65 › REQ-PLAT-03 actual device pipeline rejection with GL shader shows notice (493ms)
  ok  57 [edge] › e2e-m1\map.spec.ts:59:33 › REQ-MAP-05 independent three border pixel oracle, u16 sentinel and camera preferred (2.5s)
  ok  63 [chromium] › e2e-m1\map-redirect.spec.ts:15:3 › WP08 P06 metadata CORS redirect sends no foreign request on first load (465ms)
  ok  65 [chromium] › e2e-m1\map-redirect.spec.ts:15:3 › WP08 P06 metadata CORS redirect sends no foreign request after valid selection (822ms)
  ok  62 [chrome] › e2e-m1\map.spec.ts:132:70 › REQ-MAP-05 changedDimensions preserves last valid map and closes wire (1.6s)
  ok  66 [chromium] › e2e-m1\map-redirect.spec.ts:15:3 › WP08 P06 index CORS redirect sends no foreign request on first load (479ms)
  ok  64 [edge] › e2e-m1\map.spec.ts:59:33 › REQ-MAP-05 independent three border pixel oracle, u16 sentinel and camera WebGL2 (2.0s)
  ok  68 [chromium] › e2e-m1\map-redirect.spec.ts:15:3 › WP08 P06 index CORS redirect sends no foreign request after valid selection (791ms)
  ok  70 [chromium] › e2e-m1\map-redirect.spec.ts:140:56 › WP08 P06 metadata same-origin redirect is also rejected before follow (332ms)
  ok  67 [chrome] › e2e-m1\map.spec.ts:132:70 › REQ-MAP-05 changedDense preserves last valid map and closes wire (1.6s)
  ok  69 [edge] › e2e-m1\map.spec.ts:93:93 › REQ-PLAT-03 missingGPU falls back to actual WebGL2 pixels (543ms)
  ok  71 [chromium] › e2e-m1\map-redirect.spec.ts:140:56 › WP08 P06 index same-origin redirect is also rejected before follow (316ms)
(node:24716) Warning: The 'NO_COLOR' env is ignored due to the 'FORCE_COLOR' env being set.
(Use `node --trace-warnings ...` to show where the warning was created)
  ok  72 [edge] › e2e-m1\map.spec.ts:93:93 › REQ-PLAT-03 nullAdapter falls back to actual WebGL2 pixels (528ms)
  ok  74 [edge] › e2e-m1\map.spec.ts:93:93 › REQ-PLAT-03 adapterReject falls back to actual WebGL2 pixels (586ms)
  ok  73 [chromium] › e2e-m1\map.spec.ts:11:1 › REQ-MAP-04/05 PLAT-03 actual map pixels, modes, pick and viewport (1.5s)
  ok  76 [edge] › e2e-m1\map.spec.ts:93:93 › REQ-PLAT-03 deviceReject falls back to actual WebGL2 pixels (700ms)
  ok  78 [edge] › e2e-m1\map.spec.ts:93:93 › REQ-PLAT-03 insecure falls back to actual WebGL2 pixels (707ms)
  ok  79 [edge] › e2e-m1\map.spec.ts:104:37 › REQ-PLAT-03 no backend shows localized notices (726ms)
  ok  77 [chromium] › e2e-m1\map.spec.ts:40:1 › REQ-PLAT-03 preferred actual backend produces the same map RGB and source shader (1.6s)
  ok  80 [edge] › e2e-m1\map.spec.ts:104:37 › REQ-PLAT-03 no backend shows localized notices after preferred rejection (637ms)
  ok  82 [edge] › e2e-m1\map.spec.ts:114:1 › REQ-PLAT-03 actual WebGL2 texture limit is checked before texture creation (551ms)
  ok  75 [chromium] › e2e-m1\map-resize.spec.ts:7:1 › REQ-MAP-05 resize and reset preserve presentation pixels and camera authority (4.1s)
  ok  81 [chromium] › e2e-m1\map.spec.ts:48:1 › REQ-MAP-04 changed server RGB updates only affected lookup texel on actual backend (1.5s)
  ok  83 [edge] › e2e-m1\map.spec.ts:118:1 › REQ-MAP-04 missing bundled index fails visibly without external download (538ms)
  ok  86 [edge] › e2e-m1\map.spec.ts:122:116 › REQ-MAP-04 schema boundary oldVersion rejects atomically (477ms)
  ok  85 [chromium] › e2e-m1\map.spec.ts:52:1 › REQ-MAP-04/05 RG8 high dense byte and LUT second row pick real ID65535 (594ms)
  ok  87 [edge] › e2e-m1\map.spec.ts:122:116 › REQ-MAP-04 schema boundary futureVersion rejects atomically (422ms)
  ok  89 [edge] › e2e-m1\map.spec.ts:122:116 › REQ-MAP-04 schema boundary wrongPack rejects atomically (636ms)
  ok  84 [chromium] › e2e-m1\national.spec.ts:6:1 › AC-M1-03 actual Rust M1 panels, separate owner/control, ledger, languages and time (1.9s)
  ok  90 [edge] › e2e-m1\map.spec.ts:122:116 › REQ-MAP-04 schema boundary duplicateIds rejects atomically (537ms)
  ok  91 [chromium] › e2e-m1\national.spec.ts:31:1 › REQ-NAT-01 MAP-08 actual query metadata, dense mapping, colors and refusal (777ms)
  ok  92 [edge] › e2e-m1\map.spec.ts:122:116 › REQ-MAP-04 schema boundary badStyle rejects atomically (523ms)
  ok  88 [chromium] › e2e-m1\map.spec.ts:59:33 › REQ-MAP-05 independent three border pixel oracle, u16 sentinel and camera preferred (2.3s)
  ok  93 [edge] › e2e-m1\map.spec.ts:122:116 › REQ-MAP-04 schema boundary shortBytes rejects atomically (457ms)
(node:21644) Warning: The 'NO_COLOR' env is ignored due to the 'FORCE_COLOR' env being set.
(Use `node --trace-warnings ...` to show where the warning was created)
  ok  95 [edge] › e2e-m1\map.spec.ts:122:116 › REQ-MAP-04 schema boundary wrongHash rejects atomically (487ms)
  ok  94 [chromium] › e2e-m1\map.spec.ts:59:33 › REQ-MAP-05 independent three border pixel oracle, u16 sentinel and camera WebGL2 (2.1s)
  ok  97 [edge] › e2e-m1\map.spec.ts:132:70 › REQ-MAP-05 dangling preserves last valid map and closes wire (1.6s)
  ok  98 [chromium] › e2e-m1\map.spec.ts:93:93 › REQ-PLAT-03 missingGPU falls back to actual WebGL2 pixels (588ms)
  ok 100 [chromium] › e2e-m1\map.spec.ts:93:93 › REQ-PLAT-03 nullAdapter falls back to actual WebGL2 pixels (515ms)
  ok 101 [chromium] › e2e-m1\map.spec.ts:93:93 › REQ-PLAT-03 adapterReject falls back to actual WebGL2 pixels (480ms)
  ok  99 [edge] › e2e-m1\map.spec.ts:132:70 › REQ-MAP-05 changedDimensions preserves last valid map and closes wire (1.7s)
  ok 102 [chromium] › e2e-m1\map.spec.ts:93:93 › REQ-PLAT-03 deviceReject falls back to actual WebGL2 pixels (491ms)
  ok 104 [chromium] › e2e-m1\map.spec.ts:93:93 › REQ-PLAT-03 insecure falls back to actual WebGL2 pixels (500ms)
  ok 105 [chromium] › e2e-m1\map.spec.ts:104:37 › REQ-PLAT-03 no backend shows localized notices (353ms)
  ok  96 [firefox] › e2e-m1\malformed-world.spec.ts:5:1 › M1 malformed decoded ledger preserves last valid panel and closes connection (4.3s)
  ok 106 [chromium] › e2e-m1\map.spec.ts:104:37 › REQ-PLAT-03 no backend shows localized notices after preferred rejection (367ms)
  ok 103 [edge] › e2e-m1\map.spec.ts:132:70 › REQ-MAP-05 changedDense preserves last valid map and closes wire (1.6s)
  ok 108 [chromium] › e2e-m1\map.spec.ts:114:1 › REQ-PLAT-03 actual WebGL2 texture limit is checked before texture creation (319ms)
  ok 109 [chromium] › e2e-m1\map.spec.ts:118:1 › REQ-MAP-04 missing bundled index fails visibly without external download (289ms)
(node:29704) Warning: The 'NO_COLOR' env is ignored due to the 'FORCE_COLOR' env being set.
(Use `node --trace-warnings ...` to show where the warning was created)
  ok 110 [chromium] › e2e-m1\map.spec.ts:122:116 › REQ-MAP-04 schema boundary oldVersion rejects atomically (303ms)
  ok 107 [firefox] › e2e-m1\map-capability.spec.ts:6:1 › REQ-PLAT-03 native backend capability renders pixels or preserves authority with localized notice (1.1s)
  ok 111 [chromium] › e2e-m1\map.spec.ts:122:116 › REQ-MAP-04 schema boundary futureVersion rejects atomically (267ms)
  ok 114 [chromium] › e2e-m1\map.spec.ts:122:116 › REQ-MAP-04 schema boundary wrongPack rejects atomically (326ms)
  ok 115 [chromium] › e2e-m1\map.spec.ts:122:116 › REQ-MAP-04 schema boundary duplicateIds rejects atomically (269ms)
  ok 113 [firefox] › e2e-m1\map-redirect.spec.ts:15:3 › WP08 P06 metadata CORS redirect sends no foreign request on first load (816ms)
  ok 116 [chromium] › e2e-m1\map.spec.ts:122:116 › REQ-MAP-04 schema boundary badStyle rejects atomically (282ms)
  ok 118 [chromium] › e2e-m1\map.spec.ts:122:116 › REQ-MAP-04 schema boundary shortBytes rejects atomically (302ms)
  ok 119 [chromium] › e2e-m1\map.spec.ts:122:116 › REQ-MAP-04 schema boundary wrongHash rejects atomically (334ms)
  ok 117 [firefox] › e2e-m1\map-redirect.spec.ts:15:3 › WP08 P06 metadata CORS redirect sends no foreign request after valid selection (1.6s)
  ok 121 [firefox] › e2e-m1\map-redirect.spec.ts:15:3 › WP08 P06 index CORS redirect sends no foreign request on first load (796ms)
  ok 120 [chromium] › e2e-m1\map.spec.ts:132:70 › REQ-MAP-05 dangling preserves last valid map and closes wire (1.9s)
  ok 112 [firefox] › e2e-m1\map-pipeline.spec.ts:5:65 › REQ-PLAT-03 actual device pipeline rejection falls back to GL pixels (3.8s)
  ok 122 [firefox] › e2e-m1\map-redirect.spec.ts:15:3 › WP08 P06 index CORS redirect sends no foreign request after valid selection (1.5s)
  ok 124 [firefox] › e2e-m1\map-pipeline.spec.ts:5:65 › REQ-PLAT-03 actual device pipeline rejection with GL unavailable shows notice (766ms)
  ok 125 [firefox] › e2e-m1\map-redirect.spec.ts:140:56 › WP08 P06 metadata same-origin redirect is also rejected before follow (611ms)
  ok 123 [chromium] › e2e-m1\map.spec.ts:132:70 › REQ-MAP-05 changedDimensions preserves last valid map and closes wire (1.9s)
  ok 127 [firefox] › e2e-m1\map-redirect.spec.ts:140:56 › WP08 P06 index same-origin redirect is also rejected before follow (585ms)
  ok 126 [firefox] › e2e-m1\map-pipeline.spec.ts:5:65 › REQ-PLAT-03 actual device pipeline rejection with GL shader shows notice (1.1s)
  ok 128 [chromium] › e2e-m1\map.spec.ts:132:70 › REQ-MAP-05 changedDense preserves last valid map and closes wire (1.4s)
(node:26868) Warning: The 'NO_COLOR' env is ignored due to the 'FORCE_COLOR' env being set.
(Use `node --trace-warnings ...` to show where the warning was created)
  ok 130 [firefox] › e2e-m1\map.spec.ts:11:1 › REQ-MAP-04/05 PLAT-03 actual map pixels, modes, pick and viewport (1.9s)
  ok 132 [firefox] › e2e-m1\map.spec.ts:40:1 › REQ-PLAT-03 preferred actual backend produces the same map RGB and source shader (1.8s)
  ok 129 [firefox] › e2e-m1\map-resize.spec.ts:7:1 › REQ-MAP-05 resize and reset preserve presentation pixels and camera authority (4.1s)
(node:11412) Warning: The 'NO_COLOR' env is ignored due to the 'FORCE_COLOR' env being set.
(Use `node --trace-warnings ...` to show where the warning was created)
  ok 133 [firefox] › e2e-m1\map.spec.ts:48:1 › REQ-MAP-04 changed server RGB updates only affected lookup texel on actual backend (1.3s)
  ok 135 [firefox] › e2e-m1\map.spec.ts:52:1 › REQ-MAP-04/05 RG8 high dense byte and LUT second row pick real ID65535 (912ms)
  ok 131 [firefox] › e2e-m1\national.spec.ts:6:1 › AC-M1-03 actual Rust M1 panels, separate owner/control, ledger, languages and time (4.5s)
  ok 134 [webkit] › e2e-m1\malformed-world.spec.ts:5:1 › M1 malformed decoded ledger preserves last valid panel and closes connection (1.7s)
  ok 137 [firefox] › e2e-m1\national.spec.ts:31:1 › REQ-NAT-01 MAP-08 actual query metadata, dense mapping, colors and refusal (956ms)
  ok 136 [firefox] › e2e-m1\map.spec.ts:59:33 › REQ-MAP-05 independent three border pixel oracle, u16 sentinel and camera preferred (2.2s)
(node:28492) Warning: The 'NO_COLOR' env is ignored due to the 'FORCE_COLOR' env being set.
(Use `node --trace-warnings ...` to show where the warning was created)
  ok 138 [webkit] › e2e-m1\map-capability.spec.ts:6:1 › REQ-PLAT-03 native backend capability renders pixels or preserves authority with localized notice (1.6s)
  ok 140 [webkit] › e2e-m1\map-redirect.spec.ts:15:3 › WP08 P06 metadata CORS redirect sends no foreign request on first load (945ms)
  ok 141 [webkit] › e2e-m1\map-pipeline.spec.ts:5:65 › REQ-PLAT-03 actual device pipeline rejection falls back to GL pixels (1.7s)
  ok 139 [firefox] › e2e-m1\map.spec.ts:59:33 › REQ-MAP-05 independent three border pixel oracle, u16 sentinel and camera WebGL2 (2.2s)
  ok 143 [webkit] › e2e-m1\map-pipeline.spec.ts:5:65 › REQ-PLAT-03 actual device pipeline rejection with GL unavailable shows notice (929ms)
  ok 142 [webkit] › e2e-m1\map-redirect.spec.ts:15:3 › WP08 P06 metadata CORS redirect sends no foreign request after valid selection (2.0s)
  ok 144 [firefox] › e2e-m1\map.spec.ts:93:93 › REQ-PLAT-03 missingGPU falls back to actual WebGL2 pixels (1.3s)
  ok 146 [webkit] › e2e-m1\map-redirect.spec.ts:15:3 › WP08 P06 index CORS redirect sends no foreign request on first load (847ms)
  ok 147 [firefox] › e2e-m1\map.spec.ts:93:93 › REQ-PLAT-03 nullAdapter falls back to actual WebGL2 pixels (701ms)
  ok 145 [webkit] › e2e-m1\map-pipeline.spec.ts:5:65 › REQ-PLAT-03 actual device pipeline rejection with GL shader shows notice (1.4s)
  ok 149 [firefox] › e2e-m1\map.spec.ts:93:93 › REQ-PLAT-03 adapterReject falls back to actual WebGL2 pixels (812ms)
  ok 151 [firefox] › e2e-m1\map.spec.ts:93:93 › REQ-PLAT-03 deviceReject falls back to actual WebGL2 pixels (738ms)
  ok 148 [webkit] › e2e-m1\map-redirect.spec.ts:15:3 › WP08 P06 index CORS redirect sends no foreign request after valid selection (2.0s)
  ok 152 [firefox] › e2e-m1\map.spec.ts:93:93 › REQ-PLAT-03 insecure falls back to actual WebGL2 pixels (755ms)
  ok 153 [webkit] › e2e-m1\map-redirect.spec.ts:140:56 › WP08 P06 metadata same-origin redirect is also rejected before follow (705ms)
  ok 154 [firefox] › e2e-m1\map.spec.ts:104:37 › REQ-PLAT-03 no backend shows localized notices (584ms)
  ok 155 [webkit] › e2e-m1\map-redirect.spec.ts:140:56 › WP08 P06 index same-origin redirect is also rejected before follow (693ms)
  ok 156 [firefox] › e2e-m1\map.spec.ts:104:37 › REQ-PLAT-03 no backend shows localized notices after preferred rejection (574ms)
  ok 158 [firefox] › e2e-m1\map.spec.ts:114:1 › REQ-PLAT-03 actual WebGL2 texture limit is checked before texture creation (575ms)
  ok 159 [firefox] › e2e-m1\map.spec.ts:118:1 › REQ-MAP-04 missing bundled index fails visibly without external download (501ms)
  ok 160 [firefox] › e2e-m1\map.spec.ts:122:116 › REQ-MAP-04 schema boundary oldVersion rejects atomically (392ms)
  ok 161 [firefox] › e2e-m1\map.spec.ts:122:116 › REQ-MAP-04 schema boundary futureVersion rejects atomically (1.2s)
  ok 157 [webkit] › e2e-m1\map.spec.ts:11:1 › REQ-MAP-04/05 PLAT-03 actual map pixels, modes, pick and viewport (3.3s)
  ok 162 [firefox] › e2e-m1\map.spec.ts:122:116 › REQ-MAP-04 schema boundary wrongPack rejects atomically (460ms)
  ok 164 [firefox] › e2e-m1\map.spec.ts:122:116 › REQ-MAP-04 schema boundary duplicateIds rejects atomically (472ms)
  ok 165 [firefox] › e2e-m1\map.spec.ts:122:116 › REQ-MAP-04 schema boundary badStyle rejects atomically (406ms)
  ok 166 [firefox] › e2e-m1\map.spec.ts:122:116 › REQ-MAP-04 schema boundary shortBytes rejects atomically (444ms)
  ok 150 [webkit] › e2e-m1\map-resize.spec.ts:7:1 › REQ-MAP-05 resize and reset preserve presentation pixels and camera authority (8.1s)
  ok 167 [firefox] › e2e-m1\map.spec.ts:122:116 › REQ-MAP-04 schema boundary wrongHash rejects atomically (522ms)
  ok 163 [webkit] › e2e-m1\map.spec.ts:40:1 › REQ-PLAT-03 preferred actual backend produces the same map RGB and source shader (2.9s)
  ok 169 [firefox] › e2e-m1\map.spec.ts:132:70 › REQ-MAP-05 dangling preserves last valid map and closes wire (1.6s)
  ok 170 [webkit] › e2e-m1\map.spec.ts:48:1 › REQ-MAP-04 changed server RGB updates only affected lookup texel on actual backend (2.4s)
  ok 171 [firefox] › e2e-m1\map.spec.ts:132:70 › REQ-MAP-05 changedDimensions preserves last valid map and closes wire (1.7s)
  ok 168 [webkit] › e2e-m1\national.spec.ts:6:1 › AC-M1-03 actual Rust M1 panels, separate owner/control, ledger, languages and time (3.6s)
  ok 174 [webkit] › e2e-m1\national.spec.ts:31:1 › REQ-NAT-01 MAP-08 actual query metadata, dense mapping, colors and refusal (791ms)
  ok 172 [webkit] › e2e-m1\map.spec.ts:52:1 › REQ-MAP-04/05 RG8 high dense byte and LUT second row pick real ID65535 (1.6s)
  ok 173 [firefox] › e2e-m1\map.spec.ts:132:70 › REQ-MAP-05 changedDense preserves last valid map and closes wire (1.6s)
  ok 175 [webkit] › e2e-m1\map.spec.ts:59:33 › REQ-MAP-05 independent three border pixel oracle, u16 sentinel and camera preferred (3.6s)
  ok 176 [webkit] › e2e-m1\map.spec.ts:59:33 › REQ-MAP-05 independent three border pixel oracle, u16 sentinel and camera WebGL2 (3.5s)
  ok 177 [webkit] › e2e-m1\map.spec.ts:93:93 › REQ-PLAT-03 missingGPU falls back to actual WebGL2 pixels (1.1s)
  ok 178 [webkit] › e2e-m1\map.spec.ts:93:93 › REQ-PLAT-03 nullAdapter falls back to actual WebGL2 pixels (1.1s)
  ok 179 [webkit] › e2e-m1\map.spec.ts:93:93 › REQ-PLAT-03 adapterReject falls back to actual WebGL2 pixels (1.0s)
  ok 180 [webkit] › e2e-m1\map.spec.ts:93:93 › REQ-PLAT-03 deviceReject falls back to actual WebGL2 pixels (1.1s)
  ok 181 [webkit] › e2e-m1\map.spec.ts:93:93 › REQ-PLAT-03 insecure falls back to actual WebGL2 pixels (1.0s)
  ok 182 [webkit] › e2e-m1\map.spec.ts:104:37 › REQ-PLAT-03 no backend shows localized notices (807ms)
  ok 183 [webkit] › e2e-m1\map.spec.ts:104:37 › REQ-PLAT-03 no backend shows localized notices after preferred rejection (770ms)
  ok 184 [webkit] › e2e-m1\map.spec.ts:114:1 › REQ-PLAT-03 actual WebGL2 texture limit is checked before texture creation (601ms)
  ok 185 [webkit] › e2e-m1\map.spec.ts:118:1 › REQ-MAP-04 missing bundled index fails visibly without external download (587ms)
  ok 186 [webkit] › e2e-m1\map.spec.ts:122:116 › REQ-MAP-04 schema boundary oldVersion rejects atomically (581ms)
  ok 187 [webkit] › e2e-m1\map.spec.ts:122:116 › REQ-MAP-04 schema boundary futureVersion rejects atomically (573ms)
  ok 188 [webkit] › e2e-m1\map.spec.ts:122:116 › REQ-MAP-04 schema boundary wrongPack rejects atomically (554ms)
  ok 189 [webkit] › e2e-m1\map.spec.ts:122:116 › REQ-MAP-04 schema boundary duplicateIds rejects atomically (598ms)
  ok 190 [webkit] › e2e-m1\map.spec.ts:122:116 › REQ-MAP-04 schema boundary badStyle rejects atomically (580ms)
  ok 191 [webkit] › e2e-m1\map.spec.ts:122:116 › REQ-MAP-04 schema boundary shortBytes rejects atomically (579ms)
  ok 192 [webkit] › e2e-m1\map.spec.ts:122:116 › REQ-MAP-04 schema boundary wrongHash rejects atomically (595ms)
  ok 193 [webkit] › e2e-m1\map.spec.ts:132:70 › REQ-MAP-05 dangling preserves last valid map and closes wire (2.2s)
  ok 194 [webkit] › e2e-m1\map.spec.ts:132:70 › REQ-MAP-05 changedDimensions preserves last valid map and closes wire (2.2s)
  ok 195 [webkit] › e2e-m1\map.spec.ts:132:70 › REQ-MAP-05 changedDense preserves last valid map and closes wire (2.1s)

  195 passed (1.7m)
