{"args": ["node", "E:\\openhoi\\.orchestrator\\wt\\WP-08-verify5\\target\\wp08-verify5\\atomic.cjs"], "cwd": "E:\\openhoi\\.orchestrator\\wt\\WP-08-verify5", "start": "2026-10-06T17:56:36.708810+00:00"}
chrome variant PASS
chrome rgb PASS
chrome membership PASS
chrome ownerRef PASS
chrome nullColor PASS
chrome dense PASS
edge variant PASS
edge rgb PASS
edge membership PASS
edge ownerRef PASS
edge nullColor PASS
edge dense PASS
chromium variant PASS
chromium rgb PASS
chromium membership PASS
chromium ownerRef PASS
chromium nullColor PASS
chromium dense PASS
firefox variant PASS
firefox rgb PASS
firefox membership PASS
firefox ownerRef PASS
firefox nullColor PASS
firefox dense PASS
webkit variant PASS
webkit rgb PASS
webkit membership PASS
webkit ownerRef PASS
webkit nullColor PASS
webkit dense PASS
