$ C:/Users/user/.cargo/bin/cargo.exe run -p oh_cli -- run --scenario testland --days 365 --seed 1 --hash-out
   Compiling serde_core v1.0.229
   Compiling thiserror v2.0.21
   Compiling memchr v2.8.3
   Compiling syn v3.0.6
   Compiling syn v2.0.119
   Compiling serde_derive_internals v0.30.0
   Compiling serde_derive v1.0.229
   Compiling thiserror-impl v2.0.21
   Compiling ref-cast-impl v1.0.27
   Compiling schemars_derive v1.2.2
   Compiling ref-cast v1.0.27
   Compiling serde_json v1.0.151
   Compiling serde_spanned v1.1.1
   Compiling toml_datetime v1.1.1+spec-1.1.0
   Compiling toml v1.1.6+spec-1.1.0
   Compiling zerocopy-derive v0.8.60
   Compiling cobs v0.3.0
   Compiling serde v1.0.229
   Compiling zerocopy v0.8.60
   Compiling postcard v1.1.3
   Compiling schemars v1.2.2
   Compiling ppv-lite86 v0.2.21
   Compiling half v2.7.1
   Compiling fixed v1.31.0
   Compiling rand_chacha v0.10.0
   Compiling oh_core v0.1.0 (E:\openhoi\.orchestrator\wt\WP-01-ai-policy-verify\crates\oh_core)
   Compiling oh_data v0.1.0 (E:\openhoi\.orchestrator\wt\WP-01-ai-policy-verify\crates\oh_data)
   Compiling oh_sim v0.1.0 (E:\openhoi\.orchestrator\wt\WP-01-ai-policy-verify\crates\oh_sim)
   Compiling oh_save v0.1.0 (E:\openhoi\.orchestrator\wt\WP-01-ai-policy-verify\crates\oh_save)
   Compiling oh_ai v0.1.0 (E:\openhoi\.orchestrator\wt\WP-01-ai-policy-verify\crates\oh_ai)
   Compiling oh_cli v0.1.0 (E:\openhoi\.orchestrator\wt\WP-01-ai-policy-verify\crates\oh_cli)
    Finished `dev` profile [unoptimized + debuginfo] target(s) in 11.43s
     Running `target\debug\oh_cli.exe run --scenario testland --days 365 --seed 1 --hash-out`
b039d35666b77fc2

EXIT=0
