reviewed-ai PASS exit 0
nonai-release PASS exit 0
unreviewed-release PASS exit 1
unreviewed-dev PASS exit 0
ai_provenance-missing PASS exit 1
ai_provenance-wrongtable-0 PASS exit 1
ai_provenance-wrongtable-1 PASS exit 1
ai_provenance-wrongtable-2 PASS exit 1
tool-missing PASS exit 1
tool-wrongtype-0 PASS exit 1
tool-wrongtype-1 PASS exit 1
tool-wrongtype-2 PASS exit 1
tool-wrongtype-3 PASS exit 1
tool-wrongtype-4 PASS exit 1
tool-wrongtype-5 PASS exit 1
usage_terms_path-missing PASS exit 1
usage_terms_path-wrongtype-0 PASS exit 1
usage_terms_path-wrongtype-1 PASS exit 1
usage_terms_path-wrongtype-2 PASS exit 1
usage_terms_path-wrongtype-3 PASS exit 1
usage_terms_path-wrongtype-4 PASS exit 1
usage_terms_path-wrongtype-5 PASS exit 1
usage_terms_sha256-missing PASS exit 1
usage_terms_sha256-wrongtype-0 PASS exit 1
usage_terms_sha256-wrongtype-1 PASS exit 1
usage_terms_sha256-wrongtype-2 PASS exit 1
usage_terms_sha256-wrongtype-3 PASS exit 1
usage_terms_sha256-wrongtype-4 PASS exit 1
usage_terms_sha256-wrongtype-5 PASS exit 1
distribution_review-missing PASS exit 1
distribution_review-wrongtable-0 PASS exit 1
distribution_review-wrongtable-1 PASS exit 1
distribution_review-wrongtable-2 PASS exit 1
status-missing PASS exit 1
status-wrongtype-0 PASS exit 1
status-wrongtype-1 PASS exit 1
status-wrongtype-2 PASS exit 1
status-wrongtype-3 PASS exit 1
status-wrongtype-4 PASS exit 1
status-wrongtype-5 PASS exit 1
reviewer-missing PASS exit 1
reviewer-wrongtype-0 PASS exit 1
reviewer-wrongtype-1 PASS exit 1
reviewer-wrongtype-2 PASS exit 1
reviewer-wrongtype-3 PASS exit 1
reviewer-wrongtype-4 PASS exit 1
reviewer-wrongtype-5 PASS exit 1
reviewed_at-missing PASS exit 1
reviewed_at-wrongtype-0 PASS exit 1
reviewed_at-wrongtype-1 PASS exit 1
reviewed_at-wrongtype-2 PASS exit 1
reviewed_at-wrongtype-3 PASS exit 1
reviewed_at-wrongtype-4 PASS exit 1
reviewed_at-wrongtype-5 PASS exit 1
evidence_path-missing PASS exit 1
evidence_path-wrongtype-0 PASS exit 1
evidence_path-wrongtype-1 PASS exit 1
evidence_path-wrongtype-2 PASS exit 1
evidence_path-wrongtype-3 PASS exit 1
evidence_path-wrongtype-4 PASS exit 1
evidence_path-wrongtype-5 PASS exit 1
evidence_sha256-missing PASS exit 1
evidence_sha256-wrongtype-0 PASS exit 1
evidence_sha256-wrongtype-1 PASS exit 1
evidence_sha256-wrongtype-2 PASS exit 1
evidence_sha256-wrongtype-3 PASS exit 1
evidence_sha256-wrongtype-4 PASS exit 1
evidence_sha256-wrongtype-5 PASS exit 1
asset_sha256-missing PASS exit 1
asset_sha256-wrongtype-0 PASS exit 1
asset_sha256-wrongtype-1 PASS exit 1
asset_sha256-wrongtype-2 PASS exit 1
asset_sha256-wrongtype-3 PASS exit 1
asset_sha256-wrongtype-4 PASS exit 1
asset_sha256-wrongtype-5 PASS exit 1
status-pending PASS exit 1
status-rejected PASS exit 1
status-Approved PASS exit 1
status-false PASS exit 1
timestamp-bad-0 PASS exit 1
timestamp-bad-1 PASS exit 1
timestamp-bad-2 PASS exit 1
timestamp-bad-3 PASS exit 1
timestamp-bad-4 PASS exit 1
timestamp-bad-5 PASS exit 1
timestamp-bad-6 PASS exit 1
timestamp-bad-7 PASS exit 1
timestamp-bad-8 PASS exit 1
timestamp-good-0 PASS exit 0
timestamp-good-1 PASS exit 0
timestamp-good-2 PASS exit 0
usage_terms_path-path-0 PASS exit 1
usage_terms_path-path-1 PASS exit 1
usage_terms_path-path-2 PASS exit 1
usage_terms_path-path-3 PASS exit 1
usage_terms_path-path-4 PASS exit 1
usage_terms_path-path-5 PASS exit 1
usage_terms_path-path-6 PASS exit 1
usage_terms_path-path-7 PASS exit 1
usage_terms_path-path-8 PASS exit 1
usage_terms_path-path-9 PASS exit 1
usage_terms_path-empty PASS exit 1
evidence_path-path-0 PASS exit 1
evidence_path-path-1 PASS exit 1
evidence_path-path-2 PASS exit 1
evidence_path-path-3 PASS exit 1
evidence_path-path-4 PASS exit 1
evidence_path-path-5 PASS exit 1
evidence_path-path-6 PASS exit 1
evidence_path-path-7 PASS exit 1
evidence_path-path-8 PASS exit 1
evidence_path-path-9 PASS exit 1
evidence_path-empty PASS exit 1
usage_terms_sha256-hash-0 PASS exit 1
usage_terms_sha256-hash-1 PASS exit 1
usage_terms_sha256-hash-2 PASS exit 1
usage_terms_sha256-hash-3 PASS exit 1
evidence_sha256-hash-0 PASS exit 1
evidence_sha256-hash-1 PASS exit 1
evidence_sha256-hash-2 PASS exit 1
evidence_sha256-hash-3 PASS exit 1
asset_sha256-hash-0 PASS exit 1
asset_sha256-hash-1 PASS exit 1
asset_sha256-hash-2 PASS exit 1
asset_sha256-hash-3 PASS exit 1
asset_sha256-changed PASS exit 1
usage_terms_sha256-changed PASS exit 1
evidence_sha256-changed PASS exit 1
forbidden-license PASS exit 1
missing-asset PASS exit 1
unregistered PASS exit 1
asset-path-traversal PASS exit 1
nonimage-ai PASS exit 1
nonai-font-bad PASS exit 1
nonai-font-ofl PASS exit 0
usage_terms_path-resolved-outside PASS exit 1
evidence_path-resolved-outside PASS exit 1
TOTAL 137 FAILED 0 LINKS [{'field': 'usage_terms_path', 'kind': 'symlink'}, {'field': 'evidence_path', 'kind': 'symlink'}]
