    Checking cfg-if v1.0.5
    Checking itoa v1.0.18
    Checking typenum v1.20.1
    Checking simd-adler32 v0.3.10
    Checking adler2 v2.0.1
    Checking bytes v1.12.1
    Checking memchr v2.8.3
    Checking serde_core v1.0.229
    Checking zmij v1.0.23
    Checking az v1.3.0
    Checking rand_core v0.10.1
    Checking futures-core v0.3.34
    Checking zerocopy v0.8.60
    Checking thiserror v2.0.21
    Checking bytemuck v1.25.2
    Checking windows-link v0.2.1
    Checking crc32fast v1.5.2
    Checking pin-project-lite v0.2.17
    Checking winnow v1.0.4
    Checking windows-sys v0.61.2
    Checking miniz_oxide v0.9.1
    Checking cobs v0.3.0
    Checking miniz_oxide v0.8.9
    Checking fdeflate v0.3.7
    Checking ref-cast v1.0.27
    Checking dyn-clone v1.0.20
    Checking toml_writer v1.1.2+spec-1.1.0
    Checking semver v1.0.28
    Checking bitflags v2.13.2
    Checking getrandom v0.3.4
    Checking httparse v1.10.1
    Checking rand_core v0.9.5
    Checking futures-task v0.3.34
    Checking toml_parser v1.1.3+spec-1.1.0
    Checking cpufeatures v0.2.17
    Checking futures-sink v0.3.34
    Checking tower-service v0.3.3
    Checking slab v0.4.12
    Checking http v1.5.0
    Checking num-traits v0.2.19
    Checking futures-channel v0.3.34
    Checking flate2 v1.1.10
    Checking data-encoding v2.11.1
    Checking atomic-waker v1.1.2
    Checking smallvec v1.16.2
    Checking tower-layer v0.3.3
    Checking percent-encoding v2.3.2
    Checking generic-array v0.14.7
    Checking futures-util v0.3.34
    Checking httpdate v1.0.3
    Checking sync_wrapper v1.0.2
    Checking log v0.4.34
    Checking form_urlencoded v1.2.2
    Checking ryu v1.0.23
    Checking mime v0.3.17
    Checking ts-rs v12.0.1
   Compiling oh_server v0.1.0 (E:\openhoi\.orchestrator\wt\WP-08-verify\crates\oh_server)
    Checking base64 v0.22.1
    Checking matchit v0.8.4
    Checking png v0.18.1
    Checking http-body v1.1.0
    Checking rmp v0.8.15
    Checking crypto-common v0.1.7
    Checking block-buffer v0.10.4
    Checking http-body-util v0.1.5
    Checking digest v0.10.7
    Checking axum-core v0.5.6
    Checking sha1 v0.10.7
    Checking serde v1.0.229
    Checking serde_json v1.0.151
    Checking serde_spanned v1.1.1
    Checking toml_datetime v1.1.1+spec-1.1.0
    Checking serde_path_to_error v0.1.20
    Checking toml v1.1.6+spec-1.1.0
    Checking socket2 v0.6.5
    Checking mio v1.2.4
    Checking postcard v1.1.3
    Checking rmp-serde v1.3.1
    Checking serde_urlencoded v0.7.1
    Checking tokio v1.53.2
    Checking schemars v1.2.2
    Checking ppv-lite86 v0.2.21
    Checking half v2.7.1
    Checking fixed v1.31.0
    Checking rand_chacha v0.10.0
    Checking rand_chacha v0.9.0
    Checking rand v0.9.5
    Checking tungstenite v0.29.0
    Checking hyper v1.11.1
    Checking tower v0.5.3
    Checking tokio-tungstenite v0.29.0
    Checking hyper-util v0.1.21
    Checking axum v0.8.9
    Checking oh_core v0.1.0 (E:\openhoi\.orchestrator\wt\WP-08-verify\crates\oh_core)
    Checking oh_data v0.1.0 (E:\openhoi\.orchestrator\wt\WP-08-verify\crates\oh_data)
    Checking oh_sim v0.1.0 (E:\openhoi\.orchestrator\wt\WP-08-verify\crates\oh_sim)
    Checking oh_ai v0.1.0 (E:\openhoi\.orchestrator\wt\WP-08-verify\crates\oh_ai)
    Checking oh_save v0.1.0 (E:\openhoi\.orchestrator\wt\WP-08-verify\crates\oh_save)
    Checking oh_proto v0.1.0 (E:\openhoi\.orchestrator\wt\WP-08-verify\crates\oh_proto)
    Checking oh_cli v0.1.0 (E:\openhoi\.orchestrator\wt\WP-08-verify\crates\oh_cli)
    Finished `dev` profile [unoptimized + debuginfo] target(s) in 15.69s
