ExpectError: expect(received).toEqual(expected) // deep equality

- Expected  - 4
+ Received  + 4

  Object {
-   "height": 6.521739130434782,
-   "width": 16.877470355731223,
-   "x": 4,
+   "height": 5.130181702607957,
+   "width": 13.276288406143014,
+   "x": 3.359040215061583,
    "y": 3,
-   "zoom": 1,
+   "zoom": 1.2712491503214047,
  }
    at captureRawStack (E:\openhoi\.orchestrator\wt\WP-08-verify\client\node_modules\playwright-core\lib\coreBundle.js:8588:17)
    at callMatcherAsStep (E:\openhoi\.orchestrator\wt\WP-08-verify\client\node_modules\playwright\lib\matchers\expect.js:13310:57)
    at Object.toEqual (E:\openhoi\.orchestrator\wt\WP-08-verify\client\node_modules\playwright\lib\matchers\expect.js:13302:23)
    at E:\openhoi\.orchestrator\wt\WP-08-verify\target\wp08-verify\continuity.cjs:9:176 {
  matcherResult: {
    actual: {
      width: 13.276288406143014,
      height: 5.130181702607957,
      x: 3.359040215061583,
      y: 3,
      zoom: 1.2712491503214047
    },
    expected: {
      width: 16.877470355731223,
      height: 6.521739130434782,
      x: 4,
      y: 3,
      zoom: 1
    },
    message: 'expect(received).toEqual(expected) // deep equality\n' +
      '\n' +
      '- Expected  - 4\n' +
      '+ Received  + 4\n' +
      '\n' +
      '  Object {\n' +
      '-   "height": 6.521739130434782,\n' +
      '-   "width": 16.877470355731223,\n' +
      '-   "x": 4,\n' +
      '+   "height": 5.130181702607957,\n' +
      '+   "width": 13.276288406143014,\n' +
      '+   "x": 3.359040215061583,\n' +
      '    "y": 3,\n' +
      '-   "zoom": 1,\n' +
      '+   "zoom": 1.2712491503214047,\n' +
      '  }',
    name: 'toEqual',
    pass: false
  }
}
