ExpectError: expect(locator).toHaveAttribute(expected) failed

Locator: getByTestId('province-map')
Expected pattern: /^[1-9]\d*$/
Received string:  ""
Timeout: 5000ms

Call log:
  - Expect "toHaveAttribute" getByTestId('province-map') with timeout 5000ms
  - waiting for getByTestId('province-map')
    13 × locator resolved to <div class="province-map" aria-label="Province map" data-testid="province-map"></div>
       - unexpected value "null"

    at captureRawStack (E:\openhoi\.orchestrator\wt\WP-08-verify\client\node_modules\playwright-core\lib\coreBundle.js:8588:17)
    at callMatcherAsStep (E:\openhoi\.orchestrator\wt\WP-08-verify\client\node_modules\playwright\lib\matchers\expect.js:13310:57)
    at Object.toHaveAttribute (E:\openhoi\.orchestrator\wt\WP-08-verify\client\node_modules\playwright\lib\matchers\expect.js:13302:23)
    at E:\openhoi\.orchestrator\wt\WP-08-verify\target\wp08-verify\http-independent.cjs:8:473 {
  matcherResult: {
    name: 'toHaveAttribute',
    expected: /^[1-9]\d*$/,
    message: 'expect(locator).toHaveAttribute(expected) failed\n' +
      '\n' +
      "Locator: getByTestId('province-map')\n" +
      'Expected pattern: /^[1-9]\\d*$/\n' +
      'Received string:  ""\n' +
      'Timeout: 5000ms\n' +
      '\n' +
      'Call log:\n' +
      `  - Expect "toHaveAttribute" getByTestId('province-map') with timeout 5000ms\n` +
      "  - waiting for getByTestId('province-map')\n" +
      '    13 × locator resolved to <div class="province-map" aria-label="Province map" data-testid="province-map"></div>\n' +
      '       - unexpected value "null"\n',
    pass: false,
    actual: null,
    log: [
      `  - Expect "toHaveAttribute" getByTestId('province-map') with timeout 5000ms`,
      "  - waiting for getByTestId('province-map')",
      '    13 × locator resolved to <div class="province-map" aria-label="Province map" data-testid="province-map"></div>',
      '       - unexpected value "null"'
    ],
    timeout: 5000,
    ariaSnapshot: ''
  }
}
