
> openhoi-client@0.1.0 test:e2e
> playwright test --config playwright.m1.config.ts --workers 3


Running 135 tests using 3 workers

(node:25632) Warning: The 'NO_COLOR' env is ignored due to the 'FORCE_COLOR' env being set.
(Use `node --trace-warnings ...` to show where the warning was created)
(node:8924) Warning: The 'NO_COLOR' env is ignored due to the 'FORCE_COLOR' env being set.
(Use `node --trace-warnings ...` to show where the warning was created)
(node:25080) Warning: The 'NO_COLOR' env is ignored due to the 'FORCE_COLOR' env being set.
(Use `node --trace-warnings ...` to show where the warning was created)
  ok   1 [chrome] › e2e-m1\malformed-world.spec.ts:5:1 › M1 malformed decoded ledger preserves last valid panel and closes connection (2.2s)
  ok   3 [chrome] › e2e-m1\national.spec.ts:6:1 › AC-M1-03 actual Rust M1 panels, separate owner/control, ledger, languages and time (2.5s)
  ok   2 [chrome] › e2e-m1\map.spec.ts:11:1 › REQ-MAP-04/05 PLAT-03 actual map pixels, modes, pick and viewport (2.9s)
(node:35800) Warning: The 'NO_COLOR' env is ignored due to the 'FORCE_COLOR' env being set.
(Use `node --trace-warnings ...` to show where the warning was created)
  ok   4 [chrome] › e2e-m1\national.spec.ts:31:1 › REQ-NAT-01 MAP-08 actual query metadata, dense mapping, colors and refusal (878ms)
(node:31012) Warning: The 'NO_COLOR' env is ignored due to the 'FORCE_COLOR' env being set.
(Use `node --trace-warnings ...` to show where the warning was created)
  ok   5 [chrome] › e2e-m1\map.spec.ts:40:1 › REQ-PLAT-03 preferred actual backend produces the same map RGB and source shader (1.9s)
  ok   6 [edge] › e2e-m1\malformed-world.spec.ts:5:1 › M1 malformed decoded ledger preserves last valid panel and closes connection (2.1s)
  ok   8 [chrome] › e2e-m1\map.spec.ts:48:1 › REQ-MAP-04 changed server RGB updates only affected lookup texel on actual backend (1.3s)
  ok   7 [edge] › e2e-m1\map.spec.ts:11:1 › REQ-MAP-04/05 PLAT-03 actual map pixels, modes, pick and viewport (2.0s)
  ok  10 [chrome] › e2e-m1\map.spec.ts:52:1 › REQ-MAP-04/05 RG8 high dense byte and LUT second row pick real ID65535 (887ms)
  ok   9 [edge] › e2e-m1\national.spec.ts:6:1 › AC-M1-03 actual Rust M1 panels, separate owner/control, ledger, languages and time (1.9s)
  ok  13 [edge] › e2e-m1\national.spec.ts:31:1 › REQ-NAT-01 MAP-08 actual query metadata, dense mapping, colors and refusal (804ms)
  ok  11 [edge] › e2e-m1\map.spec.ts:40:1 › REQ-PLAT-03 preferred actual backend produces the same map RGB and source shader (1.7s)
(node:24196) Warning: The 'NO_COLOR' env is ignored due to the 'FORCE_COLOR' env being set.
(Use `node --trace-warnings ...` to show where the warning was created)
  ok  12 [chrome] › e2e-m1\map.spec.ts:59:33 › REQ-MAP-05 independent three border pixel oracle, u16 sentinel and camera preferred (2.5s)
  ok  14 [edge] › e2e-m1\map.spec.ts:48:1 › REQ-MAP-04 changed server RGB updates only affected lookup texel on actual backend (1.2s)
  ok  15 [chromium] › e2e-m1\malformed-world.spec.ts:5:1 › M1 malformed decoded ledger preserves last valid panel and closes connection (1.5s)
  ok  17 [edge] › e2e-m1\map.spec.ts:52:1 › REQ-MAP-04/05 RG8 high dense byte and LUT second row pick real ID65535 (1.4s)
  ok  16 [chrome] › e2e-m1\map.spec.ts:59:33 › REQ-MAP-05 independent three border pixel oracle, u16 sentinel and camera WebGL2 (2.1s)
  ok  20 [chrome] › e2e-m1\map.spec.ts:93:93 › REQ-PLAT-03 missingGPU falls back to actual WebGL2 pixels (588ms)
  ok  18 [chromium] › e2e-m1\map.spec.ts:11:1 › REQ-MAP-04/05 PLAT-03 actual map pixels, modes, pick and viewport (1.6s)
  ok  21 [chrome] › e2e-m1\map.spec.ts:93:93 › REQ-PLAT-03 nullAdapter falls back to actual WebGL2 pixels (943ms)
  ok  23 [chrome] › e2e-m1\map.spec.ts:93:93 › REQ-PLAT-03 adapterReject falls back to actual WebGL2 pixels (1.2s)
  ok  22 [chromium] › e2e-m1\map.spec.ts:40:1 › REQ-PLAT-03 preferred actual backend produces the same map RGB and source shader (2.6s)
  ok  24 [chrome] › e2e-m1\map.spec.ts:93:93 › REQ-PLAT-03 deviceReject falls back to actual WebGL2 pixels (1.1s)
  ok  19 [edge] › e2e-m1\map.spec.ts:59:33 › REQ-MAP-05 independent three border pixel oracle, u16 sentinel and camera preferred (4.7s)
  ok  25 [chromium] › e2e-m1\map.spec.ts:48:1 › REQ-MAP-04 changed server RGB updates only affected lookup texel on actual backend (1.8s)
  ok  26 [chrome] › e2e-m1\map.spec.ts:93:93 › REQ-PLAT-03 insecure falls back to actual WebGL2 pixels (1.3s)
  ok  29 [chrome] › e2e-m1\map.spec.ts:104:1 › REQ-PLAT-03 no backend shows localized notices (737ms)
  ok  28 [chromium] › e2e-m1\map.spec.ts:52:1 › REQ-MAP-04/05 RG8 high dense byte and LUT second row pick real ID65535 (1.0s)
  ok  30 [chrome] › e2e-m1\map.spec.ts:108:1 › REQ-PLAT-03 actual WebGL2 texture limit is checked before texture creation (631ms)
  ok  32 [chrome] › e2e-m1\map.spec.ts:112:1 › REQ-MAP-04 missing bundled index fails visibly without external download (532ms)
  ok  27 [edge] › e2e-m1\map.spec.ts:59:33 › REQ-MAP-05 independent three border pixel oracle, u16 sentinel and camera WebGL2 (3.3s)
  ok  33 [chrome] › e2e-m1\map.spec.ts:116:116 › REQ-MAP-04 schema boundary oldVersion rejects atomically (563ms)
  ok  34 [edge] › e2e-m1\map.spec.ts:93:93 › REQ-PLAT-03 missingGPU falls back to actual WebGL2 pixels (762ms)
  ok  35 [chrome] › e2e-m1\map.spec.ts:116:116 › REQ-MAP-04 schema boundary futureVersion rejects atomically (561ms)
  ok  31 [chromium] › e2e-m1\map.spec.ts:59:33 › REQ-MAP-05 independent three border pixel oracle, u16 sentinel and camera preferred (2.6s)
  ok  37 [chrome] › e2e-m1\map.spec.ts:116:116 › REQ-MAP-04 schema boundary wrongPack rejects atomically (519ms)
  ok  36 [edge] › e2e-m1\map.spec.ts:93:93 › REQ-PLAT-03 nullAdapter falls back to actual WebGL2 pixels (873ms)
  ok  39 [chrome] › e2e-m1\map.spec.ts:116:116 › REQ-MAP-04 schema boundary duplicateIds rejects atomically (492ms)
  ok  40 [edge] › e2e-m1\map.spec.ts:93:93 › REQ-PLAT-03 adapterReject falls back to actual WebGL2 pixels (735ms)
  ok  41 [chrome] › e2e-m1\map.spec.ts:116:116 › REQ-MAP-04 schema boundary badStyle rejects atomically (628ms)
  ok  43 [chrome] › e2e-m1\map.spec.ts:116:116 › REQ-MAP-04 schema boundary shortBytes rejects atomically (627ms)
  ok  42 [edge] › e2e-m1\map.spec.ts:93:93 › REQ-PLAT-03 deviceReject falls back to actual WebGL2 pixels (871ms)
  ok  44 [chrome] › e2e-m1\map.spec.ts:116:116 › REQ-MAP-04 schema boundary wrongHash rejects atomically (561ms)
  ok  45 [edge] › e2e-m1\map.spec.ts:93:93 › REQ-PLAT-03 insecure falls back to actual WebGL2 pixels (866ms)
  ok  38 [chromium] › e2e-m1\map.spec.ts:59:33 › REQ-MAP-05 independent three border pixel oracle, u16 sentinel and camera WebGL2 (3.0s)
  ok  47 [edge] › e2e-m1\map.spec.ts:104:1 › REQ-PLAT-03 no backend shows localized notices (758ms)
  ok  48 [chromium] › e2e-m1\map.spec.ts:93:93 › REQ-PLAT-03 missingGPU falls back to actual WebGL2 pixels (917ms)
  ok  49 [edge] › e2e-m1\map.spec.ts:108:1 › REQ-PLAT-03 actual WebGL2 texture limit is checked before texture creation (621ms)
  ok  46 [chrome] › e2e-m1\map.spec.ts:126:70 › REQ-MAP-05 dangling preserves last valid map and closes wire (1.9s)
  ok  51 [edge] › e2e-m1\map.spec.ts:112:1 › REQ-MAP-04 missing bundled index fails visibly without external download (633ms)
  ok  50 [chromium] › e2e-m1\map.spec.ts:93:93 › REQ-PLAT-03 nullAdapter falls back to actual WebGL2 pixels (781ms)
  ok  53 [edge] › e2e-m1\map.spec.ts:116:116 › REQ-MAP-04 schema boundary oldVersion rejects atomically (548ms)
  ok  54 [chromium] › e2e-m1\map.spec.ts:93:93 › REQ-PLAT-03 adapterReject falls back to actual WebGL2 pixels (638ms)
  ok  55 [edge] › e2e-m1\map.spec.ts:116:116 › REQ-MAP-04 schema boundary futureVersion rejects atomically (469ms)
  ok  56 [chromium] › e2e-m1\map.spec.ts:93:93 › REQ-PLAT-03 deviceReject falls back to actual WebGL2 pixels (547ms)
  ok  52 [chrome] › e2e-m1\map.spec.ts:126:70 › REQ-MAP-05 changedDimensions preserves last valid map and closes wire (1.8s)
  ok  57 [edge] › e2e-m1\map.spec.ts:116:116 › REQ-MAP-04 schema boundary wrongPack rejects atomically (507ms)
  ok  58 [chromium] › e2e-m1\map.spec.ts:93:93 › REQ-PLAT-03 insecure falls back to actual WebGL2 pixels (598ms)
  ok  60 [edge] › e2e-m1\map.spec.ts:116:116 › REQ-MAP-04 schema boundary duplicateIds rejects atomically (575ms)
  ok  61 [chromium] › e2e-m1\map.spec.ts:104:1 › REQ-PLAT-03 no backend shows localized notices (425ms)
  ok  63 [chromium] › e2e-m1\map.spec.ts:108:1 › REQ-PLAT-03 actual WebGL2 texture limit is checked before texture creation (339ms)
  ok  62 [edge] › e2e-m1\map.spec.ts:116:116 › REQ-MAP-04 schema boundary badStyle rejects atomically (475ms)
  ok  59 [chrome] › e2e-m1\map.spec.ts:126:70 › REQ-MAP-05 changedDense preserves last valid map and closes wire (1.7s)
  ok  64 [chromium] › e2e-m1\map.spec.ts:112:1 › REQ-MAP-04 missing bundled index fails visibly without external download (354ms)
  ok  65 [edge] › e2e-m1\map.spec.ts:116:116 › REQ-MAP-04 schema boundary shortBytes rejects atomically (501ms)
  ok  66 [chromium] › e2e-m1\map.spec.ts:116:116 › REQ-MAP-04 schema boundary oldVersion rejects atomically (317ms)
(node:7364) Warning: The 'NO_COLOR' env is ignored due to the 'FORCE_COLOR' env being set.
(Use `node --trace-warnings ...` to show where the warning was created)
  ok  68 [chromium] › e2e-m1\map.spec.ts:116:116 › REQ-MAP-04 schema boundary futureVersion rejects atomically (297ms)
  ok  67 [edge] › e2e-m1\map.spec.ts:116:116 › REQ-MAP-04 schema boundary wrongHash rejects atomically (474ms)
  ok  69 [chromium] › e2e-m1\map.spec.ts:116:116 › REQ-MAP-04 schema boundary wrongPack rejects atomically (344ms)
  ok  72 [chromium] › e2e-m1\map.spec.ts:116:116 › REQ-MAP-04 schema boundary duplicateIds rejects atomically (332ms)
  ok  73 [chromium] › e2e-m1\map.spec.ts:116:116 › REQ-MAP-04 schema boundary badStyle rejects atomically (348ms)
  ok  74 [chromium] › e2e-m1\map.spec.ts:116:116 › REQ-MAP-04 schema boundary shortBytes rejects atomically (317ms)
  ok  70 [edge] › e2e-m1\map.spec.ts:126:70 › REQ-MAP-05 dangling preserves last valid map and closes wire (1.6s)
  ok  75 [chromium] › e2e-m1\map.spec.ts:116:116 › REQ-MAP-04 schema boundary wrongHash rejects atomically (392ms)
  ok  71 [chromium] › e2e-m1\national.spec.ts:6:1 › AC-M1-03 actual Rust M1 panels, separate owner/control, ledger, languages and time (1.9s)
  ok  78 [chromium] › e2e-m1\national.spec.ts:31:1 › REQ-NAT-01 MAP-08 actual query metadata, dense mapping, colors and refusal (750ms)
  ok  76 [edge] › e2e-m1\map.spec.ts:126:70 › REQ-MAP-05 changedDimensions preserves last valid map and closes wire (1.5s)
(node:32572) Warning: The 'NO_COLOR' env is ignored due to the 'FORCE_COLOR' env being set.
(Use `node --trace-warnings ...` to show where the warning was created)
  ok  77 [chromium] › e2e-m1\map.spec.ts:126:70 › REQ-MAP-05 dangling preserves last valid map and closes wire (2.0s)
  ok  79 [edge] › e2e-m1\map.spec.ts:126:70 › REQ-MAP-05 changedDense preserves last valid map and closes wire (1.6s)
(node:16124) Warning: The 'NO_COLOR' env is ignored due to the 'FORCE_COLOR' env being set.
(Use `node --trace-warnings ...` to show where the warning was created)
  ok  81 [chromium] › e2e-m1\map.spec.ts:126:70 › REQ-MAP-05 changedDimensions preserves last valid map and closes wire (1.9s)
  ok  82 [chromium] › e2e-m1\map.spec.ts:126:70 › REQ-MAP-05 changedDense preserves last valid map and closes wire (1.9s)
(node:14216) Warning: The 'NO_COLOR' env is ignored due to the 'FORCE_COLOR' env being set.
(Use `node --trace-warnings ...` to show where the warning was created)
  ok  80 [firefox] › e2e-m1\malformed-world.spec.ts:5:1 › M1 malformed decoded ledger preserves last valid panel and closes connection (4.6s)
(node:28060) Warning: The 'NO_COLOR' env is ignored due to the 'FORCE_COLOR' env being set.
(Use `node --trace-warnings ...` to show where the warning was created)
  ok  83 [firefox] › e2e-m1\map.spec.ts:11:1 › REQ-MAP-04/05 PLAT-03 actual map pixels, modes, pick and viewport (4.7s)
  ok  84 [firefox] › e2e-m1\national.spec.ts:6:1 › AC-M1-03 actual Rust M1 panels, separate owner/control, ledger, languages and time (3.7s)
  ok  85 [webkit] › e2e-m1\malformed-world.spec.ts:5:1 › M1 malformed decoded ledger preserves last valid panel and closes connection (2.2s)
  ok  86 [firefox] › e2e-m1\map.spec.ts:40:1 › REQ-PLAT-03 preferred actual backend produces the same map RGB and source shader (1.7s)
  ok  87 [firefox] › e2e-m1\national.spec.ts:31:1 › REQ-NAT-01 MAP-08 actual query metadata, dense mapping, colors and refusal (927ms)
  ok  89 [firefox] › e2e-m1\map.spec.ts:48:1 › REQ-MAP-04 changed server RGB updates only affected lookup texel on actual backend (1.2s)
(node:35480) Warning: The 'NO_COLOR' env is ignored due to the 'FORCE_COLOR' env being set.
(Use `node --trace-warnings ...` to show where the warning was created)
  ok  90 [firefox] › e2e-m1\map.spec.ts:52:1 › REQ-MAP-04/05 RG8 high dense byte and LUT second row pick real ID65535 (1.0s)
  ok  88 [webkit] › e2e-m1\map.spec.ts:11:1 › REQ-MAP-04/05 PLAT-03 actual map pixels, modes, pick and viewport (3.5s)
  ok  92 [firefox] › e2e-m1\map.spec.ts:59:33 › REQ-MAP-05 independent three border pixel oracle, u16 sentinel and camera preferred (2.4s)
  ok  91 [webkit] › e2e-m1\national.spec.ts:6:1 › AC-M1-03 actual Rust M1 panels, separate owner/control, ledger, languages and time (3.9s)
  ok  93 [webkit] › e2e-m1\map.spec.ts:40:1 › REQ-PLAT-03 preferred actual backend produces the same map RGB and source shader (3.1s)
  ok  95 [webkit] › e2e-m1\national.spec.ts:31:1 › REQ-NAT-01 MAP-08 actual query metadata, dense mapping, colors and refusal (804ms)
  ok  94 [firefox] › e2e-m1\map.spec.ts:59:33 › REQ-MAP-05 independent three border pixel oracle, u16 sentinel and camera WebGL2 (2.5s)
  ok  97 [firefox] › e2e-m1\map.spec.ts:93:93 › REQ-PLAT-03 missingGPU falls back to actual WebGL2 pixels (799ms)
  ok  98 [firefox] › e2e-m1\map.spec.ts:93:93 › REQ-PLAT-03 nullAdapter falls back to actual WebGL2 pixels (782ms)
  ok  96 [webkit] › e2e-m1\map.spec.ts:48:1 › REQ-MAP-04 changed server RGB updates only affected lookup texel on actual backend (2.5s)
  ok  99 [firefox] › e2e-m1\map.spec.ts:93:93 › REQ-PLAT-03 adapterReject falls back to actual WebGL2 pixels (766ms)
  ok 100 [webkit] › e2e-m1\map.spec.ts:52:1 › REQ-MAP-04/05 RG8 high dense byte and LUT second row pick real ID65535 (1.6s)
  ok 101 [firefox] › e2e-m1\map.spec.ts:93:93 › REQ-PLAT-03 deviceReject falls back to actual WebGL2 pixels (1.3s)
  ok 103 [firefox] › e2e-m1\map.spec.ts:93:93 › REQ-PLAT-03 insecure falls back to actual WebGL2 pixels (726ms)
  ok 104 [firefox] › e2e-m1\map.spec.ts:104:1 › REQ-PLAT-03 no backend shows localized notices (471ms)
  ok 105 [firefox] › e2e-m1\map.spec.ts:108:1 › REQ-PLAT-03 actual WebGL2 texture limit is checked before texture creation (581ms)
  ok 106 [firefox] › e2e-m1\map.spec.ts:112:1 › REQ-MAP-04 missing bundled index fails visibly without external download (398ms)
  ok 107 [firefox] › e2e-m1\map.spec.ts:116:116 › REQ-MAP-04 schema boundary oldVersion rejects atomically (462ms)
  ok 108 [firefox] › e2e-m1\map.spec.ts:116:116 › REQ-MAP-04 schema boundary futureVersion rejects atomically (449ms)
  ok 109 [firefox] › e2e-m1\map.spec.ts:116:116 › REQ-MAP-04 schema boundary wrongPack rejects atomically (409ms)
  ok 102 [webkit] › e2e-m1\map.spec.ts:59:33 › REQ-MAP-05 independent three border pixel oracle, u16 sentinel and camera preferred (3.9s)
  ok 110 [firefox] › e2e-m1\map.spec.ts:116:116 › REQ-MAP-04 schema boundary duplicateIds rejects atomically (414ms)
  ok 112 [firefox] › e2e-m1\map.spec.ts:116:116 › REQ-MAP-04 schema boundary badStyle rejects atomically (417ms)
  ok 113 [firefox] › e2e-m1\map.spec.ts:116:116 › REQ-MAP-04 schema boundary shortBytes rejects atomically (1.0s)
  ok 114 [firefox] › e2e-m1\map.spec.ts:116:116 › REQ-MAP-04 schema boundary wrongHash rejects atomically (434ms)
  ok 111 [webkit] › e2e-m1\map.spec.ts:59:33 › REQ-MAP-05 independent three border pixel oracle, u16 sentinel and camera WebGL2 (3.7s)
  ok 115 [firefox] › e2e-m1\map.spec.ts:126:70 › REQ-MAP-05 dangling preserves last valid map and closes wire (1.6s)
  ok 116 [webkit] › e2e-m1\map.spec.ts:93:93 › REQ-PLAT-03 missingGPU falls back to actual WebGL2 pixels (1.1s)
  ok 117 [firefox] › e2e-m1\map.spec.ts:126:70 › REQ-MAP-05 changedDimensions preserves last valid map and closes wire (1.6s)
  ok 118 [webkit] › e2e-m1\map.spec.ts:93:93 › REQ-PLAT-03 nullAdapter falls back to actual WebGL2 pixels (1.1s)
  ok 119 [firefox] › e2e-m1\map.spec.ts:126:70 › REQ-MAP-05 changedDense preserves last valid map and closes wire (1.5s)
  ok 120 [webkit] › e2e-m1\map.spec.ts:93:93 › REQ-PLAT-03 adapterReject falls back to actual WebGL2 pixels (1.1s)
  ok 121 [webkit] › e2e-m1\map.spec.ts:93:93 › REQ-PLAT-03 deviceReject falls back to actual WebGL2 pixels (1.1s)
  ok 122 [webkit] › e2e-m1\map.spec.ts:93:93 › REQ-PLAT-03 insecure falls back to actual WebGL2 pixels (990ms)
  ok 123 [webkit] › e2e-m1\map.spec.ts:104:1 › REQ-PLAT-03 no backend shows localized notices (578ms)
  ok 124 [webkit] › e2e-m1\map.spec.ts:108:1 › REQ-PLAT-03 actual WebGL2 texture limit is checked before texture creation (585ms)
  ok 125 [webkit] › e2e-m1\map.spec.ts:112:1 › REQ-MAP-04 missing bundled index fails visibly without external download (597ms)
  ok 126 [webkit] › e2e-m1\map.spec.ts:116:116 › REQ-MAP-04 schema boundary oldVersion rejects atomically (585ms)
  ok 127 [webkit] › e2e-m1\map.spec.ts:116:116 › REQ-MAP-04 schema boundary futureVersion rejects atomically (624ms)
  ok 128 [webkit] › e2e-m1\map.spec.ts:116:116 › REQ-MAP-04 schema boundary wrongPack rejects atomically (579ms)
  ok 129 [webkit] › e2e-m1\map.spec.ts:116:116 › REQ-MAP-04 schema boundary duplicateIds rejects atomically (612ms)
  ok 130 [webkit] › e2e-m1\map.spec.ts:116:116 › REQ-MAP-04 schema boundary badStyle rejects atomically (605ms)
  ok 131 [webkit] › e2e-m1\map.spec.ts:116:116 › REQ-MAP-04 schema boundary shortBytes rejects atomically (597ms)
  ok 132 [webkit] › e2e-m1\map.spec.ts:116:116 › REQ-MAP-04 schema boundary wrongHash rejects atomically (589ms)
  ok 133 [webkit] › e2e-m1\map.spec.ts:126:70 › REQ-MAP-05 dangling preserves last valid map and closes wire (2.2s)
  ok 134 [webkit] › e2e-m1\map.spec.ts:126:70 › REQ-MAP-05 changedDimensions preserves last valid map and closes wire (2.2s)
  ok 135 [webkit] › e2e-m1\map.spec.ts:126:70 › REQ-MAP-05 changedDense preserves last valid map and closes wire (2.2s)

  135 passed (1.3m)
