{"args": ["node", "E:\\openhoi\\.orchestrator\\wt\\WP-08-verify5\\target\\wp08-verify5\\atomic.cjs"], "cwd": "E:\\openhoi\\.orchestrator\\wt\\WP-08-verify5", "start": "2026-10-06T17:51:48.094259+00:00"}
chrome variant ExpectError: expect(locator).toContainText(expected) failed

Locator: getByRole('alert')
Expected substring: "invalid"
Received string:    "Invalid server message; connection closed"
Timeout: 5000ms

Call log:
  - Expect "toContainText" getByRole('alert') with timeout 5000ms
  - waiting for getByRole('alert')
    13 × locator resolved to <p role="alert">Invalid server message; connection closed</p>
       - unexpected value "Invalid server message; connection closed"

    at captureRawStack (E:\openhoi\.orchestrator\wt\WP-08-verify5\client\node_modules\playwright-core\lib\coreBundle.js:8588:17)
    at callMatcherAsStep (E:\openhoi\.orchestrator\wt\WP-08-verify5\client\node_modules\playwright\lib\matchers\expect.js:13310:57)
    at Object.toContainText (E:\openhoi\.orchestrator\wt\WP-08-verify5\client\node_modules\playwright\lib\matchers\expect.js:13302:23)
    at E:\openhoi\.orchestrator\wt\WP-08-verify5\target\wp08-verify5\atomic.cjs:5:725 {
  matcherResult: {
    name: 'toContainText',
    expected: 'invalid',
    message: 'expect(locator).toContainText(expected) failed\n' +
      '\n' +
      "Locator: getByRole('alert')\n" +
      'Expected substring: "invalid"\n' +
      'Received string:    "Invalid server message; connection closed"\n' +
      'Timeout: 5000ms\n' +
      '\n' +
      'Call log:\n' +
      `  - Expect "toContainText" getByRole('alert') with timeout 5000ms\n` +
      "  - waiting for getByRole('alert')\n" +
      '    13 × locator resolved to <p role="alert">Invalid server message; connection closed</p>\n' +
      '       - unexpected value "Invalid server message; connection closed"\n',
    pass: false,
    actual: 'Invalid server message; connection closed',
    log: [
      `  - Expect "toContainText" getByRole('alert') with timeout 5000ms`,
      "  - waiting for getByRole('alert')",
      '    13 × locator resolved to <p role="alert">Invalid server message; connection closed</p>',
      '       - unexpected value "Invalid server message; connection closed"'
    ],
    timeout: 5000,
    ariaSnapshot: '- alert: Invalid server message; connection closed'
  }
}
chrome rgb ExpectError: expect(locator).toContainText(expected) failed

Locator: getByRole('alert')
Expected substring: "invalid"
Received string:    "Invalid server message; connection closed"
Timeout: 5000ms

Call log:
  - Expect "toContainText" getByRole('alert') with timeout 5000ms
  - waiting for getByRole('alert')
    13 × locator resolved to <p role="alert">Invalid server message; connection closed</p>
       - unexpected value "Invalid server message; connection closed"

    at captureRawStack (E:\openhoi\.orchestrator\wt\WP-08-verify5\client\node_modules\playwright-core\lib\coreBundle.js:8588:17)
    at callMatcherAsStep (E:\openhoi\.orchestrator\wt\WP-08-verify5\client\node_modules\playwright\lib\matchers\expect.js:13310:57)
    at Object.toContainText (E:\openhoi\.orchestrator\wt\WP-08-verify5\client\node_modules\playwright\lib\matchers\expect.js:13302:23)
    at E:\openhoi\.orchestrator\wt\WP-08-verify5\target\wp08-verify5\atomic.cjs:5:725 {
  matcherResult: {
    name: 'toContainText',
    expected: 'invalid',
    message: 'expect(locator).toContainText(expected) failed\n' +
      '\n' +
      "Locator: getByRole('alert')\n" +
      'Expected substring: "invalid"\n' +
      'Received string:    "Invalid server message; connection closed"\n' +
      'Timeout: 5000ms\n' +
      '\n' +
      'Call log:\n' +
      `  - Expect "toContainText" getByRole('alert') with timeout 5000ms\n` +
      "  - waiting for getByRole('alert')\n" +
      '    13 × locator resolved to <p role="alert">Invalid server message; connection closed</p>\n' +
      '       - unexpected value "Invalid server message; connection closed"\n',
    pass: false,
    actual: 'Invalid server message; connection closed',
    log: [
      `  - Expect "toContainText" getByRole('alert') with timeout 5000ms`,
      "  - waiting for getByRole('alert')",
      '    13 × locator resolved to <p role="alert">Invalid server message; connection closed</p>',
      '       - unexpected value "Invalid server message; connection closed"'
    ],
    timeout: 5000,
    ariaSnapshot: '- alert: Invalid server message; connection closed'
  }
}
chrome membership ExpectError: expect(locator).toContainText(expected) failed

Locator: getByRole('alert')
Expected substring: "invalid"
Received string:    "Invalid server message; connection closed"
Timeout: 5000ms

Call log:
  - Expect "toContainText" getByRole('alert') with timeout 5000ms
  - waiting for getByRole('alert')
    13 × locator resolved to <p role="alert">Invalid server message; connection closed</p>
       - unexpected value "Invalid server message; connection closed"

    at captureRawStack (E:\openhoi\.orchestrator\wt\WP-08-verify5\client\node_modules\playwright-core\lib\coreBundle.js:8588:17)
    at callMatcherAsStep (E:\openhoi\.orchestrator\wt\WP-08-verify5\client\node_modules\playwright\lib\matchers\expect.js:13310:57)
    at Object.toContainText (E:\openhoi\.orchestrator\wt\WP-08-verify5\client\node_modules\playwright\lib\matchers\expect.js:13302:23)
    at E:\openhoi\.orchestrator\wt\WP-08-verify5\target\wp08-verify5\atomic.cjs:5:725 {
  matcherResult: {
    name: 'toContainText',
    expected: 'invalid',
    message: 'expect(locator).toContainText(expected) failed\n' +
      '\n' +
      "Locator: getByRole('alert')\n" +
      'Expected substring: "invalid"\n' +
      'Received string:    "Invalid server message; connection closed"\n' +
      'Timeout: 5000ms\n' +
      '\n' +
      'Call log:\n' +
      `  - Expect "toContainText" getByRole('alert') with timeout 5000ms\n` +
      "  - waiting for getByRole('alert')\n" +
      '    13 × locator resolved to <p role="alert">Invalid server message; connection closed</p>\n' +
      '       - unexpected value "Invalid server message; connection closed"\n',
    pass: false,
    actual: 'Invalid server message; connection closed',
    log: [
      `  - Expect "toContainText" getByRole('alert') with timeout 5000ms`,
      "  - waiting for getByRole('alert')",
      '    13 × locator resolved to <p role="alert">Invalid server message; connection closed</p>',
      '       - unexpected value "Invalid server message; connection closed"'
    ],
    timeout: 5000,
    ariaSnapshot: '- alert: Invalid server message; connection closed'
  }
}
chrome ownerRef ExpectError: expect(locator).toContainText(expected) failed

Locator: getByRole('alert')
Expected substring: "invalid"
Received string:    "Invalid server message; connection closed"
Timeout: 5000ms

Call log:
  - Expect "toContainText" getByRole('alert') with timeout 5000ms
  - waiting for getByRole('alert')
    13 × locator resolved to <p role="alert">Invalid server message; connection closed</p>
       - unexpected value "Invalid server message; connection closed"

    at captureRawStack (E:\openhoi\.orchestrator\wt\WP-08-verify5\client\node_modules\playwright-core\lib\coreBundle.js:8588:17)
    at callMatcherAsStep (E:\openhoi\.orchestrator\wt\WP-08-verify5\client\node_modules\playwright\lib\matchers\expect.js:13310:57)
    at Object.toContainText (E:\openhoi\.orchestrator\wt\WP-08-verify5\client\node_modules\playwright\lib\matchers\expect.js:13302:23)
    at E:\openhoi\.orchestrator\wt\WP-08-verify5\target\wp08-verify5\atomic.cjs:5:725 {
  matcherResult: {
    name: 'toContainText',
    expected: 'invalid',
    message: 'expect(locator).toContainText(expected) failed\n' +
      '\n' +
      "Locator: getByRole('alert')\n" +
      'Expected substring: "invalid"\n' +
      'Received string:    "Invalid server message; connection closed"\n' +
      'Timeout: 5000ms\n' +
      '\n' +
      'Call log:\n' +
      `  - Expect "toContainText" getByRole('alert') with timeout 5000ms\n` +
      "  - waiting for getByRole('alert')\n" +
      '    13 × locator resolved to <p role="alert">Invalid server message; connection closed</p>\n' +
      '       - unexpected value "Invalid server message; connection closed"\n',
    pass: false,
    actual: 'Invalid server message; connection closed',
    log: [
      `  - Expect "toContainText" getByRole('alert') with timeout 5000ms`,
      "  - waiting for getByRole('alert')",
      '    13 × locator resolved to <p role="alert">Invalid server message; connection closed</p>',
      '       - unexpected value "Invalid server message; connection closed"'
    ],
    timeout: 5000,
    ariaSnapshot: '- alert: Invalid server message; connection closed'
  }
}
chrome nullColor ExpectError: expect(locator).toContainText(expected) failed

Locator: getByRole('alert')
Expected substring: "invalid"
Received string:    "Invalid server message; connection closed"
Timeout: 5000ms

Call log:
  - Expect "toContainText" getByRole('alert') with timeout 5000ms
  - waiting for getByRole('alert')
    13 × locator resolved to <p role="alert">Invalid server message; connection closed</p>
       - unexpected value "Invalid server message; connection closed"

    at captureRawStack (E:\openhoi\.orchestrator\wt\WP-08-verify5\client\node_modules\playwright-core\lib\coreBundle.js:8588:17)
    at callMatcherAsStep (E:\openhoi\.orchestrator\wt\WP-08-verify5\client\node_modules\playwright\lib\matchers\expect.js:13310:57)
    at Object.toContainText (E:\openhoi\.orchestrator\wt\WP-08-verify5\client\node_modules\playwright\lib\matchers\expect.js:13302:23)
    at E:\openhoi\.orchestrator\wt\WP-08-verify5\target\wp08-verify5\atomic.cjs:5:725 {
  matcherResult: {
    name: 'toContainText',
    expected: 'invalid',
    message: 'expect(locator).toContainText(expected) failed\n' +
      '\n' +
      "Locator: getByRole('alert')\n" +
      'Expected substring: "invalid"\n' +
      'Received string:    "Invalid server message; connection closed"\n' +
      'Timeout: 5000ms\n' +
      '\n' +
      'Call log:\n' +
      `  - Expect "toContainText" getByRole('alert') with timeout 5000ms\n` +
      "  - waiting for getByRole('alert')\n" +
      '    13 × locator resolved to <p role="alert">Invalid server message; connection closed</p>\n' +
      '       - unexpected value "Invalid server message; connection closed"\n',
    pass: false,
    actual: 'Invalid server message; connection closed',
    log: [
      `  - Expect "toContainText" getByRole('alert') with timeout 5000ms`,
      "  - waiting for getByRole('alert')",
      '    13 × locator resolved to <p role="alert">Invalid server message; connection closed</p>',
      '       - unexpected value "Invalid server message; connection closed"'
    ],
    timeout: 5000,
    ariaSnapshot: '- alert: Invalid server message; connection closed'
  }
}
chrome dense ExpectError: expect(locator).toContainText(expected) failed

Locator: getByRole('alert')
Expected substring: "invalid"
Received string:    "Invalid server message; connection closed"
Timeout: 5000ms

Call log:
  - Expect "toContainText" getByRole('alert') with timeout 5000ms
  - waiting for getByRole('alert')
    13 × locator resolved to <p role="alert">Invalid server message; connection closed</p>
       - unexpected value "Invalid server message; connection closed"

    at captureRawStack (E:\openhoi\.orchestrator\wt\WP-08-verify5\client\node_modules\playwright-core\lib\coreBundle.js:8588:17)
    at callMatcherAsStep (E:\openhoi\.orchestrator\wt\WP-08-verify5\client\node_modules\playwright\lib\matchers\expect.js:13310:57)
    at Object.toContainText (E:\openhoi\.orchestrator\wt\WP-08-verify5\client\node_modules\playwright\lib\matchers\expect.js:13302:23)
    at E:\openhoi\.orchestrator\wt\WP-08-verify5\target\wp08-verify5\atomic.cjs:5:725 {
  matcherResult: {
    name: 'toContainText',
    expected: 'invalid',
    message: 'expect(locator).toContainText(expected) failed\n' +
      '\n' +
      "Locator: getByRole('alert')\n" +
      'Expected substring: "invalid"\n' +
      'Received string:    "Invalid server message; connection closed"\n' +
      'Timeout: 5000ms\n' +
      '\n' +
      'Call log:\n' +
      `  - Expect "toContainText" getByRole('alert') with timeout 5000ms\n` +
      "  - waiting for getByRole('alert')\n" +
      '    13 × locator resolved to <p role="alert">Invalid server message; connection closed</p>\n' +
      '       - unexpected value "Invalid server message; connection closed"\n',
    pass: false,
    actual: 'Invalid server message; connection closed',
    log: [
      `  - Expect "toContainText" getByRole('alert') with timeout 5000ms`,
      "  - waiting for getByRole('alert')",
      '    13 × locator resolved to <p role="alert">Invalid server message; connection closed</p>',
      '       - unexpected value "Invalid server message; connection closed"'
    ],
    timeout: 5000,
    ariaSnapshot: '- alert: Invalid server message; connection closed'
  }
}
edge variant ExpectError: expect(locator).toContainText(expected) failed

Locator: getByRole('alert')
Expected substring: "invalid"
Received string:    "Invalid server message; connection closed"
Timeout: 5000ms

Call log:
  - Expect "toContainText" getByRole('alert') with timeout 5000ms
  - waiting for getByRole('alert')
    13 × locator resolved to <p role="alert">Invalid server message; connection closed</p>
       - unexpected value "Invalid server message; connection closed"

    at captureRawStack (E:\openhoi\.orchestrator\wt\WP-08-verify5\client\node_modules\playwright-core\lib\coreBundle.js:8588:17)
    at callMatcherAsStep (E:\openhoi\.orchestrator\wt\WP-08-verify5\client\node_modules\playwright\lib\matchers\expect.js:13310:57)
    at Object.toContainText (E:\openhoi\.orchestrator\wt\WP-08-verify5\client\node_modules\playwright\lib\matchers\expect.js:13302:23)
    at E:\openhoi\.orchestrator\wt\WP-08-verify5\target\wp08-verify5\atomic.cjs:5:725 {
  matcherResult: {
    name: 'toContainText',
    expected: 'invalid',
    message: 'expect(locator).toContainText(expected) failed\n' +
      '\n' +
      "Locator: getByRole('alert')\n" +
      'Expected substring: "invalid"\n' +
      'Received string:    "Invalid server message; connection closed"\n' +
      'Timeout: 5000ms\n' +
      '\n' +
      'Call log:\n' +
      `  - Expect "toContainText" getByRole('alert') with timeout 5000ms\n` +
      "  - waiting for getByRole('alert')\n" +
      '    13 × locator resolved to <p role="alert">Invalid server message; connection closed</p>\n' +
      '       - unexpected value "Invalid server message; connection closed"\n',
    pass: false,
    actual: 'Invalid server message; connection closed',
    log: [
      `  - Expect "toContainText" getByRole('alert') with timeout 5000ms`,
      "  - waiting for getByRole('alert')",
      '    13 × locator resolved to <p role="alert">Invalid server message; connection closed</p>',
      '       - unexpected value "Invalid server message; connection closed"'
    ],
    timeout: 5000,
    ariaSnapshot: '- alert: Invalid server message; connection closed'
  }
}
edge rgb ExpectError: expect(locator).toContainText(expected) failed

Locator: getByRole('alert')
Expected substring: "invalid"
Received string:    "Invalid server message; connection closed"
Timeout: 5000ms

Call log:
  - Expect "toContainText" getByRole('alert') with timeout 5000ms
  - waiting for getByRole('alert')
    13 × locator resolved to <p role="alert">Invalid server message; connection closed</p>
       - unexpected value "Invalid server message; connection closed"

    at captureRawStack (E:\openhoi\.orchestrator\wt\WP-08-verify5\client\node_modules\playwright-core\lib\coreBundle.js:8588:17)
    at callMatcherAsStep (E:\openhoi\.orchestrator\wt\WP-08-verify5\client\node_modules\playwright\lib\matchers\expect.js:13310:57)
    at Object.toContainText (E:\openhoi\.orchestrator\wt\WP-08-verify5\client\node_modules\playwright\lib\matchers\expect.js:13302:23)
    at E:\openhoi\.orchestrator\wt\WP-08-verify5\target\wp08-verify5\atomic.cjs:5:725 {
  matcherResult: {
    name: 'toContainText',
    expected: 'invalid',
    message: 'expect(locator).toContainText(expected) failed\n' +
      '\n' +
      "Locator: getByRole('alert')\n" +
      'Expected substring: "invalid"\n' +
      'Received string:    "Invalid server message; connection closed"\n' +
      'Timeout: 5000ms\n' +
      '\n' +
      'Call log:\n' +
      `  - Expect "toContainText" getByRole('alert') with timeout 5000ms\n` +
      "  - waiting for getByRole('alert')\n" +
      '    13 × locator resolved to <p role="alert">Invalid server message; connection closed</p>\n' +
      '       - unexpected value "Invalid server message; connection closed"\n',
    pass: false,
    actual: 'Invalid server message; connection closed',
    log: [
      `  - Expect "toContainText" getByRole('alert') with timeout 5000ms`,
      "  - waiting for getByRole('alert')",
      '    13 × locator resolved to <p role="alert">Invalid server message; connection closed</p>',
      '       - unexpected value "Invalid server message; connection closed"'
    ],
    timeout: 5000,
    ariaSnapshot: '- alert: Invalid server message; connection closed'
  }
}
edge membership ExpectError: expect(locator).toContainText(expected) failed

Locator: getByRole('alert')
Expected substring: "invalid"
Received string:    "Invalid server message; connection closed"
Timeout: 5000ms

Call log:
  - Expect "toContainText" getByRole('alert') with timeout 5000ms
  - waiting for getByRole('alert')
    13 × locator resolved to <p role="alert">Invalid server message; connection closed</p>
       - unexpected value "Invalid server message; connection closed"

    at captureRawStack (E:\openhoi\.orchestrator\wt\WP-08-verify5\client\node_modules\playwright-core\lib\coreBundle.js:8588:17)
    at callMatcherAsStep (E:\openhoi\.orchestrator\wt\WP-08-verify5\client\node_modules\playwright\lib\matchers\expect.js:13310:57)
    at Object.toContainText (E:\openhoi\.orchestrator\wt\WP-08-verify5\client\node_modules\playwright\lib\matchers\expect.js:13302:23)
    at E:\openhoi\.orchestrator\wt\WP-08-verify5\target\wp08-verify5\atomic.cjs:5:725 {
  matcherResult: {
    name: 'toContainText',
    expected: 'invalid',
    message: 'expect(locator).toContainText(expected) failed\n' +
      '\n' +
      "Locator: getByRole('alert')\n" +
      'Expected substring: "invalid"\n' +
      'Received string:    "Invalid server message; connection closed"\n' +
      'Timeout: 5000ms\n' +
      '\n' +
      'Call log:\n' +
      `  - Expect "toContainText" getByRole('alert') with timeout 5000ms\n` +
      "  - waiting for getByRole('alert')\n" +
      '    13 × locator resolved to <p role="alert">Invalid server message; connection closed</p>\n' +
      '       - unexpected value "Invalid server message; connection closed"\n',
    pass: false,
    actual: 'Invalid server message; connection closed',
    log: [
      `  - Expect "toContainText" getByRole('alert') with timeout 5000ms`,
      "  - waiting for getByRole('alert')",
      '    13 × locator resolved to <p role="alert">Invalid server message; connection closed</p>',
      '       - unexpected value "Invalid server message; connection closed"'
    ],
    timeout: 5000,
    ariaSnapshot: '- alert: Invalid server message; connection closed'
  }
}
