{"args": ["node", "E:\\openhoi\\.orchestrator\\wt\\WP-08-verify5\\target\\wp08-verify5\\ready-probe.cjs"], "cwd": "E:\\openhoi\\.orchestrator\\wt\\WP-08-verify5", "start": "2026-10-06T17:48:05.085746+00:00"}
ExpectError: expect(received).toBe(expected) // Object.is equality

Expected: 0
Received: 1

Call Log:
- Timeout 5000ms exceeded while waiting on the predicate
    at captureRawStack (E:\openhoi\.orchestrator\wt\WP-08-verify5\client\node_modules\playwright-core\lib\coreBundle.js:8588:17)
    at callMatcherAsStep (E:\openhoi\.orchestrator\wt\WP-08-verify5\client\node_modules\playwright\lib\matchers\expect.js:13310:57)
    at Object.toBe (E:\openhoi\.orchestrator\wt\WP-08-verify5\client\node_modules\playwright\lib\matchers\expect.js:13302:23)
    at capture (E:\openhoi\.orchestrator\wt\WP-08-verify5\target\wp08-verify5\ready-probe.cjs:5:57)
    at E:\openhoi\.orchestrator\wt\WP-08-verify5\target\wp08-verify5\ready-probe.cjs:6:8 {
  matcherResult: {
    pass: false,
    message: 'expect(received).toBe(expected) // Object.is equality\n' +
      '\n' +
      'Expected: 0\n' +
      'Received: 1\n' +
      '\n' +
      'Call Log:\n' +
      '- Timeout 5000ms exceeded while waiting on the predicate',
    name: 'toBe'
  }
}
