{"args": ["node", "E:\\openhoi\\.orchestrator\\wt\\WP-08-verify5\\target\\wp08-verify5\\lifecycle.cjs"], "cwd": "E:\\openhoi\\.orchestrator\\wt\\WP-08-verify5", "start": "2026-10-06T17:45:30.958624+00:00"}
chrome false ExpectError: expect(received).toBe(expected) // Object.is equality

Expected: 2
Received: 1

Call Log:
- Timeout 5000ms exceeded while waiting on the predicate
    at captureRawStack (E:\openhoi\.orchestrator\wt\WP-08-verify5\client\node_modules\playwright-core\lib\coreBundle.js:8588:17)
    at callMatcherAsStep (E:\openhoi\.orchestrator\wt\WP-08-verify5\client\node_modules\playwright\lib\matchers\expect.js:13310:57)
    at Object.toBe (E:\openhoi\.orchestrator\wt\WP-08-verify5\client\node_modules\playwright\lib\matchers\expect.js:13302:23)
    at E:\openhoi\.orchestrator\wt\WP-08-verify5\target\wp08-verify5\lifecycle.cjs:35:400 {
  matcherResult: {
    pass: false,
    message: 'expect(received).toBe(expected) // Object.is equality\n' +
      '\n' +
      'Expected: 2\n' +
      'Received: 1\n' +
      '\n' +
      'Call Log:\n' +
      '- Timeout 5000ms exceeded while waiting on the predicate',
    name: 'toBe'
  }
}
chrome true AssertionError [ERR_ASSERTION]: The expression evaluated to a falsy value:

  assert.ok(after.contexts.slice(0,-1).every(p=>p.createdPrograms===p.deletedPrograms))

    at E:\openhoi\.orchestrator\wt\WP-08-verify5\target\wp08-verify5\lifecycle.cjs:31:320 {
  generatedMessage: true,
  code: 'ERR_ASSERTION',
  actual: false,
  expected: true,
  operator: '=='
}
edge false ExpectError: expect(received).toBe(expected) // Object.is equality

Expected: 2
Received: 1

Call Log:
- Timeout 5000ms exceeded while waiting on the predicate
    at captureRawStack (E:\openhoi\.orchestrator\wt\WP-08-verify5\client\node_modules\playwright-core\lib\coreBundle.js:8588:17)
    at callMatcherAsStep (E:\openhoi\.orchestrator\wt\WP-08-verify5\client\node_modules\playwright\lib\matchers\expect.js:13310:57)
    at Object.toBe (E:\openhoi\.orchestrator\wt\WP-08-verify5\client\node_modules\playwright\lib\matchers\expect.js:13302:23)
    at E:\openhoi\.orchestrator\wt\WP-08-verify5\target\wp08-verify5\lifecycle.cjs:35:400 {
  matcherResult: {
    pass: false,
    message: 'expect(received).toBe(expected) // Object.is equality\n' +
      '\n' +
      'Expected: 2\n' +
      'Received: 1\n' +
      '\n' +
      'Call Log:\n' +
      '- Timeout 5000ms exceeded while waiting on the predicate',
    name: 'toBe'
  }
}
edge true AssertionError [ERR_ASSERTION]: The expression evaluated to a falsy value:

  assert.ok(after.contexts.slice(0,-1).every(p=>p.createdPrograms===p.deletedPrograms))

    at E:\openhoi\.orchestrator\wt\WP-08-verify5\target\wp08-verify5\lifecycle.cjs:31:320 {
  generatedMessage: true,
  code: 'ERR_ASSERTION',
  actual: false,
  expected: true,
  operator: '=='
}
chromium false AssertionError [ERR_ASSERTION]: The expression evaluated to a falsy value:

  assert.ok(after.contexts.slice(0,-1).every(p=>p.createdPrograms===p.deletedPrograms))

    at E:\openhoi\.orchestrator\wt\WP-08-verify5\target\wp08-verify5\lifecycle.cjs:31:320 {
  generatedMessage: true,
  code: 'ERR_ASSERTION',
  actual: false,
  expected: true,
  operator: '=='
}
chromium true AssertionError [ERR_ASSERTION]: The expression evaluated to a falsy value:

  assert.ok(after.contexts.slice(0,-1).every(p=>p.createdPrograms===p.deletedPrograms))

    at E:\openhoi\.orchestrator\wt\WP-08-verify5\target\wp08-verify5\lifecycle.cjs:31:320 {
  generatedMessage: true,
  code: 'ERR_ASSERTION',
  actual: false,
  expected: true,
  operator: '=='
}
firefox false AssertionError [ERR_ASSERTION]: The expression evaluated to a falsy value:

  assert.ok(after.contexts.slice(0,-1).every(p=>p.createdPrograms===p.deletedPrograms))

    at E:\openhoi\.orchestrator\wt\WP-08-verify5\target\wp08-verify5\lifecycle.cjs:31:320 {
  generatedMessage: true,
  code: 'ERR_ASSERTION',
  actual: false,
  expected: true,
  operator: '=='
}
firefox true AssertionError [ERR_ASSERTION]: The expression evaluated to a falsy value:

  assert.ok(after.contexts.slice(0,-1).every(p=>p.createdPrograms===p.deletedPrograms))

    at E:\openhoi\.orchestrator\wt\WP-08-verify5\target\wp08-verify5\lifecycle.cjs:31:320 {
  generatedMessage: true,
  code: 'ERR_ASSERTION',
  actual: false,
  expected: true,
  operator: '=='
}
webkit false AssertionError [ERR_ASSERTION]: The expression evaluated to a falsy value:

  assert.ok(after.contexts.slice(0,-1).every(p=>p.createdPrograms===p.deletedPrograms))

    at E:\openhoi\.orchestrator\wt\WP-08-verify5\target\wp08-verify5\lifecycle.cjs:31:320 {
  generatedMessage: true,
  code: 'ERR_ASSERTION',
  actual: false,
  expected: true,
  operator: '=='
}
webkit true AssertionError [ERR_ASSERTION]: The expression evaluated to a falsy value:

  assert.ok(after.contexts.slice(0,-1).every(p=>p.createdPrograms===p.deletedPrograms))

    at E:\openhoi\.orchestrator\wt\WP-08-verify5\target\wp08-verify5\lifecycle.cjs:31:320
    at runNextTicks (node:internal/process/task_queues:65:5)
    at process.processImmediate (node:internal/timers:473:9) {
  generatedMessage: true,
  code: 'ERR_ASSERTION',
  actual: false,
  expected: true,
  operator: '=='
}
