{"args": ["node", "E:\\openhoi\\.orchestrator\\wt\\WP-08-verify5\\target\\wp08-verify5\\lifecycle.cjs"], "cwd": "E:\\openhoi\\.orchestrator\\wt\\WP-08-verify5", "start": "2026-10-06T17:46:55.144047+00:00"}
chrome false ExpectError: expect(locator).toContainText(expected) failed

Locator: getByRole('alert')
Expected substring: "map"
Error: strict mode violation: getByRole('alert') resolved to 2 elements:
    1) <p role="alert">Map data could not be loaded. Check the bundled s…</p> aka getByText('Map data could not be loaded')
    2) <p role="alert">A session is already active</p> aka getByText('A session is already active')

Call log:
  - Expect "toContainText" getByRole('alert') with timeout 5000ms
  - waiting for getByRole('alert')

    at captureRawStack (E:\openhoi\.orchestrator\wt\WP-08-verify5\client\node_modules\playwright-core\lib\coreBundle.js:8588:17)
    at callMatcherAsStep (E:\openhoi\.orchestrator\wt\WP-08-verify5\client\node_modules\playwright\lib\matchers\expect.js:13310:57)
    at Object.toContainText (E:\openhoi\.orchestrator\wt\WP-08-verify5\client\node_modules\playwright\lib\matchers\expect.js:13302:23)
    at E:\openhoi\.orchestrator\wt\WP-08-verify5\target\wp08-verify5\lifecycle.cjs:38:429 {
  matcherResult: {
    name: 'toContainText',
    expected: 'map',
    message: 'expect(locator).toContainText(expected) failed\n' +
      '\n' +
      "Locator: getByRole('alert')\n" +
      'Expected substring: "map"\n' +
      "Error: strict mode violation: getByRole('alert') resolved to 2 elements:\n" +
      `    1) <p role="alert">Map data could not be loaded. Check the bundled s…</p> aka getByText('Map data could not be loaded')\n` +
      `    2) <p role="alert">A session is already active</p> aka getByText('A session is already active')\n` +
      '\n' +
      'Call log:\n' +
      `  - Expect "toContainText" getByRole('alert') with timeout 5000ms\n` +
      "  - waiting for getByRole('alert')\n",
    pass: false,
    actual: undefined,
    log: [
      `  - Expect "toContainText" getByRole('alert') with timeout 5000ms`,
      "  - waiting for getByRole('alert')"
    ],
    timeout: undefined,
    ariaSnapshot: undefined
  }
}
chrome true ExpectError: expect(locator).toContainText(expected) failed

Locator: getByRole('alert')
Expected substring: "map"
Error: strict mode violation: getByRole('alert') resolved to 2 elements:
    1) <p role="alert">Map data could not be loaded. Check the bundled s…</p> aka getByText('Map data could not be loaded')
    2) <p role="alert">A session is already active</p> aka getByText('A session is already active')

Call log:
  - Expect "toContainText" getByRole('alert') with timeout 5000ms
  - waiting for getByRole('alert')

    at captureRawStack (E:\openhoi\.orchestrator\wt\WP-08-verify5\client\node_modules\playwright-core\lib\coreBundle.js:8588:17)
    at callMatcherAsStep (E:\openhoi\.orchestrator\wt\WP-08-verify5\client\node_modules\playwright\lib\matchers\expect.js:13310:57)
    at Object.toContainText (E:\openhoi\.orchestrator\wt\WP-08-verify5\client\node_modules\playwright\lib\matchers\expect.js:13302:23)
    at E:\openhoi\.orchestrator\wt\WP-08-verify5\target\wp08-verify5\lifecycle.cjs:38:429 {
  matcherResult: {
    name: 'toContainText',
    expected: 'map',
    message: 'expect(locator).toContainText(expected) failed\n' +
      '\n' +
      "Locator: getByRole('alert')\n" +
      'Expected substring: "map"\n' +
      "Error: strict mode violation: getByRole('alert') resolved to 2 elements:\n" +
      `    1) <p role="alert">Map data could not be loaded. Check the bundled s…</p> aka getByText('Map data could not be loaded')\n` +
      `    2) <p role="alert">A session is already active</p> aka getByText('A session is already active')\n` +
      '\n' +
      'Call log:\n' +
      `  - Expect "toContainText" getByRole('alert') with timeout 5000ms\n` +
      "  - waiting for getByRole('alert')\n",
    pass: false,
    actual: undefined,
    log: [
      `  - Expect "toContainText" getByRole('alert') with timeout 5000ms`,
      "  - waiting for getByRole('alert')"
    ],
    timeout: undefined,
    ariaSnapshot: undefined
  }
}
edge false ExpectError: expect(locator).toContainText(expected) failed

Locator: getByRole('alert')
Expected substring: "map"
Error: strict mode violation: getByRole('alert') resolved to 2 elements:
    1) <p role="alert">Map data could not be loaded. Check the bundled s…</p> aka getByText('Map data could not be loaded')
    2) <p role="alert">A session is already active</p> aka getByText('A session is already active')

Call log:
  - Expect "toContainText" getByRole('alert') with timeout 5000ms
  - waiting for getByRole('alert')

    at captureRawStack (E:\openhoi\.orchestrator\wt\WP-08-verify5\client\node_modules\playwright-core\lib\coreBundle.js:8588:17)
    at callMatcherAsStep (E:\openhoi\.orchestrator\wt\WP-08-verify5\client\node_modules\playwright\lib\matchers\expect.js:13310:57)
    at Object.toContainText (E:\openhoi\.orchestrator\wt\WP-08-verify5\client\node_modules\playwright\lib\matchers\expect.js:13302:23)
    at E:\openhoi\.orchestrator\wt\WP-08-verify5\target\wp08-verify5\lifecycle.cjs:38:429 {
  matcherResult: {
    name: 'toContainText',
    expected: 'map',
    message: 'expect(locator).toContainText(expected) failed\n' +
      '\n' +
      "Locator: getByRole('alert')\n" +
      'Expected substring: "map"\n' +
      "Error: strict mode violation: getByRole('alert') resolved to 2 elements:\n" +
      `    1) <p role="alert">Map data could not be loaded. Check the bundled s…</p> aka getByText('Map data could not be loaded')\n` +
      `    2) <p role="alert">A session is already active</p> aka getByText('A session is already active')\n` +
      '\n' +
      'Call log:\n' +
      `  - Expect "toContainText" getByRole('alert') with timeout 5000ms\n` +
      "  - waiting for getByRole('alert')\n",
    pass: false,
    actual: undefined,
    log: [
      `  - Expect "toContainText" getByRole('alert') with timeout 5000ms`,
      "  - waiting for getByRole('alert')"
    ],
    timeout: undefined,
    ariaSnapshot: undefined
  }
}
edge true ExpectError: expect(locator).toContainText(expected) failed

Locator: getByRole('alert')
Expected substring: "map"
Received string:    "Map data could not be loaded. Check the bundled scenario files."
Timeout: 5000ms

Call log:
  - Expect "toContainText" getByRole('alert') with timeout 5000ms
  - waiting for getByRole('alert')
    13 × locator resolved to <p role="alert">Map data could not be loaded. Check the bundled s…</p>
       - unexpected value "Map data could not be loaded. Check the bundled scenario files."

    at captureRawStack (E:\openhoi\.orchestrator\wt\WP-08-verify5\client\node_modules\playwright-core\lib\coreBundle.js:8588:17)
    at callMatcherAsStep (E:\openhoi\.orchestrator\wt\WP-08-verify5\client\node_modules\playwright\lib\matchers\expect.js:13310:57)
    at Object.toContainText (E:\openhoi\.orchestrator\wt\WP-08-verify5\client\node_modules\playwright\lib\matchers\expect.js:13302:23)
    at E:\openhoi\.orchestrator\wt\WP-08-verify5\target\wp08-verify5\lifecycle.cjs:38:429 {
  matcherResult: {
    name: 'toContainText',
    expected: 'map',
    message: 'expect(locator).toContainText(expected) failed\n' +
      '\n' +
      "Locator: getByRole('alert')\n" +
      'Expected substring: "map"\n' +
      'Received string:    "Map data could not be loaded. Check the bundled scenario files."\n' +
      'Timeout: 5000ms\n' +
      '\n' +
      'Call log:\n' +
      `  - Expect "toContainText" getByRole('alert') with timeout 5000ms\n` +
      "  - waiting for getByRole('alert')\n" +
      '    13 × locator resolved to <p role="alert">Map data could not be loaded. Check the bundled s…</p>\n' +
      '       - unexpected value "Map data could not be loaded. Check the bundled scenario files."\n',
    pass: false,
    actual: 'Map data could not be loaded. Check the bundled scenario files.',
    log: [
      `  - Expect "toContainText" getByRole('alert') with timeout 5000ms`,
      "  - waiting for getByRole('alert')",
      '    13 × locator resolved to <p role="alert">Map data could not be loaded. Check the bundled s…</p>',
      '       - unexpected value "Map data could not be loaded. Check the bundled scenario files."'
    ],
    timeout: 5000,
    ariaSnapshot: '- alert: Map data could not be loaded. Check the bundled scenario files.'
  }
}
chromium false ExpectError: expect(locator).toContainText(expected) failed

Locator: getByRole('alert')
Expected substring: "map"
Error: strict mode violation: getByRole('alert') resolved to 2 elements:
    1) <p role="alert">Map data could not be loaded. Check the bundled s…</p> aka getByText('Map data could not be loaded')
    2) <p role="alert">A session is already active</p> aka getByText('A session is already active')

Call log:
  - Expect "toContainText" getByRole('alert') with timeout 5000ms
  - waiting for getByRole('alert')

    at captureRawStack (E:\openhoi\.orchestrator\wt\WP-08-verify5\client\node_modules\playwright-core\lib\coreBundle.js:8588:17)
    at callMatcherAsStep (E:\openhoi\.orchestrator\wt\WP-08-verify5\client\node_modules\playwright\lib\matchers\expect.js:13310:57)
    at Object.toContainText (E:\openhoi\.orchestrator\wt\WP-08-verify5\client\node_modules\playwright\lib\matchers\expect.js:13302:23)
    at E:\openhoi\.orchestrator\wt\WP-08-verify5\target\wp08-verify5\lifecycle.cjs:38:429 {
  matcherResult: {
    name: 'toContainText',
    expected: 'map',
    message: 'expect(locator).toContainText(expected) failed\n' +
      '\n' +
      "Locator: getByRole('alert')\n" +
      'Expected substring: "map"\n' +
      "Error: strict mode violation: getByRole('alert') resolved to 2 elements:\n" +
      `    1) <p role="alert">Map data could not be loaded. Check the bundled s…</p> aka getByText('Map data could not be loaded')\n` +
      `    2) <p role="alert">A session is already active</p> aka getByText('A session is already active')\n` +
      '\n' +
      'Call log:\n' +
      `  - Expect "toContainText" getByRole('alert') with timeout 5000ms\n` +
      "  - waiting for getByRole('alert')\n",
    pass: false,
    actual: undefined,
    log: [
      `  - Expect "toContainText" getByRole('alert') with timeout 5000ms`,
      "  - waiting for getByRole('alert')"
    ],
    timeout: undefined,
    ariaSnapshot: undefined
  }
}
chromium true ExpectError: expect(locator).toContainText(expected) failed

Locator: getByRole('alert')
Expected substring: "map"
Error: strict mode violation: getByRole('alert') resolved to 2 elements:
    1) <p role="alert">Map data could not be loaded. Check the bundled s…</p> aka getByText('Map data could not be loaded')
    2) <p role="alert">A session is already active</p> aka getByText('A session is already active')

Call log:
  - Expect "toContainText" getByRole('alert') with timeout 5000ms
  - waiting for getByRole('alert')

    at captureRawStack (E:\openhoi\.orchestrator\wt\WP-08-verify5\client\node_modules\playwright-core\lib\coreBundle.js:8588:17)
    at callMatcherAsStep (E:\openhoi\.orchestrator\wt\WP-08-verify5\client\node_modules\playwright\lib\matchers\expect.js:13310:57)
    at Object.toContainText (E:\openhoi\.orchestrator\wt\WP-08-verify5\client\node_modules\playwright\lib\matchers\expect.js:13302:23)
    at E:\openhoi\.orchestrator\wt\WP-08-verify5\target\wp08-verify5\lifecycle.cjs:38:429 {
  matcherResult: {
    name: 'toContainText',
    expected: 'map',
    message: 'expect(locator).toContainText(expected) failed\n' +
      '\n' +
      "Locator: getByRole('alert')\n" +
      'Expected substring: "map"\n' +
      "Error: strict mode violation: getByRole('alert') resolved to 2 elements:\n" +
      `    1) <p role="alert">Map data could not be loaded. Check the bundled s…</p> aka getByText('Map data could not be loaded')\n` +
      `    2) <p role="alert">A session is already active</p> aka getByText('A session is already active')\n` +
      '\n' +
      'Call log:\n' +
      `  - Expect "toContainText" getByRole('alert') with timeout 5000ms\n` +
      "  - waiting for getByRole('alert')\n",
    pass: false,
    actual: undefined,
    log: [
      `  - Expect "toContainText" getByRole('alert') with timeout 5000ms`,
      "  - waiting for getByRole('alert')"
    ],
    timeout: undefined,
    ariaSnapshot: undefined
  }
}
firefox false ExpectError: expect(locator).toContainText(expected) failed

Locator: getByRole('alert')
Expected substring: "map"
Error: strict mode violation: getByRole('alert') resolved to 2 elements:
    1) <p role="alert">Map data could not be loaded. Check the bundled s…</p> aka getByText('Map data could not be loaded')
    2) <p role="alert">A session is already active</p> aka getByText('A session is already active')

Call log:
  - Expect "toContainText" getByRole('alert') with timeout 5000ms
  - waiting for getByRole('alert')

    at captureRawStack (E:\openhoi\.orchestrator\wt\WP-08-verify5\client\node_modules\playwright-core\lib\coreBundle.js:8588:17)
    at callMatcherAsStep (E:\openhoi\.orchestrator\wt\WP-08-verify5\client\node_modules\playwright\lib\matchers\expect.js:13310:57)
    at Object.toContainText (E:\openhoi\.orchestrator\wt\WP-08-verify5\client\node_modules\playwright\lib\matchers\expect.js:13302:23)
    at E:\openhoi\.orchestrator\wt\WP-08-verify5\target\wp08-verify5\lifecycle.cjs:38:429 {
  matcherResult: {
    name: 'toContainText',
    expected: 'map',
    message: 'expect(locator).toContainText(expected) failed\n' +
      '\n' +
      "Locator: getByRole('alert')\n" +
      'Expected substring: "map"\n' +
      "Error: strict mode violation: getByRole('alert') resolved to 2 elements:\n" +
      `    1) <p role="alert">Map data could not be loaded. Check the bundled s…</p> aka getByText('Map data could not be loaded')\n` +
      `    2) <p role="alert">A session is already active</p> aka getByText('A session is already active')\n` +
      '\n' +
      'Call log:\n' +
      `  - Expect "toContainText" getByRole('alert') with timeout 5000ms\n` +
      "  - waiting for getByRole('alert')\n",
    pass: false,
    actual: undefined,
    log: [
      `  - Expect "toContainText" getByRole('alert') with timeout 5000ms`,
      "  - waiting for getByRole('alert')"
    ],
    timeout: undefined,
    ariaSnapshot: undefined
  }
}
firefox true ExpectError: expect(locator).toContainText(expected) failed

Locator: getByRole('alert')
Expected substring: "map"
Error: strict mode violation: getByRole('alert') resolved to 2 elements:
    1) <p role="alert">Map data could not be loaded. Check the bundled s…</p> aka getByText('Map data could not be loaded')
    2) <p role="alert">A session is already active</p> aka getByText('A session is already active')

Call log:
  - Expect "toContainText" getByRole('alert') with timeout 5000ms
  - waiting for getByRole('alert')

    at captureRawStack (E:\openhoi\.orchestrator\wt\WP-08-verify5\client\node_modules\playwright-core\lib\coreBundle.js:8588:17)
    at callMatcherAsStep (E:\openhoi\.orchestrator\wt\WP-08-verify5\client\node_modules\playwright\lib\matchers\expect.js:13310:57)
    at Object.toContainText (E:\openhoi\.orchestrator\wt\WP-08-verify5\client\node_modules\playwright\lib\matchers\expect.js:13302:23)
    at E:\openhoi\.orchestrator\wt\WP-08-verify5\target\wp08-verify5\lifecycle.cjs:38:429 {
  matcherResult: {
    name: 'toContainText',
    expected: 'map',
    message: 'expect(locator).toContainText(expected) failed\n' +
      '\n' +
      "Locator: getByRole('alert')\n" +
      'Expected substring: "map"\n' +
      "Error: strict mode violation: getByRole('alert') resolved to 2 elements:\n" +
      `    1) <p role="alert">Map data could not be loaded. Check the bundled s…</p> aka getByText('Map data could not be loaded')\n` +
      `    2) <p role="alert">A session is already active</p> aka getByText('A session is already active')\n` +
      '\n' +
      'Call log:\n' +
      `  - Expect "toContainText" getByRole('alert') with timeout 5000ms\n` +
      "  - waiting for getByRole('alert')\n",
    pass: false,
    actual: undefined,
    log: [
      `  - Expect "toContainText" getByRole('alert') with timeout 5000ms`,
      "  - waiting for getByRole('alert')"
    ],
    timeout: undefined,
    ariaSnapshot: undefined
  }
}
webkit false ExpectError: expect(locator).toContainText(expected) failed

Locator: getByRole('alert')
Expected substring: "map"
Error: strict mode violation: getByRole('alert') resolved to 2 elements:
    1) <p role="alert">Map data could not be loaded. Check the bundled s…</p> aka getByText('Map data could not be loaded')
    2) <p role="alert">A session is already active</p> aka getByText('A session is already active')

Call log:
  - Expect "toContainText" getByRole('alert') with timeout 5000ms
  - waiting for getByRole('alert')

    at captureRawStack (E:\openhoi\.orchestrator\wt\WP-08-verify5\client\node_modules\playwright-core\lib\coreBundle.js:8588:17)
    at callMatcherAsStep (E:\openhoi\.orchestrator\wt\WP-08-verify5\client\node_modules\playwright\lib\matchers\expect.js:13310:57)
    at Object.toContainText (E:\openhoi\.orchestrator\wt\WP-08-verify5\client\node_modules\playwright\lib\matchers\expect.js:13302:23)
    at E:\openhoi\.orchestrator\wt\WP-08-verify5\target\wp08-verify5\lifecycle.cjs:38:429 {
  matcherResult: {
    name: 'toContainText',
    expected: 'map',
    message: 'expect(locator).toContainText(expected) failed\n' +
      '\n' +
      "Locator: getByRole('alert')\n" +
      'Expected substring: "map"\n' +
      "Error: strict mode violation: getByRole('alert') resolved to 2 elements:\n" +
      `    1) <p role="alert">Map data could not be loaded. Check the bundled s…</p> aka getByText('Map data could not be loaded')\n` +
      `    2) <p role="alert">A session is already active</p> aka getByText('A session is already active')\n` +
      '\n' +
      'Call log:\n' +
      `  - Expect "toContainText" getByRole('alert') with timeout 5000ms\n` +
      "  - waiting for getByRole('alert')\n",
    pass: false,
    actual: undefined,
    log: [
      `  - Expect "toContainText" getByRole('alert') with timeout 5000ms`,
      "  - waiting for getByRole('alert')"
    ],
    timeout: undefined,
    ariaSnapshot: undefined
  }
}
webkit true ExpectError: expect(locator).toContainText(expected) failed

Locator: getByRole('alert')
Expected substring: "map"
Error: strict mode violation: getByRole('alert') resolved to 2 elements:
    1) <p role="alert">Map data could not be loaded. Check the bundled s…</p> aka getByText('Map data could not be loaded')
    2) <p role="alert">A session is already active</p> aka getByText('A session is already active')

Call log:
  - Expect "toContainText" getByRole('alert') with timeout 5000ms
  - waiting for getByRole('alert')

    at captureRawStack (E:\openhoi\.orchestrator\wt\WP-08-verify5\client\node_modules\playwright-core\lib\coreBundle.js:8588:17)
    at callMatcherAsStep (E:\openhoi\.orchestrator\wt\WP-08-verify5\client\node_modules\playwright\lib\matchers\expect.js:13310:57)
    at Object.toContainText (E:\openhoi\.orchestrator\wt\WP-08-verify5\client\node_modules\playwright\lib\matchers\expect.js:13302:23)
    at E:\openhoi\.orchestrator\wt\WP-08-verify5\target\wp08-verify5\lifecycle.cjs:38:429 {
  matcherResult: {
    name: 'toContainText',
    expected: 'map',
    message: 'expect(locator).toContainText(expected) failed\n' +
      '\n' +
      "Locator: getByRole('alert')\n" +
      'Expected substring: "map"\n' +
      "Error: strict mode violation: getByRole('alert') resolved to 2 elements:\n" +
      `    1) <p role="alert">Map data could not be loaded. Check the bundled s…</p> aka getByText('Map data could not be loaded')\n` +
      `    2) <p role="alert">A session is already active</p> aka getByText('A session is already active')\n` +
      '\n' +
      'Call log:\n' +
      `  - Expect "toContainText" getByRole('alert') with timeout 5000ms\n` +
      "  - waiting for getByRole('alert')\n",
    pass: false,
    actual: undefined,
    log: [
      `  - Expect "toContainText" getByRole('alert') with timeout 5000ms`,
      "  - waiting for getByRole('alert')"
    ],
    timeout: undefined,
    ariaSnapshot: undefined
  }
}
