{"args": ["python", "-m", "unittest", "discover", "-s", "tools/tests", "-p", "test_wp01.py", "-v"], "cwd": "E:\\openhoi\\.orchestrator\\wt\\WP-08-verify5", "start": "2026-10-06T17:37:54.529934+00:00"}
test_req_leg_02_ai_asset_dev_passes (test_wp01.AssetTests.test_req_leg_02_ai_asset_dev_passes) ... ok
test_req_leg_02_ai_asset_release_fails (test_wp01.AssetTests.test_req_leg_02_ai_asset_release_fails) ... ok
test_req_leg_02_boolean_string_fails (test_wp01.AssetTests.test_req_leg_02_boolean_string_fails) ... ok
test_req_leg_02_duplicate_fails (test_wp01.AssetTests.test_req_leg_02_duplicate_fails) ... ok
test_req_leg_02_missing_file_fails (test_wp01.AssetTests.test_req_leg_02_missing_file_fails) ... ok
test_req_leg_02_missing_metadata_fails (test_wp01.AssetTests.test_req_leg_02_missing_metadata_fails) ... ok
test_req_leg_02_nonai_release_and_font_checks_preserved (test_wp01.AssetTests.test_req_leg_02_nonai_release_and_font_checks_preserved) ... ok
test_req_leg_02_registered_data_passes (test_wp01.AssetTests.test_req_leg_02_registered_data_passes) ... ok
test_req_leg_02_reviewed_ai_changed_files_fail (test_wp01.AssetTests.test_req_leg_02_reviewed_ai_changed_files_fail) ... ok
test_req_leg_02_reviewed_ai_forbidden_license_fails (test_wp01.AssetTests.test_req_leg_02_reviewed_ai_forbidden_license_fails) ... ok
test_req_leg_02_reviewed_ai_hash_mismatch_fails (test_wp01.AssetTests.test_req_leg_02_reviewed_ai_hash_mismatch_fails) ... ok
test_req_leg_02_reviewed_ai_image_release_passes (test_wp01.AssetTests.test_req_leg_02_reviewed_ai_image_release_passes) ... ok
test_req_leg_02_reviewed_ai_invalid_timestamp_fails (test_wp01.AssetTests.test_req_leg_02_reviewed_ai_invalid_timestamp_fails) ... ok
test_req_leg_02_reviewed_ai_missing_fields_fail (test_wp01.AssetTests.test_req_leg_02_reviewed_ai_missing_fields_fail) ... ok
test_req_leg_02_reviewed_ai_nonimage_fails (test_wp01.AssetTests.test_req_leg_02_reviewed_ai_nonimage_fails) ... ok
test_req_leg_02_reviewed_ai_reference_validation_fails (test_wp01.AssetTests.test_req_leg_02_reviewed_ai_reference_validation_fails) ... $ C:\Users\user\AppData\Local\Programs\Python\Python311\python.EXE E:\openhoi\.orchestrator\wt\WP-08-verify5\tools\check_assets.py --root C:\Users\user\AppData\Local\Temp\tmpyqktux9c
exit=0
assets: 0 error(s)

$ C:\Users\user\AppData\Local\Programs\Python\Python311\python.EXE E:\openhoi\.orchestrator\wt\WP-08-verify5\tools\check_assets.py --root C:\Users\user\AppData\Local\Temp\tmpttcw_s2v --release
exit=1
assets: 3 error(s)
[ASSET] data/packs/demo/defines.toml: AI-generated asset: path must refer to an image for release (OPEN-09)
[ASSET] data/packs/demo/defines.toml: AI-generated asset: ai_provenance must be a table
[ASSET] data/packs/demo/defines.toml: AI-generated asset: distribution_review must be a table

$ C:\Users\user\AppData\Local\Programs\Python\Python311\python.EXE E:\openhoi\.orchestrator\wt\WP-08-verify5\tools\check_assets.py --root C:\Users\user\AppData\Local\Temp\tmpdcp36ew1
exit=1
assets: 1 error(s)
[ASSET] data/packs/demo/defines.toml: ai_generated must be a boolean

$ C:\Users\user\AppData\Local\Programs\Python\Python311\python.EXE E:\openhoi\.orchestrator\wt\WP-08-verify5\tools\check_assets.py --root C:\Users\user\AppData\Local\Temp\tmpyyrmdu3d
exit=1
assets: 1 error(s)
[ASSET] data/packs/demo/defines.toml: duplicate record

$ C:\Users\user\AppData\Local\Programs\Python\Python311\python.EXE E:\openhoi\.orchestrator\wt\WP-08-verify5\tools\check_assets.py --root C:\Users\user\AppData\Local\Temp\tmpwohvvuck
exit=1
assets: 2 error(s)
[ASSET] assets/missing.png: missing file
[ASSET] data/packs/demo/defines.toml: unregistered asset/data file

$ C:\Users\user\AppData\Local\Programs\Python\Python311\python.EXE E:\openhoi\.orchestrator\wt\WP-08-verify5\tools\check_assets.py --root C:\Users\user\AppData\Local\Temp\tmp3b67prew
exit=1
assets: 1 error(s)
[ASSET] data/packs/demo/defines.toml: missing author

$ C:\Users\user\AppData\Local\Programs\Python\Python311\python.EXE E:\openhoi\.orchestrator\wt\WP-08-verify5\tools\check_assets.py --root C:\Users\user\AppData\Local\Temp\tmp5fupxibe --release
exit=0
assets: 0 error(s)

$ C:\Users\user\AppData\Local\Programs\Python\Python311\python.EXE E:\openhoi\.orchestrator\wt\WP-08-verify5\tools\check_assets.py --root C:\Users\user\AppData\Local\Temp\tmp5fupxibe --release
exit=1
assets: 1 error(s)
[ASSET] assets/font.woff2: font license must be OFL-1.1

$ C:\Users\user\AppData\Local\Programs\Python\Python311\python.EXE E:\openhoi\.orchestrator\wt\WP-08-verify5\tools\check_assets.py --root C:\Users\user\AppData\Local\Temp\tmp5fupxibe --release
exit=0
assets: 0 error(s)

$ C:\Users\user\AppData\Local\Programs\Python\Python311\python.EXE E:\openhoi\.orchestrator\wt\WP-08-verify5\tools\check_assets.py --root C:\Users\user\AppData\Local\Temp\tmpv3pzr8s6
exit=0
assets: 0 error(s)

$ C:\Users\user\AppData\Local\Programs\Python\Python311\python.EXE E:\openhoi\.orchestrator\wt\WP-08-verify5\tools\check_assets.py --root C:\Users\user\AppData\Local\Temp\tmpuqf48q6x --release
exit=1
assets: 1 error(s)
[ASSET] assets/fixture.png: AI-generated asset: asset_sha256 does not match the referenced file

$ C:\Users\user\AppData\Local\Programs\Python\Python311\python.EXE E:\openhoi\.orchestrator\wt\WP-08-verify5\tools\check_assets.py --root C:\Users\user\AppData\Local\Temp\tmpuqf48q6x --release
exit=1
assets: 1 error(s)
[ASSET] assets/fixture.png: AI-generated asset: usage_terms_sha256 does not match the referenced file

$ C:\Users\user\AppData\Local\Programs\Python\Python311\python.EXE E:\openhoi\.orchestrator\wt\WP-08-verify5\tools\check_assets.py --root C:\Users\user\AppData\Local\Temp\tmpuqf48q6x --release
exit=1
assets: 1 error(s)
[ASSET] assets/fixture.png: AI-generated asset: evidence_sha256 does not match the referenced file

$ C:\Users\user\AppData\Local\Programs\Python\Python311\python.EXE E:\openhoi\.orchestrator\wt\WP-08-verify5\tools\check_assets.py --root C:\Users\user\AppData\Local\Temp\tmpgygmskx8 --release
exit=1
assets: 1 error(s)
[ASSET] assets/fixture.png: unapproved license 'CC-BY-NC-4.0'

$ C:\Users\user\AppData\Local\Programs\Python\Python311\python.EXE E:\openhoi\.orchestrator\wt\WP-08-verify5\tools\check_assets.py --root C:\Users\user\AppData\Local\Temp\tmpgr1mz1fd --release
exit=1
assets: 1 error(s)
[ASSET] assets/fixture.png: AI-generated asset: usage_terms_sha256 does not match the referenced file

$ C:\Users\user\AppData\Local\Programs\Python\Python311\python.EXE E:\openhoi\.orchestrator\wt\WP-08-verify5\tools\check_assets.py --root C:\Users\user\AppData\Local\Temp\tmpgr1mz1fd --release
exit=1
assets: 1 error(s)
[ASSET] assets/fixture.png: AI-generated asset: usage_terms_sha256 must be a lowercase SHA-256 digest

$ C:\Users\user\AppData\Local\Programs\Python\Python311\python.EXE E:\openhoi\.orchestrator\wt\WP-08-verify5\tools\check_assets.py --root C:\Users\user\AppData\Local\Temp\tmpgr1mz1fd --release
exit=1
assets: 1 error(s)
[ASSET] assets/fixture.png: AI-generated asset: usage_terms_sha256 must be a lowercase SHA-256 digest

$ C:\Users\user\AppData\Local\Programs\Python\Python311\python.EXE E:\openhoi\.orchestrator\wt\WP-08-verify5\tools\check_assets.py --root C:\Users\user\AppData\Local\Temp\tmpgr1mz1fd --release
exit=1
assets: 1 error(s)
[ASSET] assets/fixture.png: AI-generated asset: evidence_sha256 does not match the referenced file

$ C:\Users\user\AppData\Local\Programs\Python\Python311\python.EXE E:\openhoi\.orchestrator\wt\WP-08-verify5\tools\check_assets.py --root C:\Users\user\AppData\Local\Temp\tmpgr1mz1fd --release
exit=1
assets: 1 error(s)
[ASSET] assets/fixture.png: AI-generated asset: evidence_sha256 must be a lowercase SHA-256 digest

$ C:\Users\user\AppData\Local\Programs\Python\Python311\python.EXE E:\openhoi\.orchestrator\wt\WP-08-verify5\tools\check_assets.py --root C:\Users\user\AppData\Local\Temp\tmpgr1mz1fd --release
exit=1
assets: 1 error(s)
[ASSET] assets/fixture.png: AI-generated asset: evidence_sha256 must be a lowercase SHA-256 digest

$ C:\Users\user\AppData\Local\Programs\Python\Python311\python.EXE E:\openhoi\.orchestrator\wt\WP-08-verify5\tools\check_assets.py --root C:\Users\user\AppData\Local\Temp\tmpgr1mz1fd --release
exit=1
assets: 1 error(s)
[ASSET] assets/fixture.png: AI-generated asset: asset_sha256 does not match the referenced file

$ C:\Users\user\AppData\Local\Programs\Python\Python311\python.EXE E:\openhoi\.orchestrator\wt\WP-08-verify5\tools\check_assets.py --root C:\Users\user\AppData\Local\Temp\tmpgr1mz1fd --release
exit=1
assets: 1 error(s)
[ASSET] assets/fixture.png: AI-generated asset: asset_sha256 must be a lowercase SHA-256 digest

$ C:\Users\user\AppData\Local\Programs\Python\Python311\python.EXE E:\openhoi\.orchestrator\wt\WP-08-verify5\tools\check_assets.py --root C:\Users\user\AppData\Local\Temp\tmpgr1mz1fd --release
exit=1
assets: 1 error(s)
[ASSET] assets/fixture.png: AI-generated asset: asset_sha256 must be a lowercase SHA-256 digest

$ C:\Users\user\AppData\Local\Programs\Python\Python311\python.EXE E:\openhoi\.orchestrator\wt\WP-08-verify5\tools\check_assets.py --root C:\Users\user\AppData\Local\Temp\tmp0ivryn3s --release
exit=0
assets: 0 error(s)

$ C:\Users\user\AppData\Local\Programs\Python\Python311\python.EXE E:\openhoi\.orchestrator\wt\WP-08-verify5\tools\check_assets.py --root C:\Users\user\AppData\Local\Temp\tmpuz7gd97t --release
exit=1
assets: 1 error(s)
[ASSET] assets/fixture.png: AI-generated asset: reviewed_at must be a valid timestamp with seconds and timezone (YYYY-MM-DDTHH:MM:SSZ or +/-HH:MM)

$ C:\Users\user\AppData\Local\Programs\Python\Python311\python.EXE E:\openhoi\.orchestrator\wt\WP-08-verify5\tools\check_assets.py --root C:\Users\user\AppData\Local\Temp\tmpuz7gd97t --release
exit=1
assets: 1 error(s)
[ASSET] assets/fixture.png: AI-generated asset: reviewed_at must be a valid timestamp with seconds and timezone (YYYY-MM-DDTHH:MM:SSZ or +/-HH:MM)

ok
test_req_leg_02_reviewed_ai_unapproved_status_fails (test_wp01.AssetTests.test_req_leg_02_reviewed_ai_unapproved_status_fails) ... ok
test_req_leg_02_reviewed_ai_wrong_fields_fail (test_wp01.AssetTests.test_req_leg_02_reviewed_ai_wrong_fields_fail) ... $ C:\Users\user\AppData\Local\Programs\Python\Python311\python.EXE E:\openhoi\.orchestrator\wt\WP-08-verify5\tools\check_assets.py --root C:\Users\user\AppData\Local\Temp\tmpuz7gd97t --release
exit=1
assets: 1 error(s)
[ASSET] assets/fixture.png: AI-generated asset: reviewed_at must be a valid timestamp with seconds and timezone (YYYY-MM-DDTHH:MM:SSZ or +/-HH:MM)

$ C:\Users\user\AppData\Local\Programs\Python\Python311\python.EXE E:\openhoi\.orchestrator\wt\WP-08-verify5\tools\check_assets.py --root C:\Users\user\AppData\Local\Temp\tmpuz7gd97t --release
exit=1
assets: 1 error(s)
[ASSET] assets/fixture.png: AI-generated asset: reviewed_at must be a valid timestamp with seconds and timezone (YYYY-MM-DDTHH:MM:SSZ or +/-HH:MM)

$ C:\Users\user\AppData\Local\Programs\Python\Python311\python.EXE E:\openhoi\.orchestrator\wt\WP-08-verify5\tools\check_assets.py --root C:\Users\user\AppData\Local\Temp\tmpudf8x1b7 --release
exit=1
assets: 1 error(s)
[ASSET] assets/fixture.png: AI-generated asset: tool must be a nonempty string

$ C:\Users\user\AppData\Local\Programs\Python\Python311\python.EXE E:\openhoi\.orchestrator\wt\WP-08-verify5\tools\check_assets.py --root C:\Users\user\AppData\Local\Temp\tmpudf8x1b7 --release
exit=1
assets: 1 error(s)
[ASSET] assets/fixture.png: AI-generated asset: usage_terms_path must be a nonempty string

$ C:\Users\user\AppData\Local\Programs\Python\Python311\python.EXE E:\openhoi\.orchestrator\wt\WP-08-verify5\tools\check_assets.py --root C:\Users\user\AppData\Local\Temp\tmpudf8x1b7 --release
exit=1
assets: 1 error(s)
[ASSET] assets/fixture.png: AI-generated asset: usage_terms_sha256 must be a nonempty string

$ C:\Users\user\AppData\Local\Programs\Python\Python311\python.EXE E:\openhoi\.orchestrator\wt\WP-08-verify5\tools\check_assets.py --root C:\Users\user\AppData\Local\Temp\tmpudf8x1b7 --release
exit=1
assets: 1 error(s)
[ASSET] assets/fixture.png: AI-generated asset: ai_provenance must be a table

$ C:\Users\user\AppData\Local\Programs\Python\Python311\python.EXE E:\openhoi\.orchestrator\wt\WP-08-verify5\tools\check_assets.py --root C:\Users\user\AppData\Local\Temp\tmpudf8x1b7 --release
exit=1
assets: 1 error(s)
[ASSET] assets/fixture.png: AI-generated asset: status must be 'approved' for release (OPEN-09)

$ C:\Users\user\AppData\Local\Programs\Python\Python311\python.EXE E:\openhoi\.orchestrator\wt\WP-08-verify5\tools\check_assets.py --root C:\Users\user\AppData\Local\Temp\tmpudf8x1b7 --release
exit=1
assets: 1 error(s)
[ASSET] assets/fixture.png: AI-generated asset: reviewer must be a nonempty string

$ C:\Users\user\AppData\Local\Programs\Python\Python311\python.EXE E:\openhoi\.orchestrator\wt\WP-08-verify5\tools\check_assets.py --root C:\Users\user\AppData\Local\Temp\tmpudf8x1b7 --release
exit=1
assets: 1 error(s)
[ASSET] assets/fixture.png: AI-generated asset: reviewed_at must be a nonempty string

$ C:\Users\user\AppData\Local\Programs\Python\Python311\python.EXE E:\openhoi\.orchestrator\wt\WP-08-verify5\tools\check_assets.py --root C:\Users\user\AppData\Local\Temp\tmpudf8x1b7 --release
exit=1
assets: 1 error(s)
[ASSET] assets/fixture.png: AI-generated asset: evidence_path must be a nonempty string

$ C:\Users\user\AppData\Local\Programs\Python\Python311\python.EXE E:\openhoi\.orchestrator\wt\WP-08-verify5\tools\check_assets.py --root C:\Users\user\AppData\Local\Temp\tmpudf8x1b7 --release
exit=1
assets: 1 error(s)
[ASSET] assets/fixture.png: AI-generated asset: evidence_sha256 must be a nonempty string

$ C:\Users\user\AppData\Local\Programs\Python\Python311\python.EXE E:\openhoi\.orchestrator\wt\WP-08-verify5\tools\check_assets.py --root C:\Users\user\AppData\Local\Temp\tmpudf8x1b7 --release
exit=1
assets: 1 error(s)
[ASSET] assets/fixture.png: AI-generated asset: asset_sha256 must be a nonempty string

$ C:\Users\user\AppData\Local\Programs\Python\Python311\python.EXE E:\openhoi\.orchestrator\wt\WP-08-verify5\tools\check_assets.py --root C:\Users\user\AppData\Local\Temp\tmpudf8x1b7 --release
exit=1
assets: 1 error(s)
[ASSET] assets/fixture.png: AI-generated asset: distribution_review must be a table

$ C:\Users\user\AppData\Local\Programs\Python\Python311\python.EXE E:\openhoi\.orchestrator\wt\WP-08-verify5\tools\check_assets.py --root C:\Users\user\AppData\Local\Temp\tmpox4lfu5f --release
exit=1
assets: 3 error(s)
[ASSET] data/packs/demo/defines.toml: AI-generated asset: path must refer to an image for release (OPEN-09)
[ASSET] data/packs/demo/defines.toml: AI-generated asset: asset_sha256 does not match the referenced file
[ASSET] assets/fixture.png: unregistered asset/data file

$ C:\Users\user\AppData\Local\Programs\Python\Python311\python.EXE E:\openhoi\.orchestrator\wt\WP-08-verify5\tools\check_assets.py --root C:\Users\user\AppData\Local\Temp\tmpw57bgf8i --release
exit=1
assets: 1 error(s)
[ASSET] assets/fixture.png: AI-generated asset: usage_terms_path must reference an existing nonempty file

$ C:\Users\user\AppData\Local\Programs\Python\Python311\python.EXE E:\openhoi\.orchestrator\wt\WP-08-verify5\tools\check_assets.py --root C:\Users\user\AppData\Local\Temp\tmpw57bgf8i --release
exit=1
assets: 1 error(s)
[ASSET] assets/fixture.png: AI-generated asset: usage_terms_path must reference an existing nonempty file

$ C:\Users\user\AppData\Local\Programs\Python\Python311\python.EXE E:\openhoi\.orchestrator\wt\WP-08-verify5\tools\check_assets.py --root C:\Users\user\AppData\Local\Temp\tmpw57bgf8i --release
exit=1
assets: 1 error(s)
[ASSET] assets/fixture.png: AI-generated asset: usage_terms_path must be a normalized relative POSIX path

$ C:\Users\user\AppData\Local\Programs\Python\Python311\python.EXE E:\openhoi\.orchestrator\wt\WP-08-verify5\tools\check_assets.py --root C:\Users\user\AppData\Local\Temp\tmpw57bgf8i --release
exit=1
assets: 1 error(s)
[ASSET] assets/fixture.png: AI-generated asset: usage_terms_path must be a normalized relative POSIX path

$ C:\Users\user\AppData\Local\Programs\Python\Python311\python.EXE E:\openhoi\.orchestrator\wt\WP-08-verify5\tools\check_assets.py --root C:\Users\user\AppData\Local\Temp\tmpw57bgf8i --release
exit=1
assets: 1 error(s)
[ASSET] assets/fixture.png: AI-generated asset: usage_terms_path must be a normalized relative POSIX path

$ C:\Users\user\AppData\Local\Programs\Python\Python311\python.EXE E:\openhoi\.orchestrator\wt\WP-08-verify5\tools\check_assets.py --root C:\Users\user\AppData\Local\Temp\tmpw57bgf8i --release
exit=1
assets: 1 error(s)
[ASSET] assets/fixture.png: AI-generated asset: usage_terms_path must be a normalized relative POSIX path

$ C:\Users\user\AppData\Local\Programs\Python\Python311\python.EXE E:\openhoi\.orchestrator\wt\WP-08-verify5\tools\check_assets.py --root C:\Users\user\AppData\Local\Temp\tmpw57bgf8i --release
exit=1
assets: 1 error(s)
[ASSET] assets/fixture.png: AI-generated asset: usage_terms_path must reference an existing nonempty file

$ C:\Users\user\AppData\Local\Programs\Python\Python311\python.EXE E:\openhoi\.orchestrator\wt\WP-08-verify5\tools\check_assets.py --root C:\Users\user\AppData\Local\Temp\tmpw57bgf8i --release
exit=1
assets: 1 error(s)
[ASSET] assets/fixture.png: AI-generated asset: evidence_path must reference an existing nonempty file

$ C:\Users\user\AppData\Local\Programs\Python\Python311\python.EXE E:\openhoi\.orchestrator\wt\WP-08-verify5\tools\check_assets.py --root C:\Users\user\AppData\Local\Temp\tmpw57bgf8i --release
exit=1
assets: 1 error(s)
[ASSET] assets/fixture.png: AI-generated asset: evidence_path must reference an existing nonempty file

$ C:\Users\user\AppData\Local\Programs\Python\Python311\python.EXE E:\openhoi\.orchestrator\wt\WP-08-verify5\tools\check_assets.py --root C:\Users\user\AppData\Local\Temp\tmpw57bgf8i --release
exit=1
assets: 1 error(s)
[ASSET] assets/fixture.png: AI-generated asset: evidence_path must be a normalized relative POSIX path

$ C:\Users\user\AppData\Local\Programs\Python\Python311\python.EXE E:\openhoi\.orchestrator\wt\WP-08-verify5\tools\check_assets.py --root C:\Users\user\AppData\Local\Temp\tmpw57bgf8i --release
exit=1
assets: 1 error(s)
[ASSET] assets/fixture.png: AI-generated asset: evidence_path must be a normalized relative POSIX path

$ C:\Users\user\AppData\Local\Programs\Python\Python311\python.EXE E:\openhoi\.orchestrator\wt\WP-08-verify5\tools\check_assets.py --root C:\Users\user\AppData\Local\Temp\tmpw57bgf8i --release
exit=1
assets: 1 error(s)
[ASSET] assets/fixture.png: AI-generated asset: evidence_path must be a normalized relative POSIX path

$ C:\Users\user\AppData\Local\Programs\Python\Python311\python.EXE E:\openhoi\.orchestrator\wt\WP-08-verify5\tools\check_assets.py --root C:\Users\user\AppData\Local\Temp\tmpw57bgf8i --release
exit=1
assets: 1 error(s)
[ASSET] assets/fixture.png: AI-generated asset: evidence_path must be a normalized relative POSIX path

$ C:\Users\user\AppData\Local\Programs\Python\Python311\python.EXE E:\openhoi\.orchestrator\wt\WP-08-verify5\tools\check_assets.py --root C:\Users\user\AppData\Local\Temp\tmpw57bgf8i --release
exit=1
assets: 1 error(s)
[ASSET] assets/fixture.png: AI-generated asset: evidence_path must reference an existing nonempty file

$ C:\Users\user\AppData\Local\Programs\Python\Python311\python.EXE E:\openhoi\.orchestrator\wt\WP-08-verify5\tools\check_assets.py --root C:\Users\user\AppData\Local\Temp\tmp0veggg0x --release
exit=1
assets: 1 error(s)
[ASSET] assets/fixture.png: AI-generated asset: status must be 'approved' for release (OPEN-09)

$ C:\Users\user\AppData\Local\Programs\Python\Python311\python.EXE E:\openhoi\.orchestrator\wt\WP-08-verify5\tools\check_assets.py --root C:\Users\user\AppData\Local\Temp\tmp0veggg0x --release
exit=1
assets: 1 error(s)
[ASSET] assets/fixture.png: AI-generated asset: status must be 'approved' for release (OPEN-09)

$ C:\Users\user\AppData\Local\Programs\Python\Python311\python.EXE E:\openhoi\.orchestrator\wt\WP-08-verify5\tools\check_assets.py --root C:\Users\user\AppData\Local\Temp\tmp0veggg0x --release
exit=1
assets: 1 error(s)
[ASSET] assets/fixture.png: AI-generated asset: status must be 'approved' for release (OPEN-09)

$ C:\Users\user\AppData\Local\Programs\Python\Python311\python.EXE E:\openhoi\.orchestrator\wt\WP-08-verify5\tools\check_assets.py --root C:\Users\user\AppData\Local\Temp\tmp0veggg0x --release
exit=1
assets: 1 error(s)
[ASSET] assets/fixture.png: AI-generated asset: status must be 'approved' for release (OPEN-09)

$ C:\Users\user\AppData\Local\Programs\Python\Python311\python.EXE E:\openhoi\.orchestrator\wt\WP-08-verify5\tools\check_assets.py --root C:\Users\user\AppData\Local\Temp\tmpyws2pqv8 --release
exit=1
assets: 1 error(s)
[ASSET] assets/fixture.png: AI-generated asset: tool must be a nonempty string

$ C:\Users\user\AppData\Local\Programs\Python\Python311\python.EXE E:\openhoi\.orchestrator\wt\WP-08-verify5\tools\check_assets.py --root C:\Users\user\AppData\Local\Temp\tmpyws2pqv8 --release
exit=1
assets: 1 error(s)
[ASSET] assets/fixture.png: AI-generated asset: tool must be a nonempty string

$ C:\Users\user\AppData\Local\Programs\Python\Python311\python.EXE E:\openhoi\.orchestrator\wt\WP-08-verify5\tools\check_assets.py --root C:\Users\user\AppData\Local\Temp\tmpyws2pqv8 --release
exit=1
assets: 1 error(s)
[ASSET] assets/fixture.png: AI-generated asset: tool must be a nonempty string

$ C:\Users\user\AppData\Local\Programs\Python\Python311\python.EXE E:\openhoi\.orchestrator\wt\WP-08-verify5\tools\check_assets.py --root C:\Users\user\AppData\Local\Temp\tmpyws2pqv8 --release
exit=1
assets: 1 error(s)
[ASSET] assets/fixture.png: AI-generated asset: tool must be a nonempty string

$ C:\Users\user\AppData\Local\Programs\Python\Python311\python.EXE E:\openhoi\.orchestrator\wt\WP-08-verify5\tools\check_assets.py --root C:\Users\user\AppData\Local\Temp\tmpyws2pqv8 --release
exit=1
assets: 1 error(s)
[ASSET] assets/fixture.png: AI-generated asset: tool must be a nonempty string

$ C:\Users\user\AppData\Local\Programs\Python\Python311\python.EXE E:\openhoi\.orchestrator\wt\WP-08-verify5\tools\check_assets.py --root C:\Users\user\AppData\Local\Temp\tmpyws2pqv8 --release
exit=1
assets: 1 error(s)
[ASSET] assets/fixture.png: AI-generated asset: usage_terms_path must be a nonempty string

$ C:\Users\user\AppData\Local\Programs\Python\Python311\python.EXE E:\openhoi\.orchestrator\wt\WP-08-verify5\tools\check_assets.py --root C:\Users\user\AppData\Local\Temp\tmpyws2pqv8 --release
exit=1
assets: 1 error(s)
[ASSET] assets/fixture.png: AI-generated asset: usage_terms_path must be a nonempty string

$ C:\Users\user\AppData\Local\Programs\Python\Python311\python.EXE E:\openhoi\.orchestrator\wt\WP-08-verify5\tools\check_assets.py --root C:\Users\user\AppData\Local\Temp\tmpyws2pqv8 --release
exit=1
assets: 1 error(s)
[ASSET] assets/fixture.png: AI-generated asset: usage_terms_path must be a nonempty string

$ C:\Users\user\AppData\Local\Programs\Python\Python311\python.EXE E:\openhoi\.orchestrator\wt\WP-08-verify5\tools\check_assets.py --root C:\Users\user\AppData\Local\Temp\tmpyws2pqv8 --release
exit=1
assets: 1 error(s)
[ASSET] assets/fixture.png: AI-generated asset: usage_terms_path must be a nonempty string

$ C:\Users\user\AppData\Local\Programs\Python\Python311\python.EXE E:\openhoi\.orchestrator\wt\WP-08-verify5\tools\check_assets.py --root C:\Users\user\AppData\Local\Temp\tmpyws2pqv8 --release
exit=1
assets: 1 error(s)
[ASSET] assets/fixture.png: AI-generated asset: usage_terms_path must be a nonempty string

$ C:\Users\user\AppData\Local\Programs\Python\Python311\python.EXE E:\openhoi\.orchestrator\wt\WP-08-verify5\tools\check_assets.py --root C:\Users\user\AppData\Local\Temp\tmpyws2pqv8 --release
exit=1
assets: 1 error(s)
[ASSET] assets/fixture.png: AI-generated asset: usage_terms_sha256 must be a nonempty string

$ C:\Users\user\AppData\Local\Programs\Python\Python311\python.EXE E:\openhoi\.orchestrator\wt\WP-08-verify5\tools\check_assets.py --root C:\Users\user\AppData\Local\Temp\tmpyws2pqv8 --release
exit=1
assets: 1 error(s)
[ASSET] assets/fixture.png: AI-generated asset: usage_terms_sha256 must be a nonempty string

$ C:\Users\user\AppData\Local\Programs\Python\Python311\python.EXE E:\openhoi\.orchestrator\wt\WP-08-verify5\tools\check_assets.py --root C:\Users\user\AppData\Local\Temp\tmpyws2pqv8 --release
exit=1
assets: 1 error(s)
[ASSET] assets/fixture.png: AI-generated asset: usage_terms_sha256 must be a nonempty string

$ C:\Users\user\AppData\Local\Programs\Python\Python311\python.EXE E:\openhoi\.orchestrator\wt\WP-08-verify5\tools\check_assets.py --root C:\Users\user\AppData\Local\Temp\tmpyws2pqv8 --release
exit=1
assets: 1 error(s)
[ASSET] assets/fixture.png: AI-generated asset: usage_terms_sha256 must be a nonempty string

$ C:\Users\user\AppData\Local\Programs\Python\Python311\python.EXE E:\openhoi\.orchestrator\wt\WP-08-verify5\tools\check_assets.py --root C:\Users\user\AppData\Local\Temp\tmpyws2pqv8 --release
exit=1
assets: 1 error(s)
[ASSET] assets/fixture.png: AI-generated asset: usage_terms_sha256 must be a nonempty string

$ C:\Users\user\AppData\Local\Programs\Python\Python311\python.EXE E:\openhoi\.orchestrator\wt\WP-08-verify5\tools\check_assets.py --root C:\Users\user\AppData\Local\Temp\tmpyws2pqv8 --release
exit=1
assets: 1 error(s)
[ASSET] assets/fixture.png: AI-generated asset: ai_provenance must be a table

$ C:\Users\user\AppData\Local\Programs\Python\Python311\python.EXE E:\openhoi\.orchestrator\wt\WP-08-verify5\tools\check_assets.py --root C:\Users\user\AppData\Local\Temp\tmpyws2pqv8 --release
exit=1
assets: 1 error(s)
[ASSET] assets/fixture.png: AI-generated asset: ai_provenance must be a table

ok
test_req_leg_02_traversal_fails (test_wp01.AssetTests.test_req_leg_02_traversal_fails) ... ok
test_req_leg_02_unapproved_asset_license_fails (test_wp01.AssetTests.test_req_leg_02_unapproved_asset_license_fails) ... ok
test_req_leg_02_unregistered_data_fails (test_wp01.AssetTests.test_req_leg_02_unregistered_data_fails) ... ok
test_req_leg_02_unregistered_imported_asset_fails (test_wp01.AssetTests.test_req_leg_02_unregistered_imported_asset_fails) ... ok
test_req_leg_02_unregistered_localization_fails (test_wp01.AssetTests.test_req_leg_02_unregistered_localization_fails) ... ok
test_req_leg_02_unregistered_public_file_fails (test_wp01.AssetTests.test_req_leg_02_unregistered_public_file_fails) ... ok
test_req_leg_03_cargo_gpl_and_bincode_fail (test_wp01.CargoLicenseTests.test_req_leg_03_cargo_gpl_and_bincode_fail) ... $ C:\Users\user\AppData\Local\Programs\Python\Python311\python.EXE E:\openhoi\.orchestrator\wt\WP-08-verify5\tools\check_assets.py --root C:\Users\user\AppData\Local\Temp\tmpyws2pqv8 --release
exit=1
assets: 1 error(s)
[ASSET] assets/fixture.png: AI-generated asset: ai_provenance must be a table

$ C:\Users\user\AppData\Local\Programs\Python\Python311\python.EXE E:\openhoi\.orchestrator\wt\WP-08-verify5\tools\check_assets.py --root C:\Users\user\AppData\Local\Temp\tmpyws2pqv8 --release
exit=1
assets: 1 error(s)
[ASSET] assets/fixture.png: AI-generated asset: status must be 'approved' for release (OPEN-09)

$ C:\Users\user\AppData\Local\Programs\Python\Python311\python.EXE E:\openhoi\.orchestrator\wt\WP-08-verify5\tools\check_assets.py --root C:\Users\user\AppData\Local\Temp\tmpyws2pqv8 --release
exit=1
assets: 1 error(s)
[ASSET] assets/fixture.png: AI-generated asset: status must be 'approved' for release (OPEN-09)

$ C:\Users\user\AppData\Local\Programs\Python\Python311\python.EXE E:\openhoi\.orchestrator\wt\WP-08-verify5\tools\check_assets.py --root C:\Users\user\AppData\Local\Temp\tmpyws2pqv8 --release
exit=1
assets: 1 error(s)
[ASSET] assets/fixture.png: AI-generated asset: status must be 'approved' for release (OPEN-09)

$ C:\Users\user\AppData\Local\Programs\Python\Python311\python.EXE E:\openhoi\.orchestrator\wt\WP-08-verify5\tools\check_assets.py --root C:\Users\user\AppData\Local\Temp\tmpyws2pqv8 --release
exit=1
assets: 1 error(s)
[ASSET] assets/fixture.png: AI-generated asset: status must be 'approved' for release (OPEN-09)

$ C:\Users\user\AppData\Local\Programs\Python\Python311\python.EXE E:\openhoi\.orchestrator\wt\WP-08-verify5\tools\check_assets.py --root C:\Users\user\AppData\Local\Temp\tmpyws2pqv8 --release
exit=1
assets: 1 error(s)
[ASSET] assets/fixture.png: AI-generated asset: status must be 'approved' for release (OPEN-09)

$ C:\Users\user\AppData\Local\Programs\Python\Python311\python.EXE E:\openhoi\.orchestrator\wt\WP-08-verify5\tools\check_assets.py --root C:\Users\user\AppData\Local\Temp\tmpyws2pqv8 --release
exit=1
assets: 1 error(s)
[ASSET] assets/fixture.png: AI-generated asset: reviewer must be a nonempty string

$ C:\Users\user\AppData\Local\Programs\Python\Python311\python.EXE E:\openhoi\.orchestrator\wt\WP-08-verify5\tools\check_assets.py --root C:\Users\user\AppData\Local\Temp\tmpyws2pqv8 --release
exit=1
assets: 1 error(s)
[ASSET] assets/fixture.png: AI-generated asset: reviewer must be a nonempty string

$ C:\Users\user\AppData\Local\Programs\Python\Python311\python.EXE E:\openhoi\.orchestrator\wt\WP-08-verify5\tools\check_assets.py --root C:\Users\user\AppData\Local\Temp\tmpyws2pqv8 --release
exit=1
assets: 1 error(s)
[ASSET] assets/fixture.png: AI-generated asset: reviewer must be a nonempty string

$ C:\Users\user\AppData\Local\Programs\Python\Python311\python.EXE E:\openhoi\.orchestrator\wt\WP-08-verify5\tools\check_assets.py --root C:\Users\user\AppData\Local\Temp\tmpyws2pqv8 --release
exit=1
assets: 1 error(s)
[ASSET] assets/fixture.png: AI-generated asset: reviewer must be a nonempty string

$ C:\Users\user\AppData\Local\Programs\Python\Python311\python.EXE E:\openhoi\.orchestrator\wt\WP-08-verify5\tools\check_assets.py --root C:\Users\user\AppData\Local\Temp\tmpyws2pqv8 --release
exit=1
assets: 1 error(s)
[ASSET] assets/fixture.png: AI-generated asset: reviewer must be a nonempty string

$ C:\Users\user\AppData\Local\Programs\Python\Python311\python.EXE E:\openhoi\.orchestrator\wt\WP-08-verify5\tools\check_assets.py --root C:\Users\user\AppData\Local\Temp\tmpyws2pqv8 --release
exit=1
assets: 1 error(s)
[ASSET] assets/fixture.png: AI-generated asset: reviewed_at must be a nonempty string

$ C:\Users\user\AppData\Local\Programs\Python\Python311\python.EXE E:\openhoi\.orchestrator\wt\WP-08-verify5\tools\check_assets.py --root C:\Users\user\AppData\Local\Temp\tmpyws2pqv8 --release
exit=1
assets: 1 error(s)
[ASSET] assets/fixture.png: AI-generated asset: reviewed_at must be a nonempty string

$ C:\Users\user\AppData\Local\Programs\Python\Python311\python.EXE E:\openhoi\.orchestrator\wt\WP-08-verify5\tools\check_assets.py --root C:\Users\user\AppData\Local\Temp\tmpyws2pqv8 --release
exit=1
assets: 1 error(s)
[ASSET] assets/fixture.png: AI-generated asset: reviewed_at must be a nonempty string

$ C:\Users\user\AppData\Local\Programs\Python\Python311\python.EXE E:\openhoi\.orchestrator\wt\WP-08-verify5\tools\check_assets.py --root C:\Users\user\AppData\Local\Temp\tmpyws2pqv8 --release
exit=1
assets: 1 error(s)
[ASSET] assets/fixture.png: AI-generated asset: reviewed_at must be a nonempty string

$ C:\Users\user\AppData\Local\Programs\Python\Python311\python.EXE E:\openhoi\.orchestrator\wt\WP-08-verify5\tools\check_assets.py --root C:\Users\user\AppData\Local\Temp\tmpyws2pqv8 --release
exit=1
assets: 1 error(s)
[ASSET] assets/fixture.png: AI-generated asset: reviewed_at must be a nonempty string

$ C:\Users\user\AppData\Local\Programs\Python\Python311\python.EXE E:\openhoi\.orchestrator\wt\WP-08-verify5\tools\check_assets.py --root C:\Users\user\AppData\Local\Temp\tmpyws2pqv8 --release
exit=1
assets: 1 error(s)
[ASSET] assets/fixture.png: AI-generated asset: evidence_path must be a nonempty string

$ C:\Users\user\AppData\Local\Programs\Python\Python311\python.EXE E:\openhoi\.orchestrator\wt\WP-08-verify5\tools\check_assets.py --root C:\Users\user\AppData\Local\Temp\tmpyws2pqv8 --release
exit=1
assets: 1 error(s)
[ASSET] assets/fixture.png: AI-generated asset: evidence_path must be a nonempty string

$ C:\Users\user\AppData\Local\Programs\Python\Python311\python.EXE E:\openhoi\.orchestrator\wt\WP-08-verify5\tools\check_assets.py --root C:\Users\user\AppData\Local\Temp\tmpyws2pqv8 --release
exit=1
assets: 1 error(s)
[ASSET] assets/fixture.png: AI-generated asset: evidence_path must be a nonempty string

$ C:\Users\user\AppData\Local\Programs\Python\Python311\python.EXE E:\openhoi\.orchestrator\wt\WP-08-verify5\tools\check_assets.py --root C:\Users\user\AppData\Local\Temp\tmpyws2pqv8 --release
exit=1
assets: 1 error(s)
[ASSET] assets/fixture.png: AI-generated asset: evidence_path must be a nonempty string

$ C:\Users\user\AppData\Local\Programs\Python\Python311\python.EXE E:\openhoi\.orchestrator\wt\WP-08-verify5\tools\check_assets.py --root C:\Users\user\AppData\Local\Temp\tmpyws2pqv8 --release
exit=1
assets: 1 error(s)
[ASSET] assets/fixture.png: AI-generated asset: evidence_path must be a nonempty string

$ C:\Users\user\AppData\Local\Programs\Python\Python311\python.EXE E:\openhoi\.orchestrator\wt\WP-08-verify5\tools\check_assets.py --root C:\Users\user\AppData\Local\Temp\tmpyws2pqv8 --release
exit=1
assets: 1 error(s)
[ASSET] assets/fixture.png: AI-generated asset: evidence_sha256 must be a nonempty string

$ C:\Users\user\AppData\Local\Programs\Python\Python311\python.EXE E:\openhoi\.orchestrator\wt\WP-08-verify5\tools\check_assets.py --root C:\Users\user\AppData\Local\Temp\tmpyws2pqv8 --release
exit=1
assets: 1 error(s)
[ASSET] assets/fixture.png: AI-generated asset: evidence_sha256 must be a nonempty string

$ C:\Users\user\AppData\Local\Programs\Python\Python311\python.EXE E:\openhoi\.orchestrator\wt\WP-08-verify5\tools\check_assets.py --root C:\Users\user\AppData\Local\Temp\tmpyws2pqv8 --release
exit=1
assets: 1 error(s)
[ASSET] assets/fixture.png: AI-generated asset: evidence_sha256 must be a nonempty string

$ C:\Users\user\AppData\Local\Programs\Python\Python311\python.EXE E:\openhoi\.orchestrator\wt\WP-08-verify5\tools\check_assets.py --root C:\Users\user\AppData\Local\Temp\tmpyws2pqv8 --release
exit=1
assets: 1 error(s)
[ASSET] assets/fixture.png: AI-generated asset: evidence_sha256 must be a nonempty string

$ C:\Users\user\AppData\Local\Programs\Python\Python311\python.EXE E:\openhoi\.orchestrator\wt\WP-08-verify5\tools\check_assets.py --root C:\Users\user\AppData\Local\Temp\tmpyws2pqv8 --release
exit=1
assets: 1 error(s)
[ASSET] assets/fixture.png: AI-generated asset: evidence_sha256 must be a nonempty string

ok
test_req_leg_03_and_requires_both_licenses (test_wp01.NpmLicenseTests.test_req_leg_03_and_requires_both_licenses) ... ok
test_req_leg_03_exception_not_silently_ignored (test_wp01.NpmLicenseTests.test_req_leg_03_exception_not_silently_ignored) ... ok
test_req_leg_03_gpl_dependency_fails (test_wp01.NpmLicenseTests.test_req_leg_03_gpl_dependency_fails) ... ok
test_req_leg_03_or_accepts_permitted_choice (test_wp01.NpmLicenseTests.test_req_leg_03_or_accepts_permitted_choice) ... ok
test_req_leg_03_permitted_license_passes (test_wp01.NpmLicenseTests.test_req_leg_03_permitted_license_passes) ... ok
test_req_leg_03_unknown_license_fails (test_wp01.NpmLicenseTests.test_req_leg_03_unknown_license_fails) ... ok
test_req_plat_01_buildable_workspace_and_ci (test_wp01.PlatformTests.test_req_plat_01_buildable_workspace_and_ci) ... ok

----------------------------------------------------------------------
Ran 32 tests in 9.004s

OK
$ C:\Users\user\AppData\Local\Programs\Python\Python311\python.EXE E:\openhoi\.orchestrator\wt\WP-08-verify5\tools\check_assets.py --root C:\Users\user\AppData\Local\Temp\tmpyws2pqv8 --release
exit=1
assets: 1 error(s)
[ASSET] assets/fixture.png: AI-generated asset: asset_sha256 must be a nonempty string

$ C:\Users\user\AppData\Local\Programs\Python\Python311\python.EXE E:\openhoi\.orchestrator\wt\WP-08-verify5\tools\check_assets.py --root C:\Users\user\AppData\Local\Temp\tmpyws2pqv8 --release
exit=1
assets: 1 error(s)
[ASSET] assets/fixture.png: AI-generated asset: asset_sha256 must be a nonempty string

$ C:\Users\user\AppData\Local\Programs\Python\Python311\python.EXE E:\openhoi\.orchestrator\wt\WP-08-verify5\tools\check_assets.py --root C:\Users\user\AppData\Local\Temp\tmpyws2pqv8 --release
exit=1
assets: 1 error(s)
[ASSET] assets/fixture.png: AI-generated asset: asset_sha256 must be a nonempty string

$ C:\Users\user\AppData\Local\Programs\Python\Python311\python.EXE E:\openhoi\.orchestrator\wt\WP-08-verify5\tools\check_assets.py --root C:\Users\user\AppData\Local\Temp\tmpyws2pqv8 --release
exit=1
assets: 1 error(s)
[ASSET] assets/fixture.png: AI-generated asset: asset_sha256 must be a nonempty string

$ C:\Users\user\AppData\Local\Programs\Python\Python311\python.EXE E:\openhoi\.orchestrator\wt\WP-08-verify5\tools\check_assets.py --root C:\Users\user\AppData\Local\Temp\tmpyws2pqv8 --release
exit=1
assets: 1 error(s)
[ASSET] assets/fixture.png: AI-generated asset: asset_sha256 must be a nonempty string

$ C:\Users\user\AppData\Local\Programs\Python\Python311\python.EXE E:\openhoi\.orchestrator\wt\WP-08-verify5\tools\check_assets.py --root C:\Users\user\AppData\Local\Temp\tmpyws2pqv8 --release
exit=1
assets: 1 error(s)
[ASSET] assets/fixture.png: AI-generated asset: distribution_review must be a table

$ C:\Users\user\AppData\Local\Programs\Python\Python311\python.EXE E:\openhoi\.orchestrator\wt\WP-08-verify5\tools\check_assets.py --root C:\Users\user\AppData\Local\Temp\tmpyws2pqv8 --release
exit=1
assets: 1 error(s)
[ASSET] assets/fixture.png: AI-generated asset: distribution_review must be a table

$ C:\Users\user\AppData\Local\Programs\Python\Python311\python.EXE E:\openhoi\.orchestrator\wt\WP-08-verify5\tools\check_assets.py --root C:\Users\user\AppData\Local\Temp\tmpyws2pqv8 --release
exit=1
assets: 1 error(s)
[ASSET] assets/fixture.png: AI-generated asset: distribution_review must be a table

$ C:\Users\user\AppData\Local\Programs\Python\Python311\python.EXE E:\openhoi\.orchestrator\wt\WP-08-verify5\tools\check_assets.py --root C:\Users\user\AppData\Local\Temp\tmp044fw0ao
exit=1
assets: 2 error(s)
[ASSET] ../outside.png: path must be a normalized relative POSIX path
[ASSET] data/packs/demo/defines.toml: unregistered asset/data file

$ C:\Users\user\AppData\Local\Programs\Python\Python311\python.EXE E:\openhoi\.orchestrator\wt\WP-08-verify5\tools\check_assets.py --root C:\Users\user\AppData\Local\Temp\tmpsp_7mh37
exit=1
assets: 1 error(s)
[ASSET] data/packs/demo/defines.toml: unapproved license 'CC-BY-NC-4.0'

$ C:\Users\user\AppData\Local\Programs\Python\Python311\python.EXE E:\openhoi\.orchestrator\wt\WP-08-verify5\tools\check_assets.py --root C:\Users\user\AppData\Local\Temp\tmpls5alv1l
exit=1
assets: 1 error(s)
[ASSET] data/packs/demo/defines.toml: unregistered asset/data file

$ C:\Users\user\AppData\Local\Programs\Python\Python311\python.EXE E:\openhoi\.orchestrator\wt\WP-08-verify5\tools\check_assets.py --root C:\Users\user\AppData\Local\Temp\tmpy8zu81kk
exit=1
assets: 1 error(s)
[ASSET] client/src/assets/logo.svg: unregistered asset/data file

$ C:\Users\user\AppData\Local\Programs\Python\Python311\python.EXE E:\openhoi\.orchestrator\wt\WP-08-verify5\tools\check_assets.py --root C:\Users\user\AppData\Local\Temp\tmp4q9qvs1b
exit=1
assets: 1 error(s)
[ASSET] client/src/locales/ko.ftl: unregistered asset/data file

$ C:\Users\user\AppData\Local\Programs\Python\Python311\python.EXE E:\openhoi\.orchestrator\wt\WP-08-verify5\tools\check_assets.py --root C:\Users\user\AppData\Local\Temp\tmplmm40qyk
exit=1
assets: 1 error(s)
[ASSET] client/public/unlisted.svg: unregistered asset/data file

$ C:\Users\user\.cargo\bin\cargo.EXE deny --manifest-path C:\Users\user\AppData\Local\Temp\tmpaynz6cq7\Cargo.toml --config E:\openhoi\.orchestrator\wt\WP-08-verify5\deny.toml check licenses bans
exit=6
bans FAILED, licenses FAILED
error[banned]: crate 'bincode = 0.1.0' is explicitly banned
   ┌─ E:\openhoi\.orchestrator\wt\WP-08-verify5\deny.toml:14:19
   │
14 │ deny = [{ name = "bincode" }]
   │                   ━━━━━━━ banned here
   │
   ├ bincode v0.1.0
     └── fixture-root v0.1.0

error[rejected]: failed to satisfy license requirements
  ┌─ C:\Users\user\AppData\Local\Temp\tmpaynz6cq7\gpl-dep\Cargo.toml:5:10
  │
5 │ license="GPL-3.0-only"
  │          ━━━━━━━━━━━━
  │          │
  │          rejected: license is not explicitly allowed
  │
  ├ GPL-3.0-only - GNU General Public License v3.0 only:
  ├   - OSI approved
  ├   - FSF Free/Libre
  ├   - Copyleft
  ├ gpl-dep v0.1.0
    └── fixture-root v0.1.0

warning[license-not-encountered]: license was not encountered
  ┌─ E:\openhoi\.orchestrator\wt\WP-08-verify5\deny.toml:3:18
  │
3 │ allow = ["MIT", "Apache-2.0", "BSD-2-Clause", "BSD-3-Clause", "ISC", "Zlib", "MPL-2.0", "Unicode-3.0", "BSL-1.0", "CC0-1.0"]
  │                  ━━━━━━━━━━ unmatched license allowance

warning[license-not-encountered]: license was not encountered
  ┌─ E:\openhoi\.orchestrator\wt\WP-08-verify5\deny.toml:3:32
  │
3 │ allow = ["MIT", "Apache-2.0", "BSD-2-Clause", "BSD-3-Clause", "ISC", "Zlib", "MPL-2.0", "Unicode-3.0", "BSL-1.0", "CC0-1.0"]
  │                                ━━━━━━━━━━━━ unmatched license allowance

warning[license-not-encountered]: license was not encountered
  ┌─ E:\openhoi\.orchestrator\wt\WP-08-verify5\deny.toml:3:48
  │
3 │ allow = ["MIT", "Apache-2.0", "BSD-2-Clause", "BSD-3-Clause", "ISC", "Zlib", "MPL-2.0", "Unicode-3.0", "BSL-1.0", "CC0-1.0"]
  │                                                ━━━━━━━━━━━━ unmatched license allowance

warning[license-not-encountered]: license was not encountered
  ┌─ E:\openhoi\.orchestrator\wt\WP-08-verify5\deny.toml:3:105
  │
3 │ allow = ["MIT", "Apache-2.0", "BSD-2-Clause", "BSD-3-Clause", "ISC", "Zlib", "MPL-2.0", "Unicode-3.0", "BSL-1.0", "CC0-1.0"]
  │                                                                                                         ━━━━━━━ unmatched license allowance

warning[license-not-encountered]: license was not encountered
  ┌─ E:\openhoi\.orchestrator\wt\WP-08-verify5\deny.toml:3:116
  │
3 │ allow = ["MIT", "Apache-2.0", "BSD-2-Clause", "BSD-3-Clause", "ISC", "Zlib", "MPL-2.0", "Unicode-3.0", "BSL-1.0", "CC0-1.0"]
  │                                                                                                                    ━━━━━━━ unmatched license allowance

warning[license-not-encountered]: license was not encountered
  ┌─ E:\openhoi\.orchestrator\wt\WP-08-verify5\deny.toml:3:64
  │
3 │ allow = ["MIT", "Apache-2.0", "BSD-2-Clause", "BSD-3-Clause", "ISC", "Zlib", "MPL-2.0", "Unicode-3.0", "BSL-1.0", "CC0-1.0"]
  │                                                                ━━━ unmatched license allowance

warning[license-not-encountered]: license was not encountered
  ┌─ E:\openhoi\.orchestrator\wt\WP-08-verify5\deny.toml:3:79
  │
3 │ allow = ["MIT", "Apache-2.0", "BSD-2-Clause", "BSD-3-Clause", "ISC", "Zlib", "MPL-2.0", "Unicode-3.0", "BSL-1.0", "CC0-1.0"]
  │                                                                               ━━━━━━━ unmatched license allowance

warning[license-not-encountered]: license was not encountered
  ┌─ E:\openhoi\.orchestrator\wt\WP-08-verify5\deny.toml:3:90
  │
3 │ allow = ["MIT", "Apache-2.0", "BSD-2-Clause", "BSD-3-Clause", "ISC", "Zlib", "MPL-2.0", "Unicode-3.0", "BSL-1.0", "CC0-1.0"]
  │                                                                                          ━━━━━━━━━━━ unmatched license allowance

warning[license-not-encountered]: license was not encountered
  ┌─ E:\openhoi\.orchestrator\wt\WP-08-verify5\deny.toml:3:71
  │
3 │ allow = ["MIT", "Apache-2.0", "BSD-2-Clause", "BSD-3-Clause", "ISC", "Zlib", "MPL-2.0", "Unicode-3.0", "BSL-1.0", "CC0-1.0"]
  │                                                                       ━━━━ unmatched license allowance


$ node E:\openhoi\.orchestrator\wt\WP-08-verify5\tools\check_npm_licenses.cjs --root C:\Users\user\AppData\Local\Temp\tmpligcdphq
exit=1
npm licenses: 1 dependencies; 1 error(s)
[LICENSE] node_modules/fixture-dep@1.0.0: unapproved license "MIT AND GPL-3.0-only"

$ node E:\openhoi\.orchestrator\wt\WP-08-verify5\tools\check_npm_licenses.cjs --root C:\Users\user\AppData\Local\Temp\tmpg__y3038
exit=1
npm licenses: 1 dependencies; 1 error(s)
[LICENSE] node_modules/fixture-dep@1.0.0: unapproved license "Apache-2.0 WITH LLVM-exception"

$ node E:\openhoi\.orchestrator\wt\WP-08-verify5\tools\check_npm_licenses.cjs --root C:\Users\user\AppData\Local\Temp\tmpnht3zwzu
exit=1
npm licenses: 1 dependencies; 1 error(s)
[LICENSE] node_modules/fixture-dep@1.0.0: unapproved license "GPL-3.0-only"

$ node E:\openhoi\.orchestrator\wt\WP-08-verify5\tools\check_npm_licenses.cjs --root C:\Users\user\AppData\Local\Temp\tmpn6yhb7ub
exit=0
npm licenses: 1 dependencies; 0 error(s)

$ node E:\openhoi\.orchestrator\wt\WP-08-verify5\tools\check_npm_licenses.cjs --root C:\Users\user\AppData\Local\Temp\tmpf36y_wqa
exit=0
npm licenses: 1 dependencies; 0 error(s)

$ node E:\openhoi\.orchestrator\wt\WP-08-verify5\tools\check_npm_licenses.cjs --root C:\Users\user\AppData\Local\Temp\tmpg4l0rb8k
exit=1
npm licenses: 1 dependencies; 1 error(s)
[LICENSE] node_modules/fixture-dep@1.0.0: unapproved license undefined
