{"args": ["node", "E:\\openhoi\\.orchestrator\\wt\\WP-08-verify5\\target\\wp08-verify5\\red62-original-probes\\gpu-compile-failure.cjs"], "cwd": "E:\\openhoi\\.orchestrator\\wt\\WP-08-verify5", "start": "2026-10-06T17:42:41.425577+00:00"}
ExpectError: expect(locator).toHaveAttribute(expected) failed

Locator:  getByTestId('province-map')
Expected: "webgl2"
Received: "webgpu"
Timeout:  5000ms

Call log:
  - Expect "toHaveAttribute" getByTestId('province-map') with timeout 5000ms
  - waiting for getByTestId('province-map')
    2 × locator resolved to <div class="province-map" aria-label="Province map" data-testid="province-map"></div>
      - unexpected value "null"
    - locator resolved to <div class="province-map" data-backend="webgpu" aria-label="Province map" data-texture-limit="8192" data-testid="province-map" data-device="WebGPU device" data-adapter="{"vendor":"nvidia","architecture":"turing","device":"","description":""}" data-camera="{"width":16.877470355731223,"height":6.521739130434782,"x":4,"y":3,"zoom":1}">…</div>
    - unexpected value "webgpu"
    - locator resolved to <div data-frames="5" data-selected="" data-update-ms="0" class="province-map" data-backend="webgpu" data-updated-bytes="0" aria-label="Province map" data-texture-limit="8192" data-testid="province-map" data-shader-length="10386" data-mode="map-mode-owner" data-device="WebGPU device" data-shader-language="wgsl" data-frame-ms="23.019999999552965" data-adapter="{"vendor":"nvidia","architecture":"turing","device":"","description":""}" data-camera="{"width":16.877470355731223,"height":6.521739130434782,…>…</div>
    - unexpected value "webgpu"
    - locator resolved to <div data-frames="36" data-selected="" class="province-map" data-backend="webgpu" data-updated-bytes="0" aria-label="Province map" data-texture-limit="8192" data-testid="province-map" data-shader-length="10386" data-mode="map-mode-owner" data-device="WebGPU device" data-shader-language="wgsl" data-frame-ms="17.541666666666668" data-update-ms="0.09999999776482582" data-adapter="{"vendor":"nvidia","architecture":"turing","device":"","description":""}" data-camera="{"width":16.877470355731223,"height"…>…</div>
    - unexpected value "webgpu"
    - locator resolved to <div data-frames="66" data-selected="" class="province-map" data-backend="webgpu" data-updated-bytes="0" aria-label="Province map" data-texture-limit="8192" data-testid="province-map" data-shader-length="10386" data-mode="map-mode-owner" data-device="WebGPU device" data-shader-language="wgsl" data-frame-ms="17.143939393939394" data-update-ms="0.10000000149011612" data-adapter="{"vendor":"nvidia","architecture":"turing","device":"","description":""}" data-camera="{"width":16.877470355731223,"height"…>…</div>
    - unexpected value "webgpu"
    - locator resolved to <div data-frames="97" data-selected="" class="province-map" data-backend="webgpu" data-updated-bytes="0" aria-label="Province map" data-texture-limit="8192" data-testid="province-map" data-shader-length="10386" data-mode="map-mode-owner" data-device="WebGPU device" data-shader-language="wgsl" data-frame-ms="16.996907216487163" data-update-ms="0.10000000149011612" data-adapter="{"vendor":"nvidia","architecture":"turing","device":"","description":""}" data-camera="{"width":16.877470355731223,"height"…>…</div>
    - unexpected value "webgpu"
    - locator resolved to <div data-selected="" data-frames="128" class="province-map" data-backend="webgpu" data-updated-bytes="0" aria-label="Province map" data-texture-limit="8192" data-testid="province-map" data-shader-length="10386" data-mode="map-mode-owner" data-device="WebGPU device" data-shader-language="wgsl" data-frame-ms="16.91250000000582" data-update-ms="0.10000000149011612" data-adapter="{"vendor":"nvidia","architecture":"turing","device":"","description":""}" data-camera="{"width":16.877470355731223,"height"…>…</div>
    - unexpected value "webgpu"
    - locator resolved to <div data-selected="" data-frames="158" data-update-ms="0" class="province-map" data-backend="webgpu" data-updated-bytes="0" aria-label="Province map" data-texture-limit="8192" data-testid="province-map" data-shader-length="10386" data-mode="map-mode-owner" data-device="WebGPU device" data-shader-language="wgsl" data-frame-ms="16.867088607594937" data-adapter="{"vendor":"nvidia","architecture":"turing","device":"","description":""}" data-camera="{"width":16.877470355731223,"height":6.52173913043478…>…</div>
    - unexpected value "webgpu"
    - locator resolved to <div data-selected="" data-frames="189" class="province-map" data-backend="webgpu" data-updated-bytes="0" aria-label="Province map" data-texture-limit="8192" data-testid="province-map" data-shader-length="10386" data-mode="map-mode-owner" data-device="WebGPU device" data-shader-language="wgsl" data-frame-ms="16.83280423279635" data-update-ms="0.09999999776482582" data-adapter="{"vendor":"nvidia","architecture":"turing","device":"","description":""}" data-camera="{"width":16.877470355731223,"height"…>…</div>
    - unexpected value "webgpu"
    - locator resolved to <div data-selected="" data-frames="219" data-update-ms="0" class="province-map" data-backend="webgpu" data-updated-bytes="0" aria-label="Province map" data-texture-limit="8192" data-testid="province-map" data-shader-length="10386" data-mode="map-mode-owner" data-device="WebGPU device" data-shader-language="wgsl" data-frame-ms="16.810045662093653" data-adapter="{"vendor":"nvidia","architecture":"turing","device":"","description":""}" data-camera="{"width":16.877470355731223,"height":6.52173913043478…>…</div>
    - unexpected value "webgpu"
    - locator resolved to <div data-selected="" data-frames="250" data-update-ms="0" class="province-map" data-backend="webgpu" data-updated-bytes="0" data-frame-ms="16.792" aria-label="Province map" data-texture-limit="8192" data-testid="province-map" data-shader-length="10386" data-mode="map-mode-owner" data-device="WebGPU device" data-shader-language="wgsl" data-adapter="{"vendor":"nvidia","architecture":"turing","device":"","description":""}" data-camera="{"width":16.877470355731223,"height":6.521739130434782,"x":4,"y":…>…</div>
    - unexpected value "webgpu"
    - locator resolved to <div data-selected="" data-frames="280" class="province-map" data-backend="webgpu" data-updated-bytes="0" aria-label="Province map" data-texture-limit="8192" data-testid="province-map" data-shader-length="10386" data-mode="map-mode-owner" data-device="WebGPU device" data-shader-language="wgsl" data-frame-ms="16.77857142857143" data-update-ms="0.10000000149011612" data-adapter="{"vendor":"nvidia","architecture":"turing","device":"","description":""}" data-camera="{"width":16.877470355731223,"height"…>…</div>
    - unexpected value "webgpu"

    at captureRawStack (E:\openhoi\.orchestrator\wt\WP-08-verify5\target\wp08-verify5\red62-source\client\node_modules\playwright-core\lib\coreBundle.js:8588:17)
    at callMatcherAsStep (E:\openhoi\.orchestrator\wt\WP-08-verify5\target\wp08-verify5\red62-source\client\node_modules\playwright\lib\matchers\expect.js:13310:57)
    at Object.toHaveAttribute (E:\openhoi\.orchestrator\wt\WP-08-verify5\target\wp08-verify5\red62-source\client\node_modules\playwright\lib\matchers\expect.js:13302:23)
    at E:\openhoi\.orchestrator\wt\WP-08-verify5\target\wp08-verify5\red62-original-probes\gpu-compile-failure.cjs:11:106 {
  matcherResult: {
    name: 'toHaveAttribute',
    expected: 'webgl2',
    message: 'expect(locator).toHaveAttribute(expected) failed\n' +
      '\n' +
      "Locator:  getByTestId('province-map')\n" +
      'Expected: "webgl2"\n' +
      'Received: "webgpu"\n' +
      'Timeout:  5000ms\n' +
      '\n' +
      'Call log:\n' +
      `  - Expect "toHaveAttribute" getByTestId('province-map') with timeout 5000ms\n` +
      "  - waiting for getByTestId('province-map')\n" +
      '    2 × locator resolved to <div class="province-map" aria-label="Province map" data-testid="province-map"></div>\n' +
      '      - unexpected value "null"\n' +
      '    - locator resolved to <div class="province-map" data-backend="webgpu" aria-label="Province map" data-texture-limit="8192" data-testid="province-map" data-device="WebGPU device" data-adapter="{"vendor":"nvidia","architecture":"turing","device":"","description":""}" data-camera="{"width":16.877470355731223,"height":6.521739130434782,"x":4,"y":3,"zoom":1}">…</div>\n' +
      '    - unexpected value "webgpu"\n' +
      '    - locator resolved to <div data-frames="5" data-selected="" data-update-ms="0" class="province-map" data-backend="webgpu" data-updated-bytes="0" aria-label="Province map" data-texture-limit="8192" data-testid="province-map" data-shader-length="10386" data-mode="map-mode-owner" data-device="WebGPU device" data-shader-language="wgsl" data-frame-ms="23.019999999552965" data-adapter="{"vendor":"nvidia","architecture":"turing","device":"","description":""}" data-camera="{"width":16.877470355731223,"height":6.521739130434782,…>…</div>\n' +
      '    - unexpected value "webgpu"\n' +
      '    - locator resolved to <div data-frames="36" data-selected="" class="province-map" data-backend="webgpu" data-updated-bytes="0" aria-label="Province map" data-texture-limit="8192" data-testid="province-map" data-shader-length="10386" data-mode="map-mode-owner" data-device="WebGPU device" data-shader-language="wgsl" data-frame-ms="17.541666666666668" data-update-ms="0.09999999776482582" data-adapter="{"vendor":"nvidia","architecture":"turing","device":"","description":""}" data-camera="{"width":16.877470355731223,"height"…>…</div>\n' +
      '    - unexpected value "webgpu"\n' +
      '    - locator resolved to <div data-frames="66" data-selected="" class="province-map" data-backend="webgpu" data-updated-bytes="0" aria-label="Province map" data-texture-limit="8192" data-testid="province-map" data-shader-length="10386" data-mode="map-mode-owner" data-device="WebGPU device" data-shader-language="wgsl" data-frame-ms="17.143939393939394" data-update-ms="0.10000000149011612" data-adapter="{"vendor":"nvidia","architecture":"turing","device":"","description":""}" data-camera="{"width":16.877470355731223,"height"…>…</div>\n' +
      '    - unexpected value "webgpu"\n' +
      '    - locator resolved to <div data-frames="97" data-selected="" class="province-map" data-backend="webgpu" data-updated-bytes="0" aria-label="Province map" data-texture-limit="8192" data-testid="province-map" data-shader-length="10386" data-mode="map-mode-owner" data-device="WebGPU device" data-shader-language="wgsl" data-frame-ms="16.996907216487163" data-update-ms="0.10000000149011612" data-adapter="{"vendor":"nvidia","architecture":"turing","device":"","description":""}" data-camera="{"width":16.877470355731223,"height"…>…</div>\n' +
      '    - unexpected value "webgpu"\n' +
      '    - locator resolved to <div data-selected="" data-frames="128" class="province-map" data-backend="webgpu" data-updated-bytes="0" aria-label="Province map" data-texture-limit="8192" data-testid="province-map" data-shader-length="10386" data-mode="map-mode-owner" data-device="WebGPU device" data-shader-language="wgsl" data-frame-ms="16.91250000000582" data-update-ms="0.10000000149011612" data-adapter="{"vendor":"nvidia","architecture":"turing","device":"","description":""}" data-camera="{"width":16.877470355731223,"height"…>…</div>\n' +
      '    - unexpected value "webgpu"\n' +
      '    - locator resolved to <div data-selected="" data-frames="158" data-update-ms="0" class="province-map" data-backend="webgpu" data-updated-bytes="0" aria-label="Province map" data-texture-limit="8192" data-testid="province-map" data-shader-length="10386" data-mode="map-mode-owner" data-device="WebGPU device" data-shader-language="wgsl" data-frame-ms="16.867088607594937" data-adapter="{"vendor":"nvidia","architecture":"turing","device":"","description":""}" data-camera="{"width":16.877470355731223,"height":6.52173913043478…>…</div>\n' +
      '    - unexpected value "webgpu"\n' +
      '    - locator resolved to <div data-selected="" data-frames="189" class="province-map" data-backend="webgpu" data-updated-bytes="0" aria-label="Province map" data-texture-limit="8192" data-testid="province-map" data-shader-length="10386" data-mode="map-mode-owner" data-device="WebGPU device" data-shader-language="wgsl" data-frame-ms="16.83280423279635" data-update-ms="0.09999999776482582" data-adapter="{"vendor":"nvidia","architecture":"turing","device":"","description":""}" data-camera="{"width":16.877470355731223,"height"…>…</div>\n' +
      '    - unexpected value "webgpu"\n' +
      '    - locator resolved to <div data-selected="" data-frames="219" data-update-ms="0" class="province-map" data-backend="webgpu" data-updated-bytes="0" aria-label="Province map" data-texture-limit="8192" data-testid="province-map" data-shader-length="10386" data-mode="map-mode-owner" data-device="WebGPU device" data-shader-language="wgsl" data-frame-ms="16.810045662093653" data-adapter="{"vendor":"nvidia","architecture":"turing","device":"","description":""}" data-camera="{"width":16.877470355731223,"height":6.52173913043478…>…</div>\n' +
      '    - unexpected value "webgpu"\n' +
      '    - locator resolved to <div data-selected="" data-frames="250" data-update-ms="0" class="province-map" data-backend="webgpu" data-updated-bytes="0" data-frame-ms="16.792" aria-label="Province map" data-texture-limit="8192" data-testid="province-map" data-shader-length="10386" data-mode="map-mode-owner" data-device="WebGPU device" data-shader-language="wgsl" data-adapter="{"vendor":"nvidia","architecture":"turing","device":"","description":""}" data-camera="{"width":16.877470355731223,"height":6.521739130434782,"x":4,"y":…>…</div>\n' +
      '    - unexpected value "webgpu"\n' +
      '    - locator resolved to <div data-selected="" data-frames="280" class="province-map" data-backend="webgpu" data-updated-bytes="0" aria-label="Province map" data-texture-limit="8192" data-testid="province-map" data-shader-length="10386" data-mode="map-mode-owner" data-device="WebGPU device" data-shader-language="wgsl" data-frame-ms="16.77857142857143" data-update-ms="0.10000000149011612" data-adapter="{"vendor":"nvidia","architecture":"turing","device":"","description":""}" data-camera="{"width":16.877470355731223,"height"…>…</div>\n' +
      '    - unexpected value "webgpu"\n',
    pass: false,
    actual: 'webgpu',
    log: [
      `  - Expect "toHaveAttribute" getByTestId('province-map') with timeout 5000ms`,
      "  - waiting for getByTestId('province-map')",
      '    2 × locator resolved to <div class="province-map" aria-label="Province map" data-testid="province-map"></div>',
      '      - unexpected value "null"',
      '    - locator resolved to <div class="province-map" data-backend="webgpu" aria-label="Province map" data-texture-limit="8192" data-testid="province-map" data-device="WebGPU device" data-adapter="{"vendor":"nvidia","architecture":"turing","device":"","description":""}" data-camera="{"width":16.877470355731223,"height":6.521739130434782,"x":4,"y":3,"zoom":1}">…</div>',
      '    - unexpected value "webgpu"',
      '    - locator resolved to <div data-frames="5" data-selected="" data-update-ms="0" class="province-map" data-backend="webgpu" data-updated-bytes="0" aria-label="Province map" data-texture-limit="8192" data-testid="province-map" data-shader-length="10386" data-mode="map-mode-owner" data-device="WebGPU device" data-shader-language="wgsl" data-frame-ms="23.019999999552965" data-adapter="{"vendor":"nvidia","architecture":"turing","device":"","description":""}" data-camera="{"width":16.877470355731223,"height":6.521739130434782,…>…</div>',
      '    - unexpected value "webgpu"',
      '    - locator resolved to <div data-frames="36" data-selected="" class="province-map" data-backend="webgpu" data-updated-bytes="0" aria-label="Province map" data-texture-limit="8192" data-testid="province-map" data-shader-length="10386" data-mode="map-mode-owner" data-device="WebGPU device" data-shader-language="wgsl" data-frame-ms="17.541666666666668" data-update-ms="0.09999999776482582" data-adapter="{"vendor":"nvidia","architecture":"turing","device":"","description":""}" data-camera="{"width":16.877470355731223,"height"…>…</div>',
      '    - unexpected value "webgpu"',
      '    - locator resolved to <div data-frames="66" data-selected="" class="province-map" data-backend="webgpu" data-updated-bytes="0" aria-label="Province map" data-texture-limit="8192" data-testid="province-map" data-shader-length="10386" data-mode="map-mode-owner" data-device="WebGPU device" data-shader-language="wgsl" data-frame-ms="17.143939393939394" data-update-ms="0.10000000149011612" data-adapter="{"vendor":"nvidia","architecture":"turing","device":"","description":""}" data-camera="{"width":16.877470355731223,"height"…>…</div>',
      '    - unexpected value "webgpu"',
      '    - locator resolved to <div data-frames="97" data-selected="" class="province-map" data-backend="webgpu" data-updated-bytes="0" aria-label="Province map" data-texture-limit="8192" data-testid="province-map" data-shader-length="10386" data-mode="map-mode-owner" data-device="WebGPU device" data-shader-language="wgsl" data-frame-ms="16.996907216487163" data-update-ms="0.10000000149011612" data-adapter="{"vendor":"nvidia","architecture":"turing","device":"","description":""}" data-camera="{"width":16.877470355731223,"height"…>…</div>',
      '    - unexpected value "webgpu"',
      '    - locator resolved to <div data-selected="" data-frames="128" class="province-map" data-backend="webgpu" data-updated-bytes="0" aria-label="Province map" data-texture-limit="8192" data-testid="province-map" data-shader-length="10386" data-mode="map-mode-owner" data-device="WebGPU device" data-shader-language="wgsl" data-frame-ms="16.91250000000582" data-update-ms="0.10000000149011612" data-adapter="{"vendor":"nvidia","architecture":"turing","device":"","description":""}" data-camera="{"width":16.877470355731223,"height"…>…</div>',
      '    - unexpected value "webgpu"',
      '    - locator resolved to <div data-selected="" data-frames="158" data-update-ms="0" class="province-map" data-backend="webgpu" data-updated-bytes="0" aria-label="Province map" data-texture-limit="8192" data-testid="province-map" data-shader-length="10386" data-mode="map-mode-owner" data-device="WebGPU device" data-shader-language="wgsl" data-frame-ms="16.867088607594937" data-adapter="{"vendor":"nvidia","architecture":"turing","device":"","description":""}" data-camera="{"width":16.877470355731223,"height":6.52173913043478…>…</div>',
      '    - unexpected value "webgpu"',
      '    - locator resolved to <div data-selected="" data-frames="189" class="province-map" data-backend="webgpu" data-updated-bytes="0" aria-label="Province map" data-texture-limit="8192" data-testid="province-map" data-shader-length="10386" data-mode="map-mode-owner" data-device="WebGPU device" data-shader-language="wgsl" data-frame-ms="16.83280423279635" data-update-ms="0.09999999776482582" data-adapter="{"vendor":"nvidia","architecture":"turing","device":"","description":""}" data-camera="{"width":16.877470355731223,"height"…>…</div>',
      '    - unexpected value "webgpu"',
      '    - locator resolved to <div data-selected="" data-frames="219" data-update-ms="0" class="province-map" data-backend="webgpu" data-updated-bytes="0" aria-label="Province map" data-texture-limit="8192" data-testid="province-map" data-shader-length="10386" data-mode="map-mode-owner" data-device="WebGPU device" data-shader-language="wgsl" data-frame-ms="16.810045662093653" data-adapter="{"vendor":"nvidia","architecture":"turing","device":"","description":""}" data-camera="{"width":16.877470355731223,"height":6.52173913043478…>…</div>',
      '    - unexpected value "webgpu"',
      '    - locator resolved to <div data-selected="" data-frames="250" data-update-ms="0" class="province-map" data-backend="webgpu" data-updated-bytes="0" data-frame-ms="16.792" aria-label="Province map" data-texture-limit="8192" data-testid="province-map" data-shader-length="10386" data-mode="map-mode-owner" data-device="WebGPU device" data-shader-language="wgsl" data-adapter="{"vendor":"nvidia","architecture":"turing","device":"","description":""}" data-camera="{"width":16.877470355731223,"height":6.521739130434782,"x":4,"y":…>…</div>',
      '    - unexpected value "webgpu"',
      '    - locator resolved to <div data-selected="" data-frames="280" class="province-map" data-backend="webgpu" data-updated-bytes="0" aria-label="Province map" data-texture-limit="8192" data-testid="province-map" data-shader-length="10386" data-mode="map-mode-owner" data-device="WebGPU device" data-shader-language="wgsl" data-frame-ms="16.77857142857143" data-update-ms="0.10000000149011612" data-adapter="{"vendor":"nvidia","architecture":"turing","device":"","description":""}" data-camera="{"width":16.877470355731223,"height"…>…</div>',
      '    - unexpected value "webgpu"'
    ],
    timeout: 5000,
    ariaSnapshot: ''
  }
}
ExpectError: expect(locator).toHaveAttribute(expected) failed

Locator:  getByTestId('province-map')
Expected: "webgl2"
Received: "webgpu"
Timeout:  5000ms

Call log:
  - Expect "toHaveAttribute" getByTestId('province-map') with timeout 5000ms
  - waiting for getByTestId('province-map')
    3 × locator resolved to <div class="province-map" aria-label="Province map" data-testid="province-map"></div>
      - unexpected value "null"
    - locator resolved to <div data-frames="4" data-selected="" data-update-ms="0" class="province-map" data-backend="webgpu" data-updated-bytes="0" data-frame-ms="22.625" aria-label="Province map" data-texture-limit="8192" data-testid="province-map" data-shader-length="10386" data-mode="map-mode-owner" data-device="WebGPU device" data-shader-language="wgsl" data-adapter="{"vendor":"nvidia","architecture":"turing","device":"","description":""}" data-camera="{"width":16.877470355731223,"height":6.521739130434782,"x":4,"y":3,…>…</div>
    - unexpected value "webgpu"
    - locator resolved to <div data-frames="35" data-selected="" class="province-map" data-backend="webgpu" data-updated-bytes="0" aria-label="Province map" data-texture-limit="8192" data-testid="province-map" data-shader-length="10386" data-mode="map-mode-owner" data-device="WebGPU device" data-shader-language="wgsl" data-frame-ms="17.33142857136471" data-update-ms="0.09999999776482582" data-adapter="{"vendor":"nvidia","architecture":"turing","device":"","description":""}" data-camera="{"width":16.877470355731223,"height":…>…</div>
    - unexpected value "webgpu"
    - locator resolved to <div data-frames="65" data-selected="" class="province-map" data-backend="webgpu" data-updated-bytes="0" aria-label="Province map" data-texture-limit="8192" data-testid="province-map" data-shader-length="10386" data-mode="map-mode-owner" data-device="WebGPU device" data-shader-language="wgsl" data-frame-ms="17.024615384580997" data-update-ms="0.09999999776482582" data-adapter="{"vendor":"nvidia","architecture":"turing","device":"","description":""}" data-camera="{"width":16.877470355731223,"height"…>…</div>
    - unexpected value "webgpu"
    - locator resolved to <div data-frames="96" data-selected="" class="province-map" data-backend="webgpu" data-updated-bytes="0" aria-label="Province map" data-texture-limit="8192" data-testid="province-map" data-shader-length="10386" data-mode="map-mode-owner" data-device="WebGPU device" data-shader-language="wgsl" data-frame-ms="16.91458333330229" data-update-ms="0.09999999776482582" data-adapter="{"vendor":"nvidia","architecture":"turing","device":"","description":""}" data-camera="{"width":16.877470355731223,"height":…>…</div>
    - unexpected value "webgpu"
    - locator resolved to <div data-selected="" data-frames="127" class="province-map" data-backend="webgpu" data-updated-bytes="0" aria-label="Province map" data-texture-limit="8192" data-testid="province-map" data-shader-length="10386" data-mode="map-mode-owner" data-device="WebGPU device" data-shader-language="wgsl" data-frame-ms="16.849606299200865" data-update-ms="0.10000000149011612" data-adapter="{"vendor":"nvidia","architecture":"turing","device":"","description":""}" data-camera="{"width":16.877470355731223,"height…>…</div>
    - unexpected value "webgpu"
    - locator resolved to <div data-selected="" data-frames="158" class="province-map" data-backend="webgpu" data-updated-bytes="0" aria-label="Province map" data-texture-limit="8192" data-testid="province-map" data-shader-length="10386" data-mode="map-mode-owner" data-device="WebGPU device" data-shader-language="wgsl" data-frame-ms="16.815822784800694" data-update-ms="0.10000000149011612" data-adapter="{"vendor":"nvidia","architecture":"turing","device":"","description":""}" data-camera="{"width":16.877470355731223,"height…>…</div>
    - unexpected value "webgpu"
    - locator resolved to <div data-selected="" data-frames="188" data-update-ms="0" class="province-map" data-backend="webgpu" data-updated-bytes="0" aria-label="Province map" data-texture-limit="8192" data-testid="province-map" data-shader-length="10386" data-mode="map-mode-owner" data-device="WebGPU device" data-shader-language="wgsl" data-frame-ms="16.789361702119734" data-adapter="{"vendor":"nvidia","architecture":"turing","device":"","description":""}" data-camera="{"width":16.877470355731223,"height":6.52173913043478…>…</div>
    - unexpected value "webgpu"
    - locator resolved to <div data-selected="" data-frames="219" class="province-map" data-backend="webgpu" data-updated-bytes="0" aria-label="Province map" data-texture-limit="8192" data-testid="province-map" data-shader-length="10386" data-mode="map-mode-owner" data-device="WebGPU device" data-shader-language="wgsl" data-frame-ms="16.772602739722625" data-update-ms="0.10000000149011612" data-adapter="{"vendor":"nvidia","architecture":"turing","device":"","description":""}" data-camera="{"width":16.877470355731223,"height…>…</div>
    - unexpected value "webgpu"
    - locator resolved to <div data-selected="" data-frames="249" class="province-map" data-backend="webgpu" data-updated-bytes="0" aria-label="Province map" data-texture-limit="8192" data-testid="province-map" data-shader-length="10386" data-mode="map-mode-owner" data-device="WebGPU device" data-shader-language="wgsl" data-frame-ms="16.760240963843454" data-update-ms="0.09999999776482582" data-adapter="{"vendor":"nvidia","architecture":"turing","device":"","description":""}" data-camera="{"width":16.877470355731223,"height…>…</div>
    - unexpected value "webgpu"

    at captureRawStack (E:\openhoi\.orchestrator\wt\WP-08-verify5\target\wp08-verify5\red62-source\client\node_modules\playwright-core\lib\coreBundle.js:8588:17)
    at callMatcherAsStep (E:\openhoi\.orchestrator\wt\WP-08-verify5\target\wp08-verify5\red62-source\client\node_modules\playwright\lib\matchers\expect.js:13310:57)
    at Object.toHaveAttribute (E:\openhoi\.orchestrator\wt\WP-08-verify5\target\wp08-verify5\red62-source\client\node_modules\playwright\lib\matchers\expect.js:13302:23)
    at E:\openhoi\.orchestrator\wt\WP-08-verify5\target\wp08-verify5\red62-original-probes\gpu-compile-failure.cjs:11:106 {
  matcherResult: {
    name: 'toHaveAttribute',
    expected: 'webgl2',
    message: 'expect(locator).toHaveAttribute(expected) failed\n' +
      '\n' +
      "Locator:  getByTestId('province-map')\n" +
      'Expected: "webgl2"\n' +
      'Received: "webgpu"\n' +
      'Timeout:  5000ms\n' +
      '\n' +
      'Call log:\n' +
      `  - Expect "toHaveAttribute" getByTestId('province-map') with timeout 5000ms\n` +
      "  - waiting for getByTestId('province-map')\n" +
      '    3 × locator resolved to <div class="province-map" aria-label="Province map" data-testid="province-map"></div>\n' +
      '      - unexpected value "null"\n' +
      '    - locator resolved to <div data-frames="4" data-selected="" data-update-ms="0" class="province-map" data-backend="webgpu" data-updated-bytes="0" data-frame-ms="22.625" aria-label="Province map" data-texture-limit="8192" data-testid="province-map" data-shader-length="10386" data-mode="map-mode-owner" data-device="WebGPU device" data-shader-language="wgsl" data-adapter="{"vendor":"nvidia","architecture":"turing","device":"","description":""}" data-camera="{"width":16.877470355731223,"height":6.521739130434782,"x":4,"y":3,…>…</div>\n' +
      '    - unexpected value "webgpu"\n' +
      '    - locator resolved to <div data-frames="35" data-selected="" class="province-map" data-backend="webgpu" data-updated-bytes="0" aria-label="Province map" data-texture-limit="8192" data-testid="province-map" data-shader-length="10386" data-mode="map-mode-owner" data-device="WebGPU device" data-shader-language="wgsl" data-frame-ms="17.33142857136471" data-update-ms="0.09999999776482582" data-adapter="{"vendor":"nvidia","architecture":"turing","device":"","description":""}" data-camera="{"width":16.877470355731223,"height":…>…</div>\n' +
      '    - unexpected value "webgpu"\n' +
      '    - locator resolved to <div data-frames="65" data-selected="" class="province-map" data-backend="webgpu" data-updated-bytes="0" aria-label="Province map" data-texture-limit="8192" data-testid="province-map" data-shader-length="10386" data-mode="map-mode-owner" data-device="WebGPU device" data-shader-language="wgsl" data-frame-ms="17.024615384580997" data-update-ms="0.09999999776482582" data-adapter="{"vendor":"nvidia","architecture":"turing","device":"","description":""}" data-camera="{"width":16.877470355731223,"height"…>…</div>\n' +
      '    - unexpected value "webgpu"\n' +
      '    - locator resolved to <div data-frames="96" data-selected="" class="province-map" data-backend="webgpu" data-updated-bytes="0" aria-label="Province map" data-texture-limit="8192" data-testid="province-map" data-shader-length="10386" data-mode="map-mode-owner" data-device="WebGPU device" data-shader-language="wgsl" data-frame-ms="16.91458333330229" data-update-ms="0.09999999776482582" data-adapter="{"vendor":"nvidia","architecture":"turing","device":"","description":""}" data-camera="{"width":16.877470355731223,"height":…>…</div>\n' +
      '    - unexpected value "webgpu"\n' +
      '    - locator resolved to <div data-selected="" data-frames="127" class="province-map" data-backend="webgpu" data-updated-bytes="0" aria-label="Province map" data-texture-limit="8192" data-testid="province-map" data-shader-length="10386" data-mode="map-mode-owner" data-device="WebGPU device" data-shader-language="wgsl" data-frame-ms="16.849606299200865" data-update-ms="0.10000000149011612" data-adapter="{"vendor":"nvidia","architecture":"turing","device":"","description":""}" data-camera="{"width":16.877470355731223,"height…>…</div>\n' +
      '    - unexpected value "webgpu"\n' +
      '    - locator resolved to <div data-selected="" data-frames="158" class="province-map" data-backend="webgpu" data-updated-bytes="0" aria-label="Province map" data-texture-limit="8192" data-testid="province-map" data-shader-length="10386" data-mode="map-mode-owner" data-device="WebGPU device" data-shader-language="wgsl" data-frame-ms="16.815822784800694" data-update-ms="0.10000000149011612" data-adapter="{"vendor":"nvidia","architecture":"turing","device":"","description":""}" data-camera="{"width":16.877470355731223,"height…>…</div>\n' +
      '    - unexpected value "webgpu"\n' +
      '    - locator resolved to <div data-selected="" data-frames="188" data-update-ms="0" class="province-map" data-backend="webgpu" data-updated-bytes="0" aria-label="Province map" data-texture-limit="8192" data-testid="province-map" data-shader-length="10386" data-mode="map-mode-owner" data-device="WebGPU device" data-shader-language="wgsl" data-frame-ms="16.789361702119734" data-adapter="{"vendor":"nvidia","architecture":"turing","device":"","description":""}" data-camera="{"width":16.877470355731223,"height":6.52173913043478…>…</div>\n' +
      '    - unexpected value "webgpu"\n' +
      '    - locator resolved to <div data-selected="" data-frames="219" class="province-map" data-backend="webgpu" data-updated-bytes="0" aria-label="Province map" data-texture-limit="8192" data-testid="province-map" data-shader-length="10386" data-mode="map-mode-owner" data-device="WebGPU device" data-shader-language="wgsl" data-frame-ms="16.772602739722625" data-update-ms="0.10000000149011612" data-adapter="{"vendor":"nvidia","architecture":"turing","device":"","description":""}" data-camera="{"width":16.877470355731223,"height…>…</div>\n' +
      '    - unexpected value "webgpu"\n' +
      '    - locator resolved to <div data-selected="" data-frames="249" class="province-map" data-backend="webgpu" data-updated-bytes="0" aria-label="Province map" data-texture-limit="8192" data-testid="province-map" data-shader-length="10386" data-mode="map-mode-owner" data-device="WebGPU device" data-shader-language="wgsl" data-frame-ms="16.760240963843454" data-update-ms="0.09999999776482582" data-adapter="{"vendor":"nvidia","architecture":"turing","device":"","description":""}" data-camera="{"width":16.877470355731223,"height…>…</div>\n' +
      '    - unexpected value "webgpu"\n',
    pass: false,
    actual: 'webgpu',
    log: [
      `  - Expect "toHaveAttribute" getByTestId('province-map') with timeout 5000ms`,
      "  - waiting for getByTestId('province-map')",
      '    3 × locator resolved to <div class="province-map" aria-label="Province map" data-testid="province-map"></div>',
      '      - unexpected value "null"',
      '    - locator resolved to <div data-frames="4" data-selected="" data-update-ms="0" class="province-map" data-backend="webgpu" data-updated-bytes="0" data-frame-ms="22.625" aria-label="Province map" data-texture-limit="8192" data-testid="province-map" data-shader-length="10386" data-mode="map-mode-owner" data-device="WebGPU device" data-shader-language="wgsl" data-adapter="{"vendor":"nvidia","architecture":"turing","device":"","description":""}" data-camera="{"width":16.877470355731223,"height":6.521739130434782,"x":4,"y":3,…>…</div>',
      '    - unexpected value "webgpu"',
      '    - locator resolved to <div data-frames="35" data-selected="" class="province-map" data-backend="webgpu" data-updated-bytes="0" aria-label="Province map" data-texture-limit="8192" data-testid="province-map" data-shader-length="10386" data-mode="map-mode-owner" data-device="WebGPU device" data-shader-language="wgsl" data-frame-ms="17.33142857136471" data-update-ms="0.09999999776482582" data-adapter="{"vendor":"nvidia","architecture":"turing","device":"","description":""}" data-camera="{"width":16.877470355731223,"height":…>…</div>',
      '    - unexpected value "webgpu"',
      '    - locator resolved to <div data-frames="65" data-selected="" class="province-map" data-backend="webgpu" data-updated-bytes="0" aria-label="Province map" data-texture-limit="8192" data-testid="province-map" data-shader-length="10386" data-mode="map-mode-owner" data-device="WebGPU device" data-shader-language="wgsl" data-frame-ms="17.024615384580997" data-update-ms="0.09999999776482582" data-adapter="{"vendor":"nvidia","architecture":"turing","device":"","description":""}" data-camera="{"width":16.877470355731223,"height"…>…</div>',
      '    - unexpected value "webgpu"',
      '    - locator resolved to <div data-frames="96" data-selected="" class="province-map" data-backend="webgpu" data-updated-bytes="0" aria-label="Province map" data-texture-limit="8192" data-testid="province-map" data-shader-length="10386" data-mode="map-mode-owner" data-device="WebGPU device" data-shader-language="wgsl" data-frame-ms="16.91458333330229" data-update-ms="0.09999999776482582" data-adapter="{"vendor":"nvidia","architecture":"turing","device":"","description":""}" data-camera="{"width":16.877470355731223,"height":…>…</div>',
      '    - unexpected value "webgpu"',
      '    - locator resolved to <div data-selected="" data-frames="127" class="province-map" data-backend="webgpu" data-updated-bytes="0" aria-label="Province map" data-texture-limit="8192" data-testid="province-map" data-shader-length="10386" data-mode="map-mode-owner" data-device="WebGPU device" data-shader-language="wgsl" data-frame-ms="16.849606299200865" data-update-ms="0.10000000149011612" data-adapter="{"vendor":"nvidia","architecture":"turing","device":"","description":""}" data-camera="{"width":16.877470355731223,"height…>…</div>',
      '    - unexpected value "webgpu"',
      '    - locator resolved to <div data-selected="" data-frames="158" class="province-map" data-backend="webgpu" data-updated-bytes="0" aria-label="Province map" data-texture-limit="8192" data-testid="province-map" data-shader-length="10386" data-mode="map-mode-owner" data-device="WebGPU device" data-shader-language="wgsl" data-frame-ms="16.815822784800694" data-update-ms="0.10000000149011612" data-adapter="{"vendor":"nvidia","architecture":"turing","device":"","description":""}" data-camera="{"width":16.877470355731223,"height…>…</div>',
      '    - unexpected value "webgpu"',
      '    - locator resolved to <div data-selected="" data-frames="188" data-update-ms="0" class="province-map" data-backend="webgpu" data-updated-bytes="0" aria-label="Province map" data-texture-limit="8192" data-testid="province-map" data-shader-length="10386" data-mode="map-mode-owner" data-device="WebGPU device" data-shader-language="wgsl" data-frame-ms="16.789361702119734" data-adapter="{"vendor":"nvidia","architecture":"turing","device":"","description":""}" data-camera="{"width":16.877470355731223,"height":6.52173913043478…>…</div>',
      '    - unexpected value "webgpu"',
      '    - locator resolved to <div data-selected="" data-frames="219" class="province-map" data-backend="webgpu" data-updated-bytes="0" aria-label="Province map" data-texture-limit="8192" data-testid="province-map" data-shader-length="10386" data-mode="map-mode-owner" data-device="WebGPU device" data-shader-language="wgsl" data-frame-ms="16.772602739722625" data-update-ms="0.10000000149011612" data-adapter="{"vendor":"nvidia","architecture":"turing","device":"","description":""}" data-camera="{"width":16.877470355731223,"height…>…</div>',
      '    - unexpected value "webgpu"',
      '    - locator resolved to <div data-selected="" data-frames="249" class="province-map" data-backend="webgpu" data-updated-bytes="0" aria-label="Province map" data-texture-limit="8192" data-testid="province-map" data-shader-length="10386" data-mode="map-mode-owner" data-device="WebGPU device" data-shader-language="wgsl" data-frame-ms="16.760240963843454" data-update-ms="0.09999999776482582" data-adapter="{"vendor":"nvidia","architecture":"turing","device":"","description":""}" data-camera="{"width":16.877470355731223,"height…>…</div>',
      '    - unexpected value "webgpu"'
    ],
    timeout: 5000,
    ariaSnapshot: ''
  }
}
