
Running 41 tests using 1 worker

  ok  1 [chrome-minimal] › e2e-m1\malformed-world.spec.ts:5:1 › M1 malformed decoded ledger preserves last valid panel and closes connection (2.3s)
  ok  2 [chrome-minimal] › e2e-m1\map-capability.spec.ts:6:1 › REQ-PLAT-03 native backend capability renders pixels or preserves authority with localized notice (1.1s)
  ok  3 [chrome-minimal] › e2e-m1\map-dpr.spec.ts:8:33 › REQ-PLAT-03 DPR surface preserves display and authority preferred (3.6s)
  ok  4 [chrome-minimal] › e2e-m1\map-dpr.spec.ts:8:33 › REQ-PLAT-03 DPR surface preserves display and authority forced GL (2.9s)
  ok  5 [chrome-minimal] › e2e-m1\map-pipeline.spec.ts:5:65 › REQ-PLAT-03 actual device pipeline rejection falls back to GL pixels (766ms)
  ok  6 [chrome-minimal] › e2e-m1\map-pipeline.spec.ts:5:65 › REQ-PLAT-03 actual device pipeline rejection with GL unavailable shows notice (583ms)
  ok  7 [chrome-minimal] › e2e-m1\map-pipeline.spec.ts:5:65 › REQ-PLAT-03 actual device pipeline rejection with GL shader shows notice (595ms)
  ok  8 [chrome-minimal] › e2e-m1\map-redirect.spec.ts:15:3 › WP08 P06 metadata CORS redirect sends no foreign request on first load (554ms)
  ok  9 [chrome-minimal] › e2e-m1\map-redirect.spec.ts:15:3 › WP08 P06 metadata CORS redirect sends no foreign request after valid selection (1.0s)
  ok 10 [chrome-minimal] › e2e-m1\map-redirect.spec.ts:15:3 › WP08 P06 index CORS redirect sends no foreign request on first load (633ms)
  ok 11 [chrome-minimal] › e2e-m1\map-redirect.spec.ts:15:3 › WP08 P06 index CORS redirect sends no foreign request after valid selection (963ms)
  ok 12 [chrome-minimal] › e2e-m1\map-redirect.spec.ts:140:56 › WP08 P06 metadata same-origin redirect is also rejected before follow (406ms)
  ok 13 [chrome-minimal] › e2e-m1\map-redirect.spec.ts:140:56 › WP08 P06 index same-origin redirect is also rejected before follow (387ms)
  ok 14 [chrome-minimal] › e2e-m1\map-resize.spec.ts:7:1 › REQ-MAP-05 resize and reset preserve presentation pixels and camera authority (4.1s)
  ok 15 [chrome-minimal] › e2e-m1\map.spec.ts:11:1 › REQ-MAP-04/05 PLAT-03 actual map pixels, modes, pick and viewport (1.6s)
  ok 16 [chrome-minimal] › e2e-m1\map.spec.ts:40:1 › REQ-PLAT-03 preferred actual backend produces the same map RGB and source shader (1.9s)
  ok 17 [chrome-minimal] › e2e-m1\map.spec.ts:48:1 › REQ-MAP-04 changed server RGB updates only affected lookup texel on actual backend (1.2s)
  ok 18 [chrome-minimal] › e2e-m1\map.spec.ts:52:1 › REQ-MAP-04/05 RG8 high dense byte and LUT second row pick real ID65535 (1.4s)
  ok 19 [chrome-minimal] › e2e-m1\map.spec.ts:59:33 › REQ-MAP-05 independent three border pixel oracle, u16 sentinel and camera preferred (2.0s)
  ok 20 [chrome-minimal] › e2e-m1\map.spec.ts:59:33 › REQ-MAP-05 independent three border pixel oracle, u16 sentinel and camera WebGL2 (1.9s)
  ok 21 [chrome-minimal] › e2e-m1\map.spec.ts:93:93 › REQ-PLAT-03 missingGPU falls back to actual WebGL2 pixels (557ms)
  ok 22 [chrome-minimal] › e2e-m1\map.spec.ts:93:93 › REQ-PLAT-03 nullAdapter falls back to actual WebGL2 pixels (577ms)
  ok 23 [chrome-minimal] › e2e-m1\map.spec.ts:93:93 › REQ-PLAT-03 adapterReject falls back to actual WebGL2 pixels (577ms)
  ok 24 [chrome-minimal] › e2e-m1\map.spec.ts:93:93 › REQ-PLAT-03 deviceReject falls back to actual WebGL2 pixels (643ms)
  ok 25 [chrome-minimal] › e2e-m1\map.spec.ts:93:93 › REQ-PLAT-03 insecure falls back to actual WebGL2 pixels (584ms)
  ok 26 [chrome-minimal] › e2e-m1\map.spec.ts:104:37 › REQ-PLAT-03 no backend shows localized notices (477ms)
  ok 27 [chrome-minimal] › e2e-m1\map.spec.ts:104:37 › REQ-PLAT-03 no backend shows localized notices after preferred rejection (471ms)
  ok 28 [chrome-minimal] › e2e-m1\map.spec.ts:114:1 › REQ-PLAT-03 actual WebGL2 texture limit is checked before texture creation (342ms)
  ok 29 [chrome-minimal] › e2e-m1\map.spec.ts:118:1 › REQ-MAP-04 missing bundled index fails visibly without external download (400ms)
  ok 30 [chrome-minimal] › e2e-m1\map.spec.ts:122:116 › REQ-MAP-04 schema boundary oldVersion rejects atomically (371ms)
  ok 31 [chrome-minimal] › e2e-m1\map.spec.ts:122:116 › REQ-MAP-04 schema boundary futureVersion rejects atomically (396ms)
  ok 32 [chrome-minimal] › e2e-m1\map.spec.ts:122:116 › REQ-MAP-04 schema boundary wrongPack rejects atomically (392ms)
  ok 33 [chrome-minimal] › e2e-m1\map.spec.ts:122:116 › REQ-MAP-04 schema boundary duplicateIds rejects atomically (410ms)
  ok 34 [chrome-minimal] › e2e-m1\map.spec.ts:122:116 › REQ-MAP-04 schema boundary badStyle rejects atomically (379ms)
  ok 35 [chrome-minimal] › e2e-m1\map.spec.ts:122:116 › REQ-MAP-04 schema boundary shortBytes rejects atomically (407ms)
  ok 36 [chrome-minimal] › e2e-m1\map.spec.ts:122:116 › REQ-MAP-04 schema boundary wrongHash rejects atomically (390ms)
  ok 37 [chrome-minimal] › e2e-m1\map.spec.ts:132:70 › REQ-MAP-05 dangling preserves last valid map and closes wire (1.6s)
  ok 38 [chrome-minimal] › e2e-m1\map.spec.ts:132:70 › REQ-MAP-05 changedDimensions preserves last valid map and closes wire (1.6s)
  ok 39 [chrome-minimal] › e2e-m1\map.spec.ts:132:70 › REQ-MAP-05 changedDense preserves last valid map and closes wire (1.6s)
  ok 40 [chrome-minimal] › e2e-m1\national.spec.ts:6:1 › AC-M1-03 actual Rust M1 panels, separate owner/control, ledger, languages and time (1.8s)
  ok 41 [chrome-minimal] › e2e-m1\national.spec.ts:31:1 › REQ-NAT-01 MAP-08 actual query metadata, dense mapping, colors and refusal (773ms)

  41 passed (46.7s)
