command: cargo test -p oh_sim --all-targets --locked
   Compiling serde_core v1.0.229
   Compiling thiserror v2.0.21
   Compiling memchr v2.8.3
   Compiling syn v3.0.6
   Compiling syn v2.0.119
   Compiling rand v0.9.5
   Compiling serde_derive_internals v0.30.0
   Compiling serde_derive v1.0.229
   Compiling thiserror-impl v2.0.21
   Compiling ref-cast-impl v1.0.27
   Compiling schemars_derive v1.2.2
   Compiling ref-cast v1.0.27
   Compiling serde_spanned v1.1.1
   Compiling serde_json v1.0.151
   Compiling toml_datetime v1.1.1+spec-1.1.0
   Compiling zerocopy-derive v0.8.60
   Compiling toml v1.1.6+spec-1.1.0
   Compiling cobs v0.3.0
   Compiling zerocopy v0.8.60
   Compiling serde v1.0.229
   Compiling postcard v1.1.3
   Compiling schemars v1.2.2
   Compiling ppv-lite86 v0.2.21
   Compiling half v2.7.1
   Compiling fixed v1.31.0
   Compiling rand_chacha v0.10.0
   Compiling rand_chacha v0.9.0
   Compiling proptest v1.11.0
   Compiling oh_core v0.1.0 (E:\openhoi\.orchestrator\wt\WP-10-verify\crates\oh_core)
   Compiling oh_data v0.1.0 (E:\openhoi\.orchestrator\wt\WP-10-verify\crates\oh_data)
   Compiling oh_sim v0.1.0 (E:\openhoi\.orchestrator\wt\WP-10-verify\crates\oh_sim)
    Finished `test` profile [unoptimized + debuginfo] target(s) in 13.70s
     Running unittests src\lib.rs (target\debug\deps\oh_sim-d79ee85e1db1a640.exe)

running 0 tests

test result: ok. 0 passed; 0 failed; 0 ignored; 0 measured; 0 filtered out; finished in 0.00s

     Running tests\ledger.rs (target\debug\deps\ledger-7e4a21c7e130a622.exe)

running 7 tests
test req_ui_04_expiry_boundary_target_isolation_and_base_only ... ok
test req_ui_04_duplicates_invalid_identifiers_and_overflow_are_errors ... ok
test req_ui_04_base_add_mul_trace_and_applied_bits ... ok
test req_ui_04_negative_zero_and_order_sensitive_rounding ... ok
test req_ui_04_modifier_serialization_preserves_bits_and_expiry ... ok
test req_ui_04_full_bit_range_matches_reference_or_checked_overflow ... ok
test req_ui_04_ledger_matches_independent_reference_and_permutations ... ok

test result: ok. 7 passed; 0 failed; 0 ignored; 0 measured; 0 filtered out; finished in 0.03s

     Running tests\scheduler.rs (target\debug\deps\scheduler-adbf9bf990b469d6.exe)

running 8 tests
test req_time_02_tick_day_month_snapshot_order ... ok
test hash_includes_seed_config_and_pending_commands ... ok
test calendar_leap_year_and_year_boundaries ... ok
test overflow_preserves_state_and_queued_commands_and_pause_still_works ... ok
test req_gen_05_commands_are_sorted_and_future_commands_wait ... ok
test time_defines_are_required_checked_and_change_host_pacing ... ok
test req_time_01_pause_resume_and_five_data_driven_speeds ... ok
test req_gen_01_headless_state_and_hash_are_repeatable ... ok

test result: ok. 8 passed; 0 failed; 0 ignored; 0 measured; 0 filtered out; finished in 0.00s


exit: 0
