chrome dangling atomic preserve PASS
chrome changedDimensions atomic preserve PASS
chrome changedDense atomic preserve PASS
chrome badPalette atomic preserve PASS
chrome badStateMembership atomic preserve PASS
edge dangling atomic preserve PASS
edge changedDimensions atomic preserve PASS
edge changedDense atomic preserve PASS
edge badPalette atomic preserve PASS
edge badStateMembership atomic preserve PASS
chromium dangling atomic preserve PASS
chromium changedDimensions atomic preserve PASS
chromium changedDense atomic preserve PASS
chromium badPalette atomic preserve PASS
chromium badStateMembership atomic preserve PASS
firefox dangling atomic preserve PASS
firefox changedDimensions atomic preserve PASS
firefox changedDense atomic preserve PASS
firefox badPalette atomic preserve PASS
firefox badStateMembership atomic preserve PASS
webkit dangling atomic preserve PASS
webkit changedDimensions atomic preserve PASS
webkit changedDense atomic preserve PASS
webkit badPalette atomic preserve PASS
webkit badStateMembership atomic preserve PASS
