ExpectError: expect(locator).toBeVisible() failed

Locator:  getByTestId('state-panel').locator('.ledger-tooltip')
Expected: visible
Received: hidden
Timeout:  5000ms

Call log:
  - Expect "toBeVisible" getByTestId('state-panel').locator('.ledger-tooltip') with timeout 5000ms
  - waiting for getByTestId('state-panel').locator('.ledger-tooltip')
    14 × locator resolved to <div id="_r_0_" class="ledger-tooltip">…</div>
       - unexpected value "hidden"

    at captureRawStack (E:\openhoi\.orchestrator\wt\WP-08-verify3\client\node_modules\playwright-core\lib\coreBundle.js:8588:17)
    at callMatcherAsStep (E:\openhoi\.orchestrator\wt\WP-08-verify3\client\node_modules\playwright\lib\matchers\expect.js:13310:57)
    at Object.toBeVisible (E:\openhoi\.orchestrator\wt\WP-08-verify3\client\node_modules\playwright\lib\matchers\expect.js:13302:23)
    at E:\openhoi\.orchestrator\wt\WP-08-verify3\target\wp08-verify3\ui-independent.cjs:24:185 {
  matcherResult: {
    message: 'expect(locator).toBeVisible() failed\n' +
      '\n' +
      "Locator:  getByTestId('state-panel').locator('.ledger-tooltip')\n" +
      'Expected: visible\n' +
      'Received: hidden\n' +
      'Timeout:  5000ms\n' +
      '\n' +
      'Call log:\n' +
      `  - Expect "toBeVisible" getByTestId('state-panel').locator('.ledger-tooltip') with timeout 5000ms\n` +
      "  - waiting for getByTestId('state-panel').locator('.ledger-tooltip')\n" +
      '    14 × locator resolved to <div id="_r_0_" class="ledger-tooltip">…</div>\n' +
      '       - unexpected value "hidden"\n',
    pass: false,
    actual: 'hidden',
    name: 'toBeVisible',
    expected: 'visible',
    log: [
      `  - Expect "toBeVisible" getByTestId('state-panel').locator('.ledger-tooltip') with timeout 5000ms`,
      "  - waiting for getByTestId('state-panel').locator('.ledger-tooltip')",
      '    14 × locator resolved to <div id="_r_0_" class="ledger-tooltip">…</div>',
      '       - unexpected value "hidden"'
    ],
    timeout: 5000,
    ariaSnapshot: '- main:\n' +
      '  - heading "OpenHOI4" [level=1]\n' +
      '  - paragraph: Local scenario\n' +
      '  - text: Language\n' +
      '  - combobox "Language":\n' +
      '    - option "English" [selected]\n' +
      '    - option "한국어"\n' +
      '  - status: Connected\n' +
      '  - region "Time controls":\n' +
      '    - term: Date\n' +
      '    - definition: 2000-01-01\n' +
      '    - term: Hour\n' +
      '    - definition: "1"\n' +
      '    - term: Tick\n' +
      '    - definition: "1"\n' +
      '    - term: Speed\n' +
      '    - definition: "1"\n' +
      '    - button "Resume"\n' +
      '    - button "Speed 1" [pressed]: "1"\n' +
      '    - button "Speed 2": "2"\n' +
      '    - button "Speed 3": "3"\n' +
      '    - button "Speed 4": "4"\n' +
      '    - button "Speed 5": "5"\n' +
      '  - region "Province map":\n' +
      '    - navigation "Map modes":\n' +
      '      - button "Ownership" [pressed]\n' +
      '      - button "Control"\n' +
      '      - button "Terrain"\n' +
      '      - button "States"\n' +
      '      - button "Reset view"\n' +
      '    - text: "Province:"\n' +
      '    - strong: "30"\n' +
      '    - text: Province 30 · Plains\n' +
      '    - button "Clear selection"\n' +
      '  - complementary:\n' +
      '    - region "Country":\n' +
      '      - heading "Country" [level=2]\n' +
      '      - navigation:\n' +
      '        - button "Northern Test Nation"\n' +
      '        - button "Southern Test Nation" [pressed]\n' +
      '      - heading "Southern Test Nation" [level=3]\n' +
      '      - term: Tag\n' +
      '      - definition: STH\n' +
      '      - term: Capital province\n' +
      '      - definition: "30"\n' +
      '      - term: Government\n' +
      '      - definition: Test Council\n' +
      '      - heading "Ideology support (ratio)" [level=4]\n' +
      '      - term: Civic\n' +
      '      - definition: "0.75"\n' +
      '      - term: Local\n' +
      '      - definition: "0.25"\n' +
      '    - region "State":\n' +
      '      - heading "State" [level=2]\n' +
      '      - navigation:\n' +
      '        - button "Northern Test State"\n' +
      '        - button "Southern Test State" [pressed]\n' +
      '      - heading "Southern Test State" [level=3]\n' +
      '      - term: Owner\n' +
      '      - definition: Southern Test Nation\n' +
      '      - term: Population\n' +
      '      - definition: "2000"\n' +
      '      - term: Steel\n' +
      '      - definition: "0"\n' +
      '      - term: Industry\n' +
      '      - definition: "0"\n' +
      '      - group:\n' +
      '        - text: Infrastructure\n' +
      '        - strong: "0"\n' +
      '      - table:\n' +
      '        - rowgroup:\n' +
      '          - row "Province Owner Controller":\n' +
      '            - columnheader "Province"\n' +
      '            - columnheader "Owner"\n' +
      '            - columnheader "Controller"\n' +
      '        - rowgroup:\n' +
      '          - row "30 Southern Test Nation Southern Test Nation":\n' +
      '            - cell "30"\n' +
      '            - cell "Southern Test Nation"\n' +
      '            - cell "Southern Test Nation"\n' +
      '          - row "40 Southern Test Nation Southern Test Nation":\n' +
      '            - cell "40"\n' +
      '            - cell "Southern Test Nation"\n' +
      '            - cell "Southern Test Nation"\n' +
      '  - link "Noto Sans KR · SIL Open Font License 1.1":\n' +
      '    - /url: /fonts/OFL.txt'
  }
}
