
> openhoi-client@0.1.0 pretest
> cargo run -p oh_proto --example wire_fixtures

    Finished `dev` profile [unoptimized + debuginfo] target(s) in 0.07s
     Running `E:\openhoi\.orchestrator\wt\WP-12\target\debug\examples\wire_fixtures.exe`

> openhoi-client@0.1.0 test
> vitest run


 RUN  v5.0.3 E:/openhoi/.orchestrator/wt/WP-12/client

 ❯ src/networkValidation.test.ts (114 tests | 1 failed) 39ms
   × P-06 accepted messages preserve full u64 strings and shutdown does not duplicate callbacks 5ms

⎯⎯⎯⎯⎯⎯⎯ Failed Tests 1 ⎯⎯⎯⎯⎯⎯⎯

 FAIL  src/networkValidation.test.ts > P-06 accepted messages preserve full u64 strings and shutdown does not duplicate callbacks
AssertionError: expected "vi.fn()" to be called with arguments: [ { type: 'Snapshot', …(1) } ]

Number of calls: 0

 ❯ src/networkValidation.test.ts:92:19
     90|   const socket = Socket.latest;
     91|   socket.receive(valid[2]);
     92|   expect(receive).toHaveBeenCalledWith(valid[2]);
       |                   ^
     93|   expect(close).not.toHaveBeenCalled();
     94|   socket.onmessage?.({ data: new Uint8Array([193]).buffer });

⎯⎯⎯⎯⎯⎯⎯⎯⎯⎯⎯⎯⎯⎯⎯⎯⎯⎯⎯⎯⎯⎯⎯⎯[1/1]⎯


 Test Files  1 failed | 4 passed (5)
      Tests  1 failed | 122 passed (123)
   Start at  21:33:51
   Duration  472ms (tests 41%, import 32%, transform 24%, worker 2%)

exit=1
