
> openhoi-client@0.1.0 test:e2e
> playwright test malformed.spec.ts


Running 5 tests using 5 workers

(node:22800) Warning: The 'NO_COLOR' env is ignored due to the 'FORCE_COLOR' env being set.
(Use `node --trace-warnings ...` to show where the warning was created)
(node:10392) Warning: The 'NO_COLOR' env is ignored due to the 'FORCE_COLOR' env being set.
(Use `node --trace-warnings ...` to show where the warning was created)
(node:34916) Warning: The 'NO_COLOR' env is ignored due to the 'FORCE_COLOR' env being set.
(Use `node --trace-warnings ...` to show where the warning was created)
(node:17844) Warning: The 'NO_COLOR' env is ignored due to the 'FORCE_COLOR' env being set.
(Use `node --trace-warnings ...` to show where the warning was created)
(node:27272) Warning: The 'NO_COLOR' env is ignored due to the 'FORCE_COLOR' env being set.
(Use `node --trace-warnings ...` to show where the warning was created)
  ok 3 [chromium] › e2e\malformed.spec.ts:7:1 › P-06 malformed MessagePack Snapshot preserves shell and closes connection (1.7s)
  ok 4 [edge] › e2e\malformed.spec.ts:7:1 › P-06 malformed MessagePack Snapshot preserves shell and closes connection (1.8s)
  ok 5 [webkit] › e2e\malformed.spec.ts:7:1 › P-06 malformed MessagePack Snapshot preserves shell and closes connection (2.3s)
  ok 2 [chrome] › e2e\malformed.spec.ts:7:1 › P-06 malformed MessagePack Snapshot preserves shell and closes connection (2.5s)
  ok 1 [firefox] › e2e\malformed.spec.ts:7:1 › P-06 malformed MessagePack Snapshot preserves shell and closes connection (3.9s)

  5 passed (7.3s)
exit=0
