
> openhoi-client@0.1.0 pretest
> cargo run -p oh_proto --example wire_fixtures

   Compiling oh_proto v0.1.0 (E:\openhoi\.orchestrator\wt\WP-12\crates\oh_proto)
    Finished `dev` profile [unoptimized + debuginfo] target(s) in 2.32s
     Running `E:\openhoi\.orchestrator\wt\WP-12\target\debug\examples\wire_fixtures.exe`

> openhoi-client@0.1.0 test
> vitest run


 RUN  v5.0.3 E:/openhoi/.orchestrator/wt/WP-12/client

 ❯ src/networkValidation.test.ts (114 tests | 114 failed) 62ms
   × P-06 generated server contract accepts all Rust server wire fixtures without coercion 5ms
   × P-06 rejects malformed server contract case 0 0ms
   × P-06 rejects malformed server contract case 1 0ms
   × P-06 rejects malformed server contract case 2 0ms
   × P-06 rejects malformed server contract case 3 0ms
   × P-06 rejects malformed server contract case 4 0ms
   × P-06 rejects malformed server contract case 5 0ms
   × P-06 rejects malformed server contract case 6 0ms
   × P-06 rejects malformed server contract case 7 0ms
   × P-06 rejects malformed server contract case 8 0ms
   × P-06 rejects malformed server contract case 9 0ms
   × P-06 rejects malformed server contract case 10 0ms
   × P-06 rejects malformed server contract case 11 0ms
   × P-06 rejects malformed server contract case 12 0ms
   × P-06 rejects malformed server contract case 13 0ms
   × P-06 rejects malformed server contract case 14 0ms
   × P-06 rejects malformed server contract case 15 0ms
   × P-06 rejects malformed server contract case 16 0ms
   × P-06 rejects malformed server contract case 17 0ms
   × P-06 rejects malformed server contract case 18 0ms
   × P-06 rejects malformed server contract case 19 0ms
   × P-06 rejects malformed server contract case 20 0ms
   × P-06 rejects malformed server contract case 21 0ms
   × P-06 rejects malformed server contract case 22 0ms
   × P-06 rejects malformed server contract case 23 1ms
   × P-06 rejects malformed server contract case 24 0ms
   × P-06 rejects malformed server contract case 25 0ms
   × P-06 rejects malformed server contract case 26 0ms
   × P-06 rejects malformed server contract case 27 0ms
   × P-06 rejects malformed server contract case 28 0ms
   × P-06 rejects malformed server contract case 29 0ms
   × P-06 rejects malformed server contract case 30 0ms
   × P-06 rejects malformed server contract case 31 0ms
   × P-06 rejects malformed server contract case 32 0ms
   × P-06 rejects malformed server contract case 33 0ms
   × P-06 rejects malformed server contract case 34 0ms
   × P-06 rejects malformed server contract case 35 0ms
   × P-06 rejects malformed server contract case 36 0ms
   × P-06 rejects malformed server contract case 37 0ms
   × P-06 rejects malformed server contract case 38 0ms
   × P-06 rejects malformed server contract case 39 0ms
   × P-06 rejects malformed server contract case 40 0ms
   × P-06 rejects malformed server contract case 41 0ms
   × P-06 rejects malformed server contract case 42 0ms
   × P-06 rejects malformed server contract case 43 0ms
   × P-06 rejects malformed server contract case 44 0ms
   × P-06 rejects malformed server contract case 45 0ms
   × P-06 rejects malformed server contract case 46 0ms
   × P-06 rejects malformed server contract case 47 0ms
   × P-06 rejects malformed server contract case 48 0ms
   × P-06 rejects malformed server contract case 49 0ms
   × P-06 rejects malformed server contract case 50 0ms
   × P-06 rejects malformed server contract case 51 0ms
   × P-06 rejects malformed server contract case 52 0ms
   × P-06 rejects malformed server contract case 53 0ms
   × P-06 rejects malformed server contract case 54 0ms
   × P-06 rejects malformed server contract case 55 0ms
   × P-06 connection rejects decoded shape before React: null 21ms
   × P-06 connection rejects decoded shape before React: [] 1ms
   × P-06 connection rejects decoded shape before React: "Snapshot" 1ms
   × P-06 connection rejects decoded shape before React: 3 0ms
   × P-06 connection rejects decoded shape before React: {} 1ms
   × P-06 connection rejects decoded shape before React: {"type":"Unknown"} 1ms
   × P-06 connection rejects decoded shape before React: {"type":"Snapshot","state":{"date":{"invalid":true},"hour":0,"tick":"18446744073709551615","paused":false,"speed":1}} 1ms
   × P-06 connection rejects decoded shape before React: {"type":"Snapshot","state":null} 0ms
   × P-06 connection rejects decoded shape before React: {"type":"Snapshot","state":[]} 0ms
   × P-06 connection rejects decoded shape before React: {"type":"Snapshot","state":{"date":{"invalid":true},"hour":0,"tick":"18446744073709551615","paused":false,"speed":1}} 0ms
   × P-06 connection rejects decoded shape before React: {"type":"Snapshot","state":{"date":"2000-01-01","hour":{"invalid":true},"tick":"18446744073709551615","paused":false,"speed":1}} 0ms
   × P-06 connection rejects decoded shape before React: {"type":"Snapshot","state":{"date":"2000-01-01","hour":0,"tick":{"invalid":true},"paused":false,"speed":1}} 0ms
   × P-06 connection rejects decoded shape before React: {"type":"Snapshot","state":{"date":"2000-01-01","hour":0,"tick":"18446744073709551615","paused":{"invalid":true},"speed":1}} 0ms
   × P-06 connection rejects decoded shape before React: {"type":"Snapshot","state":{"date":"2000-01-01","hour":0,"tick":"18446744073709551615","paused":false,"speed":{"invalid":true}}} 0ms
   × P-06 connection rejects decoded shape before React: {"type":"Snapshot","state":{"date":"2000-01-01","hour":null,"tick":"18446744073709551615","paused":false,"speed":1}} 1ms
   × P-06 connection rejects decoded shape before React: {"type":"Snapshot","state":{"date":"2000-01-01","hour":null,"tick":"18446744073709551615","paused":false,"speed":1}} 0ms
   × P-06 connection rejects decoded shape before React: {"type":"Snapshot","state":{"date":"2000-01-01","hour":-1,"tick":"18446744073709551615","paused":false,"speed":1}} 0ms
   × P-06 connection rejects decoded shape before React: {"type":"Snapshot","state":{"date":"2000-01-01","hour":256,"tick":"18446744073709551615","paused":false,"speed":1}} 0ms
   × P-06 connection rejects decoded shape before React: {"type":"Snapshot","state":{"date":"2000-01-01","hour":1.5,"tick":"18446744073709551615","paused":false,"speed":1}} 0ms
   × P-06 connection rejects decoded shape before React: {"type":"Delta","sequence":{},"state":{"date":"2000-01-01","hour":0,"tick":"18446744073709551615","paused":false,"speed":1}} 0ms
   × P-06 connection rejects decoded shape before React: {"type":"QueryResult","request":"time","supported":true,"reason_key":null,"state":{"date":"2000-01-01","hour":0,"tick":18446744073709552000,"paused":false,"speed":1}} 0ms
   × P-06 connection rejects decoded shape before React: {"type":"QueryResult","request":{},"supported":true,"reason_key":null,"state":{"date":"2000-01-01","hour":0,"tick":"18446744073709551615","paused":false,"speed":1}} 0ms
   × P-06 connection rejects decoded shape before React: {"type":"QueryResult","request":"time","supported":"true","reason_key":null,"state":{"date":"2000-01-01","hour":0,"tick":"18446744073709551615","paused":false,"speed":1}} 0ms
   × P-06 connection rejects decoded shape before React: {"type":"QueryResult","request":"time","supported":false,"reason_key":{},"state":null} 0ms
   × P-06 connection rejects decoded shape before React: {"type":"Notice","key":{"invalid":true}} 0ms
   × P-06 connection rejects decoded shape before React: {"type":"CommandResult","sequence":"1","accepted":true,"reason_key":[]} 0ms
   × P-06 connection rejects decoded shape before React: {"type":"Welcome","engine_version":"0.1","protocol_version":"m0-v1","accepted":true,"reason_key":null,"packs":[{}],"sessions":["local"]} 1ms
   × P-06 connection rejects decoded shape before React: {"type":"Welcome","engine_version":"0.1","protocol_version":"m0-v1","accepted":true,"reason_key":null,"packs":[],"sessions":[{}]} 0ms
   × P-06 connection rejects decoded shape before React: {"engine_version":"0.1.0","protocol_version":"m0-v1","accepted":true,"reason_key":null,"packs":[{"id":"testland","version":"0.1.0","hash":"ff"}],"sessions":["local"]} 0ms
   × P-06 connection rejects decoded shape before React: {"type":"Welcome","protocol_version":"m0-v1","accepted":true,"reason_key":null,"packs":[{"id":"testland","version":"0.1.0","hash":"ff"}],"sessions":["local"]} 0ms
   × P-06 connection rejects decoded shape before React: {"type":"Welcome","engine_version":"0.1.0","accepted":true,"reason_key":null,"packs":[{"id":"testland","version":"0.1.0","hash":"ff"}],"sessions":["local"]} 0ms
   × P-06 connection rejects decoded shape before React: {"type":"Welcome","engine_version":"0.1.0","protocol_version":"m0-v1","reason_key":null,"packs":[{"id":"testland","version":"0.1.0","hash":"ff"}],"sessions":["local"]} 0ms
   × P-06 connection rejects decoded shape before React: {"type":"Welcome","engine_version":"0.1.0","protocol_version":"m0-v1","accepted":true,"packs":[{"id":"testland","version":"0.1.0","hash":"ff"}],"sessions":["local"]} 0ms
   × P-06 connection rejects decoded shape before React: {"type":"Welcome","engine_version":"0.1.0","protocol_version":"m0-v1","accepted":true,"reason_key":null,"sessions":["local"]} 0ms
   × P-06 connection rejects decoded shape before React: {"type":"Welcome","engine_version":"0.1.0","protocol_version":"m0-v1","accepted":true,"reason_key":null,"packs":[{"id":"testland","version":"0.1.0","hash":"ff"}]} 0ms
   × P-06 connection rejects decoded shape before React: {"sequence":"18446744073709551615","accepted":false,"reason_key":"invalid-speed"} 0ms
   × P-06 connection rejects decoded shape before React: {"type":"CommandResult","accepted":false,"reason_key":"invalid-speed"} 0ms
   × P-06 connection rejects decoded shape before React: {"type":"CommandResult","sequence":"18446744073709551615","reason_key":"invalid-speed"} 0ms
   × P-06 connection rejects decoded shape before React: {"type":"CommandResult","sequence":"18446744073709551615","accepted":false} 0ms
   × P-06 connection rejects decoded shape before React: {"state":{"date":"2000-01-01","hour":0,"tick":"18446744073709551615","paused":false,"speed":1}} 1ms
   × P-06 connection rejects decoded shape before React: {"type":"Snapshot"} 0ms
   × P-06 connection rejects decoded shape before React: {"sequence":"18446744073709551615","state":{"date":"2000-01-01","hour":0,"tick":"18446744073709551615","paused":false,"speed":1}} 0ms
   × P-06 connection rejects decoded shape before React: {"type":"Delta","state":{"date":"2000-01-01","hour":0,"tick":"18446744073709551615","paused":false,"speed":1}} 1ms
   × P-06 connection rejects decoded shape before React: {"type":"Delta","sequence":"18446744073709551615"} 0ms
   × P-06 connection rejects decoded shape before React: {"request":"time","supported":true,"reason_key":null,"state":{"date":"2000-01-01","hour":0,"tick":"18446744073709551615","paused":false,"speed":1}} 0ms
   × P-06 connection rejects decoded shape before React: {"type":"QueryResult","supported":true,"reason_key":null,"state":{"date":"2000-01-01","hour":0,"tick":"18446744073709551615","paused":false,"speed":1}} 1ms
   × P-06 connection rejects decoded shape before React: {"type":"QueryResult","request":"time","reason_key":null,"state":{"date":"2000-01-01","hour":0,"tick":"18446744073709551615","paused":false,"speed":1}} 2ms
   × P-06 connection rejects decoded shape before React: {"type":"QueryResult","request":"time","supported":true,"state":{"date":"2000-01-01","hour":0,"tick":"18446744073709551615","paused":false,"speed":1}} 0ms
   × P-06 connection rejects decoded shape before React: {"type":"QueryResult","request":"time","supported":true,"reason_key":null} 0ms
   × P-06 connection rejects decoded shape before React: {"request":"ledger","supported":false,"reason_key":"unsupported-query","state":null} 0ms
   × P-06 connection rejects decoded shape before React: {"type":"QueryResult","supported":false,"reason_key":"unsupported-query","state":null} 0ms
   × P-06 connection rejects decoded shape before React: {"type":"QueryResult","request":"ledger","reason_key":"unsupported-query","state":null} 0ms
   × P-06 connection rejects decoded shape before React: {"type":"QueryResult","request":"ledger","supported":false,"state":null} 0ms
   × P-06 connection rejects decoded shape before React: {"type":"QueryResult","request":"ledger","supported":false,"reason_key":"unsupported-query"} 0ms
   × P-06 connection rejects decoded shape before React: {"key":"unregistered-key"} 0ms
   × P-06 connection rejects decoded shape before React: {"type":"Notice"} 0ms
   × P-06 accepted messages preserve full u64 strings and shutdown does not duplicate callbacks 1ms

⎯⎯⎯⎯⎯⎯ Failed Tests 114 ⎯⎯⎯⎯⎯⎯

 FAIL  src/networkValidation.test.ts > P-06 generated server contract accepts all Rust server wire fixtures without coercion
TypeError: isServerMessage is not a function
 ❯ src/networkValidation.test.ts:23:48
     21|   const serverFixtures = fixtures.filter(fixture => serverTypes.has((f…
     22|   expect(serverFixtures).toHaveLength(6);
     23|   for (const fixture of serverFixtures) expect(isServerMessage(fixture…
       |                                                ^
     24|   for (const message of valid) expect(isServerMessage(message)).toBe(t…
     25| });

⎯⎯⎯⎯⎯⎯⎯⎯⎯⎯⎯⎯⎯⎯⎯⎯⎯⎯⎯⎯⎯⎯[1/114]⎯

 FAIL  src/networkValidation.test.ts > P-06 rejects malformed server contract case 0
 FAIL  src/networkValidation.test.ts > P-06 rejects malformed server contract case 1
 FAIL  src/networkValidation.test.ts > P-06 rejects malformed server contract case 2
 FAIL  src/networkValidation.test.ts > P-06 rejects malformed server contract case 3
 FAIL  src/networkValidation.test.ts > P-06 rejects malformed server contract case 4
 FAIL  src/networkValidation.test.ts > P-06 rejects malformed server contract case 5
 FAIL  src/networkValidation.test.ts > P-06 rejects malformed server contract case 6
 FAIL  src/networkValidation.test.ts > P-06 rejects malformed server contract case 7
 FAIL  src/networkValidation.test.ts > P-06 rejects malformed server contract case 8
 FAIL  src/networkValidation.test.ts > P-06 rejects malformed server contract case 9
 FAIL  src/networkValidation.test.ts > P-06 rejects malformed server contract case 10
 FAIL  src/networkValidation.test.ts > P-06 rejects malformed server contract case 11
 FAIL  src/networkValidation.test.ts > P-06 rejects malformed server contract case 12
 FAIL  src/networkValidation.test.ts > P-06 rejects malformed server contract case 13
 FAIL  src/networkValidation.test.ts > P-06 rejects malformed server contract case 14
 FAIL  src/networkValidation.test.ts > P-06 rejects malformed server contract case 15
 FAIL  src/networkValidation.test.ts > P-06 rejects malformed server contract case 16
 FAIL  src/networkValidation.test.ts > P-06 rejects malformed server contract case 17
 FAIL  src/networkValidation.test.ts > P-06 rejects malformed server contract case 18
 FAIL  src/networkValidation.test.ts > P-06 rejects malformed server contract case 19
 FAIL  src/networkValidation.test.ts > P-06 rejects malformed server contract case 20
 FAIL  src/networkValidation.test.ts > P-06 rejects malformed server contract case 21
 FAIL  src/networkValidation.test.ts > P-06 rejects malformed server contract case 22
 FAIL  src/networkValidation.test.ts > P-06 rejects malformed server contract case 23
 FAIL  src/networkValidation.test.ts > P-06 rejects malformed server contract case 24
 FAIL  src/networkValidation.test.ts > P-06 rejects malformed server contract case 25
 FAIL  src/networkValidation.test.ts > P-06 rejects malformed server contract case 26
 FAIL  src/networkValidation.test.ts > P-06 rejects malformed server contract case 27
 FAIL  src/networkValidation.test.ts > P-06 rejects malformed server contract case 28
 FAIL  src/networkValidation.test.ts > P-06 rejects malformed server contract case 29
 FAIL  src/networkValidation.test.ts > P-06 rejects malformed server contract case 30
 FAIL  src/networkValidation.test.ts > P-06 rejects malformed server contract case 31
 FAIL  src/networkValidation.test.ts > P-06 rejects malformed server contract case 32
 FAIL  src/networkValidation.test.ts > P-06 rejects malformed server contract case 33
 FAIL  src/networkValidation.test.ts > P-06 rejects malformed server contract case 34
 FAIL  src/networkValidation.test.ts > P-06 rejects malformed server contract case 35
 FAIL  src/networkValidation.test.ts > P-06 rejects malformed server contract case 36
 FAIL  src/networkValidation.test.ts > P-06 rejects malformed server contract case 37
 FAIL  src/networkValidation.test.ts > P-06 rejects malformed server contract case 38
 FAIL  src/networkValidation.test.ts > P-06 rejects malformed server contract case 39
 FAIL  src/networkValidation.test.ts > P-06 rejects malformed server contract case 40
 FAIL  src/networkValidation.test.ts > P-06 rejects malformed server contract case 41
 FAIL  src/networkValidation.test.ts > P-06 rejects malformed server contract case 42
 FAIL  src/networkValidation.test.ts > P-06 rejects malformed server contract case 43
 FAIL  src/networkValidation.test.ts > P-06 rejects malformed server contract case 44
 FAIL  src/networkValidation.test.ts > P-06 rejects malformed server contract case 45
 FAIL  src/networkValidation.test.ts > P-06 rejects malformed server contract case 46
 FAIL  src/networkValidation.test.ts > P-06 rejects malformed server contract case 47
 FAIL  src/networkValidation.test.ts > P-06 rejects malformed server contract case 48
 FAIL  src/networkValidation.test.ts > P-06 rejects malformed server contract case 49
 FAIL  src/networkValidation.test.ts > P-06 rejects malformed server contract case 50
 FAIL  src/networkValidation.test.ts > P-06 rejects malformed server contract case 51
 FAIL  src/networkValidation.test.ts > P-06 rejects malformed server contract case 52
 FAIL  src/networkValidation.test.ts > P-06 rejects malformed server contract case 53
 FAIL  src/networkValidation.test.ts > P-06 rejects malformed server contract case 54
 FAIL  src/networkValidation.test.ts > P-06 rejects malformed server contract case 55
TypeError: isServerMessage is not a function
 ❯ src/networkValidation.test.ts:50:77
     48| }
     49| for (const [index, message] of invalid.entries()) {
     50|   test(`P-06 rejects malformed server contract case ${index}`, () => e…
       |                                                                             ^
     51| }
     52|

⎯⎯⎯⎯⎯⎯⎯⎯⎯⎯⎯⎯⎯⎯⎯⎯⎯⎯⎯⎯⎯⎯[2/114]⎯

 FAIL  src/networkValidation.test.ts > P-06 connection rejects decoded shape before React: null
 FAIL  src/networkValidation.test.ts > P-06 connection rejects decoded shape before React: []
 FAIL  src/networkValidation.test.ts > P-06 connection rejects decoded shape before React: "Snapshot"
 FAIL  src/networkValidation.test.ts > P-06 connection rejects decoded shape before React: 3
 FAIL  src/networkValidation.test.ts > P-06 connection rejects decoded shape before React: {}
 FAIL  src/networkValidation.test.ts > P-06 connection rejects decoded shape before React: {"type":"Unknown"}
 FAIL  src/networkValidation.test.ts > P-06 connection rejects decoded shape before React: {"type":"Snapshot","state":{"date":{"invalid":true},"hour":0,"tick":"18446744073709551615","paused":false,"speed":1}}
 FAIL  src/networkValidation.test.ts > P-06 connection rejects decoded shape before React: {"type":"Snapshot","state":null}
 FAIL  src/networkValidation.test.ts > P-06 connection rejects decoded shape before React: {"type":"Snapshot","state":[]}
 FAIL  src/networkValidation.test.ts > P-06 connection rejects decoded shape before React: {"type":"Snapshot","state":{"date":{"invalid":true},"hour":0,"tick":"18446744073709551615","paused":false,"speed":1}}
 FAIL  src/networkValidation.test.ts > P-06 connection rejects decoded shape before React: {"type":"Snapshot","state":{"date":"2000-01-01","hour":{"invalid":true},"tick":"18446744073709551615","paused":false,"speed":1}}
 FAIL  src/networkValidation.test.ts > P-06 connection rejects decoded shape before React: {"type":"Snapshot","state":{"date":"2000-01-01","hour":0,"tick":{"invalid":true},"paused":false,"speed":1}}
 FAIL  src/networkValidation.test.ts > P-06 connection rejects decoded shape before React: {"type":"Snapshot","state":{"date":"2000-01-01","hour":0,"tick":"18446744073709551615","paused":{"invalid":true},"speed":1}}
 FAIL  src/networkValidation.test.ts > P-06 connection rejects decoded shape before React: {"type":"Snapshot","state":{"date":"2000-01-01","hour":0,"tick":"18446744073709551615","paused":false,"speed":{"invalid":true}}}
 FAIL  src/networkValidation.test.ts > P-06 connection rejects decoded shape before React: {"type":"Snapshot","state":{"date":"2000-01-01","hour":null,"tick":"18446744073709551615","paused":false,"speed":1}}
 FAIL  src/networkValidation.test.ts > P-06 connection rejects decoded shape before React: {"type":"Snapshot","state":{"date":"2000-01-01","hour":null,"tick":"18446744073709551615","paused":false,"speed":1}}
 FAIL  src/networkValidation.test.ts > P-06 connection rejects decoded shape before React: {"type":"Snapshot","state":{"date":"2000-01-01","hour":-1,"tick":"18446744073709551615","paused":false,"speed":1}}
 FAIL  src/networkValidation.test.ts > P-06 connection rejects decoded shape before React: {"type":"Snapshot","state":{"date":"2000-01-01","hour":256,"tick":"18446744073709551615","paused":false,"speed":1}}
 FAIL  src/networkValidation.test.ts > P-06 connection rejects decoded shape before React: {"type":"Snapshot","state":{"date":"2000-01-01","hour":1.5,"tick":"18446744073709551615","paused":false,"speed":1}}
 FAIL  src/networkValidation.test.ts > P-06 connection rejects decoded shape before React: {"type":"Delta","sequence":{},"state":{"date":"2000-01-01","hour":0,"tick":"18446744073709551615","paused":false,"speed":1}}
 FAIL  src/networkValidation.test.ts > P-06 connection rejects decoded shape before React: {"type":"QueryResult","request":"time","supported":true,"reason_key":null,"state":{"date":"2000-01-01","hour":0,"tick":18446744073709552000,"paused":false,"speed":1}}
 FAIL  src/networkValidation.test.ts > P-06 connection rejects decoded shape before React: {"type":"QueryResult","request":{},"supported":true,"reason_key":null,"state":{"date":"2000-01-01","hour":0,"tick":"18446744073709551615","paused":false,"speed":1}}
 FAIL  src/networkValidation.test.ts > P-06 connection rejects decoded shape before React: {"type":"QueryResult","request":"time","supported":"true","reason_key":null,"state":{"date":"2000-01-01","hour":0,"tick":"18446744073709551615","paused":false,"speed":1}}
 FAIL  src/networkValidation.test.ts > P-06 connection rejects decoded shape before React: {"type":"QueryResult","request":"time","supported":false,"reason_key":{},"state":null}
 FAIL  src/networkValidation.test.ts > P-06 connection rejects decoded shape before React: {"type":"Notice","key":{"invalid":true}}
 FAIL  src/networkValidation.test.ts > P-06 connection rejects decoded shape before React: {"type":"CommandResult","sequence":"1","accepted":true,"reason_key":[]}
 FAIL  src/networkValidation.test.ts > P-06 connection rejects decoded shape before React: {"type":"Welcome","engine_version":"0.1","protocol_version":"m0-v1","accepted":true,"reason_key":null,"packs":[{}],"sessions":["local"]}
 FAIL  src/networkValidation.test.ts > P-06 connection rejects decoded shape before React: {"type":"Welcome","engine_version":"0.1","protocol_version":"m0-v1","accepted":true,"reason_key":null,"packs":[],"sessions":[{}]}
 FAIL  src/networkValidation.test.ts > P-06 connection rejects decoded shape before React: {"engine_version":"0.1.0","protocol_version":"m0-v1","accepted":true,"reason_key":null,"packs":[{"id":"testland","version":"0.1.0","hash":"ff"}],"sessions":["local"]}
 FAIL  src/networkValidation.test.ts > P-06 connection rejects decoded shape before React: {"type":"Welcome","protocol_version":"m0-v1","accepted":true,"reason_key":null,"packs":[{"id":"testland","version":"0.1.0","hash":"ff"}],"sessions":["local"]}
 FAIL  src/networkValidation.test.ts > P-06 connection rejects decoded shape before React: {"type":"Welcome","engine_version":"0.1.0","accepted":true,"reason_key":null,"packs":[{"id":"testland","version":"0.1.0","hash":"ff"}],"sessions":["local"]}
 FAIL  src/networkValidation.test.ts > P-06 connection rejects decoded shape before React: {"type":"Welcome","engine_version":"0.1.0","protocol_version":"m0-v1","reason_key":null,"packs":[{"id":"testland","version":"0.1.0","hash":"ff"}],"sessions":["local"]}
 FAIL  src/networkValidation.test.ts > P-06 connection rejects decoded shape before React: {"type":"Welcome","engine_version":"0.1.0","protocol_version":"m0-v1","accepted":true,"packs":[{"id":"testland","version":"0.1.0","hash":"ff"}],"sessions":["local"]}
 FAIL  src/networkValidation.test.ts > P-06 connection rejects decoded shape before React: {"type":"Welcome","engine_version":"0.1.0","protocol_version":"m0-v1","accepted":true,"reason_key":null,"sessions":["local"]}
 FAIL  src/networkValidation.test.ts > P-06 connection rejects decoded shape before React: {"type":"Welcome","engine_version":"0.1.0","protocol_version":"m0-v1","accepted":true,"reason_key":null,"packs":[{"id":"testland","version":"0.1.0","hash":"ff"}]}
 FAIL  src/networkValidation.test.ts > P-06 connection rejects decoded shape before React: {"sequence":"18446744073709551615","accepted":false,"reason_key":"invalid-speed"}
 FAIL  src/networkValidation.test.ts > P-06 connection rejects decoded shape before React: {"type":"CommandResult","accepted":false,"reason_key":"invalid-speed"}
 FAIL  src/networkValidation.test.ts > P-06 connection rejects decoded shape before React: {"type":"CommandResult","sequence":"18446744073709551615","reason_key":"invalid-speed"}
 FAIL  src/networkValidation.test.ts > P-06 connection rejects decoded shape before React: {"type":"CommandResult","sequence":"18446744073709551615","accepted":false}
 FAIL  src/networkValidation.test.ts > P-06 connection rejects decoded shape before React: {"state":{"date":"2000-01-01","hour":0,"tick":"18446744073709551615","paused":false,"speed":1}}
 FAIL  src/networkValidation.test.ts > P-06 connection rejects decoded shape before React: {"type":"Snapshot"}
 FAIL  src/networkValidation.test.ts > P-06 connection rejects decoded shape before React: {"sequence":"18446744073709551615","state":{"date":"2000-01-01","hour":0,"tick":"18446744073709551615","paused":false,"speed":1}}
 FAIL  src/networkValidation.test.ts > P-06 connection rejects decoded shape before React: {"type":"Delta","state":{"date":"2000-01-01","hour":0,"tick":"18446744073709551615","paused":false,"speed":1}}
 FAIL  src/networkValidation.test.ts > P-06 connection rejects decoded shape before React: {"type":"Delta","sequence":"18446744073709551615"}
 FAIL  src/networkValidation.test.ts > P-06 connection rejects decoded shape before React: {"request":"time","supported":true,"reason_key":null,"state":{"date":"2000-01-01","hour":0,"tick":"18446744073709551615","paused":false,"speed":1}}
 FAIL  src/networkValidation.test.ts > P-06 connection rejects decoded shape before React: {"type":"QueryResult","supported":true,"reason_key":null,"state":{"date":"2000-01-01","hour":0,"tick":"18446744073709551615","paused":false,"speed":1}}
 FAIL  src/networkValidation.test.ts > P-06 connection rejects decoded shape before React: {"type":"QueryResult","request":"time","reason_key":null,"state":{"date":"2000-01-01","hour":0,"tick":"18446744073709551615","paused":false,"speed":1}}
 FAIL  src/networkValidation.test.ts > P-06 connection rejects decoded shape before React: {"type":"QueryResult","request":"time","supported":true,"state":{"date":"2000-01-01","hour":0,"tick":"18446744073709551615","paused":false,"speed":1}}
 FAIL  src/networkValidation.test.ts > P-06 connection rejects decoded shape before React: {"type":"QueryResult","request":"time","supported":true,"reason_key":null}
 FAIL  src/networkValidation.test.ts > P-06 connection rejects decoded shape before React: {"request":"ledger","supported":false,"reason_key":"unsupported-query","state":null}
 FAIL  src/networkValidation.test.ts > P-06 connection rejects decoded shape before React: {"type":"QueryResult","supported":false,"reason_key":"unsupported-query","state":null}
 FAIL  src/networkValidation.test.ts > P-06 connection rejects decoded shape before React: {"type":"QueryResult","request":"ledger","reason_key":"unsupported-query","state":null}
 FAIL  src/networkValidation.test.ts > P-06 connection rejects decoded shape before React: {"type":"QueryResult","request":"ledger","supported":false,"state":null}
 FAIL  src/networkValidation.test.ts > P-06 connection rejects decoded shape before React: {"type":"QueryResult","request":"ledger","supported":false,"reason_key":"unsupported-query"}
 FAIL  src/networkValidation.test.ts > P-06 connection rejects decoded shape before React: {"key":"unregistered-key"}
 FAIL  src/networkValidation.test.ts > P-06 connection rejects decoded shape before React: {"type":"Notice"}
AssertionError: expected "vi.fn()" to be called once with arguments: [ 'invalid-server-message' ]

Received:

  1st vi.fn() call:

- [
-   "invalid-server-message",
- ]
+ []

  2nd vi.fn() call:

- [
-   "invalid-server-message",
- ]
+ []


Number of calls: 2

 ❯ src/networkValidation.test.ts:79:19
     77|     socket.receive(message);
     78|     expect(receive).not.toHaveBeenCalled();
     79|     expect(close).toHaveBeenCalledExactlyOnceWith('invalid-server-mess…
       |                   ^
     80|     expect(socket.closeCount).toBe(1);
     81|     connection.send({ type: 'Query', request: 'time', kind: 'time' });

⎯⎯⎯⎯⎯⎯⎯⎯⎯⎯⎯⎯⎯⎯⎯⎯⎯⎯⎯⎯⎯⎯[3/114]⎯

 FAIL  src/networkValidation.test.ts > P-06 accepted messages preserve full u64 strings and shutdown does not duplicate callbacks
AssertionError: expected "vi.fn()" to be called with arguments: [ { type: 'Snapshot', …(1) } ]

Number of calls: 0

 ❯ src/networkValidation.test.ts:92:19
     90|   const socket = Socket.latest;
     91|   socket.receive(valid[2]);
     92|   expect(receive).toHaveBeenCalledWith(valid[2]);
       |                   ^
     93|   expect(close).not.toHaveBeenCalled();
     94|   socket.onmessage?.({ data: new Uint8Array([193]).buffer });

⎯⎯⎯⎯⎯⎯⎯⎯⎯⎯⎯⎯⎯⎯⎯⎯⎯⎯⎯⎯⎯⎯[4/114]⎯


 Test Files  1 failed | 4 passed (5)
      Tests  114 failed | 9 passed (123)
   Start at  21:32:50
   Duration  1.21s (transform 55%, import 24%, tests 18%, worker 3%)

exit=1
