
> openhoi-client@0.1.0 test:e2e
> playwright test --project=chromium malformed.spec.ts


Running 1 test using 1 worker

(node:9868) Warning: The 'NO_COLOR' env is ignored due to the 'FORCE_COLOR' env being set.
(Use `node --trace-warnings ...` to show where the warning was created)
  x  1 [chromium] › e2e\malformed.spec.ts:7:1 › P-06 malformed MessagePack Snapshot preserves shell and closes connection (1.2s)


  1) [chromium] › e2e\malformed.spec.ts:7:1 › P-06 malformed MessagePack Snapshot preserves shell and closes connection 

    Error: Invalid server structure must not crash React

    expect(received).toEqual(expected) // deep equality

    - Expected  - 1
    + Received  + 3

    - Array []
    + Array [
    +   "Minified React error #31; visit https://react.dev/errors/31?args[]=object%20with%20keys%20%7Binvalid%7D for the full message or use the non-minified dev environment for full errors and additional helpful warnings.",
    + ]

      21 |   writeFileSync(`${evidence}/${info.project.name}-malformed-snapshot.json`, JSON.stringify(observed, null, 2));
      22 |   await page.screenshot({ path: `${evidence}/${info.project.name}-malformed-snapshot.png` });
    > 23 |   expect(errors, 'Invalid server structure must not crash React').toEqual([]);
         |                                                                   ^
      24 |   await expect(page.getByTestId('connection')).toHaveText('Disconnected');
      25 |   await expect(page.getByTestId('pause')).toBeDisabled();
      26 |   await expect(page.getByRole('alert')).toHaveText('Invalid server message; connection closed');
        at E:\openhoi\.orchestrator\wt\WP-12\client\e2e\malformed.spec.ts:23:67

    Error Context: test-results\malformed-P-06-malformed-M-44268-shell-and-closes-connection-chromium\error-context.md

  1 failed
    [chromium] › e2e\malformed.spec.ts:7:1 › P-06 malformed MessagePack Snapshot preserves shell and closes connection 
exit=1
