chrome bad-id-shape Disconnected close 1 errors 0
chrome bad-state-shape Disconnected close 1 errors 0
chrome bad-province-shape Disconnected close 1 errors 0
chrome bad-scalar-shape Disconnected close 1 errors 0
chrome bad-support-shape Disconnected close 1 errors 0
chrome bad-ledger-row Disconnected close 1 errors 0
chrome bad-palette Disconnected close 1 errors 0
chrome bad-world-metadata Disconnected close 1 errors 0
chrome unknown-state-owner Connected close 0 errors 0
chrome unknown-province-owner Connected close 0 errors 0
chrome unknown-controller Connected close 0 errors 0
chrome unknown-state Connected close 0 errors 0
chrome unknown-capital Connected close 0 errors 0
chrome empty-nations Connected close 0 errors 0
chrome empty-states Connected close 0 errors 0
chrome empty-provinces Connected close 0 errors 0
chrome empty-ledger Connected close 0 errors 0
chrome empty-support Connected close 0 errors 0
chrome null-world Connected close 0 errors 0
chrome refused-world Connected close 0 errors 0
chrome precision-wire Connected close 0 errors 0
edge bad-id-shape Disconnected close 1 errors 0
edge bad-state-shape Disconnected close 1 errors 0
edge bad-province-shape Disconnected close 1 errors 0
edge bad-scalar-shape Disconnected close 1 errors 0
edge bad-support-shape Disconnected close 1 errors 0
edge bad-ledger-row Disconnected close 1 errors 0
edge bad-palette Disconnected close 1 errors 0
edge bad-world-metadata Disconnected close 1 errors 0
edge unknown-state-owner Connected close 0 errors 0
edge unknown-province-owner Connected close 0 errors 0
edge unknown-controller Connected close 0 errors 0
edge unknown-state Connected close 0 errors 0
edge unknown-capital Connected close 0 errors 0
edge empty-nations Connected close 0 errors 0
edge empty-states Connected close 0 errors 0
edge empty-provinces Connected close 0 errors 0
edge empty-ledger Connected close 0 errors 0
edge empty-support Connected close 0 errors 0
edge null-world Connected close 0 errors 0
edge refused-world Connected close 0 errors 0
edge precision-wire Connected close 0 errors 0
chromium bad-id-shape Disconnected close 1 errors 0
chromium bad-state-shape Disconnected close 1 errors 0
chromium bad-province-shape Disconnected close 1 errors 0
chromium bad-scalar-shape Disconnected close 1 errors 0
chromium bad-support-shape Disconnected close 1 errors 0
chromium bad-ledger-row Disconnected close 1 errors 0
chromium bad-palette Disconnected close 1 errors 0
chromium bad-world-metadata Disconnected close 1 errors 0
chromium unknown-state-owner Connected close 0 errors 0
chromium unknown-province-owner Connected close 0 errors 0
chromium unknown-controller Connected close 0 errors 0
chromium unknown-state Connected close 0 errors 0
chromium unknown-capital Connected close 0 errors 0
chromium empty-nations Connected close 0 errors 0
chromium empty-states Connected close 0 errors 0
chromium empty-provinces Connected close 0 errors 0
chromium empty-ledger Connected close 0 errors 0
chromium empty-support Connected close 0 errors 0
chromium null-world Connected close 0 errors 0
chromium refused-world Connected close 0 errors 0
chromium precision-wire Connected close 0 errors 0
firefox bad-id-shape Disconnected close 1 errors 0
firefox bad-state-shape Disconnected close 1 errors 0
firefox bad-province-shape Disconnected close 1 errors 0
firefox bad-scalar-shape Disconnected close 1 errors 0
firefox bad-support-shape Disconnected close 1 errors 0
firefox bad-ledger-row Disconnected close 1 errors 0
firefox bad-palette Disconnected close 1 errors 0
firefox bad-world-metadata Disconnected close 1 errors 0
firefox unknown-state-owner Connected close 0 errors 0
firefox unknown-province-owner Connected close 0 errors 0
firefox unknown-controller Connected close 0 errors 0
firefox unknown-state Connected close 0 errors 0
firefox unknown-capital Connected close 0 errors 0
firefox empty-nations Connected close 0 errors 0
firefox empty-states Connected close 0 errors 0
firefox empty-provinces Connected close 0 errors 0
firefox empty-ledger Connected close 0 errors 0
firefox empty-support Connected close 0 errors 0
firefox null-world Connected close 0 errors 0
firefox refused-world Connected close 0 errors 0
firefox precision-wire Connected close 0 errors 0
webkit bad-id-shape Disconnected close 1 errors 0
webkit bad-state-shape Disconnected close 1 errors 0
webkit bad-province-shape Disconnected close 1 errors 0
webkit bad-scalar-shape Disconnected close 1 errors 0
webkit bad-support-shape Disconnected close 1 errors 0
webkit bad-ledger-row Disconnected close 1 errors 0
webkit bad-palette Disconnected close 1 errors 0
webkit bad-world-metadata Disconnected close 1 errors 0
webkit unknown-state-owner Connected close 0 errors 0
webkit unknown-province-owner Connected close 0 errors 0
webkit unknown-controller Connected close 0 errors 0
webkit unknown-state Connected close 0 errors 0
webkit unknown-capital Connected close 0 errors 0
webkit empty-nations Connected close 0 errors 0
webkit empty-states Connected close 0 errors 0
webkit empty-provinces Connected close 0 errors 0
webkit empty-ledger Connected close 0 errors 0
webkit empty-support Connected close 0 errors 0
webkit null-world Connected close 0 errors 0
webkit refused-world Connected close 0 errors 0
webkit precision-wire Connected close 0 errors 0
Independent adversarial cases passed 105
