test_capture_invokes_actual_m1_pack_and_scenario_twice (test_sim_determinism.M1EvidenceTests.test_capture_invokes_actual_m1_pack_and_scenario_twice) ... ok
test_compare_requires_m1_command_identity_on_three_os (test_sim_determinism.M1EvidenceTests.test_compare_requires_m1_command_identity_on_three_os) ... ok
test_m1_does_not_accept_m0_artifacts (test_sim_determinism.M1EvidenceTests.test_m1_does_not_accept_m0_artifacts) ... ok
test_m1_failed_capture_cannot_leave_a_success_marker (test_sim_determinism.M1EvidenceTests.test_m1_failed_capture_cannot_leave_a_success_marker) ... ok
test_capture_rejects_command_failure (test_sim_determinism.SimEvidenceTests.test_capture_rejects_command_failure) ... ok
test_capture_rejects_repeated_hash_mismatch (test_sim_determinism.SimEvidenceTests.test_capture_rejects_repeated_hash_mismatch) ... ok
test_capture_runs_real_1000_tick_cli_twice (test_sim_determinism.SimEvidenceTests.test_capture_runs_real_1000_tick_cli_twice) ... ok
test_compare_accepts_three_equal_os (test_sim_determinism.SimEvidenceTests.test_compare_accepts_three_equal_os) ... ok
test_compare_rejects_cross_os_mismatch_even_when_each_repeat_matches (test_sim_determinism.SimEvidenceTests.test_compare_rejects_cross_os_mismatch_even_when_each_repeat_matches) ... ok
test_compare_rejects_invalid_or_mismatched_hash (test_sim_determinism.SimEvidenceTests.test_compare_rejects_invalid_or_mismatched_hash) ... ok
test_compare_rejects_missing_extra_os_and_missing_repeat (test_sim_determinism.SimEvidenceTests.test_compare_rejects_missing_extra_os_and_missing_repeat) ... ok
test_compare_rejects_repeat_disagreement (test_sim_determinism.SimEvidenceTests.test_compare_rejects_repeat_disagreement) ... ok
test_failed_recapture_clears_old_success_marker (test_sim_determinism.SimEvidenceTests.test_failed_recapture_clears_old_success_marker) ... ok

----------------------------------------------------------------------
Ran 13 tests in 0.122s

OK
actual simulation: 1000 ticks, seed 1, two runs: 0123456789abcdef
ubuntu-latest: 0123456789abcdef
windows-latest: 0123456789abcdef
macos-latest: 0123456789abcdef
actual simulation: 1000 ticks, seed 1, two runs: 0123456789abcdef
ubuntu-latest: 0123456789abcdef
windows-latest: 0123456789abcdef
macos-latest: 0123456789abcdef
