   Compiling socket2 v0.6.5
   Compiling mio v1.2.4
   Compiling serde v1.0.229
   Compiling toml v1.1.6+spec-1.1.0
   Compiling ts-rs v12.0.1
   Compiling oh_server v0.1.0 (E:\openhoi\.orchestrator\wt\WP-09-verify\crates\oh_server)
   Compiling tokio v1.53.2
   Compiling postcard v1.1.3
   Compiling fixed v1.31.0
   Compiling schemars v1.2.2
   Compiling rmp-serde v1.3.1
   Compiling hyper v1.11.1
   Compiling tokio-tungstenite v0.29.0
   Compiling tower v0.5.3
   Compiling hyper-util v0.1.21
   Compiling axum v0.8.9
   Compiling oh_core v0.1.0 (E:\openhoi\.orchestrator\wt\WP-09-verify\crates\oh_core)
   Compiling oh_data v0.1.0 (E:\openhoi\.orchestrator\wt\WP-09-verify\crates\oh_data)
   Compiling oh_sim v0.1.0 (E:\openhoi\.orchestrator\wt\WP-09-verify\crates\oh_sim)
   Compiling oh_ai v0.1.0 (E:\openhoi\.orchestrator\wt\WP-09-verify\crates\oh_ai)
   Compiling oh_save v0.1.0 (E:\openhoi\.orchestrator\wt\WP-09-verify\crates\oh_save)
   Compiling oh_proto v0.1.0 (E:\openhoi\.orchestrator\wt\WP-09-verify\crates\oh_proto)
    Finished `dev` profile [unoptimized + debuginfo] target(s) in 12.04s
