   Compiling wp09-independent-probe v0.0.0 (E:\openhoi\.orchestrator\wt\WP-09-verify\target\wp09-verify\probe)
error[E0308]: mismatched types
  --> src\main.rs:29:104
   |
29 | ...time").unwrap().insert("initial_speed".into(),oh_data::Number::Integer(2));assert_ne!(make(&config,1).state_hash().unwrap(),h);
   |                    ------                        ^^^^^^^^^^^^^^^^^^^^^^^^^^^ expected `DefineValue`, found `Number`
   |                    |
   |                    arguments to this method are incorrect
   |
help: the return type of this call is `oh_data::Number` due to the type of the argument passed
  --> src\main.rs:29:27
   |
29 | ....clone();config.pack.defines.0.get_mut("time").unwrap().insert("initial_speed".into(),oh_data::Number::Integer(2));assert_ne!(mak...
   |             ^^^^^^^^^^^^^^^^^^^^^^^^^^^^^^^^^^^^^^^^^^^^^^^^^^^^^^^^^^^^^^^^^^^^^^^^^^^^^---------------------------^
   |                                                                                          |
   |                                                                                          this argument influences the return type of `insert`
note: method defined here
  --> /rustc/b940084d7eb6a299eb4bfeb8e34901bc051e7ac4/library\alloc\src\collections\btree\map.rs:1045:11
help: try wrapping the expression in `oh_data::DefineValue::Number`
   |
29 |  let mut config=d.clone();config.pack.defines.0.get_mut("time").unwrap().insert("initial_speed".into(),oh_data::DefineValue::Number(oh_data::Number::Integer(2)));assert_ne!(make(&config,1).state_hash().unwrap(),h);
   |                                                                                                        +++++++++++++++++++++++++++++                           +

For more information about this error, try `rustc --explain E0308`.
error: could not compile `wp09-independent-probe` (bin "wp09-independent-probe") due to 1 previous error
