    Blocking waiting for file lock on build directory
    Checking cfg-if v1.0.5
   Compiling serde_core v1.0.229
    Checking typenum v1.20.1
    Checking itoa v1.0.18
    Checking rand_core v0.10.1
    Checking bytemuck v1.25.2
    Checking bitflags v2.13.2
    Checking simd-adler32 v0.3.10
    Checking az v1.3.0
    Checking adler2 v2.0.1
    Checking memchr v2.8.3
   Compiling syn v3.0.6
    Checking zmij v1.0.23
    Checking winnow v1.0.4
    Checking dyn-clone v1.0.20
    Checking zerocopy v0.8.60
    Checking crc32fast v1.5.2
    Checking toml_writer v1.1.2+spec-1.1.0
    Checking semver v1.0.28
   Compiling getrandom v0.3.4
    Checking num-traits v0.2.19
    Checking miniz_oxide v0.9.1
    Checking miniz_oxide v0.8.9
    Checking fdeflate v0.3.7
    Checking bytes v1.12.1
   Compiling version_check v0.9.5
    Checking windows-link v0.2.1
    Checking pin-project-lite v0.2.17
    Checking toml_parser v1.1.3+spec-1.1.0
    Checking futures-core v0.3.34
    Checking windows-sys v0.61.2
   Compiling httparse v1.10.1
    Checking futures-task v0.3.34
    Checking cpufeatures v0.2.17
    Checking flate2 v1.1.10
    Checking futures-sink v0.3.34
    Checking tower-service v0.3.3
   Compiling generic-array v0.14.7
    Checking slab v0.4.12
    Checking futures-channel v0.3.34
    Checking atomic-waker v1.1.2
    Checking http v1.5.0
    Checking smallvec v1.16.2
    Checking tower-layer v0.3.3
    Checking rmp v0.8.15
    Checking log v0.4.34
    Checking rand_core v0.9.5
    Checking unarray v0.1.4
    Checking futures-util v0.3.34
    Checking httpdate v1.0.3
    Checking png v0.18.1
    Checking regex-syntax v0.8.11
    Checking data-encoding v2.11.1
    Checking sync_wrapper v1.0.2
    Checking mime v0.3.17
    Checking rand_xorshift v0.4.0
    Checking percent-encoding v2.3.2
    Checking base64 v0.22.1
    Checking matchit v0.8.4
   Compiling oh_server v0.1.0 (E:\openhoi\.orchestrator\wt\WP-09-verify\crates\oh_server)
    Checking http-body v1.1.0
    Checking http-body-util v0.1.5
error: failed to run custom build command for `oh_server v0.1.0 (E:\openhoi\.orchestrator\wt\WP-09-verify\crates\oh_server)`

Caused by:
  process didn't exit successfully: `E:\openhoi\.orchestrator\wt\WP-09-verify\target\debug\build\oh_server-c6a28cd3fbd355ae\build-script-build` (exit code: 101)
  --- stdout
  cargo:rerun-if-changed=E:\openhoi\.orchestrator\wt\WP-09-verify\crates\oh_server\../../client/dist

  --- stderr

  thread 'main' (33680) panicked at crates\oh_server\build.rs:42:5:
  built client missing: run npm --prefix client ci && npm --prefix client run build BEFORE cargo build/test -p oh_server
  note: run with `RUST_BACKTRACE=1` environment variable to display a backtrace
warning: build failed, waiting for other jobs to finish...
