    Blocking waiting for file lock on build directory
    Checking toml_datetime v1.1.1+spec-1.1.0
    Checking serde_spanned v1.1.1
    Checking serde_json v1.0.151
    Checking thiserror v2.0.21
    Checking serde v1.0.229
    Checking ref-cast v1.0.27
    Checking socket2 v0.6.5
    Checking mio v1.2.4
    Checking ppv-lite86 v0.2.21
    Checking half v2.7.1
    Checking block-buffer v0.10.4
    Checking crypto-common v0.1.7
    Checking axum-core v0.5.6
   Compiling oh_server v0.1.0 (E:\openhoi\.orchestrator\wt\WP-09-verify\crates\oh_server)
    Checking cobs v0.3.0
    Checking ts-rs v12.0.1
    Checking digest v0.10.7
    Checking toml v1.1.6+spec-1.1.0
    Checking sha1 v0.10.7
    Checking rand_chacha v0.10.0
    Checking rand_chacha v0.9.0
    Checking tokio v1.53.2
    Checking fixed v1.31.0
    Checking postcard v1.1.3
    Checking rmp-serde v1.3.1
    Checking rand v0.9.5
    Checking schemars v1.2.2
    Checking tungstenite v0.29.0
    Checking proptest v1.11.0
    Checking hyper v1.11.1
    Checking tokio-tungstenite v0.29.0
    Checking tower v0.5.3
    Checking hyper-util v0.1.21
    Checking axum v0.8.9
    Checking oh_core v0.1.0 (E:\openhoi\.orchestrator\wt\WP-09-verify\crates\oh_core)
    Checking oh_data v0.1.0 (E:\openhoi\.orchestrator\wt\WP-09-verify\crates\oh_data)
    Checking oh_sim v0.1.0 (E:\openhoi\.orchestrator\wt\WP-09-verify\crates\oh_sim)
    Checking oh_save v0.1.0 (E:\openhoi\.orchestrator\wt\WP-09-verify\crates\oh_save)
    Checking oh_ai v0.1.0 (E:\openhoi\.orchestrator\wt\WP-09-verify\crates\oh_ai)
    Checking oh_proto v0.1.0 (E:\openhoi\.orchestrator\wt\WP-09-verify\crates\oh_proto)
    Checking oh_cli v0.1.0 (E:\openhoi\.orchestrator\wt\WP-09-verify\crates\oh_cli)
    Finished `dev` profile [unoptimized + debuginfo] target(s) in 8.59s
