{"argv": ["C:\\Users\\user\\AppData\\Local\\Programs\\Python\\Python311\\python.exe", "target/wp08-verify2/audit.py"], "cwd": "E:\\openhoi\\.orchestrator\\wt\\WP-08-verify2", "environment": {"OH_BROWSER_PRODUCTS": "1", "OH_TEST_PORT": "19414", "OH_E2E_EVIDENCE": "../target/wp08-verify2/e2e", "OH_MALFORMED_EVIDENCE": "../target/wp08-verify2/malformed", "OH_MAP_EVIDENCE": "../target/wp08-verify2/map", "OH_MAP_REDIRECT_EVIDENCE": "../target/wp08-verify2/redirect"}}
{
  "original": {
    "count": 208,
    "rawMatch": 151,
    "LFtoCRLFMatch": 57,
    "onlyFinalLFtoCRLFMatch": [],
    "unexplained": []
  },
  "/p06-redirect": {
    "count": 550,
    "rawMatch": 510,
    "LFtoCRLFMatch": 38,
    "onlyFinalLFtoCRLFMatch": [
      "independent-index-repro-original.cjs",
      "independent-repro-original.cjs"
    ],
    "unexplained": []
  },
  "first-map": {
    "chromium-first-map.png": true,
    "chromium-map.json": true,
    "chromium-Ownership.png": true,
    "chromium-States.png": true,
    "chromium-Terrain.png": true
  },
  "baseline": "afe523557a45e1c1299bdf922d5105c7a82aa27b41ff9c6d24a07f8fe2798d74",
  "forbidden": {},
  "unchangedGolden": "",
  "p06ProductDiff": "client/src/map/MapView.tsx\n",
  "servedIdentity": {
    "sourceCommit": "87c1a99a30de25732376d628958c68d37ce64cda",
    "exeSHA256": "876696b7b30ec4b9284633d95db6889328deade1b06fe16c1ec31dd9965b5294",
    "js": "/assets/index-DvCqic0J.js",
    "jsSHA256": "7c50c1bf1c77e859d3132e2c43ac34db3e056b57a65762260e7593ef3de401b5",
    "servedEqualsBuilt": true,
    "htmlSHA256": "8d03817660914d004b2897f984ac7d9b2227b9d5092d9fddd806fb3bfb096730",
    "packHash": "b8d30ba577f303c3",
    "port": 19415
  }
}

exit=0
