{"argv": ["C:/Program Files/nodejs/node.exe", "C:/Program Files/nodejs/node_modules/npm/bin/npm-cli.js", "--prefix", "client", "test"], "cwd": "E:\\openhoi\\.orchestrator\\wt\\WP-08-verify2", "environment": {"OH_BROWSER_PRODUCTS": "1", "OH_TEST_PORT": "19414", "OH_E2E_EVIDENCE": "../target/wp08-verify2/e2e", "OH_MALFORMED_EVIDENCE": "../target/wp08-verify2/malformed", "OH_MAP_EVIDENCE": "../target/wp08-verify2/map", "OH_MAP_REDIRECT_EVIDENCE": "../target/wp08-verify2/redirect"}}

> openhoi-client@0.1.0 pretest
> cargo run -p oh_proto --example wire_fixtures

   Compiling proc-macro2 v1.0.107
   Compiling unicode-ident v1.0.26
   Compiling quote v1.0.47
   Compiling serde_core v1.0.229
   Compiling serde v1.0.229
   Compiling zerocopy v0.8.60
   Compiling cfg-if v1.0.5
   Compiling thiserror v2.0.21
   Compiling simd-adler32 v0.3.10
   Compiling adler2 v2.0.1
   Compiling zmij v1.0.23
   Compiling crc32fast v1.5.2
   Compiling serde_json v1.0.151
   Compiling autocfg v1.5.1
   Compiling windows-link v0.2.1
   Compiling fixed v1.31.0
   Compiling ref-cast v1.0.27
   Compiling windows-sys v0.61.2
   Compiling miniz_oxide v0.9.1
   Compiling typenum v1.20.1
   Compiling winnow v1.0.4
   Compiling memchr v2.8.3
   Compiling num-traits v0.2.19
   Compiling az v1.3.0
   Compiling rand_core v0.10.1
   Compiling bytemuck v1.25.2
   Compiling itoa v1.0.18
   Compiling toml_parser v1.1.3+spec-1.1.0
   Compiling fdeflate v0.3.7
   Compiling miniz_oxide v0.8.9
   Compiling flate2 v1.1.10
   Compiling dyn-clone v1.0.20
   Compiling semver v1.0.28
   Compiling winapi-util v0.1.11
   Compiling toml_writer v1.1.2+spec-1.1.0
   Compiling bitflags v2.13.2
   Compiling termcolor v1.4.1
   Compiling png v0.18.1
   Compiling syn v3.0.6
   Compiling syn v2.0.119
   Compiling rmp v0.8.15
   Compiling toml_datetime v1.1.1+spec-1.1.0
   Compiling serde_spanned v1.1.1
   Compiling toml v1.1.6+spec-1.1.0
   Compiling serde_derive_internals v0.30.0
   Compiling serde_derive v1.0.229
   Compiling thiserror-impl v2.0.21
   Compiling ref-cast-impl v1.0.27
   Compiling schemars_derive v1.2.2
   Compiling cobs v0.3.0
   Compiling zerocopy-derive v0.8.60
   Compiling ts-rs-macros v12.0.1
   Compiling ts-rs v12.0.1
   Compiling postcard v1.1.3
   Compiling schemars v1.2.2
   Compiling rmp-serde v1.3.1
   Compiling ppv-lite86 v0.2.21
   Compiling half v2.7.1
   Compiling rand_chacha v0.10.0
   Compiling oh_core v0.1.0 (E:\openhoi\.orchestrator\wt\WP-08-verify2\crates\oh_core)
   Compiling oh_data v0.1.0 (E:\openhoi\.orchestrator\wt\WP-08-verify2\crates\oh_data)
   Compiling oh_sim v0.1.0 (E:\openhoi\.orchestrator\wt\WP-08-verify2\crates\oh_sim)
   Compiling oh_proto v0.1.0 (E:\openhoi\.orchestrator\wt\WP-08-verify2\crates\oh_proto)
    Finished `dev` profile [unoptimized + debuginfo] target(s) in 18.45s
     Running `E:\openhoi\.orchestrator\wt\WP-08-verify2\target\debug\examples\wire_fixtures.exe`

> openhoi-client@0.1.0 test
> vitest run


 RUN  v5.0.3 E:/openhoi/.orchestrator/wt/WP-08-verify2/client


 Test Files  7 passed (7)
      Tests  130 passed (130)
   Start at  00:37:36
   Duration  1.00s (import 49%, transform 23%, tests 19%, worker 8%)


exit=0
