{"argv": ["C:/Program Files/nodejs/node.exe", "C:/Program Files/nodejs/node_modules/npm/bin/npm-cli.js", "--prefix", "client", "run", "test:e2e", "--", "--config", "playwright.m1.config.ts", "--workers", "3", "--output", "../target/wp08-verify2/m1-results"], "cwd": "E:\\openhoi\\.orchestrator\\wt\\WP-08-verify2", "environment": {"OH_BROWSER_PRODUCTS": "1", "OH_TEST_PORT": "19414", "OH_E2E_EVIDENCE": "../target/wp08-verify2/e2e", "OH_MALFORMED_EVIDENCE": "../target/wp08-verify2/malformed", "OH_MAP_EVIDENCE": "../target/wp08-verify2/map", "OH_MAP_REDIRECT_EVIDENCE": "../target/wp08-verify2/redirect"}}

> openhoi-client@0.1.0 test:e2e
> playwright test --config playwright.m1.config.ts --workers 3 --output ../target/wp08-verify2/m1-results


Running 165 tests using 3 workers

(node:4052) Warning: The 'NO_COLOR' env is ignored due to the 'FORCE_COLOR' env being set.
(Use `node --trace-warnings ...` to show where the warning was created)
(node:19780) Warning: The 'NO_COLOR' env is ignored due to the 'FORCE_COLOR' env being set.
(Use `node --trace-warnings ...` to show where the warning was created)
(node:11476) Warning: The 'NO_COLOR' env is ignored due to the 'FORCE_COLOR' env being set.
(Use `node --trace-warnings ...` to show where the warning was created)
  ok   2 [chrome] › e2e-m1\map-redirect.spec.ts:15:3 › WP08 P06 metadata CORS redirect sends no foreign request on first load (1.1s)
  ok   4 [chrome] › e2e-m1\map-redirect.spec.ts:15:3 › WP08 P06 metadata CORS redirect sends no foreign request after valid selection (1.1s)
  ok   3 [chrome] › e2e-m1\map.spec.ts:11:1 › REQ-MAP-04/05 PLAT-03 actual map pixels, modes, pick and viewport (2.5s)
  ok   1 [chrome] › e2e-m1\malformed-world.spec.ts:5:1 › M1 malformed decoded ledger preserves last valid panel and closes connection (2.6s)
  ok   5 [chrome] › e2e-m1\map-redirect.spec.ts:15:3 › WP08 P06 index CORS redirect sends no foreign request on first load (774ms)
  ok   8 [chrome] › e2e-m1\map-redirect.spec.ts:15:3 › WP08 P06 index CORS redirect sends no foreign request after valid selection (1.1s)
  ok   9 [chrome] › e2e-m1\map-redirect.spec.ts:140:56 › WP08 P06 metadata same-origin redirect is also rejected before follow (434ms)
  ok   7 [chrome] › e2e-m1\national.spec.ts:6:1 › AC-M1-03 actual Rust M1 panels, separate owner/control, ledger, languages and time (2.0s)
  ok   6 [chrome] › e2e-m1\map.spec.ts:40:1 › REQ-PLAT-03 preferred actual backend produces the same map RGB and source shader (2.4s)
  ok  10 [chrome] › e2e-m1\map-redirect.spec.ts:140:56 › WP08 P06 index same-origin redirect is also rejected before follow (530ms)
  ok  11 [chrome] › e2e-m1\national.spec.ts:31:1 › REQ-NAT-01 MAP-08 actual query metadata, dense mapping, colors and refusal (881ms)
(node:33052) Warning: The 'NO_COLOR' env is ignored due to the 'FORCE_COLOR' env being set.
(Use `node --trace-warnings ...` to show where the warning was created)
(node:26736) Warning: The 'NO_COLOR' env is ignored due to the 'FORCE_COLOR' env being set.
(Use `node --trace-warnings ...` to show where the warning was created)
  ok  12 [chrome] › e2e-m1\map.spec.ts:48:1 › REQ-MAP-04 changed server RGB updates only affected lookup texel on actual backend (1.8s)
  ok  15 [edge] › e2e-m1\map-redirect.spec.ts:15:3 › WP08 P06 metadata CORS redirect sends no foreign request on first load (838ms)
  ok  14 [chrome] › e2e-m1\map.spec.ts:52:1 › REQ-MAP-04/05 RG8 high dense byte and LUT second row pick real ID65535 (1.6s)
  ok  13 [edge] › e2e-m1\malformed-world.spec.ts:5:1 › M1 malformed decoded ledger preserves last valid panel and closes connection (2.1s)
  ok  16 [edge] › e2e-m1\map-redirect.spec.ts:15:3 › WP08 P06 metadata CORS redirect sends no foreign request after valid selection (1.2s)
  ok  19 [edge] › e2e-m1\map-redirect.spec.ts:15:3 › WP08 P06 index CORS redirect sends no foreign request on first load (634ms)
  ok  18 [edge] › e2e-m1\map.spec.ts:11:1 › REQ-MAP-04/05 PLAT-03 actual map pixels, modes, pick and viewport (1.8s)
  ok  20 [edge] › e2e-m1\map-redirect.spec.ts:15:3 › WP08 P06 index CORS redirect sends no foreign request after valid selection (1.1s)
  ok  17 [chrome] › e2e-m1\map.spec.ts:59:33 › REQ-MAP-05 independent three border pixel oracle, u16 sentinel and camera preferred (2.7s)
  ok  22 [edge] › e2e-m1\map-redirect.spec.ts:140:56 › WP08 P06 metadata same-origin redirect is also rejected before follow (528ms)
  ok  24 [edge] › e2e-m1\map-redirect.spec.ts:140:56 › WP08 P06 index same-origin redirect is also rejected before follow (426ms)
  ok  21 [edge] › e2e-m1\map.spec.ts:40:1 › REQ-PLAT-03 preferred actual backend produces the same map RGB and source shader (1.7s)
  ok  25 [edge] › e2e-m1\map.spec.ts:48:1 › REQ-MAP-04 changed server RGB updates only affected lookup texel on actual backend (1.1s)
  ok  23 [chrome] › e2e-m1\map.spec.ts:59:33 › REQ-MAP-05 independent three border pixel oracle, u16 sentinel and camera WebGL2 (2.1s)
  ok  26 [edge] › e2e-m1\national.spec.ts:6:1 › AC-M1-03 actual Rust M1 panels, separate owner/control, ledger, languages and time (1.7s)
  ok  28 [chrome] › e2e-m1\map.spec.ts:93:93 › REQ-PLAT-03 missingGPU falls back to actual WebGL2 pixels (690ms)
  ok  27 [edge] › e2e-m1\map.spec.ts:52:1 › REQ-MAP-04/05 RG8 high dense byte and LUT second row pick real ID65535 (1.7s)
  ok  29 [edge] › e2e-m1\national.spec.ts:31:1 › REQ-NAT-01 MAP-08 actual query metadata, dense mapping, colors and refusal (1.1s)
  ok  30 [chrome] › e2e-m1\map.spec.ts:93:93 › REQ-PLAT-03 nullAdapter falls back to actual WebGL2 pixels (1.1s)
  ok  32 [chrome] › e2e-m1\map.spec.ts:93:93 › REQ-PLAT-03 adapterReject falls back to actual WebGL2 pixels (1.4s)
  ok  33 [chrome] › e2e-m1\map.spec.ts:93:93 › REQ-PLAT-03 deviceReject falls back to actual WebGL2 pixels (985ms)
  ok  34 [chrome] › e2e-m1\map.spec.ts:93:93 › REQ-PLAT-03 insecure falls back to actual WebGL2 pixels (826ms)
  ok  31 [edge] › e2e-m1\map.spec.ts:59:33 › REQ-MAP-05 independent three border pixel oracle, u16 sentinel and camera preferred (3.6s)
(node:4540) Warning: The 'NO_COLOR' env is ignored due to the 'FORCE_COLOR' env being set.
(Use `node --trace-warnings ...` to show where the warning was created)
  ok  35 [chrome] › e2e-m1\map.spec.ts:104:1 › REQ-PLAT-03 no backend shows localized notices (520ms)
  ok  37 [chrome] › e2e-m1\map.spec.ts:108:1 › REQ-PLAT-03 actual WebGL2 texture limit is checked before texture creation (478ms)
  ok  39 [chrome] › e2e-m1\map.spec.ts:112:1 › REQ-MAP-04 missing bundled index fails visibly without external download (473ms)
  ok  40 [chrome] › e2e-m1\map.spec.ts:116:116 › REQ-MAP-04 schema boundary oldVersion rejects atomically (491ms)
  ok  41 [chrome] › e2e-m1\map.spec.ts:116:116 › REQ-MAP-04 schema boundary futureVersion rejects atomically (399ms)
  ok  36 [edge] › e2e-m1\map.spec.ts:59:33 › REQ-MAP-05 independent three border pixel oracle, u16 sentinel and camera WebGL2 (2.2s)
  ok  38 [chromium] › e2e-m1\malformed-world.spec.ts:5:1 › M1 malformed decoded ledger preserves last valid panel and closes connection (2.0s)
  ok  42 [chrome] › e2e-m1\map.spec.ts:116:116 › REQ-MAP-04 schema boundary wrongPack rejects atomically (575ms)
  ok  43 [edge] › e2e-m1\map.spec.ts:93:93 › REQ-PLAT-03 missingGPU falls back to actual WebGL2 pixels (726ms)
  ok  44 [chromium] › e2e-m1\map-redirect.spec.ts:15:3 › WP08 P06 metadata CORS redirect sends no foreign request on first load (760ms)
  ok  45 [chrome] › e2e-m1\map.spec.ts:116:116 › REQ-MAP-04 schema boundary duplicateIds rejects atomically (496ms)
  ok  46 [edge] › e2e-m1\map.spec.ts:93:93 › REQ-PLAT-03 nullAdapter falls back to actual WebGL2 pixels (647ms)
  ok  48 [chrome] › e2e-m1\map.spec.ts:116:116 › REQ-MAP-04 schema boundary badStyle rejects atomically (536ms)
  ok  49 [edge] › e2e-m1\map.spec.ts:93:93 › REQ-PLAT-03 adapterReject falls back to actual WebGL2 pixels (871ms)
  ok  50 [chrome] › e2e-m1\map.spec.ts:116:116 › REQ-MAP-04 schema boundary shortBytes rejects atomically (869ms)
  ok  47 [chromium] › e2e-m1\map-redirect.spec.ts:15:3 › WP08 P06 metadata CORS redirect sends no foreign request after valid selection (1.5s)
  ok  52 [chrome] › e2e-m1\map.spec.ts:116:116 › REQ-MAP-04 schema boundary wrongHash rejects atomically (609ms)
  ok  51 [edge] › e2e-m1\map.spec.ts:93:93 › REQ-PLAT-03 deviceReject falls back to actual WebGL2 pixels (923ms)
  ok  53 [chromium] › e2e-m1\map-redirect.spec.ts:15:3 › WP08 P06 index CORS redirect sends no foreign request on first load (800ms)
  ok  55 [edge] › e2e-m1\map.spec.ts:93:93 › REQ-PLAT-03 insecure falls back to actual WebGL2 pixels (815ms)
  ok  56 [chromium] › e2e-m1\map-redirect.spec.ts:15:3 › WP08 P06 index CORS redirect sends no foreign request after valid selection (1.2s)
  ok  57 [edge] › e2e-m1\map.spec.ts:104:1 › REQ-PLAT-03 no backend shows localized notices (482ms)
  ok  58 [chromium] › e2e-m1\map-redirect.spec.ts:140:56 › WP08 P06 metadata same-origin redirect is also rejected before follow (271ms)
  ok  54 [chrome] › e2e-m1\map.spec.ts:126:70 › REQ-MAP-05 dangling preserves last valid map and closes wire (1.8s)
  ok  59 [edge] › e2e-m1\map.spec.ts:108:1 › REQ-PLAT-03 actual WebGL2 texture limit is checked before texture creation (422ms)
  ok  60 [chromium] › e2e-m1\map-redirect.spec.ts:140:56 › WP08 P06 index same-origin redirect is also rejected before follow (380ms)
  ok  62 [edge] › e2e-m1\map.spec.ts:112:1 › REQ-MAP-04 missing bundled index fails visibly without external download (484ms)
  ok  64 [edge] › e2e-m1\map.spec.ts:116:116 › REQ-MAP-04 schema boundary oldVersion rejects atomically (563ms)
  ok  65 [edge] › e2e-m1\map.spec.ts:116:116 › REQ-MAP-04 schema boundary futureVersion rejects atomically (520ms)
  ok  61 [chrome] › e2e-m1\map.spec.ts:126:70 › REQ-MAP-05 changedDimensions preserves last valid map and closes wire (1.7s)
  ok  63 [chromium] › e2e-m1\map.spec.ts:11:1 › REQ-MAP-04/05 PLAT-03 actual map pixels, modes, pick and viewport (1.7s)
  ok  66 [edge] › e2e-m1\map.spec.ts:116:116 › REQ-MAP-04 schema boundary wrongPack rejects atomically (565ms)
  ok  69 [edge] › e2e-m1\map.spec.ts:116:116 › REQ-MAP-04 schema boundary duplicateIds rejects atomically (493ms)
  ok  70 [edge] › e2e-m1\map.spec.ts:116:116 › REQ-MAP-04 schema boundary badStyle rejects atomically (472ms)
  ok  67 [chrome] › e2e-m1\map.spec.ts:126:70 › REQ-MAP-05 changedDense preserves last valid map and closes wire (1.7s)
  ok  68 [chromium] › e2e-m1\map.spec.ts:40:1 › REQ-PLAT-03 preferred actual backend produces the same map RGB and source shader (1.6s)
  ok  71 [edge] › e2e-m1\map.spec.ts:116:116 › REQ-MAP-04 schema boundary shortBytes rejects atomically (537ms)
(node:17120) Warning: The 'NO_COLOR' env is ignored due to the 'FORCE_COLOR' env being set.
(Use `node --trace-warnings ...` to show where the warning was created)
  ok  73 [edge] › e2e-m1\map.spec.ts:116:116 › REQ-MAP-04 schema boundary wrongHash rejects atomically (471ms)
  ok  72 [chromium] › e2e-m1\map.spec.ts:48:1 › REQ-MAP-04 changed server RGB updates only affected lookup texel on actual backend (1.6s)
  ok  76 [chromium] › e2e-m1\map.spec.ts:52:1 › REQ-MAP-04/05 RG8 high dense byte and LUT second row pick real ID65535 (656ms)
  ok  74 [edge] › e2e-m1\map.spec.ts:126:70 › REQ-MAP-05 dangling preserves last valid map and closes wire (1.7s)
  ok  75 [chromium] › e2e-m1\national.spec.ts:6:1 › AC-M1-03 actual Rust M1 panels, separate owner/control, ledger, languages and time (2.0s)
  ok  79 [chromium] › e2e-m1\national.spec.ts:31:1 › REQ-NAT-01 MAP-08 actual query metadata, dense mapping, colors and refusal (858ms)
  ok  78 [edge] › e2e-m1\map.spec.ts:126:70 › REQ-MAP-05 changedDimensions preserves last valid map and closes wire (1.6s)
(node:2120) Warning: The 'NO_COLOR' env is ignored due to the 'FORCE_COLOR' env being set.
(Use `node --trace-warnings ...` to show where the warning was created)
  ok  77 [chromium] › e2e-m1\map.spec.ts:59:33 › REQ-MAP-05 independent three border pixel oracle, u16 sentinel and camera preferred (2.3s)
  ok  80 [edge] › e2e-m1\map.spec.ts:126:70 › REQ-MAP-05 changedDense preserves last valid map and closes wire (1.7s)
(node:3284) Warning: The 'NO_COLOR' env is ignored due to the 'FORCE_COLOR' env being set.
(Use `node --trace-warnings ...` to show where the warning was created)
  ok  81 [chromium] › e2e-m1\map.spec.ts:59:33 › REQ-MAP-05 independent three border pixel oracle, u16 sentinel and camera WebGL2 (2.4s)
  ok  84 [chromium] › e2e-m1\map.spec.ts:93:93 › REQ-PLAT-03 missingGPU falls back to actual WebGL2 pixels (626ms)
  ok  85 [chromium] › e2e-m1\map.spec.ts:93:93 › REQ-PLAT-03 nullAdapter falls back to actual WebGL2 pixels (560ms)
  ok  86 [chromium] › e2e-m1\map.spec.ts:93:93 › REQ-PLAT-03 adapterReject falls back to actual WebGL2 pixels (488ms)
  ok  87 [chromium] › e2e-m1\map.spec.ts:93:93 › REQ-PLAT-03 deviceReject falls back to actual WebGL2 pixels (503ms)
  ok  88 [chromium] › e2e-m1\map.spec.ts:93:93 › REQ-PLAT-03 insecure falls back to actual WebGL2 pixels (603ms)
  ok  89 [chromium] › e2e-m1\map.spec.ts:104:1 › REQ-PLAT-03 no backend shows localized notices (262ms)
  ok  90 [chromium] › e2e-m1\map.spec.ts:108:1 › REQ-PLAT-03 actual WebGL2 texture limit is checked before texture creation (233ms)
  ok  82 [firefox] › e2e-m1\malformed-world.spec.ts:5:1 › M1 malformed decoded ledger preserves last valid panel and closes connection (5.3s)
  ok  91 [chromium] › e2e-m1\map.spec.ts:112:1 › REQ-MAP-04 missing bundled index fails visibly without external download (267ms)
  ok  93 [chromium] › e2e-m1\map.spec.ts:116:116 › REQ-MAP-04 schema boundary oldVersion rejects atomically (294ms)
  ok  94 [chromium] › e2e-m1\map.spec.ts:116:116 › REQ-MAP-04 schema boundary futureVersion rejects atomically (314ms)
  ok  83 [firefox] › e2e-m1\map-redirect.spec.ts:15:3 › WP08 P06 metadata CORS redirect sends no foreign request on first load (3.9s)
  ok  95 [chromium] › e2e-m1\map.spec.ts:116:116 › REQ-MAP-04 schema boundary wrongPack rejects atomically (312ms)
  ok  97 [chromium] › e2e-m1\map.spec.ts:116:116 › REQ-MAP-04 schema boundary duplicateIds rejects atomically (303ms)
  ok  98 [chromium] › e2e-m1\map.spec.ts:116:116 › REQ-MAP-04 schema boundary badStyle rejects atomically (311ms)
  ok  99 [chromium] › e2e-m1\map.spec.ts:116:116 › REQ-MAP-04 schema boundary shortBytes rejects atomically (310ms)
  ok  92 [firefox] › e2e-m1\map.spec.ts:11:1 › REQ-MAP-04/05 PLAT-03 actual map pixels, modes, pick and viewport (2.0s)
  ok  96 [firefox] › e2e-m1\map-redirect.spec.ts:15:3 › WP08 P06 metadata CORS redirect sends no foreign request after valid selection (1.4s)
  ok 100 [chromium] › e2e-m1\map.spec.ts:116:116 › REQ-MAP-04 schema boundary wrongHash rejects atomically (322ms)
  ok 102 [firefox] › e2e-m1\map-redirect.spec.ts:15:3 › WP08 P06 index CORS redirect sends no foreign request on first load (871ms)
  ok 103 [chromium] › e2e-m1\map.spec.ts:126:70 › REQ-MAP-05 dangling preserves last valid map and closes wire (1.4s)
  ok 101 [firefox] › e2e-m1\map.spec.ts:40:1 › REQ-PLAT-03 preferred actual backend produces the same map RGB and source shader (1.8s)
  ok 104 [firefox] › e2e-m1\map-redirect.spec.ts:15:3 › WP08 P06 index CORS redirect sends no foreign request after valid selection (1.8s)
  ok 106 [firefox] › e2e-m1\map.spec.ts:48:1 › REQ-MAP-04 changed server RGB updates only affected lookup texel on actual backend (1.2s)
  ok 107 [firefox] › e2e-m1\map-redirect.spec.ts:140:56 › WP08 P06 metadata same-origin redirect is also rejected before follow (500ms)
  ok 105 [chromium] › e2e-m1\map.spec.ts:126:70 › REQ-MAP-05 changedDimensions preserves last valid map and closes wire (1.9s)
  ok 109 [firefox] › e2e-m1\map-redirect.spec.ts:140:56 › WP08 P06 index same-origin redirect is also rejected before follow (506ms)
  ok 108 [firefox] › e2e-m1\map.spec.ts:52:1 › REQ-MAP-04/05 RG8 high dense byte and LUT second row pick real ID65535 (1.0s)
  ok 110 [chromium] › e2e-m1\map.spec.ts:126:70 › REQ-MAP-05 changedDense preserves last valid map and closes wire (1.9s)
  ok 111 [firefox] › e2e-m1\national.spec.ts:6:1 › AC-M1-03 actual Rust M1 panels, separate owner/control, ledger, languages and time (2.0s)
(node:32812) Warning: The 'NO_COLOR' env is ignored due to the 'FORCE_COLOR' env being set.
(Use `node --trace-warnings ...` to show where the warning was created)
  ok 112 [firefox] › e2e-m1\map.spec.ts:59:33 › REQ-MAP-05 independent three border pixel oracle, u16 sentinel and camera preferred (2.2s)
  ok 113 [firefox] › e2e-m1\national.spec.ts:31:1 › REQ-NAT-01 MAP-08 actual query metadata, dense mapping, colors and refusal (848ms)
(node:31016) Warning: The 'NO_COLOR' env is ignored due to the 'FORCE_COLOR' env being set.
(Use `node --trace-warnings ...` to show where the warning was created)
  ok 115 [firefox] › e2e-m1\map.spec.ts:59:33 › REQ-MAP-05 independent three border pixel oracle, u16 sentinel and camera WebGL2 (2.2s)
  ok 114 [webkit] › e2e-m1\malformed-world.spec.ts:5:1 › M1 malformed decoded ledger preserves last valid panel and closes connection (2.3s)
  ok 116 [webkit] › e2e-m1\map-redirect.spec.ts:15:3 › WP08 P06 metadata CORS redirect sends no foreign request on first load (1.0s)
  ok 117 [firefox] › e2e-m1\map.spec.ts:93:93 › REQ-PLAT-03 missingGPU falls back to actual WebGL2 pixels (719ms)
  ok 120 [firefox] › e2e-m1\map.spec.ts:93:93 › REQ-PLAT-03 nullAdapter falls back to actual WebGL2 pixels (714ms)
  ok 119 [webkit] › e2e-m1\map-redirect.spec.ts:15:3 › WP08 P06 metadata CORS redirect sends no foreign request after valid selection (2.2s)
  ok 121 [firefox] › e2e-m1\map.spec.ts:93:93 › REQ-PLAT-03 adapterReject falls back to actual WebGL2 pixels (1.4s)
  ok 122 [webkit] › e2e-m1\map-redirect.spec.ts:15:3 › WP08 P06 index CORS redirect sends no foreign request on first load (963ms)
  ok 118 [webkit] › e2e-m1\map.spec.ts:11:1 › REQ-MAP-04/05 PLAT-03 actual map pixels, modes, pick and viewport (3.5s)
  ok 123 [firefox] › e2e-m1\map.spec.ts:93:93 › REQ-PLAT-03 deviceReject falls back to actual WebGL2 pixels (931ms)
  ok 126 [firefox] › e2e-m1\map.spec.ts:93:93 › REQ-PLAT-03 insecure falls back to actual WebGL2 pixels (731ms)
  ok 127 [firefox] › e2e-m1\map.spec.ts:104:1 › REQ-PLAT-03 no backend shows localized notices (593ms)
  ok 124 [webkit] › e2e-m1\map-redirect.spec.ts:15:3 › WP08 P06 index CORS redirect sends no foreign request after valid selection (2.2s)
  ok 128 [firefox] › e2e-m1\map.spec.ts:108:1 › REQ-PLAT-03 actual WebGL2 texture limit is checked before texture creation (600ms)
  ok 130 [firefox] › e2e-m1\map.spec.ts:112:1 › REQ-MAP-04 missing bundled index fails visibly without external download (447ms)
  ok 129 [webkit] › e2e-m1\map-redirect.spec.ts:140:56 › WP08 P06 metadata same-origin redirect is also rejected before follow (697ms)
  ok 125 [webkit] › e2e-m1\map.spec.ts:40:1 › REQ-PLAT-03 preferred actual backend produces the same map RGB and source shader (3.0s)
  ok 131 [firefox] › e2e-m1\map.spec.ts:116:116 › REQ-MAP-04 schema boundary oldVersion rejects atomically (443ms)
  ok 132 [webkit] › e2e-m1\map-redirect.spec.ts:140:56 › WP08 P06 index same-origin redirect is also rejected before follow (670ms)
  ok 134 [firefox] › e2e-m1\map.spec.ts:116:116 › REQ-MAP-04 schema boundary futureVersion rejects atomically (408ms)
  ok 136 [firefox] › e2e-m1\map.spec.ts:116:116 › REQ-MAP-04 schema boundary wrongPack rejects atomically (414ms)
  ok 137 [firefox] › e2e-m1\map.spec.ts:116:116 › REQ-MAP-04 schema boundary duplicateIds rejects atomically (485ms)
  ok 133 [webkit] › e2e-m1\map.spec.ts:48:1 › REQ-MAP-04 changed server RGB updates only affected lookup texel on actual backend (2.5s)
  ok 138 [firefox] › e2e-m1\map.spec.ts:116:116 › REQ-MAP-04 schema boundary badStyle rejects atomically (1.1s)
  ok 140 [firefox] › e2e-m1\map.spec.ts:116:116 › REQ-MAP-04 schema boundary shortBytes rejects atomically (449ms)
  ok 141 [firefox] › e2e-m1\map.spec.ts:116:116 › REQ-MAP-04 schema boundary wrongHash rejects atomically (423ms)
  ok 135 [webkit] › e2e-m1\national.spec.ts:6:1 › AC-M1-03 actual Rust M1 panels, separate owner/control, ledger, languages and time (3.6s)
  ok 139 [webkit] › e2e-m1\map.spec.ts:52:1 › REQ-MAP-04/05 RG8 high dense byte and LUT second row pick real ID65535 (1.7s)
  ok 143 [webkit] › e2e-m1\national.spec.ts:31:1 › REQ-NAT-01 MAP-08 actual query metadata, dense mapping, colors and refusal (791ms)
  ok 142 [firefox] › e2e-m1\map.spec.ts:126:70 › REQ-MAP-05 dangling preserves last valid map and closes wire (1.6s)
  ok 145 [firefox] › e2e-m1\map.spec.ts:126:70 › REQ-MAP-05 changedDimensions preserves last valid map and closes wire (1.5s)
  ok 144 [webkit] › e2e-m1\map.spec.ts:59:33 › REQ-MAP-05 independent three border pixel oracle, u16 sentinel and camera preferred (3.6s)
  ok 146 [firefox] › e2e-m1\map.spec.ts:126:70 › REQ-MAP-05 changedDense preserves last valid map and closes wire (1.6s)
  ok 147 [webkit] › e2e-m1\map.spec.ts:59:33 › REQ-MAP-05 independent three border pixel oracle, u16 sentinel and camera WebGL2 (3.6s)
  ok 148 [webkit] › e2e-m1\map.spec.ts:93:93 › REQ-PLAT-03 missingGPU falls back to actual WebGL2 pixels (1.1s)
  ok 149 [webkit] › e2e-m1\map.spec.ts:93:93 › REQ-PLAT-03 nullAdapter falls back to actual WebGL2 pixels (1.1s)
  ok 150 [webkit] › e2e-m1\map.spec.ts:93:93 › REQ-PLAT-03 adapterReject falls back to actual WebGL2 pixels (1.0s)
  ok 151 [webkit] › e2e-m1\map.spec.ts:93:93 › REQ-PLAT-03 deviceReject falls back to actual WebGL2 pixels (1.1s)
  ok 152 [webkit] › e2e-m1\map.spec.ts:93:93 › REQ-PLAT-03 insecure falls back to actual WebGL2 pixels (1.1s)
  ok 153 [webkit] › e2e-m1\map.spec.ts:104:1 › REQ-PLAT-03 no backend shows localized notices (672ms)
  ok 154 [webkit] › e2e-m1\map.spec.ts:108:1 › REQ-PLAT-03 actual WebGL2 texture limit is checked before texture creation (580ms)
  ok 155 [webkit] › e2e-m1\map.spec.ts:112:1 › REQ-MAP-04 missing bundled index fails visibly without external download (601ms)
  ok 156 [webkit] › e2e-m1\map.spec.ts:116:116 › REQ-MAP-04 schema boundary oldVersion rejects atomically (638ms)
  ok 157 [webkit] › e2e-m1\map.spec.ts:116:116 › REQ-MAP-04 schema boundary futureVersion rejects atomically (581ms)
  ok 158 [webkit] › e2e-m1\map.spec.ts:116:116 › REQ-MAP-04 schema boundary wrongPack rejects atomically (567ms)
  ok 159 [webkit] › e2e-m1\map.spec.ts:116:116 › REQ-MAP-04 schema boundary duplicateIds rejects atomically (570ms)
  ok 160 [webkit] › e2e-m1\map.spec.ts:116:116 › REQ-MAP-04 schema boundary badStyle rejects atomically (567ms)
  ok 161 [webkit] › e2e-m1\map.spec.ts:116:116 › REQ-MAP-04 schema boundary shortBytes rejects atomically (578ms)
  ok 162 [webkit] › e2e-m1\map.spec.ts:116:116 › REQ-MAP-04 schema boundary wrongHash rejects atomically (546ms)
  ok 163 [webkit] › e2e-m1\map.spec.ts:126:70 › REQ-MAP-05 dangling preserves last valid map and closes wire (2.1s)
  ok 164 [webkit] › e2e-m1\map.spec.ts:126:70 › REQ-MAP-05 changedDimensions preserves last valid map and closes wire (2.1s)
  ok 165 [webkit] › e2e-m1\map.spec.ts:126:70 › REQ-MAP-05 changedDense preserves last valid map and closes wire (2.1s)

  165 passed (1.5m)

exit=0
