{"argv": ["C:/Program Files/nodejs/node.exe", "C:/Program Files/nodejs/node_modules/npm/bin/npm-cli.js", "--prefix", "client", "run", "test:e2e", "--", "--config", "../target/wp08-verify2/old.playwright.config.ts", "--workers", "3", "--output", "../target/wp08-verify2/old-results"], "cwd": "E:\\openhoi\\.orchestrator\\wt\\WP-08-verify2", "environment": {"OH_BROWSER_PRODUCTS": "1", "OH_TEST_PORT": "19414", "OH_E2E_EVIDENCE": "../target/wp08-verify2/e2e", "OH_MALFORMED_EVIDENCE": "../target/wp08-verify2/malformed", "OH_MAP_EVIDENCE": "../target/wp08-verify2/map", "OH_MAP_REDIRECT_EVIDENCE": "../target/wp08-verify2/old-red"}}

> openhoi-client@0.1.0 test:e2e
> playwright test --config ../target/wp08-verify2/old.playwright.config.ts --workers 3 --output ../target/wp08-verify2/old-results


Running 6 tests using 1 worker

(node:2336) Warning: The 'NO_COLOR' env is ignored due to the 'FORCE_COLOR' env being set.
(Use `node --trace-warnings ...` to show where the warning was created)
  x  1 [chromium] › e2e-m1\map-redirect.spec.ts:15:3 › WP08 P06 metadata CORS redirect sends no foreign request on first load (5.3s)
(node:5248) Warning: The 'NO_COLOR' env is ignored due to the 'FORCE_COLOR' env being set.
(Use `node --trace-warnings ...` to show where the warning was created)
  x  2 [chromium] › e2e-m1\map-redirect.spec.ts:15:3 › WP08 P06 metadata CORS redirect sends no foreign request after valid selection (803ms)
(node:34988) Warning: The 'NO_COLOR' env is ignored due to the 'FORCE_COLOR' env being set.
(Use `node --trace-warnings ...` to show where the warning was created)
  x  3 [chromium] › e2e-m1\map-redirect.spec.ts:15:3 › WP08 P06 index CORS redirect sends no foreign request on first load (5.3s)
(node:20272) Warning: The 'NO_COLOR' env is ignored due to the 'FORCE_COLOR' env being set.
(Use `node --trace-warnings ...` to show where the warning was created)
  x  4 [chromium] › e2e-m1\map-redirect.spec.ts:15:3 › WP08 P06 index CORS redirect sends no foreign request after valid selection (5.7s)
(node:27644) Warning: The 'NO_COLOR' env is ignored due to the 'FORCE_COLOR' env being set.
(Use `node --trace-warnings ...` to show where the warning was created)
  x  5 [chromium] › e2e-m1\map-redirect.spec.ts:140:56 › WP08 P06 metadata same-origin redirect is also rejected before follow (5.2s)
(node:3396) Warning: The 'NO_COLOR' env is ignored due to the 'FORCE_COLOR' env being set.
(Use `node --trace-warnings ...` to show where the warning was created)
  x  6 [chromium] › e2e-m1\map-redirect.spec.ts:140:56 › WP08 P06 index same-origin redirect is also rejected before follow (5.2s)


  1) [chromium] › e2e-m1\map-redirect.spec.ts:15:3 › WP08 P06 metadata CORS redirect sends no foreign request on first load

    Error: expect(locator).toHaveText(expected) failed

    Locator: getByRole('alert')
    Expected: "Map data could not be loaded. Check the bundled scenario files."
    Timeout: 5000ms
    Error: element(s) not found

    Call log:
      - Expect "toHaveText" getByRole('alert') with timeout 5000ms
      - waiting for getByRole('alert')


       98 |      await page.getByTestId('state-panel').getByRole('button', { name: 'Southern Test State', exact: true }).click();
       99 |     }
    > 100 |     await expect(page.getByRole('alert')).toHaveText('Map data could not be loaded. Check the bundled scenario files.');
          |                                           ^
      101 |     await expect(map.locator('canvas')).toHaveCount(0);
      102 |     expect(foreignHits).toEqual([]);
      103 |     expect(requests.every(url => new URL(url).origin === new URL(page.url()).origin)).toBe(true);
        at E:\openhoi\.orchestrator\wt\WP-08-verify2\client\e2e-m1\map-redirect.spec.ts:100:43

    Error Context: ..\target\wp08-verify2\old-results\map-redirect-WP08-P06-meta-4c122-reign-request-on-first-load-chromium\error-context.md

  2) [chromium] › e2e-m1\map-redirect.spec.ts:15:3 › WP08 P06 metadata CORS redirect sends no foreign request after valid selection

    Error: expect(received).toEqual(expected) // deep equality

    - Expected  - 1
    + Received  + 7

    - Array []
    + Array [
    +   Object {
    +     "method": "GET",
    +     "origin": "http://127.0.0.1:7868",
    +     "url": "/payload",
    +   },
    + ]

      100 |     await expect(page.getByRole('alert')).toHaveText('Map data could not be loaded. Check the bundled scenario files.');
      101 |     await expect(map.locator('canvas')).toHaveCount(0);
    > 102 |     expect(foreignHits).toEqual([]);
          |                         ^
      103 |     expect(requests.every(url => new URL(url).origin === new URL(page.url()).origin)).toBe(true);
      104 |     // Engines report redirect:error through different event channels. The
      105 |     // actual HTTP 302, one source GET, zero foreign GETs and UI are invariant.
        at E:\openhoi\.orchestrator\wt\WP-08-verify2\client\e2e-m1\map-redirect.spec.ts:102:25

    Error Context: ..\target\wp08-verify2\old-results\map-redirect-WP08-P06-meta-ec1da-quest-after-valid-selection-chromium\error-context.md

  3) [chromium] › e2e-m1\map-redirect.spec.ts:15:3 › WP08 P06 index CORS redirect sends no foreign request on first load

    Error: expect(locator).toHaveText(expected) failed

    Locator: getByRole('alert')
    Expected: "Map data could not be loaded. Check the bundled scenario files."
    Timeout: 5000ms
    Error: element(s) not found

    Call log:
      - Expect "toHaveText" getByRole('alert') with timeout 5000ms
      - waiting for getByRole('alert')


       98 |      await page.getByTestId('state-panel').getByRole('button', { name: 'Southern Test State', exact: true }).click();
       99 |     }
    > 100 |     await expect(page.getByRole('alert')).toHaveText('Map data could not be loaded. Check the bundled scenario files.');
          |                                           ^
      101 |     await expect(map.locator('canvas')).toHaveCount(0);
      102 |     expect(foreignHits).toEqual([]);
      103 |     expect(requests.every(url => new URL(url).origin === new URL(page.url()).origin)).toBe(true);
        at E:\openhoi\.orchestrator\wt\WP-08-verify2\client\e2e-m1\map-redirect.spec.ts:100:43

    Error Context: ..\target\wp08-verify2\old-results\map-redirect-WP08-P06-inde-8504b-reign-request-on-first-load-chromium\error-context.md

  4) [chromium] › e2e-m1\map-redirect.spec.ts:15:3 › WP08 P06 index CORS redirect sends no foreign request after valid selection

    Error: expect(locator).toHaveText(expected) failed

    Locator: getByRole('alert')
    Expected: "Map data could not be loaded. Check the bundled scenario files."
    Timeout: 5000ms
    Error: element(s) not found

    Call log:
      - Expect "toHaveText" getByRole('alert') with timeout 5000ms
      - waiting for getByRole('alert')


       98 |      await page.getByTestId('state-panel').getByRole('button', { name: 'Southern Test State', exact: true }).click();
       99 |     }
    > 100 |     await expect(page.getByRole('alert')).toHaveText('Map data could not be loaded. Check the bundled scenario files.');
          |                                           ^
      101 |     await expect(map.locator('canvas')).toHaveCount(0);
      102 |     expect(foreignHits).toEqual([]);
      103 |     expect(requests.every(url => new URL(url).origin === new URL(page.url()).origin)).toBe(true);
        at E:\openhoi\.orchestrator\wt\WP-08-verify2\client\e2e-m1\map-redirect.spec.ts:100:43

    Error Context: ..\target\wp08-verify2\old-results\map-redirect-WP08-P06-inde-ac0ff-quest-after-valid-selection-chromium\error-context.md

  5) [chromium] › e2e-m1\map-redirect.spec.ts:140:56 › WP08 P06 metadata same-origin redirect is also rejected before follow

    Error: expect(locator).toHaveText(expected) failed

    Locator: getByRole('alert')
    Expected: "Map data could not be loaded. Check the bundled scenario files."
    Timeout: 5000ms
    Error: element(s) not found

    Call log:
      - Expect "toHaveText" getByRole('alert') with timeout 5000ms
      - waiting for getByRole('alert')


      148 |  try {
      149 |   await page.goto(`${source.origin}/?forceWebGL=1`);
    > 150 |   await expect(page.getByRole('alert')).toHaveText('Map data could not be loaded. Check the bundled scenario files.');
          |                                         ^
      151 |   await expect(page.getByTestId('province-map').locator('canvas')).toHaveCount(0);
      152 |   expect(requests.filter(url => new URL(url).searchParams.has('alias'))).toEqual([]);
      153 |   expect(source.sent).toEqual([{ url: path, status: 302, location: alias }]);
        at E:\openhoi\.orchestrator\wt\WP-08-verify2\client\e2e-m1\map-redirect.spec.ts:150:41

    Error Context: ..\target\wp08-verify2\old-results\map-redirect-WP08-P06-meta-eac93-also-rejected-before-follow-chromium\error-context.md

  6) [chromium] › e2e-m1\map-redirect.spec.ts:140:56 › WP08 P06 index same-origin redirect is also rejected before follow

    Error: expect(locator).toHaveText(expected) failed

    Locator: getByRole('alert')
    Expected: "Map data could not be loaded. Check the bundled scenario files."
    Timeout: 5000ms
    Error: element(s) not found

    Call log:
      - Expect "toHaveText" getByRole('alert') with timeout 5000ms
      - waiting for getByRole('alert')


      148 |  try {
      149 |   await page.goto(`${source.origin}/?forceWebGL=1`);
    > 150 |   await expect(page.getByRole('alert')).toHaveText('Map data could not be loaded. Check the bundled scenario files.');
          |                                         ^
      151 |   await expect(page.getByTestId('province-map').locator('canvas')).toHaveCount(0);
      152 |   expect(requests.filter(url => new URL(url).searchParams.has('alias'))).toEqual([]);
      153 |   expect(source.sent).toEqual([{ url: path, status: 302, location: alias }]);
        at E:\openhoi\.orchestrator\wt\WP-08-verify2\client\e2e-m1\map-redirect.spec.ts:150:41

    Error Context: ..\target\wp08-verify2\old-results\map-redirect-WP08-P06-inde-0e399-also-rejected-before-follow-chromium\error-context.md

  6 failed
    [chromium] › e2e-m1\map-redirect.spec.ts:15:3 › WP08 P06 metadata CORS redirect sends no foreign request on first load
    [chromium] › e2e-m1\map-redirect.spec.ts:15:3 › WP08 P06 metadata CORS redirect sends no foreign request after valid selection
    [chromium] › e2e-m1\map-redirect.spec.ts:15:3 › WP08 P06 index CORS redirect sends no foreign request on first load
    [chromium] › e2e-m1\map-redirect.spec.ts:15:3 › WP08 P06 index CORS redirect sends no foreign request after valid selection
    [chromium] › e2e-m1\map-redirect.spec.ts:140:56 › WP08 P06 metadata same-origin redirect is also rejected before follow
    [chromium] › e2e-m1\map-redirect.spec.ts:140:56 › WP08 P06 index same-origin redirect is also rejected before follow

exit=1
