{"argv": ["node", "target/wp08-verify2/cors-valid-index-redirect.cjs"], "cwd": "E:\\openhoi\\.orchestrator\\wt\\WP-08-verify2", "environment": {"OH_BROWSER_PRODUCTS": "1", "OH_TEST_PORT": "19414", "OH_E2E_EVIDENCE": "../target/wp08-verify2/e2e", "OH_MALFORMED_EVIDENCE": "../target/wp08-verify2/malformed", "OH_MAP_EVIDENCE": "../target/wp08-verify2/map", "OH_MAP_REDIRECT_EVIDENCE": "../target/wp08-verify2/redirect"}}
{
  "commit": "f58c0c61322287f48318bce47ca51deb7daebcc9",
  "scenario": "m1",
  "case": "actual cross-origin index redirect, valid CORS/exposed x-pack-hash, unaltered bytes/length/FNV",
  "expected": "same-origin response boundary must reject with localized map-data error before GPU creation",
  "actual": "map rejected",
  "alerts": [
    "Map data could not be loaded. Check the bundled scenario files."
  ],
  "intercepts": [
    {
      "url": "http://127.0.0.1:19415/maps/testland/index.bin?pack=b8d30ba577f303c3",
      "method": "GET"
    }
  ],
  "crossOriginRequests": [],
  "diagnostics": {
    "testid": "province-map"
  },
  "errors": []
}

exit=0
