
Running 130 tests using 3 workers

(node:10316) Warning: The 'NO_COLOR' env is ignored due to the 'FORCE_COLOR' env being set.
(Use `node --trace-warnings ...` to show where the warning was created)
(node:35528) Warning: The 'NO_COLOR' env is ignored due to the 'FORCE_COLOR' env being set.
(Use `node --trace-warnings ...` to show where the warning was created)
(node:3960) Warning: The 'NO_COLOR' env is ignored due to the 'FORCE_COLOR' env being set.
(Use `node --trace-warnings ...` to show where the warning was created)
  ok   2 [chrome] › e2e-m1\national.spec.ts:6:1 › AC-M1-03 actual Rust M1 panels, separate owner/control, ledger, languages and time (2.0s)
  ok   3 [chrome] › e2e-m1\map.spec.ts:11:1 › REQ-MAP-04/05 PLAT-03 actual map pixels, modes, pick and viewport (2.1s)
  ok   1 [chrome] › e2e-m1\malformed-world.spec.ts:5:1 › M1 malformed decoded ledger preserves last valid panel and closes connection (2.1s)
(node:36320) Warning: The 'NO_COLOR' env is ignored due to the 'FORCE_COLOR' env being set.
(Use `node --trace-warnings ...` to show where the warning was created)
  ok   4 [chrome] › e2e-m1\national.spec.ts:31:1 › REQ-NAT-01 MAP-08 actual query metadata, dense mapping, colors and refusal (841ms)
(node:28896) Warning: The 'NO_COLOR' env is ignored due to the 'FORCE_COLOR' env being set.
(Use `node --trace-warnings ...` to show where the warning was created)
  ok   5 [chrome] › e2e-m1\map.spec.ts:40:1 › REQ-PLAT-03 preferred actual backend produces the same map RGB and source shader (1.6s)
  ok   6 [edge] › e2e-m1\malformed-world.spec.ts:5:1 › M1 malformed decoded ledger preserves last valid panel and closes connection (2.0s)
  ok   8 [chrome] › e2e-m1\map.spec.ts:48:1 › REQ-MAP-04 changed server RGB updates only affected lookup texel on actual backend (1.7s)
  ok   7 [edge] › e2e-m1\map.spec.ts:11:1 › REQ-MAP-04/05 PLAT-03 actual map pixels, modes, pick and viewport (1.9s)
  ok   9 [edge] › e2e-m1\national.spec.ts:6:1 › AC-M1-03 actual Rust M1 panels, separate owner/control, ledger, languages and time (1.7s)
  ok  10 [chrome] › e2e-m1\map.spec.ts:53:33 › REQ-MAP-05 independent three border pixel oracle, u16 sentinel and camera preferred (1.9s)
  ok  11 [edge] › e2e-m1\map.spec.ts:40:1 › REQ-PLAT-03 preferred actual backend produces the same map RGB and source shader (1.6s)
  ok  12 [edge] › e2e-m1\national.spec.ts:31:1 › REQ-NAT-01 MAP-08 actual query metadata, dense mapping, colors and refusal (774ms)
(node:34764) Warning: The 'NO_COLOR' env is ignored due to the 'FORCE_COLOR' env being set.
(Use `node --trace-warnings ...` to show where the warning was created)
  ok  14 [edge] › e2e-m1\map.spec.ts:48:1 › REQ-MAP-04 changed server RGB updates only affected lookup texel on actual backend (1.1s)
  ok  13 [chrome] › e2e-m1\map.spec.ts:53:33 › REQ-MAP-05 independent three border pixel oracle, u16 sentinel and camera WebGL2 (1.9s)
  ok  17 [chrome] › e2e-m1\map.spec.ts:87:93 › REQ-PLAT-03 missingGPU falls back to actual WebGL2 pixels (559ms)
  ok  18 [chrome] › e2e-m1\map.spec.ts:87:93 › REQ-PLAT-03 nullAdapter falls back to actual WebGL2 pixels (550ms)
  ok  15 [chromium] › e2e-m1\malformed-world.spec.ts:5:1 › M1 malformed decoded ledger preserves last valid panel and closes connection (2.0s)
  ok  16 [edge] › e2e-m1\map.spec.ts:53:33 › REQ-MAP-05 independent three border pixel oracle, u16 sentinel and camera preferred (2.1s)
  ok  19 [chrome] › e2e-m1\map.spec.ts:87:93 › REQ-PLAT-03 adapterReject falls back to actual WebGL2 pixels (561ms)
  ok  22 [chrome] › e2e-m1\map.spec.ts:87:93 › REQ-PLAT-03 deviceReject falls back to actual WebGL2 pixels (586ms)
  ok  23 [chrome] › e2e-m1\map.spec.ts:87:93 › REQ-PLAT-03 insecure falls back to actual WebGL2 pixels (592ms)
  ok  20 [chromium] › e2e-m1\map.spec.ts:11:1 › REQ-MAP-04/05 PLAT-03 actual map pixels, modes, pick and viewport (1.7s)
  ok  24 [chrome] › e2e-m1\map.spec.ts:98:1 › REQ-PLAT-03 no backend shows localized notices (422ms)
  ok  21 [edge] › e2e-m1\map.spec.ts:53:33 › REQ-MAP-05 independent three border pixel oracle, u16 sentinel and camera WebGL2 (2.1s)
  ok  26 [chrome] › e2e-m1\map.spec.ts:102:1 › REQ-PLAT-03 actual WebGL2 texture limit is checked before texture creation (459ms)
  ok  27 [edge] › e2e-m1\map.spec.ts:87:93 › REQ-PLAT-03 missingGPU falls back to actual WebGL2 pixels (690ms)
  ok  28 [chrome] › e2e-m1\map.spec.ts:106:1 › REQ-MAP-04 missing bundled index fails visibly without external download (484ms)
  ok  25 [chromium] › e2e-m1\map.spec.ts:40:1 › REQ-PLAT-03 preferred actual backend produces the same map RGB and source shader (1.6s)
  ok  30 [chrome] › e2e-m1\map.spec.ts:110:116 › REQ-MAP-04 schema boundary oldVersion rejects atomically (466ms)
  ok  29 [edge] › e2e-m1\map.spec.ts:87:93 › REQ-PLAT-03 nullAdapter falls back to actual WebGL2 pixels (651ms)
  ok  32 [chrome] › e2e-m1\map.spec.ts:110:116 › REQ-MAP-04 schema boundary futureVersion rejects atomically (484ms)
  ok  33 [edge] › e2e-m1\map.spec.ts:87:93 › REQ-PLAT-03 adapterReject falls back to actual WebGL2 pixels (690ms)
  ok  31 [chromium] › e2e-m1\map.spec.ts:48:1 › REQ-MAP-04 changed server RGB updates only affected lookup texel on actual backend (1.0s)
  ok  34 [chrome] › e2e-m1\map.spec.ts:110:116 › REQ-MAP-04 schema boundary wrongPack rejects atomically (494ms)
  ok  35 [edge] › e2e-m1\map.spec.ts:87:93 › REQ-PLAT-03 deviceReject falls back to actual WebGL2 pixels (672ms)
  ok  37 [chrome] › e2e-m1\map.spec.ts:110:116 › REQ-MAP-04 schema boundary duplicateIds rejects atomically (508ms)
  ok  39 [chrome] › e2e-m1\map.spec.ts:110:116 › REQ-MAP-04 schema boundary badStyle rejects atomically (556ms)
  ok  38 [edge] › e2e-m1\map.spec.ts:87:93 › REQ-PLAT-03 insecure falls back to actual WebGL2 pixels (730ms)
  ok  40 [chrome] › e2e-m1\map.spec.ts:110:116 › REQ-MAP-04 schema boundary shortBytes rejects atomically (538ms)
  ok  41 [edge] › e2e-m1\map.spec.ts:98:1 › REQ-PLAT-03 no backend shows localized notices (552ms)
  ok  42 [chrome] › e2e-m1\map.spec.ts:110:116 › REQ-MAP-04 schema boundary wrongHash rejects atomically (531ms)
  ok  36 [chromium] › e2e-m1\map.spec.ts:53:33 › REQ-MAP-05 independent three border pixel oracle, u16 sentinel and camera preferred (2.4s)
  ok  43 [edge] › e2e-m1\map.spec.ts:102:1 › REQ-PLAT-03 actual WebGL2 texture limit is checked before texture creation (543ms)
  ok  46 [edge] › e2e-m1\map.spec.ts:106:1 › REQ-MAP-04 missing bundled index fails visibly without external download (522ms)
  ok  47 [edge] › e2e-m1\map.spec.ts:110:116 › REQ-MAP-04 schema boundary oldVersion rejects atomically (548ms)
  ok  44 [chrome] › e2e-m1\map.spec.ts:120:70 › REQ-MAP-05 dangling preserves last valid map and closes wire (1.7s)
  ok  48 [edge] › e2e-m1\map.spec.ts:110:116 › REQ-MAP-04 schema boundary futureVersion rejects atomically (485ms)
  ok  50 [edge] › e2e-m1\map.spec.ts:110:116 › REQ-MAP-04 schema boundary wrongPack rejects atomically (583ms)
  ok  45 [chromium] › e2e-m1\map.spec.ts:53:33 › REQ-MAP-05 independent three border pixel oracle, u16 sentinel and camera WebGL2 (2.3s)
  ok  51 [edge] › e2e-m1\map.spec.ts:110:116 › REQ-MAP-04 schema boundary duplicateIds rejects atomically (393ms)
  ok  52 [chromium] › e2e-m1\map.spec.ts:87:93 › REQ-PLAT-03 missingGPU falls back to actual WebGL2 pixels (515ms)
  ok  53 [edge] › e2e-m1\map.spec.ts:110:116 › REQ-MAP-04 schema boundary badStyle rejects atomically (438ms)
  ok  49 [chrome] › e2e-m1\map.spec.ts:120:70 › REQ-MAP-05 changedDimensions preserves last valid map and closes wire (1.7s)
  ok  54 [chromium] › e2e-m1\map.spec.ts:87:93 › REQ-PLAT-03 nullAdapter falls back to actual WebGL2 pixels (515ms)
  ok  55 [edge] › e2e-m1\map.spec.ts:110:116 › REQ-MAP-04 schema boundary shortBytes rejects atomically (413ms)
  ok  57 [chromium] › e2e-m1\map.spec.ts:87:93 › REQ-PLAT-03 adapterReject falls back to actual WebGL2 pixels (556ms)
  ok  58 [edge] › e2e-m1\map.spec.ts:110:116 › REQ-MAP-04 schema boundary wrongHash rejects atomically (448ms)
  ok  59 [chromium] › e2e-m1\map.spec.ts:87:93 › REQ-PLAT-03 deviceReject falls back to actual WebGL2 pixels (521ms)
  ok  61 [chromium] › e2e-m1\map.spec.ts:87:93 › REQ-PLAT-03 insecure falls back to actual WebGL2 pixels (506ms)
  ok  56 [chrome] › e2e-m1\map.spec.ts:120:70 › REQ-MAP-05 changedDense preserves last valid map and closes wire (1.7s)
  ok  62 [chromium] › e2e-m1\map.spec.ts:98:1 › REQ-PLAT-03 no backend shows localized notices (285ms)
  ok  63 [chromium] › e2e-m1\map.spec.ts:102:1 › REQ-PLAT-03 actual WebGL2 texture limit is checked before texture creation (220ms)
  ok  60 [edge] › e2e-m1\map.spec.ts:120:70 › REQ-MAP-05 dangling preserves last valid map and closes wire (1.5s)
(node:9980) Warning: The 'NO_COLOR' env is ignored due to the 'FORCE_COLOR' env being set.
(Use `node --trace-warnings ...` to show where the warning was created)
  ok  64 [chromium] › e2e-m1\map.spec.ts:106:1 › REQ-MAP-04 missing bundled index fails visibly without external download (354ms)
  ok  67 [chromium] › e2e-m1\map.spec.ts:110:116 › REQ-MAP-04 schema boundary oldVersion rejects atomically (303ms)
  ok  68 [chromium] › e2e-m1\map.spec.ts:110:116 › REQ-MAP-04 schema boundary futureVersion rejects atomically (289ms)
  ok  69 [chromium] › e2e-m1\map.spec.ts:110:116 › REQ-MAP-04 schema boundary wrongPack rejects atomically (284ms)
  ok  70 [chromium] › e2e-m1\map.spec.ts:110:116 › REQ-MAP-04 schema boundary duplicateIds rejects atomically (319ms)
  ok  65 [edge] › e2e-m1\map.spec.ts:120:70 › REQ-MAP-05 changedDimensions preserves last valid map and closes wire (1.6s)
  ok  71 [chromium] › e2e-m1\map.spec.ts:110:116 › REQ-MAP-04 schema boundary badStyle rejects atomically (330ms)
  ok  66 [chromium] › e2e-m1\national.spec.ts:6:1 › AC-M1-03 actual Rust M1 panels, separate owner/control, ledger, languages and time (1.8s)
  ok  73 [chromium] › e2e-m1\map.spec.ts:110:116 › REQ-MAP-04 schema boundary shortBytes rejects atomically (322ms)
  ok  75 [chromium] › e2e-m1\map.spec.ts:110:116 › REQ-MAP-04 schema boundary wrongHash rejects atomically (296ms)
  ok  74 [chromium] › e2e-m1\national.spec.ts:31:1 › REQ-NAT-01 MAP-08 actual query metadata, dense mapping, colors and refusal (703ms)
  ok  72 [edge] › e2e-m1\map.spec.ts:120:70 › REQ-MAP-05 changedDense preserves last valid map and closes wire (1.6s)
(node:17772) Warning: The 'NO_COLOR' env is ignored due to the 'FORCE_COLOR' env being set.
(Use `node --trace-warnings ...` to show where the warning was created)
(node:26696) Warning: The 'NO_COLOR' env is ignored due to the 'FORCE_COLOR' env being set.
(Use `node --trace-warnings ...` to show where the warning was created)
  ok  76 [chromium] › e2e-m1\map.spec.ts:120:70 › REQ-MAP-05 dangling preserves last valid map and closes wire (1.9s)
  ok  79 [chromium] › e2e-m1\map.spec.ts:120:70 › REQ-MAP-05 changedDimensions preserves last valid map and closes wire (2.0s)
  ok  80 [chromium] › e2e-m1\map.spec.ts:120:70 › REQ-MAP-05 changedDense preserves last valid map and closes wire (2.1s)
(node:22752) Warning: The 'NO_COLOR' env is ignored due to the 'FORCE_COLOR' env being set.
(Use `node --trace-warnings ...` to show where the warning was created)
  ok  77 [firefox] › e2e-m1\malformed-world.spec.ts:5:1 › M1 malformed decoded ledger preserves last valid panel and closes connection (11.1s)
  ok  78 [firefox] › e2e-m1\map.spec.ts:11:1 › REQ-MAP-04/05 PLAT-03 actual map pixels, modes, pick and viewport (11.4s)
(node:2908) Warning: The 'NO_COLOR' env is ignored due to the 'FORCE_COLOR' env being set.
(Use `node --trace-warnings ...` to show where the warning was created)
  ok  81 [firefox] › e2e-m1\national.spec.ts:6:1 › AC-M1-03 actual Rust M1 panels, separate owner/control, ledger, languages and time (4.0s)
  ok  82 [firefox] › e2e-m1\map.spec.ts:40:1 › REQ-PLAT-03 preferred actual backend produces the same map RGB and source shader (2.0s)
  ok  83 [webkit] › e2e-m1\malformed-world.spec.ts:5:1 › M1 malformed decoded ledger preserves last valid panel and closes connection (1.9s)
  ok  84 [firefox] › e2e-m1\national.spec.ts:31:1 › REQ-NAT-01 MAP-08 actual query metadata, dense mapping, colors and refusal (1.4s)
  ok  85 [firefox] › e2e-m1\map.spec.ts:48:1 › REQ-MAP-04 changed server RGB updates only affected lookup texel on actual backend (1.2s)
(node:9236) Warning: The 'NO_COLOR' env is ignored due to the 'FORCE_COLOR' env being set.
(Use `node --trace-warnings ...` to show where the warning was created)
  ok  87 [firefox] › e2e-m1\map.spec.ts:53:33 › REQ-MAP-05 independent three border pixel oracle, u16 sentinel and camera preferred (2.0s)
  ok  86 [webkit] › e2e-m1\map.spec.ts:11:1 › REQ-MAP-04/05 PLAT-03 actual map pixels, modes, pick and viewport (3.3s)
  ok  89 [firefox] › e2e-m1\map.spec.ts:53:33 › REQ-MAP-05 independent three border pixel oracle, u16 sentinel and camera WebGL2 (2.3s)
  ok  91 [firefox] › e2e-m1\map.spec.ts:87:93 › REQ-PLAT-03 missingGPU falls back to actual WebGL2 pixels (850ms)
  ok  90 [webkit] › e2e-m1\map.spec.ts:40:1 › REQ-PLAT-03 preferred actual backend produces the same map RGB and source shader (3.0s)
  ok  92 [firefox] › e2e-m1\map.spec.ts:87:93 › REQ-PLAT-03 nullAdapter falls back to actual WebGL2 pixels (816ms)
  ok  88 [webkit] › e2e-m1\national.spec.ts:6:1 › AC-M1-03 actual Rust M1 panels, separate owner/control, ledger, languages and time (4.0s)
  ok  94 [firefox] › e2e-m1\map.spec.ts:87:93 › REQ-PLAT-03 adapterReject falls back to actual WebGL2 pixels (739ms)
  ok  95 [webkit] › e2e-m1\national.spec.ts:31:1 › REQ-NAT-01 MAP-08 actual query metadata, dense mapping, colors and refusal (773ms)
  ok  96 [firefox] › e2e-m1\map.spec.ts:87:93 › REQ-PLAT-03 deviceReject falls back to actual WebGL2 pixels (813ms)
  ok  93 [webkit] › e2e-m1\map.spec.ts:48:1 › REQ-MAP-04 changed server RGB updates only affected lookup texel on actual backend (2.4s)
  ok  97 [firefox] › e2e-m1\map.spec.ts:87:93 › REQ-PLAT-03 insecure falls back to actual WebGL2 pixels (1.5s)
  ok  99 [firefox] › e2e-m1\map.spec.ts:98:1 › REQ-PLAT-03 no backend shows localized notices (489ms)
  ok 100 [firefox] › e2e-m1\map.spec.ts:102:1 › REQ-PLAT-03 actual WebGL2 texture limit is checked before texture creation (579ms)
  ok 101 [firefox] › e2e-m1\map.spec.ts:106:1 › REQ-MAP-04 missing bundled index fails visibly without external download (479ms)
  ok 102 [firefox] › e2e-m1\map.spec.ts:110:116 › REQ-MAP-04 schema boundary oldVersion rejects atomically (465ms)
  ok 103 [firefox] › e2e-m1\map.spec.ts:110:116 › REQ-MAP-04 schema boundary futureVersion rejects atomically (444ms)
  ok  98 [webkit] › e2e-m1\map.spec.ts:53:33 › REQ-MAP-05 independent three border pixel oracle, u16 sentinel and camera preferred (3.9s)
  ok 104 [firefox] › e2e-m1\map.spec.ts:110:116 › REQ-MAP-04 schema boundary wrongPack rejects atomically (441ms)
  ok 106 [firefox] › e2e-m1\map.spec.ts:110:116 › REQ-MAP-04 schema boundary duplicateIds rejects atomically (412ms)
  ok 107 [firefox] › e2e-m1\map.spec.ts:110:116 › REQ-MAP-04 schema boundary badStyle rejects atomically (423ms)
  ok 108 [firefox] › e2e-m1\map.spec.ts:110:116 › REQ-MAP-04 schema boundary shortBytes rejects atomically (603ms)
  ok 109 [firefox] › e2e-m1\map.spec.ts:110:116 › REQ-MAP-04 schema boundary wrongHash rejects atomically (1.3s)
  ok 105 [webkit] › e2e-m1\map.spec.ts:53:33 › REQ-MAP-05 independent three border pixel oracle, u16 sentinel and camera WebGL2 (4.1s)
  ok 110 [firefox] › e2e-m1\map.spec.ts:120:70 › REQ-MAP-05 dangling preserves last valid map and closes wire (1.6s)
  ok 111 [webkit] › e2e-m1\map.spec.ts:87:93 › REQ-PLAT-03 missingGPU falls back to actual WebGL2 pixels (1.1s)
  ok 113 [webkit] › e2e-m1\map.spec.ts:87:93 › REQ-PLAT-03 nullAdapter falls back to actual WebGL2 pixels (1.0s)
  ok 112 [firefox] › e2e-m1\map.spec.ts:120:70 › REQ-MAP-05 changedDimensions preserves last valid map and closes wire (1.6s)
  ok 114 [webkit] › e2e-m1\map.spec.ts:87:93 › REQ-PLAT-03 adapterReject falls back to actual WebGL2 pixels (1.1s)
  ok 115 [firefox] › e2e-m1\map.spec.ts:120:70 › REQ-MAP-05 changedDense preserves last valid map and closes wire (1.5s)
  ok 116 [webkit] › e2e-m1\map.spec.ts:87:93 › REQ-PLAT-03 deviceReject falls back to actual WebGL2 pixels (1.1s)
  ok 117 [webkit] › e2e-m1\map.spec.ts:87:93 › REQ-PLAT-03 insecure falls back to actual WebGL2 pixels (1.1s)
  ok 118 [webkit] › e2e-m1\map.spec.ts:98:1 › REQ-PLAT-03 no backend shows localized notices (572ms)
  ok 119 [webkit] › e2e-m1\map.spec.ts:102:1 › REQ-PLAT-03 actual WebGL2 texture limit is checked before texture creation (555ms)
  ok 120 [webkit] › e2e-m1\map.spec.ts:106:1 › REQ-MAP-04 missing bundled index fails visibly without external download (569ms)
  ok 121 [webkit] › e2e-m1\map.spec.ts:110:116 › REQ-MAP-04 schema boundary oldVersion rejects atomically (575ms)
  ok 122 [webkit] › e2e-m1\map.spec.ts:110:116 › REQ-MAP-04 schema boundary futureVersion rejects atomically (574ms)
  ok 123 [webkit] › e2e-m1\map.spec.ts:110:116 › REQ-MAP-04 schema boundary wrongPack rejects atomically (584ms)
  ok 124 [webkit] › e2e-m1\map.spec.ts:110:116 › REQ-MAP-04 schema boundary duplicateIds rejects atomically (595ms)
  ok 125 [webkit] › e2e-m1\map.spec.ts:110:116 › REQ-MAP-04 schema boundary badStyle rejects atomically (570ms)
  ok 126 [webkit] › e2e-m1\map.spec.ts:110:116 › REQ-MAP-04 schema boundary shortBytes rejects atomically (564ms)
  ok 127 [webkit] › e2e-m1\map.spec.ts:110:116 › REQ-MAP-04 schema boundary wrongHash rejects atomically (560ms)
  ok 128 [webkit] › e2e-m1\map.spec.ts:120:70 › REQ-MAP-05 dangling preserves last valid map and closes wire (2.1s)
  ok 129 [webkit] › e2e-m1\map.spec.ts:120:70 › REQ-MAP-05 changedDimensions preserves last valid map and closes wire (2.1s)
  ok 130 [webkit] › e2e-m1\map.spec.ts:120:70 › REQ-MAP-05 changedDense preserves last valid map and closes wire (2.1s)

  130 passed (1.3m)
