    Updating crates.io index
     Locking 4 packages to highest Rust 1.99 compatible versions
      Adding form_urlencoded v1.2.2
      Adding ryu v1.0.23
      Adding serde_path_to_error v0.1.20
      Adding serde_urlencoded v0.7.1
 Downloading crates ...
  Downloaded serde_urlencoded v0.7.1
  Downloaded ryu v1.0.23
  Downloaded serde_path_to_error v0.1.20
   Compiling serde_json v1.0.151
   Compiling form_urlencoded v1.2.2
   Compiling ryu v1.0.23
   Compiling serde_path_to_error v0.1.20
   Compiling serde_urlencoded v0.7.1
   Compiling schemars v1.2.2
   Compiling axum v0.8.9
   Compiling oh_data v0.1.0 (E:\openhoi\.orchestrator\wt\WP-08\crates\oh_data)
   Compiling oh_sim v0.1.0 (E:\openhoi\.orchestrator\wt\WP-08\crates\oh_sim)
   Compiling oh_save v0.1.0 (E:\openhoi\.orchestrator\wt\WP-08\crates\oh_save)
   Compiling oh_ai v0.1.0 (E:\openhoi\.orchestrator\wt\WP-08\crates\oh_ai)
   Compiling oh_proto v0.1.0 (E:\openhoi\.orchestrator\wt\WP-08\crates\oh_proto)
   Compiling oh_server v0.1.0 (E:\openhoi\.orchestrator\wt\WP-08\crates\oh_server)
    Finished `dev` profile [unoptimized + debuginfo] target(s) in 8.29s
