
Running 15 tests using 3 workers

(node:2484) Warning: The 'NO_COLOR' env is ignored due to the 'FORCE_COLOR' env being set.
(Use `node --trace-warnings ...` to show where the warning was created)
(node:8284) Warning: The 'NO_COLOR' env is ignored due to the 'FORCE_COLOR' env being set.
(Use `node --trace-warnings ...` to show where the warning was created)
(node:34764) Warning: The 'NO_COLOR' env is ignored due to the 'FORCE_COLOR' env being set.
(Use `node --trace-warnings ...` to show where the warning was created)
  ok  2 [chrome] › e2e-m1\national.spec.ts:6:1 › AC-M1-03 actual Rust M1 panels, separate owner/control, ledger, languages and time (2.1s)
  ok  1 [chrome] › e2e-m1\malformed-world.spec.ts:5:1 › M1 malformed decoded ledger preserves last valid panel and closes connection (2.1s)
  ok  3 [edge] › e2e-m1\malformed-world.spec.ts:5:1 › M1 malformed decoded ledger preserves last valid panel and closes connection (2.2s)
(node:15180) Warning: The 'NO_COLOR' env is ignored due to the 'FORCE_COLOR' env being set.
(Use `node --trace-warnings ...` to show where the warning was created)
(node:11940) Warning: The 'NO_COLOR' env is ignored due to the 'FORCE_COLOR' env being set.
(Use `node --trace-warnings ...` to show where the warning was created)
  ok  4 [chrome] › e2e-m1\national.spec.ts:31:1 › REQ-NAT-01 MAP-08 actual query metadata, dense mapping, colors and refusal (819ms)
(node:11660) Warning: The 'NO_COLOR' env is ignored due to the 'FORCE_COLOR' env being set.
(Use `node --trace-warnings ...` to show where the warning was created)
  ok  6 [chromium] › e2e-m1\malformed-world.spec.ts:5:1 › M1 malformed decoded ledger preserves last valid panel and closes connection (1.6s)
  ok  5 [edge] › e2e-m1\national.spec.ts:6:1 › AC-M1-03 actual Rust M1 panels, separate owner/control, ledger, languages and time (1.9s)
(node:32472) Warning: The 'NO_COLOR' env is ignored due to the 'FORCE_COLOR' env being set.
(Use `node --trace-warnings ...` to show where the warning was created)
  ok  8 [edge] › e2e-m1\national.spec.ts:31:1 › REQ-NAT-01 MAP-08 actual query metadata, dense mapping, colors and refusal (875ms)
  ok  7 [chromium] › e2e-m1\national.spec.ts:6:1 › AC-M1-03 actual Rust M1 panels, separate owner/control, ledger, languages and time (2.1s)
(node:26692) Warning: The 'NO_COLOR' env is ignored due to the 'FORCE_COLOR' env being set.
(Use `node --trace-warnings ...` to show where the warning was created)
  ok 10 [chromium] › e2e-m1\national.spec.ts:31:1 › REQ-NAT-01 MAP-08 actual query metadata, dense mapping, colors and refusal (715ms)
(node:21416) Warning: The 'NO_COLOR' env is ignored due to the 'FORCE_COLOR' env being set.
(Use `node --trace-warnings ...` to show where the warning was created)
  ok  9 [firefox] › e2e-m1\malformed-world.spec.ts:5:1 › M1 malformed decoded ledger preserves last valid panel and closes connection (3.6s)
  ok 12 [webkit] › e2e-m1\malformed-world.spec.ts:5:1 › M1 malformed decoded ledger preserves last valid panel and closes connection (2.3s)
(node:25672) Warning: The 'NO_COLOR' env is ignored due to the 'FORCE_COLOR' env being set.
(Use `node --trace-warnings ...` to show where the warning was created)
  ok 11 [firefox] › e2e-m1\national.spec.ts:6:1 › AC-M1-03 actual Rust M1 panels, separate owner/control, ledger, languages and time (3.8s)
  ok 14 [firefox] › e2e-m1\national.spec.ts:31:1 › REQ-NAT-01 MAP-08 actual query metadata, dense mapping, colors and refusal (861ms)
  ok 13 [webkit] › e2e-m1\national.spec.ts:6:1 › AC-M1-03 actual Rust M1 panels, separate owner/control, ledger, languages and time (3.6s)
  ok 15 [webkit] › e2e-m1\national.spec.ts:31:1 › REQ-NAT-01 MAP-08 actual query metadata, dense mapping, colors and refusal (769ms)

  15 passed (16.5s)
