
Running 60 tests using 3 workers

(node:3968) Warning: The 'NO_COLOR' env is ignored due to the 'FORCE_COLOR' env being set.
(Use `node --trace-warnings ...` to show where the warning was created)
(node:14224) Warning: The 'NO_COLOR' env is ignored due to the 'FORCE_COLOR' env being set.
(Use `node --trace-warnings ...` to show where the warning was created)
(node:21616) Warning: The 'NO_COLOR' env is ignored due to the 'FORCE_COLOR' env being set.
(Use `node --trace-warnings ...` to show where the warning was created)
  ok  3 [chromium] › e2e-m1\map.spec.ts:10:1 › REQ-MAP-04/05 PLAT-03 actual map pixels, modes, pick and viewport (2.3s)
  ok  2 [edge] › e2e-m1\map.spec.ts:10:1 › REQ-MAP-04/05 PLAT-03 actual map pixels, modes, pick and viewport (2.1s)
  ok  1 [chrome] › e2e-m1\map.spec.ts:10:1 › REQ-MAP-04/05 PLAT-03 actual map pixels, modes, pick and viewport (3.0s)
  ok  4 [chromium] › e2e-m1\map.spec.ts:39:1 › REQ-PLAT-03 preferred actual backend produces the same map RGB and source shader (1.5s)
  ok  5 [edge] › e2e-m1\map.spec.ts:39:1 › REQ-PLAT-03 preferred actual backend produces the same map RGB and source shader (2.1s)
  ok  6 [chrome] › e2e-m1\map.spec.ts:39:1 › REQ-PLAT-03 preferred actual backend produces the same map RGB and source shader (2.0s)
  ok  7 [chromium] › e2e-m1\map.spec.ts:47:33 › REQ-MAP-05 independent three border pixel oracle, u16 sentinel and camera preferred (1.8s)
  ok  9 [chrome] › e2e-m1\map.spec.ts:47:33 › REQ-MAP-05 independent three border pixel oracle, u16 sentinel and camera preferred (2.0s)
  ok  8 [edge] › e2e-m1\map.spec.ts:47:33 › REQ-MAP-05 independent three border pixel oracle, u16 sentinel and camera preferred (2.6s)
  ok 10 [chromium] › e2e-m1\map.spec.ts:47:33 › REQ-MAP-05 independent three border pixel oracle, u16 sentinel and camera WebGL2 (1.9s)
  ok 13 [chromium] › e2e-m1\map.spec.ts:76:93 › REQ-PLAT-03 missingGPU falls back to actual WebGL2 pixels (638ms)
  ok 14 [chromium] › e2e-m1\map.spec.ts:76:93 › REQ-PLAT-03 nullAdapter falls back to actual WebGL2 pixels (562ms)
  ok 11 [chrome] › e2e-m1\map.spec.ts:47:33 › REQ-MAP-05 independent three border pixel oracle, u16 sentinel and camera WebGL2 (1.8s)
  ok 12 [edge] › e2e-m1\map.spec.ts:47:33 › REQ-MAP-05 independent three border pixel oracle, u16 sentinel and camera WebGL2 (1.8s)
  ok 15 [chromium] › e2e-m1\map.spec.ts:76:93 › REQ-PLAT-03 adapterReject falls back to actual WebGL2 pixels (565ms)
  ok 16 [chrome] › e2e-m1\map.spec.ts:76:93 › REQ-PLAT-03 missingGPU falls back to actual WebGL2 pixels (597ms)
  ok 17 [edge] › e2e-m1\map.spec.ts:76:93 › REQ-PLAT-03 missingGPU falls back to actual WebGL2 pixels (620ms)
  ok 18 [chromium] › e2e-m1\map.spec.ts:76:93 › REQ-PLAT-03 deviceReject falls back to actual WebGL2 pixels (645ms)
  ok 19 [chrome] › e2e-m1\map.spec.ts:76:93 › REQ-PLAT-03 nullAdapter falls back to actual WebGL2 pixels (639ms)
  ok 20 [edge] › e2e-m1\map.spec.ts:76:93 › REQ-PLAT-03 nullAdapter falls back to actual WebGL2 pixels (629ms)
  ok 21 [chromium] › e2e-m1\map.spec.ts:76:93 › REQ-PLAT-03 insecure falls back to actual WebGL2 pixels (606ms)
  ok 22 [chrome] › e2e-m1\map.spec.ts:76:93 › REQ-PLAT-03 adapterReject falls back to actual WebGL2 pixels (648ms)
  ok 24 [chromium] › e2e-m1\map.spec.ts:87:1 › REQ-PLAT-03 no backend shows localized notices (354ms)
  ok 23 [edge] › e2e-m1\map.spec.ts:76:93 › REQ-PLAT-03 adapterReject falls back to actual WebGL2 pixels (626ms)
  ok 26 [chromium] › e2e-m1\map.spec.ts:91:1 › REQ-PLAT-03 actual WebGL2 texture limit is checked before texture creation (407ms)
  ok 25 [chrome] › e2e-m1\map.spec.ts:76:93 › REQ-PLAT-03 deviceReject falls back to actual WebGL2 pixels (642ms)
  ok 28 [chromium] › e2e-m1\map.spec.ts:95:1 › REQ-MAP-04 missing bundled index fails visibly without external download (383ms)
  ok 27 [edge] › e2e-m1\map.spec.ts:76:93 › REQ-PLAT-03 deviceReject falls back to actual WebGL2 pixels (688ms)
  ok 29 [chrome] › e2e-m1\map.spec.ts:76:93 › REQ-PLAT-03 insecure falls back to actual WebGL2 pixels (782ms)
(node:20916) Warning: The 'NO_COLOR' env is ignored due to the 'FORCE_COLOR' env being set.
(Use `node --trace-warnings ...` to show where the warning was created)
  ok 30 [edge] › e2e-m1\map.spec.ts:76:93 › REQ-PLAT-03 insecure falls back to actual WebGL2 pixels (699ms)
  ok 31 [chrome] › e2e-m1\map.spec.ts:87:1 › REQ-PLAT-03 no backend shows localized notices (538ms)
  ok 32 [edge] › e2e-m1\map.spec.ts:87:1 › REQ-PLAT-03 no backend shows localized notices (562ms)
  ok 34 [chrome] › e2e-m1\map.spec.ts:91:1 › REQ-PLAT-03 actual WebGL2 texture limit is checked before texture creation (525ms)
  ok 35 [edge] › e2e-m1\map.spec.ts:91:1 › REQ-PLAT-03 actual WebGL2 texture limit is checked before texture creation (544ms)
  ok 36 [chrome] › e2e-m1\map.spec.ts:95:1 › REQ-MAP-04 missing bundled index fails visibly without external download (528ms)
  ok 37 [edge] › e2e-m1\map.spec.ts:95:1 › REQ-MAP-04 missing bundled index fails visibly without external download (442ms)
(node:22516) Warning: The 'NO_COLOR' env is ignored due to the 'FORCE_COLOR' env being set.
(Use `node --trace-warnings ...` to show where the warning was created)
  ok 33 [firefox] › e2e-m1\map.spec.ts:10:1 › REQ-MAP-04/05 PLAT-03 actual map pixels, modes, pick and viewport (4.5s)
  ok 39 [firefox] › e2e-m1\map.spec.ts:39:1 › REQ-PLAT-03 preferred actual backend produces the same map RGB and source shader (1.6s)
  ok 38 [webkit] › e2e-m1\map.spec.ts:10:1 › REQ-MAP-04/05 PLAT-03 actual map pixels, modes, pick and viewport (3.4s)
  ok 40 [firefox] › e2e-m1\map.spec.ts:47:33 › REQ-MAP-05 independent three border pixel oracle, u16 sentinel and camera preferred (1.7s)
  ok 41 [webkit] › e2e-m1\map.spec.ts:39:1 › REQ-PLAT-03 preferred actual backend produces the same map RGB and source shader (1.2s)
  ok 42 [firefox] › e2e-m1\map.spec.ts:47:33 › REQ-MAP-05 independent three border pixel oracle, u16 sentinel and camera WebGL2 (1.8s)
  ok 44 [firefox] › e2e-m1\map.spec.ts:76:93 › REQ-PLAT-03 missingGPU falls back to actual WebGL2 pixels (671ms)
  ok 45 [firefox] › e2e-m1\map.spec.ts:76:93 › REQ-PLAT-03 nullAdapter falls back to actual WebGL2 pixels (656ms)
  ok 46 [firefox] › e2e-m1\map.spec.ts:76:93 › REQ-PLAT-03 adapterReject falls back to actual WebGL2 pixels (655ms)
  ok 43 [webkit] › e2e-m1\map.spec.ts:47:33 › REQ-MAP-05 independent three border pixel oracle, u16 sentinel and camera preferred (3.3s)
  ok 47 [firefox] › e2e-m1\map.spec.ts:76:93 › REQ-PLAT-03 deviceReject falls back to actual WebGL2 pixels (687ms)
  ok 49 [firefox] › e2e-m1\map.spec.ts:76:93 › REQ-PLAT-03 insecure falls back to actual WebGL2 pixels (645ms)
  ok 50 [firefox] › e2e-m1\map.spec.ts:87:1 › REQ-PLAT-03 no backend shows localized notices (1.0s)
  ok 51 [firefox] › e2e-m1\map.spec.ts:91:1 › REQ-PLAT-03 actual WebGL2 texture limit is checked before texture creation (544ms)
  ok 48 [webkit] › e2e-m1\map.spec.ts:47:33 › REQ-MAP-05 independent three border pixel oracle, u16 sentinel and camera WebGL2 (3.3s)
  ok 52 [firefox] › e2e-m1\map.spec.ts:95:1 › REQ-MAP-04 missing bundled index fails visibly without external download (398ms)
  ok 53 [webkit] › e2e-m1\map.spec.ts:76:93 › REQ-PLAT-03 missingGPU falls back to actual WebGL2 pixels (1.1s)
  ok 54 [webkit] › e2e-m1\map.spec.ts:76:93 › REQ-PLAT-03 nullAdapter falls back to actual WebGL2 pixels (1.1s)
  ok 55 [webkit] › e2e-m1\map.spec.ts:76:93 › REQ-PLAT-03 adapterReject falls back to actual WebGL2 pixels (1.0s)
  ok 56 [webkit] › e2e-m1\map.spec.ts:76:93 › REQ-PLAT-03 deviceReject falls back to actual WebGL2 pixels (1.0s)
  ok 57 [webkit] › e2e-m1\map.spec.ts:76:93 › REQ-PLAT-03 insecure falls back to actual WebGL2 pixels (1.0s)
  ok 58 [webkit] › e2e-m1\map.spec.ts:87:1 › REQ-PLAT-03 no backend shows localized notices (589ms)
  ok 59 [webkit] › e2e-m1\map.spec.ts:91:1 › REQ-PLAT-03 actual WebGL2 texture limit is checked before texture creation (594ms)
  ok 60 [webkit] › e2e-m1\map.spec.ts:95:1 › REQ-MAP-04 missing bundled index fails visibly without external download (588ms)

  60 passed (37.8s)
