
Running 10 tests using 3 workers

(node:32804) Warning: The 'NO_COLOR' env is ignored due to the 'FORCE_COLOR' env being set.
(Use `node --trace-warnings ...` to show where the warning was created)
(node:3216) Warning: The 'NO_COLOR' env is ignored due to the 'FORCE_COLOR' env being set.
(Use `node --trace-warnings ...` to show where the warning was created)
(node:32564) Warning: The 'NO_COLOR' env is ignored due to the 'FORCE_COLOR' env being set.
(Use `node --trace-warnings ...` to show where the warning was created)
  ok  3 [chromium] › e2e-m1\map.spec.ts:40:1 › REQ-PLAT-03 preferred actual backend produces the same map RGB and source shader (1.8s)
  ok  2 [chrome] › e2e-m1\map.spec.ts:40:1 › REQ-PLAT-03 preferred actual backend produces the same map RGB and source shader (2.0s)
  ok  1 [edge] › e2e-m1\map.spec.ts:40:1 › REQ-PLAT-03 preferred actual backend produces the same map RGB and source shader (2.0s)
  ok  5 [chrome] › e2e-m1\map.spec.ts:48:1 › REQ-MAP-04 changed server RGB updates only affected lookup texel on actual backend (1.1s)
  ok  4 [chromium] › e2e-m1\map.spec.ts:48:1 › REQ-MAP-04 changed server RGB updates only affected lookup texel on actual backend (1.5s)
(node:1556) Warning: The 'NO_COLOR' env is ignored due to the 'FORCE_COLOR' env being set.
(Use `node --trace-warnings ...` to show where the warning was created)
(node:23592) Warning: The 'NO_COLOR' env is ignored due to the 'FORCE_COLOR' env being set.
(Use `node --trace-warnings ...` to show where the warning was created)
  ok  6 [edge] › e2e-m1\map.spec.ts:48:1 › REQ-MAP-04 changed server RGB updates only affected lookup texel on actual backend (1.7s)
  ok  8 [webkit] › e2e-m1\map.spec.ts:40:1 › REQ-PLAT-03 preferred actual backend produces the same map RGB and source shader (2.9s)
  ok  7 [firefox] › e2e-m1\map.spec.ts:40:1 › REQ-PLAT-03 preferred actual backend produces the same map RGB and source shader (4.9s)
  ok  9 [webkit] › e2e-m1\map.spec.ts:48:1 › REQ-MAP-04 changed server RGB updates only affected lookup texel on actual backend (2.4s)
  ok 10 [firefox] › e2e-m1\map.spec.ts:48:1 › REQ-MAP-04 changed server RGB updates only affected lookup texel on actual backend (1.1s)

  10 passed (12.0s)
