
> openhoi-client@0.1.0 pretest
> cargo run -p oh_proto --example wire_fixtures

    Finished `dev` profile [unoptimized + debuginfo] target(s) in 0.09s
     Running `E:\openhoi\.orchestrator\wt\WP-08\target\debug\examples\wire_fixtures.exe`

> openhoi-client@0.1.0 test
> vitest run --run src/map/model.test.ts


 RUN  v5.0.3 E:/openhoi/.orchestrator/wt/WP-08/client

 ❯ src/map/model.test.ts (0 test)

⎯⎯⎯⎯⎯⎯ Failed Suites 1 ⎯⎯⎯⎯⎯⎯⎯

 FAIL  src/map/model.test.ts [ src/map/model.test.ts ]
Error: Cannot find module './model' imported from E:/openhoi/.orchestrator/wt/WP-08/client/src/map/model.test.ts
 ❯ src/map/model.test.ts:3:1
      1| import { expect, test } from 'vitest';
      2| import { readFileSync } from 'node:fs';
      3| import { decodeIndex, pick, palettes, updateColors } from './model';
       | ^
      4| import type { WorldView } from '../proto/protocol';
      5| const world = (): WorldView => JSON.parse(readFileSync('../target/wp09…

⎯⎯⎯⎯⎯⎯⎯⎯⎯⎯⎯⎯⎯⎯⎯⎯⎯⎯⎯⎯⎯⎯⎯⎯[1/1]⎯


 Test Files  1 failed (1)
      Tests  no tests
   Start at  23:05:51
   Duration  158ms (worker 97%, environment 3%)

