
> openhoi-client@0.1.0 test:e2e
> playwright test


Running 55 tests using 8 workers

(node:26828) Warning: The 'NO_COLOR' env is ignored due to the 'FORCE_COLOR' env being set.
(Use `node --trace-warnings ...` to show where the warning was created)
(node:20168) Warning: The 'NO_COLOR' env is ignored due to the 'FORCE_COLOR' env being set.
(Use `node --trace-warnings ...` to show where the warning was created)
(node:17232) Warning: The 'NO_COLOR' env is ignored due to the 'FORCE_COLOR' env being set.
(Use `node --trace-warnings ...` to show where the warning was created)
(node:26608) Warning: The 'NO_COLOR' env is ignored due to the 'FORCE_COLOR' env being set.
(Use `node --trace-warnings ...` to show where the warning was created)
(node:3888) Warning: The 'NO_COLOR' env is ignored due to the 'FORCE_COLOR' env being set.
(Use `node --trace-warnings ...` to show where the warning was created)
(node:11592) Warning: The 'NO_COLOR' env is ignored due to the 'FORCE_COLOR' env being set.
(Use `node --trace-warnings ...` to show where the warning was created)
(node:4224) Warning: The 'NO_COLOR' env is ignored due to the 'FORCE_COLOR' env being set.
(Use `node --trace-warnings ...` to show where the warning was created)
(node:17292) Warning: The 'NO_COLOR' env is ignored due to the 'FORCE_COLOR' env being set.
(Use `node --trace-warnings ...` to show where the warning was created)
  ok  1 [edge] › e2e\shell.spec.ts:3:1 › REQ-PLAT-01 built client loads without browser errors (563ms)
  ok  2 [chrome] › e2e\shell.spec.ts:3:1 › REQ-PLAT-01 built client loads without browser errors (558ms)
  ok  8 [chrome] › e2e\localization.spec.ts:9:1 › REQ-LOC-01 REQ-LOC-02 actual Rust executable ko/en switch and local CJK font (747ms)
  ok  4 [edge] › e2e\localization.spec.ts:9:1 › REQ-LOC-01 REQ-LOC-02 actual Rust executable ko/en switch and local CJK font (1.4s)
  ok  9 [chrome] › e2e\localization.spec.ts:58:1 › REQ-LOC-01 actual server Notice and CommandResult failure translate on language switch (529ms)
  ok 10 [edge] › e2e\localization.spec.ts:58:1 › REQ-LOC-01 actual server Notice and CommandResult failure translate on language switch (528ms)
  ok  7 [chrome] › e2e\network.spec.ts:6:1 › REQ-GEN-01 REQ-TIME-01 REQ-NET-01 authoritative pause, five speeds and date (1.9s)
  ok  5 [edge] › e2e\network.spec.ts:6:1 › REQ-GEN-01 REQ-TIME-01 REQ-NET-01 authoritative pause, five speeds and date (2.1s)
(node:3880) Warning: The 'NO_COLOR' env is ignored due to the 'FORCE_COLOR' env being set.
(Use `node --trace-warnings ...` to show where the warning was created)
  ok 14 [edge] › e2e\network.spec.ts:31:1 › REQ-NET-02 executable serves built assets and ko/en localization (56ms)
  ok 13 [chrome] › e2e\network.spec.ts:31:1 › REQ-NET-02 executable serves built assets and ko/en localization (54ms)
(node:31208) Warning: The 'NO_COLOR' env is ignored due to the 'FORCE_COLOR' env being set.
(Use `node --trace-warnings ...` to show where the warning was created)
  ok 11 [chrome] › e2e\localization.spec.ts:75:1 › REQ-LOC-01 actual server Notice renders through Fluent (447ms)
  ok 12 [edge] › e2e\localization.spec.ts:75:1 › REQ-LOC-01 actual server Notice renders through Fluent (444ms)
  ok 18 [edge] › e2e\localization.spec.ts:89:1 › AC-M1-03 ledger display fixture opens with keyboard and preserves supplied values (582ms)
  ok 17 [chrome] › e2e\localization.spec.ts:89:1 › AC-M1-03 ledger display fixture opens with keyboard and preserves supplied values (615ms)
  ok 20 [chromium] › e2e\shell.spec.ts:3:1 › REQ-PLAT-01 built client loads without browser errors (393ms)
  ok  3 [chromium] › e2e\localization.spec.ts:9:1 › REQ-LOC-01 REQ-LOC-02 actual Rust executable ko/en switch and local CJK font (2.1s)
(node:17232) Warning: The 'NO_COLOR' env is ignored due to the 'FORCE_COLOR' env being set.
(Use `node --trace-warnings ...` to show where the warning was created)
(node:25432) Warning: The 'NO_COLOR' env is ignored due to the 'FORCE_COLOR' env being set.
(Use `node --trace-warnings ...` to show where the warning was created)
  ok 21 [chromium] › e2e\localization.spec.ts:58:1 › REQ-LOC-01 actual server Notice and CommandResult failure translate on language switch (359ms)
  ok 15 [edge] › e2e\network.spec.ts:44:1 › REQ-NET-01 version mismatch, acceptance, rejection and unsupported scope (1.9s)
  ok 16 [chrome] › e2e\network.spec.ts:44:1 › REQ-NET-01 version mismatch, acceptance, rejection and unsupported scope (1.9s)
(node:31516) Warning: The 'NO_COLOR' env is ignored due to the 'FORCE_COLOR' env being set.
(Use `node --trace-warnings ...` to show where the warning was created)
  ok 23 [chromium] › e2e\localization.spec.ts:75:1 › REQ-LOC-01 actual server Notice renders through Fluent (297ms)
  ok  6 [chromium] › e2e\network.spec.ts:6:1 › REQ-GEN-01 REQ-TIME-01 REQ-NET-01 authoritative pause, five speeds and date (3.1s)
  ok 29 [chromium] › e2e\network.spec.ts:31:1 › REQ-NET-02 executable serves built assets and ko/en localization (33ms)
  ok 27 [chromium] › e2e\localization.spec.ts:89:1 › AC-M1-03 ledger display fixture opens with keyboard and preserves supplied values (500ms)
  ok 24 [edge] › e2e\network.spec.ts:73:1 › REQ-NET-01 Create, supported query, Delta and explicit refusal (1.1s)
  ok 25 [chrome] › e2e\network.spec.ts:73:1 › REQ-NET-01 Create, supported query, Delta and explicit refusal (1.1s)
(node:24948) Warning: The 'NO_COLOR' env is ignored due to the 'FORCE_COLOR' env being set.
(Use `node --trace-warnings ...` to show where the warning was created)
  ok 32 [chrome] › e2e\network.spec.ts:101:1 › REQ-NET-02 ko localization (515ms)
  ok 31 [edge] › e2e\network.spec.ts:101:1 › REQ-NET-02 ko localization (548ms)
  ok 30 [chromium] › e2e\network.spec.ts:44:1 › REQ-NET-01 version mismatch, acceptance, rejection and unsupported scope (1.7s)
  ok 26 [webkit] › e2e\localization.spec.ts:9:1 › REQ-LOC-01 REQ-LOC-02 actual Rust executable ko/en switch and local CJK font (1.6s)
  ok 34 [chrome] › e2e\network.spec.ts:112:1 › REQ-GEN-05 REQ-NET-05 server disconnect freezes displayed time and input (1.2s)
  ok 35 [edge] › e2e\network.spec.ts:112:1 › REQ-GEN-05 REQ-NET-05 server disconnect freezes displayed time and input (1.3s)
  ok 36 [chromium] › e2e\network.spec.ts:73:1 › REQ-NET-01 Create, supported query, Delta and explicit refusal (945ms)
  ok 37 [webkit] › e2e\localization.spec.ts:58:1 › REQ-LOC-01 actual server Notice and CommandResult failure translate on language switch (831ms)
  ok 38 [chromium] › e2e\network.spec.ts:101:1 › REQ-NET-02 ko localization (464ms)
(node:13976) Warning: The 'NO_COLOR' env is ignored due to the 'FORCE_COLOR' env being set.
(Use `node --trace-warnings ...` to show where the warning was created)
  ok 39 [webkit] › e2e\localization.spec.ts:75:1 › REQ-LOC-01 actual server Notice renders through Fluent (752ms)
  ok 22 [firefox] › e2e\shell.spec.ts:3:1 › REQ-PLAT-01 built client loads without browser errors (1.9s)
  ok 42 [webkit] › e2e\shell.spec.ts:3:1 › REQ-PLAT-01 built client loads without browser errors (304ms)
  ok 40 [chromium] › e2e\network.spec.ts:112:1 › REQ-GEN-05 REQ-NET-05 server disconnect freezes displayed time and input (1.0s)
  ok 33 [webkit] › e2e\network.spec.ts:6:1 › REQ-GEN-01 REQ-TIME-01 REQ-NET-01 authoritative pause, five speeds and date (3.2s)
  ok 43 [webkit] › e2e\network.spec.ts:31:1 › REQ-NET-02 executable serves built assets and ko/en localization (21ms)
  ok 41 [webkit] › e2e\localization.spec.ts:89:1 › AC-M1-03 ledger display fixture opens with keyboard and preserves supplied values (1.2s)
  ok 44 [webkit] › e2e\network.spec.ts:44:1 › REQ-NET-01 version mismatch, acceptance, rejection and unsupported scope (1.8s)
  ok 28 [firefox] › e2e\network.spec.ts:6:1 › REQ-GEN-01 REQ-TIME-01 REQ-NET-01 authoritative pause, five speeds and date (6.2s)
  ok 45 [webkit] › e2e\network.spec.ts:73:1 › REQ-NET-01 Create, supported query, Delta and explicit refusal (984ms)
  ok 46 [firefox] › e2e\network.spec.ts:31:1 › REQ-NET-02 executable serves built assets and ko/en localization (35ms)
  ok 19 [firefox] › e2e\localization.spec.ts:9:1 › REQ-LOC-01 REQ-LOC-02 actual Rust executable ko/en switch and local CJK font (6.8s)
  ok 49 [firefox] › e2e\localization.spec.ts:58:1 › REQ-LOC-01 actual server Notice and CommandResult failure translate on language switch (658ms)
  ok 47 [webkit] › e2e\network.spec.ts:101:1 › REQ-NET-02 ko localization (793ms)
  ok 50 [firefox] › e2e\localization.spec.ts:75:1 › REQ-LOC-01 actual server Notice renders through Fluent (586ms)
  ok 51 [webkit] › e2e\network.spec.ts:112:1 › REQ-GEN-05 REQ-NET-05 server disconnect freezes displayed time and input (1.5s)
  ok 48 [firefox] › e2e\network.spec.ts:44:1 › REQ-NET-01 version mismatch, acceptance, rejection and unsupported scope (2.5s)
  ok 52 [firefox] › e2e\localization.spec.ts:89:1 › AC-M1-03 ledger display fixture opens with keyboard and preserves supplied values (1.3s)
  ok 53 [firefox] › e2e\network.spec.ts:73:1 › REQ-NET-01 Create, supported query, Delta and explicit refusal (1.0s)
  ok 54 [firefox] › e2e\network.spec.ts:101:1 › REQ-NET-02 ko localization (412ms)
  ok 55 [firefox] › e2e\network.spec.ts:112:1 › REQ-GEN-05 REQ-NET-05 server disconnect freezes displayed time and input (1.0s)

  55 passed (18.6s)
exit=0
