
> openhoi-client@0.1.0 pretest
> cargo run -p oh_proto --example wire_fixtures

    Finished `dev` profile [unoptimized + debuginfo] target(s) in 0.10s
     Running `E:\openhoi\.orchestrator\wt\WP-12\target\debug\examples\wire_fixtures.exe`

> openhoi-client@0.1.0 test
> vitest run


 RUN  v5.0.3 E:/openhoi/.orchestrator/wt/WP-12/client

 ❯ src/App.test.tsx (1 test | 1 failed) 24ms
   × REQ-PLAT-01 React shell renders without a simulation or server 24ms

⎯⎯⎯⎯⎯⎯⎯ Failed Tests 1 ⎯⎯⎯⎯⎯⎯⎯

 FAIL  src/App.test.tsx > REQ-PLAT-01 React shell renders without a simulation or server
AssertionError: expected '<main data-openhoi-shell="" lang="en"…' to contain '<main data-openhoi-shell="">'

Expected: "<main data-openhoi-shell="">"
Received: "<main data-openhoi-shell="" lang="en"><header><div><h1>OpenHOI4</h1><p>Empty scenario</p></div><label>Language <select><option value="en" selected="">English</option><option value="ko">한국어</option></select></label></header><p class="connection" data-testid="connection" role="status">Connecting</p><section aria-label="Time controls"><dl><div><dt>Date</dt><dd data-testid="date">Waiting for server</dd></div><div><dt>Hour</dt><dd data-testid="hour">—</dd></div><div><dt>Tick</dt><dd data-testid="tick">—</dd></div><div><dt>Speed</dt><dd data-testid="speed">—</dd></div></dl><div class="controls"><button data-testid="pause" disabled="">Pause</button><button data-testid="speed-1" disabled="" aria-label="Speed 1" aria-pressed="false">1</button><button data-testid="speed-2" disabled="" aria-label="Speed 2" aria-pressed="false">2</button><button data-testid="speed-3" disabled="" aria-label="Speed 3" aria-pressed="false">3</button><button data-testid="speed-4" disabled="" aria-label="Speed 4" aria-pressed="false">4</button><button data-testid="speed-5" disabled="" aria-label="Speed 5" aria-pressed="false">5</button></div></section><footer><a href="/fonts/OFL.txt">Noto Sans KR · SIL Open Font License 1.1</a></footer></main>"

 ❯ src/App.test.tsx:7:16
      5| test('REQ-PLAT-01 React shell renders without a simulation or server',…
      6|   const html = renderToStaticMarkup(<App />);
      7|   expect(html).toContain('<main data-openhoi-shell="">');
       |                ^
      8|   expect(html).toContain('Waiting for server');
      9|   expect(html).toContain('disabled');

⎯⎯⎯⎯⎯⎯⎯⎯⎯⎯⎯⎯⎯⎯⎯⎯⎯⎯⎯⎯⎯⎯⎯⎯[1/1]⎯


 Test Files  1 failed | 3 passed (4)
      Tests  1 failed | 7 passed (8)
   Start at  20:43:51
   Duration  408ms (import 48%, transform 38%, tests 11%, worker 3%)

exit=1
