
> openhoi-client@0.1.0 test:e2e
> playwright test


Running 55 tests using 8 workers

(node:46796) Warning: The 'NO_COLOR' env is ignored due to the 'FORCE_COLOR' env being set.
(Use `node --trace-warnings ...` to show where the warning was created)
(node:27904) Warning: The 'NO_COLOR' env is ignored due to the 'FORCE_COLOR' env being set.
(Use `node --trace-warnings ...` to show where the warning was created)
(node:35224) Warning: The 'NO_COLOR' env is ignored due to the 'FORCE_COLOR' env being set.
(Use `node --trace-warnings ...` to show where the warning was created)
(node:43776) Warning: The 'NO_COLOR' env is ignored due to the 'FORCE_COLOR' env being set.
(Use `node --trace-warnings ...` to show where the warning was created)
(node:26700) Warning: The 'NO_COLOR' env is ignored due to the 'FORCE_COLOR' env being set.
(Use `node --trace-warnings ...` to show where the warning was created)
(node:42168) Warning: The 'NO_COLOR' env is ignored due to the 'FORCE_COLOR' env being set.
(Use `node --trace-warnings ...` to show where the warning was created)
(node:22160) Warning: The 'NO_COLOR' env is ignored due to the 'FORCE_COLOR' env being set.
(Use `node --trace-warnings ...` to show where the warning was created)
(node:37844) Warning: The 'NO_COLOR' env is ignored due to the 'FORCE_COLOR' env being set.
(Use `node --trace-warnings ...` to show where the warning was created)
  ok  1 [chrome] › e2e\shell.spec.ts:3:1 › REQ-PLAT-01 built client loads without browser errors (1.1s)
  ok  2 [edge] › e2e\shell.spec.ts:3:1 › REQ-PLAT-01 built client loads without browser errors (1.1s)
  ok  6 [edge] › e2e\localization.spec.ts:9:1 › REQ-LOC-01 REQ-LOC-02 actual Rust executable ko/en switch and local CJK font (1.3s)
  ok  5 [chrome] › e2e\localization.spec.ts:9:1 › REQ-LOC-01 REQ-LOC-02 actual Rust executable ko/en switch and local CJK font (1.4s)
  ok  8 [chromium] › e2e\localization.spec.ts:9:1 › REQ-LOC-01 REQ-LOC-02 actual Rust executable ko/en switch and local CJK font (1.7s)
  ok  9 [edge] › e2e\localization.spec.ts:57:1 › REQ-LOC-01 actual server Notice and CommandResult failure translate on language switch (499ms)
  ok 10 [chrome] › e2e\localization.spec.ts:57:1 › REQ-LOC-01 actual server Notice and CommandResult failure translate on language switch (532ms)
  ok 11 [chromium] › e2e\localization.spec.ts:57:1 › REQ-LOC-01 actual server Notice and CommandResult failure translate on language switch (465ms)
  ok  3 [edge] › e2e\network.spec.ts:6:1 › REQ-GEN-01 REQ-TIME-01 REQ-NET-01 authoritative pause, five speeds and date (2.4s)
  ok 14 [chromium] › e2e\localization.spec.ts:74:1 › REQ-LOC-01 actual server Notice renders through Fluent (366ms)
  ok 15 [edge] › e2e\network.spec.ts:31:1 › REQ-NET-02 executable serves built assets and ko/en localization (45ms)
  ok 13 [chrome] › e2e\localization.spec.ts:74:1 › REQ-LOC-01 actual server Notice renders through Fluent (400ms)
  ok  4 [chrome] › e2e\network.spec.ts:6:1 › REQ-GEN-01 REQ-TIME-01 REQ-NET-01 authoritative pause, five speeds and date (2.3s)
  ok 19 [chrome] › e2e\network.spec.ts:31:1 › REQ-NET-02 executable serves built assets and ko/en localization (41ms)
  ok  7 [chromium] › e2e\network.spec.ts:6:1 › REQ-GEN-01 REQ-TIME-01 REQ-NET-01 authoritative pause, five speeds and date (2.8s)
  ok 21 [chromium] › e2e\network.spec.ts:31:1 › REQ-NET-02 executable serves built assets and ko/en localization (53ms)
  ok 12 [edge] › e2e\localization.spec.ts:74:1 › REQ-LOC-01 actual server Notice renders through Fluent (806ms)
  ok 16 [chromium] › e2e\localization.spec.ts:88:1 › AC-M1-03 ledger display fixture opens with keyboard and preserves supplied values (648ms)
  ok 18 [chrome] › e2e\localization.spec.ts:88:1 › AC-M1-03 ledger display fixture opens with keyboard and preserves supplied values (690ms)
  ok 23 [edge] › e2e\localization.spec.ts:88:1 › AC-M1-03 ledger display fixture opens with keyboard and preserves supplied values (909ms)
(node:33020) Warning: The 'NO_COLOR' env is ignored due to the 'FORCE_COLOR' env being set.
(Use `node --trace-warnings ...` to show where the warning was created)
  ok 17 [edge] › e2e\network.spec.ts:44:1 › REQ-NET-01 version mismatch, acceptance, rejection and unsupported scope (1.9s)
(node:27884) Warning: The 'NO_COLOR' env is ignored due to the 'FORCE_COLOR' env being set.
(Use `node --trace-warnings ...` to show where the warning was created)
(node:42468) Warning: The 'NO_COLOR' env is ignored due to the 'FORCE_COLOR' env being set.
(Use `node --trace-warnings ...` to show where the warning was created)
  ok 20 [chrome] › e2e\network.spec.ts:44:1 › REQ-NET-01 version mismatch, acceptance, rejection and unsupported scope (1.9s)
  ok 22 [chromium] › e2e\network.spec.ts:44:1 › REQ-NET-01 version mismatch, acceptance, rejection and unsupported scope (1.8s)
(node:39364) Warning: The 'NO_COLOR' env is ignored due to the 'FORCE_COLOR' env being set.
(Use `node --trace-warnings ...` to show where the warning was created)
(node:13304) Warning: The 'NO_COLOR' env is ignored due to the 'FORCE_COLOR' env being set.
(Use `node --trace-warnings ...` to show where the warning was created)
  ok 28 [chromium] › e2e\shell.spec.ts:3:1 › REQ-PLAT-01 built client loads without browser errors (278ms)
  ok 25 [edge] › e2e\network.spec.ts:73:1 › REQ-NET-01 Create, supported query, Delta and explicit refusal (1.1s)
  ok 26 [chrome] › e2e\network.spec.ts:73:1 › REQ-NET-01 Create, supported query, Delta and explicit refusal (1.1s)
  ok 27 [chromium] › e2e\network.spec.ts:73:1 › REQ-NET-01 Create, supported query, Delta and explicit refusal (1.0s)
  ok 32 [edge] › e2e\network.spec.ts:101:1 › REQ-NET-02 ko localization (555ms)
  ok 34 [chromium] › e2e\network.spec.ts:101:1 › REQ-NET-02 ko localization (477ms)
(node:19256) Warning: The 'NO_COLOR' env is ignored due to the 'FORCE_COLOR' env being set.
(Use `node --trace-warnings ...` to show where the warning was created)
  ok 33 [chrome] › e2e\network.spec.ts:101:1 › REQ-NET-02 ko localization (604ms)
  ok 31 [webkit] › e2e\localization.spec.ts:9:1 › REQ-LOC-01 REQ-LOC-02 actual Rust executable ko/en switch and local CJK font (1.5s)
  ok 36 [chromium] › e2e\network.spec.ts:112:1 › REQ-GEN-05 REQ-NET-05 server disconnect freezes displayed time and input (1.3s)
  ok 37 [chrome] › e2e\network.spec.ts:112:1 › REQ-GEN-05 REQ-NET-05 server disconnect freezes displayed time and input (1.3s)
  ok 35 [edge] › e2e\network.spec.ts:112:1 › REQ-GEN-05 REQ-NET-05 server disconnect freezes displayed time and input (1.8s)
  ok 39 [webkit] › e2e\localization.spec.ts:57:1 › REQ-LOC-01 actual server Notice and CommandResult failure translate on language switch (1.2s)
  ok 29 [firefox] › e2e\shell.spec.ts:3:1 › REQ-PLAT-01 built client loads without browser errors (2.6s)
  ok 40 [webkit] › e2e\localization.spec.ts:74:1 › REQ-LOC-01 actual server Notice renders through Fluent (1.6s)
  x  41 [webkit] › e2e\localization.spec.ts:88:1 › AC-M1-03 ledger display fixture opens with keyboard and preserves supplied values (726ms)
  ok 38 [webkit] › e2e\network.spec.ts:6:1 › REQ-GEN-01 REQ-TIME-01 REQ-NET-01 authoritative pause, five speeds and date (4.2s)
  ok 42 [webkit] › e2e\network.spec.ts:31:1 › REQ-NET-02 executable serves built assets and ko/en localization (38ms)
(node:45376) Warning: The 'NO_COLOR' env is ignored due to the 'FORCE_COLOR' env being set.
(Use `node --trace-warnings ...` to show where the warning was created)
  ok 44 [webkit] › e2e\shell.spec.ts:3:1 › REQ-PLAT-01 built client loads without browser errors (323ms)
  ok 43 [webkit] › e2e\network.spec.ts:44:1 › REQ-NET-01 version mismatch, acceptance, rejection and unsupported scope (1.9s)
  ok 45 [webkit] › e2e\network.spec.ts:73:1 › REQ-NET-01 Create, supported query, Delta and explicit refusal (1.0s)
  ok 46 [webkit] › e2e\network.spec.ts:101:1 › REQ-NET-02 ko localization (738ms)
  ok 24 [firefox] › e2e\network.spec.ts:6:1 › REQ-GEN-01 REQ-TIME-01 REQ-NET-01 authoritative pause, five speeds and date (11.0s)
  ok 48 [firefox] › e2e\network.spec.ts:31:1 › REQ-NET-02 executable serves built assets and ko/en localization (37ms)
  ok 30 [firefox] › e2e\localization.spec.ts:9:1 › REQ-LOC-01 REQ-LOC-02 actual Rust executable ko/en switch and local CJK font (9.4s)
  ok 47 [webkit] › e2e\network.spec.ts:112:1 › REQ-GEN-05 REQ-NET-05 server disconnect freezes displayed time and input (1.6s)
  ok 50 [firefox] › e2e\localization.spec.ts:57:1 › REQ-LOC-01 actual server Notice and CommandResult failure translate on language switch (894ms)
  ok 51 [firefox] › e2e\localization.spec.ts:74:1 › REQ-LOC-01 actual server Notice renders through Fluent (625ms)
  ok 49 [firefox] › e2e\network.spec.ts:44:1 › REQ-NET-01 version mismatch, acceptance, rejection and unsupported scope (2.3s)
  ok 52 [firefox] › e2e\localization.spec.ts:88:1 › AC-M1-03 ledger display fixture opens with keyboard and preserves supplied values (1.0s)
  ok 53 [firefox] › e2e\network.spec.ts:73:1 › REQ-NET-01 Create, supported query, Delta and explicit refusal (1.2s)
  ok 54 [firefox] › e2e\network.spec.ts:101:1 › REQ-NET-02 ko localization (564ms)
  ok 55 [firefox] › e2e\network.spec.ts:112:1 › REQ-GEN-05 REQ-NET-05 server disconnect freezes displayed time and input (1.3s)


  1) [webkit] › e2e\localization.spec.ts:88:1 › AC-M1-03 ledger display fixture opens with keyboard and preserves supplied values 

    Error: page.evaluate: TypeError: null is not an object (evaluating 'document.querySelector('main').innerHTML = markup')

      92 |   for (const language of ['ko', 'en']) {
      93 |     const markup = readFileSync(`../target/wp12/ledger-${language}.html`, 'utf8');
    > 94 |     await page.evaluate(({ markup, language }) => {
         |                ^
      95 |       document.querySelector('main')!.innerHTML = markup;
      96 |       document.documentElement.lang = language;
      97 |     }, { markup, language });
        at E:\openhoi\.orchestrator\wt\WP-12\client\e2e\localization.spec.ts:94:16

    Error Context: test-results\localization-AC-M1-03-ledg-e9b68-d-preserves-supplied-values-webkit\error-context.md

  1 failed
    [webkit] › e2e\localization.spec.ts:88:1 › AC-M1-03 ledger display fixture opens with keyboard and preserves supplied values 
  54 passed (24.1s)
exit=1
