
> openhoi-client@0.1.0 pretest
> cargo run -p oh_proto --example wire_fixtures

   Compiling proc-macro2 v1.0.107
   Compiling quote v1.0.47
   Compiling unicode-ident v1.0.26
   Compiling serde_core v1.0.229
   Compiling serde v1.0.229
   Compiling zerocopy v0.8.60
   Compiling thiserror v2.0.21
   Compiling zmij v1.0.23
   Compiling autocfg v1.5.1
   Compiling serde_json v1.0.151
   Compiling ref-cast v1.0.27
   Compiling cfg-if v1.0.5
   Compiling windows-link v0.2.1
   Compiling fixed v1.31.0
   Compiling winnow v1.0.4
   Compiling itoa v1.0.18
   Compiling windows-sys v0.61.2
   Compiling rand_core v0.10.1
   Compiling az v1.3.0
   Compiling typenum v1.20.1
   Compiling bytemuck v1.25.2
   Compiling num-traits v0.2.19
   Compiling memchr v2.8.3
   Compiling toml_parser v1.1.3+spec-1.1.0
   Compiling toml_writer v1.1.2+spec-1.1.0
   Compiling semver v1.0.28
   Compiling dyn-clone v1.0.20
   Compiling winapi-util v0.1.11
   Compiling termcolor v1.4.1
   Compiling syn v3.0.6
   Compiling syn v2.0.119
   Compiling rmp v0.8.15
   Compiling serde_derive_internals v0.30.0
   Compiling toml_datetime v1.1.1+spec-1.1.0
   Compiling serde_spanned v1.1.1
   Compiling toml v1.1.6+spec-1.1.0
   Compiling serde_derive v1.0.229
   Compiling thiserror-impl v2.0.21
   Compiling ref-cast-impl v1.0.27
   Compiling schemars_derive v1.2.2
   Compiling cobs v0.3.0
   Compiling zerocopy-derive v0.8.60
   Compiling ts-rs-macros v12.0.1
   Compiling ts-rs v12.0.1
   Compiling postcard v1.1.3
   Compiling schemars v1.2.2
   Compiling rmp-serde v1.3.1
   Compiling ppv-lite86 v0.2.21
   Compiling half v2.7.1
   Compiling rand_chacha v0.10.0
   Compiling oh_core v0.1.0 (E:\openhoi\.orchestrator\wt\WP-12\crates\oh_core)
   Compiling oh_data v0.1.0 (E:\openhoi\.orchestrator\wt\WP-12\crates\oh_data)
   Compiling oh_sim v0.1.0 (E:\openhoi\.orchestrator\wt\WP-12\crates\oh_sim)
   Compiling oh_proto v0.1.0 (E:\openhoi\.orchestrator\wt\WP-12\crates\oh_proto)
    Finished `dev` profile [unoptimized + debuginfo] target(s) in 15.99s
     Running `E:\openhoi\.orchestrator\wt\WP-12\target\debug\examples\wire_fixtures.exe`

> openhoi-client@0.1.0 test
> vitest run


 RUN  v5.0.3 E:/openhoi/.orchestrator/wt/WP-12/client

 ❯ src/localization.test.ts (2 tests | 2 failed) 9ms
   × REQ-LOC-01 ko/en Fluent catalogs cover M0 keys and interpolated shell strings 5ms
   × REQ-LOC-02 ships an OFL CJK font and local font-face without CDN 3ms

⎯⎯⎯⎯⎯⎯⎯ Failed Tests 2 ⎯⎯⎯⎯⎯⎯⎯

 FAIL  src/localization.test.ts > REQ-LOC-01 ko/en Fluent catalogs cover M0 keys and interpolated shell strings
AssertionError: expected false to be true // Object.is equality

- Expected
+ Received

- true
+ false

 ❯ src/localization.test.ts:9:30
      7|   for (const language of ['ko', 'en']) {
      8|     const file = resolve(root, `client/public/locales/${language}.ftl`…
      9|     expect(existsSync(file)).toBe(true);
       |                              ^
     10|     const ftl = readFileSync(file, 'utf8');
     11|     const original = JSON.parse(readFileSync(resolve(root, `client/pub…

⎯⎯⎯⎯⎯⎯⎯⎯⎯⎯⎯⎯⎯⎯⎯⎯⎯⎯⎯⎯⎯⎯⎯⎯[1/2]⎯

 FAIL  src/localization.test.ts > REQ-LOC-02 ships an OFL CJK font and local font-face without CDN
AssertionError: expected 'body { color-scheme: dark; margin: 0;…' to contain '@font-face'

- Expected
+ Received

- @font-face
+ body { color-scheme: dark; margin: 0; color: #ecedf0; background: #141922; font-family: system-ui, sans-serif; }
+ main { min-height: 100dvh; max-width: 960px; margin: auto; padding: 36px; box-sizing: border-box; }
+ header { display: flex; justify-content: space-between; align-items: center; gap: 24px; }
+ h1 { letter-spacing: .04em; margin: 0; } p, dt { color: #aab5c6; } header p { margin-top: 8px; }
+ .connection { border-left: 3px solid #88bfa7; padding-left: 12px; margin: 28px 0; }
+ section { background: #202938; border: 1px solid #39475a; border-radius: 12px; padding: 24px; }
+ dl { display: flex; flex-wrap: wrap; gap: 40px; margin: 0 0 28px; } dd { margin: 8px 0 0; font-size: 24px; font-variant-numeric: tabular-nums; }
+ .controls { display: flex; flex-wrap: wrap; gap: 10px; } button, select { background: #2c394c; color: #ecedf0; border: 1px solid #54647a; border-radius: 6px; padding: 10px 18px; font: inherit; }
+ button { cursor: pointer; } button[aria-pressed=true] { background: #446a5b; border-color: #a0c8b4; } button:disabled { opacity: .5; cursor: default; } button:focus-visible, select:focus-visible { outline: 2px solid #d2b679; outline-offset: 3px; }
+

 ❯ src/localization.test.ts:20:15
     18| test('REQ-LOC-02 ships an OFL CJK font and local font-face without CDN…
     19|   const css = readFileSync(resolve(root, 'client/src/shell.css'), 'utf…
     20|   expect(css).toContain('@font-face');
       |               ^
     21|   expect(css).toContain('/fonts/NotoSansKR.ttf');
     22|   expect(css).not.toMatch(/https?:\/\//);

⎯⎯⎯⎯⎯⎯⎯⎯⎯⎯⎯⎯⎯⎯⎯⎯⎯⎯⎯⎯⎯⎯⎯⎯[2/2]⎯


 Test Files  1 failed | 2 passed (3)
      Tests  2 failed | 3 passed (5)
   Start at  20:40:46
   Duration  768ms (import 66%, transform 17%, worker 14%, tests 3%)

test exit=1
