
Running 1 test using 1 worker

(node:5376) Warning: The 'NO_COLOR' env is ignored due to the 'FORCE_COLOR' env being set.
(Use `node --trace-warnings ...` to show where the warning was created)
  x  1 [webkit] › e2e-m1\map-resize.spec.ts:7:1 › REQ-MAP-05 resize and reset preserve presentation pixels and camera authority (4.6s)


  1) [webkit] › e2e-m1\map-resize.spec.ts:7:1 › REQ-MAP-05 resize and reset preserve presentation pixels and camera authority

    Error: resized: visible 32,41,56, expected 40,100,180

    expect(received).toBeLessThanOrEqual(expected)

    Expected: <= 1
    Received:    8

      16 |   captures.push({label,camera:c,gpu,actual,expected});writeFileSync(`${evidence}/${info.project.name}-resize.json`,JSON.stringify({browser:browser.version(),captures,errors},null,2));
      17 |   if(gpu){expect(gpu.error).toBe(0);expect(gpu.lost).toBe(false);for(let i=0;i<3;i++)expect(Math.abs(gpu.pixel[i]-expected[i])).toBeLessThanOrEqual(1);}
    > 18 |   for(let i=0;i<3;i++)expect(Math.abs(actual[i]-expected[i]),`${label}: visible ${actual}, expected ${expected}`).toBeLessThanOrEqual(1);
         |                                                                                                                   ^
      19 |  };
      20 |  await page.goto('/');await expect(map).toHaveAttribute('data-frames',/^[1-9]\d*$/);await page.getByTestId('pause').click();await expect(page.getByTestId('pause')).toHaveText('Resume');await capture('initial');const initial=await camera();
      21 |  for(const lang of ['en','ko']){await page.getByRole('combobox').selectOption(lang);for(const id of [10,30]){await click(1,id===10?1:3);await expect(page.getByTestId('selected-province')).toHaveText(String(id));await expect(page.getByTestId('state-panel').locator('.ledger-value strong')).toHaveText(id===10?'1':'0');const ledger=page.getByTestId('state-panel').locator('.ledger-value');if(await ledger.getAttribute('open')===null)await ledger.locator('summary').click();await expect(page.getByTestId('state-panel').locator('.ledger-tooltip')).toBeVisible();}}
        at capture (E:\openhoi\.orchestrator\wt\WP-08\client\e2e-m1\map-resize.spec.ts:18:115)
        at E:\openhoi\.orchestrator\wt\WP-08\client\e2e-m1\map-resize.spec.ts:25:310

    Error Context: test-results\map-resize-REQ-MAP-05-resi-440c3-pixels-and-camera-authority-webkit\error-context.md

  1 failed
    [webkit] › e2e-m1\map-resize.spec.ts:7:1 › REQ-MAP-05 resize and reset preserve presentation pixels and camera authority
