test_65535_ids_allowed_and_65536_rejected_without_wrapped_ordinals (test_component_cost.ComponentCostTests.test_65535_ids_allowed_and_65536_rejected_without_wrapped_ordinals) ... ok
test_component_relabel_comparison_work_does_not_multiply_by_piece_count (test_component_cost.ComponentCostTests.test_component_relabel_comparison_work_does_not_multiply_by_piece_count) ... ok
test_first_component_cell_is_row_major_for_strided_boxes_and_dtypes (test_component_cost.ComponentCostTests.test_first_component_cell_is_row_major_for_strided_boxes_and_dtypes) ... ok
test_repair_first_cell_does_not_allocate_all_component_coordinates (test_component_cost.ComponentCostTests.test_repair_first_cell_does_not_allocate_all_component_coordinates) ... ok
test_sparse_seed_slots_far_pieces_keep_component_and_seed_order (test_component_cost.ComponentCostTests.test_sparse_seed_slots_far_pieces_keep_component_and_seed_order) ... ok
test_unsigned_signed_and_noncontiguous_inputs_keep_background_assignments (test_component_cost.ComponentCostTests.test_unsigned_signed_and_noncontiguous_inputs_keep_background_assignments) ... ok
test_debug_counter_distinguishes_small_same_surface_neighbours_from_isolation (test_coverage_preview.CoverageTests.test_debug_counter_distinguishes_small_same_surface_neighbours_from_isolation) ... ok
test_disconnected_generated_fragment_joins_an_adjacent_same_surface_core (test_coverage_preview.CoverageTests.test_disconnected_generated_fragment_joins_an_adjacent_same_surface_core) ... ok
test_fragment_repair_preserves_source_islands_and_urban_surface_islands (test_coverage_preview.CoverageTests.test_fragment_repair_preserves_source_islands_and_urban_surface_islands) ... ok
test_impossible_coverage_budget_fails_without_dropping_a_component (test_coverage_preview.CoverageTests.test_impossible_coverage_budget_fails_without_dropping_a_component) ... ok
test_large_disconnected_land_is_guaranteed_seeds_despite_weight_bias (test_coverage_preview.CoverageTests.test_large_disconnected_land_is_guaranteed_seeds_despite_weight_bias) ... ok
test_new_source_kind_without_coarse_anchor_gets_a_valid_independent_id (test_coverage_preview.CoverageTests.test_new_source_kind_without_coarse_anchor_gets_a_valid_independent_id) ... ok
test_point_without_footprint_never_becomes_urban (test_coverage_preview.CoverageTests.test_point_without_footprint_never_becomes_urban) ... ok
test_real_footprint_is_separate_from_nonurban_and_never_overwrites_water (test_coverage_preview.CoverageTests.test_real_footprint_is_separate_from_nonurban_and_never_overwrites_water) ... ok
test_sea_coastal_spacing_uses_sphere_across_dateline (test_coverage_preview.CoverageTests.test_sea_coastal_spacing_uses_sphere_across_dateline) ... ok
test_corrupt_tiff_rejected (test_preview_dem.DemTests.test_corrupt_tiff_rejected) ... ok
test_fixed_official_subset_units_bounds_and_samples (test_preview_dem.DemTests.test_fixed_official_subset_units_bounds_and_samples) ... skipped 'acquisition evidence not present; no download fallback'
test_relief_and_river_geodesic_allocation_changes_shape (test_preview_dem.DemTests.test_relief_and_river_geodesic_allocation_changes_shape) ... ok
test_city_distance_uses_actual_coordinates_and_physical_extent (test_quality_preview.QualityTests.test_city_distance_uses_actual_coordinates_and_physical_extent) ... ok
test_coast_reassignment_never_uses_an_anchor_reclassified_by_other_kind (test_quality_preview.QualityTests.test_coast_reassignment_never_uses_an_anchor_reclassified_by_other_kind) ... ok
test_edgeless_islands_are_valid_and_seedless_island_retains_fallback (test_quality_preview.QualityTests.test_edgeless_islands_are_valid_and_seedless_island_retains_fallback) ... ok
test_extent_pixel_centres_and_no_region_wrap (test_quality_preview.QualityTests.test_extent_pixel_centres_and_no_region_wrap) ... ok
test_new_coast_cells_keep_kind_and_region_boundary_ids (test_quality_preview.QualityTests.test_new_coast_cells_keep_kind_and_region_boundary_ids) ... ok
test_owned_bake_budget_rejects_time_or_either_memory_measure (test_quality_preview.QualityTests.test_owned_bake_budget_rejects_time_or_either_memory_measure) ... ok
test_u16_id_overflow_rejected_before_output (test_quality_preview.QualityTests.test_u16_id_overflow_rejected_before_output) ... ok
test_fixed_world_known_coordinates_and_full_connectivity (test_world_preview.PreviewTests.test_fixed_world_known_coordinates_and_full_connectivity) ... ok
test_hash_mismatch_fails (test_world_preview.PreviewTests.test_hash_mismatch_fails) ... ok
test_little_endian_dense_ids (test_world_preview.PreviewTests.test_little_endian_dense_ids) ... ok
test_missing_source_fails_without_network (test_world_preview.PreviewTests.test_missing_source_fails_without_network) ... ok
test_no_path_escape (test_world_preview.PreviewTests.test_no_path_escape) ... ok
test_polygon_hole_and_coordinates (test_world_preview.PreviewTests.test_polygon_hole_and_coordinates) ... ok
test_source_lakes_preserved_even_in_land_polygon_holes (test_world_preview.PreviewTests.test_source_lakes_preserved_even_in_land_polygon_holes) ... ok
test_split_disconnected_island_and_sorted_adjacency (test_world_preview.PreviewTests.test_split_disconnected_island_and_sorted_adjacency) ... ok

----------------------------------------------------------------------
Ran 33 tests in 5.362s

OK (skipped=1)
