warning[license-not-encountered]: license was not encountered
  ┌─ E:\openhoi\.orchestrator\wt\WP-11-verify2\deny.toml:3:116
  │
3 │ allow = ["MIT", "Apache-2.0", "BSD-2-Clause", "BSD-3-Clause", "ISC", "Zlib", "MPL-2.0", "Unicode-3.0", "BSL-1.0", "CC0-1.0"]
  │                                                                                                                    ━━━━━━━ unmatched license allowance

warning[license-not-encountered]: license was not encountered
  ┌─ E:\openhoi\.orchestrator\wt\WP-11-verify2\deny.toml:3:64
  │
3 │ allow = ["MIT", "Apache-2.0", "BSD-2-Clause", "BSD-3-Clause", "ISC", "Zlib", "MPL-2.0", "Unicode-3.0", "BSL-1.0", "CC0-1.0"]
  │                                                                ━━━ unmatched license allowance

warning[license-not-encountered]: license was not encountered
  ┌─ E:\openhoi\.orchestrator\wt\WP-11-verify2\deny.toml:3:79
  │
3 │ allow = ["MIT", "Apache-2.0", "BSD-2-Clause", "BSD-3-Clause", "ISC", "Zlib", "MPL-2.0", "Unicode-3.0", "BSL-1.0", "CC0-1.0"]
  │                                                                               ━━━━━━━ unmatched license allowance

warning[duplicate]: found 2 duplicate entries for crate 'getrandom'
   ┌─ E:\openhoi\.orchestrator\wt\WP-11-verify2/Cargo.lock:35:1
   │
35 │ ╭ getrandom 0.3.4 registry+https://github.com/rust-lang/crates.io-index
36 │ │ getrandom 0.4.3 registry+https://github.com/rust-lang/crates.io-index
   │ ╰─────────────────────────────────────────────────────────────────────┘ lock entries
   │
   ├ getrandom v0.3.4
     ├── rand_core v0.9.5
     │   ├── rand v0.9.5
     │   │   ├── proptest v1.11.0
     │   │   │   ├── (dev) oh_core v0.1.0
     │   │   │   │   ├── oh_data v0.1.0
     │   │   │   │   │   ├── oh_cli v0.1.0
     │   │   │   │   │   ├── (dev) oh_proto v0.1.0
     │   │   │   │   │   │   └── oh_server v0.1.0
     │   │   │   │   │   ├── oh_save v0.1.0
     │   │   │   │   │   │   ├── oh_cli v0.1.0 (*)
     │   │   │   │   │   │   └── oh_server v0.1.0 (*)
     │   │   │   │   │   ├── oh_server v0.1.0 (*)
     │   │   │   │   │   └── oh_sim v0.1.0
     │   │   │   │   │       ├── oh_ai v0.1.0
     │   │   │   │   │       │   ├── oh_cli v0.1.0 (*)
     │   │   │   │   │       │   └── oh_server v0.1.0 (*)
     │   │   │   │   │       ├── oh_cli v0.1.0 (*)
     │   │   │   │   │       ├── oh_proto v0.1.0 (*)
     │   │   │   │   │       ├── oh_save v0.1.0 (*)
     │   │   │   │   │       └── oh_server v0.1.0 (*)
     │   │   │   │   ├── oh_proto v0.1.0 (*)
     │   │   │   │   ├── oh_save v0.1.0 (*)
     │   │   │   │   ├── oh_server v0.1.0 (*)
     │   │   │   │   └── oh_sim v0.1.0 (*)
     │   │   │   └── (dev) oh_sim v0.1.0 (*)
     │   │   └── tungstenite v0.29.0
     │   │       └── tokio-tungstenite v0.29.0
     │   │           └── axum v0.8.9
     │   │               └── oh_server v0.1.0 (*)
     │   ├── rand_chacha v0.9.0
     │   │   ├── proptest v1.11.0 (*)
     │   │   └── rand v0.9.5 (*)
     │   └── rand_xorshift v0.4.0
     │       └── proptest v1.11.0 (*)
     └── tempfile v3.27.0
         └── oh_save v0.1.0 (*)
   ├ getrandom v0.4.3
     └── jobserver v0.1.35
         └── cc v1.6.0
             └── (build) zstd-sys v2.0.16+zstd.1.5.7
                 ├── oh_save v0.1.0
                 │   ├── oh_cli v0.1.0
                 │   └── oh_server v0.1.0
                 └── zstd-safe v7.2.2
                     ├── oh_save v0.1.0 (*)
                     └── zstd v0.13.3
                         └── oh_save v0.1.0 (*)

warning[duplicate]: found 2 duplicate entries for crate 'miniz_oxide'
   ┌─ E:\openhoi\.orchestrator\wt\WP-11-verify2/Cargo.lock:53:1
   │
53 │ ╭ miniz_oxide 0.8.9 registry+https://github.com/rust-lang/crates.io-index
54 │ │ miniz_oxide 0.9.1 registry+https://github.com/rust-lang/crates.io-index
   │ ╰───────────────────────────────────────────────────────────────────────┘ lock entries
   │
   ├ miniz_oxide v0.8.9
     └── png v0.18.1
         └── oh_data v0.1.0
             ├── oh_cli v0.1.0
             ├── (dev) oh_proto v0.1.0
             │   └── oh_server v0.1.0
             ├── oh_save v0.1.0
             │   ├── oh_cli v0.1.0 (*)
             │   └── oh_server v0.1.0 (*)
             ├── oh_server v0.1.0 (*)
             └── oh_sim v0.1.0
                 ├── oh_ai v0.1.0
                 │   ├── oh_cli v0.1.0 (*)
                 │   └── oh_server v0.1.0 (*)
                 ├── oh_cli v0.1.0 (*)
                 ├── oh_proto v0.1.0 (*)
                 ├── oh_save v0.1.0 (*)
                 └── oh_server v0.1.0 (*)
   ├ miniz_oxide v0.9.1
     └── flate2 v1.1.10
         └── png v0.18.1
             └── oh_data v0.1.0
                 ├── oh_cli v0.1.0
                 ├── (dev) oh_proto v0.1.0
                 │   └── oh_server v0.1.0
                 ├── oh_save v0.1.0
                 │   ├── oh_cli v0.1.0 (*)
                 │   └── oh_server v0.1.0 (*)
                 ├── oh_server v0.1.0 (*)
                 └── oh_sim v0.1.0
                     ├── oh_ai v0.1.0
                     │   ├── oh_cli v0.1.0 (*)
                     │   └── oh_server v0.1.0 (*)
                     ├── oh_cli v0.1.0 (*)
                     ├── oh_proto v0.1.0 (*)
                     ├── oh_save v0.1.0 (*)
                     └── oh_server v0.1.0 (*)

warning[duplicate]: found 2 duplicate entries for crate 'r-efi'
   ┌─ E:\openhoi\.orchestrator\wt\WP-11-verify2/Cargo.lock:75:1
   │
75 │ ╭ r-efi 5.3.0 registry+https://github.com/rust-lang/crates.io-index
76 │ │ r-efi 6.0.0 registry+https://github.com/rust-lang/crates.io-index
   │ ╰─────────────────────────────────────────────────────────────────┘ lock entries
   │
   ├ r-efi v5.3.0
     └── getrandom v0.3.4
         ├── rand_core v0.9.5
         │   ├── rand v0.9.5
         │   │   ├── proptest v1.11.0
         │   │   │   ├── (dev) oh_core v0.1.0
         │   │   │   │   ├── oh_data v0.1.0
         │   │   │   │   │   ├── oh_cli v0.1.0
         │   │   │   │   │   ├── (dev) oh_proto v0.1.0
         │   │   │   │   │   │   └── oh_server v0.1.0
         │   │   │   │   │   ├── oh_save v0.1.0
         │   │   │   │   │   │   ├── oh_cli v0.1.0 (*)
         │   │   │   │   │   │   └── oh_server v0.1.0 (*)
         │   │   │   │   │   ├── oh_server v0.1.0 (*)
         │   │   │   │   │   └── oh_sim v0.1.0
         │   │   │   │   │       ├── oh_ai v0.1.0
         │   │   │   │   │       │   ├── oh_cli v0.1.0 (*)
         │   │   │   │   │       │   └── oh_server v0.1.0 (*)
         │   │   │   │   │       ├── oh_cli v0.1.0 (*)
         │   │   │   │   │       ├── oh_proto v0.1.0 (*)
         │   │   │   │   │       ├── oh_save v0.1.0 (*)
         │   │   │   │   │       └── oh_server v0.1.0 (*)
         │   │   │   │   ├── oh_proto v0.1.0 (*)
         │   │   │   │   ├── oh_save v0.1.0 (*)
         │   │   │   │   ├── oh_server v0.1.0 (*)
         │   │   │   │   └── oh_sim v0.1.0 (*)
         │   │   │   └── (dev) oh_sim v0.1.0 (*)
         │   │   └── tungstenite v0.29.0
         │   │       └── tokio-tungstenite v0.29.0
         │   │           └── axum v0.8.9
         │   │               └── oh_server v0.1.0 (*)
         │   ├── rand_chacha v0.9.0
         │   │   ├── proptest v1.11.0 (*)
         │   │   └── rand v0.9.5 (*)
         │   └── rand_xorshift v0.4.0
         │       └── proptest v1.11.0 (*)
         └── tempfile v3.27.0
             └── oh_save v0.1.0 (*)
   ├ r-efi v6.0.0
     └── getrandom v0.4.3
         └── jobserver v0.1.35
             └── cc v1.6.0
                 └── (build) zstd-sys v2.0.16+zstd.1.5.7
                     ├── oh_save v0.1.0
                     │   ├── oh_cli v0.1.0
                     │   └── oh_server v0.1.0
                     └── zstd-safe v7.2.2
                         ├── oh_save v0.1.0 (*)
                         └── zstd v0.13.3
                             └── oh_save v0.1.0 (*)

warning[duplicate]: found 2 duplicate entries for crate 'rand_chacha'
   ┌─ E:\openhoi\.orchestrator\wt\WP-11-verify2/Cargo.lock:78:1
   │
78 │ ╭ rand_chacha 0.9.0 registry+https://github.com/rust-lang/crates.io-index
79 │ │ rand_chacha 0.10.0 registry+https://github.com/rust-lang/crates.io-index
   │ ╰────────────────────────────────────────────────────────────────────────┘ lock entries
   │
   ├ rand_chacha v0.9.0
     ├── proptest v1.11.0
     │   ├── (dev) oh_core v0.1.0
     │   │   ├── oh_data v0.1.0
     │   │   │   ├── oh_cli v0.1.0
     │   │   │   ├── (dev) oh_proto v0.1.0
     │   │   │   │   └── oh_server v0.1.0
     │   │   │   ├── oh_save v0.1.0
     │   │   │   │   ├── oh_cli v0.1.0 (*)
     │   │   │   │   └── oh_server v0.1.0 (*)
     │   │   │   ├── oh_server v0.1.0 (*)
     │   │   │   └── oh_sim v0.1.0
     │   │   │       ├── oh_ai v0.1.0
     │   │   │       │   ├── oh_cli v0.1.0 (*)
     │   │   │       │   └── oh_server v0.1.0 (*)
     │   │   │       ├── oh_cli v0.1.0 (*)
     │   │   │       ├── oh_proto v0.1.0 (*)
     │   │   │       ├── oh_save v0.1.0 (*)
     │   │   │       └── oh_server v0.1.0 (*)
     │   │   ├── oh_proto v0.1.0 (*)
     │   │   ├── oh_save v0.1.0 (*)
     │   │   ├── oh_server v0.1.0 (*)
     │   │   └── oh_sim v0.1.0 (*)
     │   └── (dev) oh_sim v0.1.0 (*)
     └── rand v0.9.5
         ├── proptest v1.11.0 (*)
         └── tungstenite v0.29.0
             └── tokio-tungstenite v0.29.0
                 └── axum v0.8.9
                     └── oh_server v0.1.0 (*)
   ├ rand_chacha v0.10.0
     └── oh_core v0.1.0
         ├── oh_data v0.1.0
         │   ├── oh_cli v0.1.0
         │   ├── (dev) oh_proto v0.1.0
         │   │   └── oh_server v0.1.0
         │   ├── oh_save v0.1.0
         │   │   ├── oh_cli v0.1.0 (*)
         │   │   └── oh_server v0.1.0 (*)
         │   ├── oh_server v0.1.0 (*)
         │   └── oh_sim v0.1.0
         │       ├── oh_ai v0.1.0
         │       │   ├── oh_cli v0.1.0 (*)
         │       │   └── oh_server v0.1.0 (*)
         │       ├── oh_cli v0.1.0 (*)
         │       ├── oh_proto v0.1.0 (*)
         │       ├── oh_save v0.1.0 (*)
         │       └── oh_server v0.1.0 (*)
         ├── oh_proto v0.1.0 (*)
         ├── oh_save v0.1.0 (*)
         ├── oh_server v0.1.0 (*)
         └── oh_sim v0.1.0 (*)

warning[duplicate]: found 2 duplicate entries for crate 'rand_core'
   ┌─ E:\openhoi\.orchestrator\wt\WP-11-verify2/Cargo.lock:80:1
   │
80 │ ╭ rand_core 0.9.5 registry+https://github.com/rust-lang/crates.io-index
81 │ │ rand_core 0.10.1 registry+https://github.com/rust-lang/crates.io-index
   │ ╰──────────────────────────────────────────────────────────────────────┘ lock entries
   │
   ├ rand_core v0.9.5
     ├── rand v0.9.5
     │   ├── proptest v1.11.0
     │   │   ├── (dev) oh_core v0.1.0
     │   │   │   ├── oh_data v0.1.0
     │   │   │   │   ├── oh_cli v0.1.0
     │   │   │   │   ├── (dev) oh_proto v0.1.0
     │   │   │   │   │   └── oh_server v0.1.0
     │   │   │   │   ├── oh_save v0.1.0
     │   │   │   │   │   ├── oh_cli v0.1.0 (*)
     │   │   │   │   │   └── oh_server v0.1.0 (*)
     │   │   │   │   ├── oh_server v0.1.0 (*)
     │   │   │   │   └── oh_sim v0.1.0
     │   │   │   │       ├── oh_ai v0.1.0
     │   │   │   │       │   ├── oh_cli v0.1.0 (*)
     │   │   │   │       │   └── oh_server v0.1.0 (*)
     │   │   │   │       ├── oh_cli v0.1.0 (*)
     │   │   │   │       ├── oh_proto v0.1.0 (*)
     │   │   │   │       ├── oh_save v0.1.0 (*)
     │   │   │   │       └── oh_server v0.1.0 (*)
     │   │   │   ├── oh_proto v0.1.0 (*)
     │   │   │   ├── oh_save v0.1.0 (*)
     │   │   │   ├── oh_server v0.1.0 (*)
     │   │   │   └── oh_sim v0.1.0 (*)
     │   │   └── (dev) oh_sim v0.1.0 (*)
     │   └── tungstenite v0.29.0
     │       └── tokio-tungstenite v0.29.0
     │           └── axum v0.8.9
     │               └── oh_server v0.1.0 (*)
     ├── rand_chacha v0.9.0
     │   ├── proptest v1.11.0 (*)
     │   └── rand v0.9.5 (*)
     └── rand_xorshift v0.4.0
         └── proptest v1.11.0 (*)
   ├ rand_core v0.10.1
     └── rand_chacha v0.10.0
         └── oh_core v0.1.0
             ├── oh_data v0.1.0
             │   ├── oh_cli v0.1.0
             │   ├── (dev) oh_proto v0.1.0
             │   │   └── oh_server v0.1.0
             │   ├── oh_save v0.1.0
             │   │   ├── oh_cli v0.1.0 (*)
             │   │   └── oh_server v0.1.0 (*)
             │   ├── oh_server v0.1.0 (*)
             │   └── oh_sim v0.1.0
             │       ├── oh_ai v0.1.0
             │       │   ├── oh_cli v0.1.0 (*)
             │       │   └── oh_server v0.1.0 (*)
             │       ├── oh_cli v0.1.0 (*)
             │       ├── oh_proto v0.1.0 (*)
             │       ├── oh_save v0.1.0 (*)
             │       └── oh_server v0.1.0 (*)
             ├── oh_proto v0.1.0 (*)
             ├── oh_save v0.1.0 (*)
             ├── oh_server v0.1.0 (*)
             └── oh_sim v0.1.0 (*)

warning[duplicate]: found 2 duplicate entries for crate 'syn'
    ┌─ E:\openhoi\.orchestrator\wt\WP-11-verify2/Cargo.lock:108:1
    │
108 │ ╭ syn 2.0.119 registry+https://github.com/rust-lang/crates.io-index
109 │ │ syn 3.0.6 registry+https://github.com/rust-lang/crates.io-index
    │ ╰───────────────────────────────────────────────────────────────┘ lock entries
    │
    ├ syn v2.0.119
      ├── ts-rs-macros v12.0.1
      │   └── ts-rs v12.0.1
      │       └── oh_proto v0.1.0
      │           └── oh_server v0.1.0
      └── zerocopy-derive v0.8.60
          └── zerocopy v0.8.60
              ├── half v2.7.1
              │   └── fixed v1.31.0
              │       ├── oh_core v0.1.0
              │       │   ├── oh_data v0.1.0
              │       │   │   ├── oh_cli v0.1.0
              │       │   │   ├── (dev) oh_proto v0.1.0 (*)
              │       │   │   ├── oh_save v0.1.0
              │       │   │   │   ├── oh_cli v0.1.0 (*)
              │       │   │   │   └── oh_server v0.1.0 (*)
              │       │   │   ├── oh_server v0.1.0 (*)
              │       │   │   └── oh_sim v0.1.0
              │       │   │       ├── oh_ai v0.1.0
              │       │   │       │   ├── oh_cli v0.1.0 (*)
              │       │   │       │   └── oh_server v0.1.0 (*)
              │       │   │       ├── oh_cli v0.1.0 (*)
              │       │   │       ├── oh_proto v0.1.0 (*)
              │       │   │       ├── oh_save v0.1.0 (*)
              │       │   │       └── oh_server v0.1.0 (*)
              │       │   ├── oh_proto v0.1.0 (*)
              │       │   ├── oh_save v0.1.0 (*)
              │       │   ├── oh_server v0.1.0 (*)
              │       │   └── oh_sim v0.1.0 (*)
              │       └── oh_data v0.1.0 (*)
              └── ppv-lite86 v0.2.21
                  ├── rand_chacha v0.10.0
                  │   └── oh_core v0.1.0 (*)
                  └── rand_chacha v0.9.0
                      ├── proptest v1.11.0
                      │   ├── (dev) oh_core v0.1.0 (*)
                      │   └── (dev) oh_sim v0.1.0 (*)
                      └── rand v0.9.5
                          ├── proptest v1.11.0 (*)
                          └── tungstenite v0.29.0
                              └── tokio-tungstenite v0.29.0
                                  └── axum v0.8.9
                                      └── oh_server v0.1.0 (*)
    ├ syn v3.0.6
      ├── ref-cast-impl v1.0.27
      │   └── ref-cast v1.0.27
      │       └── schemars v1.2.2
      │           └── oh_data v0.1.0
      │               ├── oh_cli v0.1.0
      │               ├── (dev) oh_proto v0.1.0
      │               │   └── oh_server v0.1.0
      │               ├── oh_save v0.1.0
      │               │   ├── oh_cli v0.1.0 (*)
      │               │   └── oh_server v0.1.0 (*)
      │               ├── oh_server v0.1.0 (*)
      │               └── oh_sim v0.1.0
      │                   ├── oh_ai v0.1.0
      │                   │   ├── oh_cli v0.1.0 (*)
      │                   │   └── oh_server v0.1.0 (*)
      │                   ├── oh_cli v0.1.0 (*)
      │                   ├── oh_proto v0.1.0 (*)
      │                   ├── oh_save v0.1.0 (*)
      │                   └── oh_server v0.1.0 (*)
      ├── schemars_derive v1.2.2
      │   └── schemars v1.2.2 (*)
      ├── serde_derive v1.0.229
      │   └── serde v1.0.229
      │       ├── fixed v1.31.0
      │       │   ├── oh_core v0.1.0
      │       │   │   ├── oh_data v0.1.0 (*)
      │       │   │   ├── oh_proto v0.1.0 (*)
      │       │   │   ├── oh_save v0.1.0 (*)
      │       │   │   ├── oh_server v0.1.0 (*)
      │       │   │   └── oh_sim v0.1.0 (*)
      │       │   └── oh_data v0.1.0 (*)
      │       ├── oh_cli v0.1.0 (*)
      │       ├── oh_core v0.1.0 (*)
      │       ├── oh_data v0.1.0 (*)
      │       ├── oh_proto v0.1.0 (*)
      │       ├── oh_save v0.1.0 (*)
      │       ├── oh_sim v0.1.0 (*)
      │       ├── postcard v1.1.3
      │       │   ├── oh_core v0.1.0 (*)
      │       │   └── oh_save v0.1.0 (*)
      │       ├── rmp-serde v1.3.1
      │       │   └── oh_proto v0.1.0 (*)
      │       ├── schemars v1.2.2 (*)
      │       └── serde_urlencoded v0.7.1
      │           └── axum v0.8.9
      │               └── oh_server v0.1.0 (*)
      ├── serde_derive_internals v0.30.0
      │   └── schemars_derive v1.2.2 (*)
      ├── thiserror-impl v2.0.21
      │   └── thiserror v2.0.21
      │       ├── cobs v0.3.0
      │       │   └── postcard v1.1.3 (*)
      │       ├── ts-rs v12.0.1
      │       │   └── oh_proto v0.1.0 (*)
      │       └── tungstenite v0.29.0
      │           └── tokio-tungstenite v0.29.0
      │               └── axum v0.8.9 (*)
      └── tokio-macros v2.7.2
          └── tokio v1.53.2
              ├── axum v0.8.9 (*)
              ├── hyper v1.11.1
              │   ├── axum v0.8.9 (*)
              │   └── hyper-util v0.1.21
              │       └── axum v0.8.9 (*)
              ├── hyper-util v0.1.21 (*)
              ├── oh_server v0.1.0 (*)
              ├── tokio-tungstenite v0.29.0 (*)
              └── tower v0.5.3
                  └── axum v0.8.9 (*)

bans ok, licenses ok, sources ok
