   Compiling oh_save v0.1.0 (E:\openhoi\.orchestrator\wt\WP-11-verify2\crates\oh_save)
    Finished `test` profile [unoptimized + debuginfo] target(s) in 2.39s
     Running unittests src\lib.rs (target\debug\deps\oh_save-c0f12057a14f6592.exe)

running 8 tests
test file::tests::test_digest_matches_standard_sha256_vectors_and_committed_fixture ... ok
test file::tests::req_sav_01_write_fault_preserves_previous_file_and_state ... ok
fault=Sync old_sha256=40146ceee3a324d99f17e222ff6f041320611d8d6857ae8b33c5993808f4fe86 new_candidate_sha256=df72df1bfd29fbc1e2a1a45f523af20d183a7dd2d467dfd34d56a0f038d5b557 old_bytes=309 cleanup=unchanged
test file::tests::req_sav_01_sync_fault_cleans_temp_and_preserves_export ... ok
fault=Flush old_sha256=40146ceee3a324d99f17e222ff6f041320611d8d6857ae8b33c5993808f4fe86 new_candidate_sha256=df72df1bfd29fbc1e2a1a45f523af20d183a7dd2d467dfd34d56a0f038d5b557 old_bytes=309 cleanup=unchanged
fault=Write old_sha256=40146ceee3a324d99f17e222ff6f041320611d8d6857ae8b33c5993808f4fe86 new_candidate_sha256=df72df1bfd29fbc1e2a1a45f523af20d183a7dd2d467dfd34d56a0f038d5b557 old_bytes=309 cleanup=unchanged
fault=Persist old_sha256=40146ceee3a324d99f17e222ff6f041320611d8d6857ae8b33c5993808f4fe86 new_candidate_sha256=df72df1bfd29fbc1e2a1a45f523af20d183a7dd2d467dfd34d56a0f038d5b557 old_bytes=309 cleanup=unchanged
test file::tests::req_sav_01_flush_fault_cleans_temp_and_preserves_export ... ok
test file::tests::req_sav_01_partial_write_fault_cleans_temp_and_preserves_export ... ok
test file::tests::req_sav_01_persist_fault_cleans_temp_and_preserves_export ... ok
test file::tests::req_sav_01_directory_sync_warning_keeps_committed_new_file ... ok
test file::tests::req_sav_01_successful_replace_and_failed_commit_preserve_complete_files ... ok

test result: ok. 8 passed; 0 failed; 0 ignored; 0 measured; 0 filtered out; finished in 0.07s

     Running tests\contracts.rs (target\debug\deps\contracts-2b12f808ca8f6fa6.exe)

running 0 tests

test result: ok. 0 passed; 0 failed; 0 ignored; 0 measured; 8 filtered out; finished in 0.00s

     Running tests\relations.rs (target\debug\deps\relations-a48491e2ad496ebf.exe)

running 0 tests

test result: ok. 0 passed; 0 failed; 0 ignored; 0 measured; 4 filtered out; finished in 0.00s

     Running tests\save.rs (target\debug\deps\save-e622ab5d3d342479.exe)

running 0 tests

test result: ok. 0 passed; 0 failed; 0 ignored; 0 measured; 2 filtered out; finished in 0.00s
