
Running 205 tests using 1 worker

(node:6992) Warning: The 'NO_COLOR' env is ignored due to the 'FORCE_COLOR' env being set.
(Use `node --trace-warnings ...` to show where the warning was created)
  ok   1 [chrome] › e2e-m1\malformed-world.spec.ts:5:1 › M1 malformed decoded ledger preserves last valid panel and closes connection (1.9s)
  ok   2 [chrome] › e2e-m1\map-capability.spec.ts:6:1 › REQ-PLAT-03 native backend capability renders pixels or preserves authority with localized notice (920ms)
  ok   3 [chrome] › e2e-m1\map-dpr.spec.ts:7:33 › REQ-PLAT-03 DPR surface preserves display and authority preferred (2.7s)
  ok   4 [chrome] › e2e-m1\map-dpr.spec.ts:7:33 › REQ-PLAT-03 DPR surface preserves display and authority forced GL (3.6s)
  ok   5 [chrome] › e2e-m1\map-pipeline.spec.ts:5:65 › REQ-PLAT-03 actual device pipeline rejection falls back to GL pixels (2.0s)
  ok   6 [chrome] › e2e-m1\map-pipeline.spec.ts:5:65 › REQ-PLAT-03 actual device pipeline rejection with GL unavailable shows notice (1.0s)
  ok   7 [chrome] › e2e-m1\map-pipeline.spec.ts:5:65 › REQ-PLAT-03 actual device pipeline rejection with GL shader shows notice (993ms)
  ok   8 [chrome] › e2e-m1\map-redirect.spec.ts:15:3 › WP08 P06 metadata CORS redirect sends no foreign request on first load (1.4s)
  ok   9 [chrome] › e2e-m1\map-redirect.spec.ts:15:3 › WP08 P06 metadata CORS redirect sends no foreign request after valid selection (1.6s)
  ok  10 [chrome] › e2e-m1\map-redirect.spec.ts:15:3 › WP08 P06 index CORS redirect sends no foreign request on first load (767ms)
  ok  11 [chrome] › e2e-m1\map-redirect.spec.ts:15:3 › WP08 P06 index CORS redirect sends no foreign request after valid selection (1.2s)
  ok  12 [chrome] › e2e-m1\map-redirect.spec.ts:140:56 › WP08 P06 metadata same-origin redirect is also rejected before follow (579ms)
  ok  13 [chrome] › e2e-m1\map-redirect.spec.ts:140:56 › WP08 P06 index same-origin redirect is also rejected before follow (602ms)
  ok  14 [chrome] › e2e-m1\map-resize.spec.ts:7:1 › REQ-MAP-05 resize and reset preserve presentation pixels and camera authority (3.4s)
  ok  15 [chrome] › e2e-m1\map.spec.ts:11:1 › REQ-MAP-04/05 PLAT-03 actual map pixels, modes, pick and viewport (1.5s)
  ok  16 [chrome] › e2e-m1\map.spec.ts:40:1 › REQ-PLAT-03 preferred actual backend produces the same map RGB and source shader (1.6s)
  ok  17 [chrome] › e2e-m1\map.spec.ts:48:1 › REQ-MAP-04 changed server RGB updates only affected lookup texel on actual backend (1.7s)
  ok  18 [chrome] › e2e-m1\map.spec.ts:52:1 › REQ-MAP-04/05 RG8 high dense byte and LUT second row pick real ID65535 (951ms)
  ok  19 [chrome] › e2e-m1\map.spec.ts:59:33 › REQ-MAP-05 independent three border pixel oracle, u16 sentinel and camera preferred (2.4s)
  ok  20 [chrome] › e2e-m1\map.spec.ts:59:33 › REQ-MAP-05 independent three border pixel oracle, u16 sentinel and camera WebGL2 (1.9s)
  ok  21 [chrome] › e2e-m1\map.spec.ts:93:93 › REQ-PLAT-03 missingGPU falls back to actual WebGL2 pixels (564ms)
  ok  22 [chrome] › e2e-m1\map.spec.ts:93:93 › REQ-PLAT-03 nullAdapter falls back to actual WebGL2 pixels (547ms)
  ok  23 [chrome] › e2e-m1\map.spec.ts:93:93 › REQ-PLAT-03 adapterReject falls back to actual WebGL2 pixels (520ms)
  ok  24 [chrome] › e2e-m1\map.spec.ts:93:93 › REQ-PLAT-03 deviceReject falls back to actual WebGL2 pixels (578ms)
  ok  25 [chrome] › e2e-m1\map.spec.ts:93:93 › REQ-PLAT-03 insecure falls back to actual WebGL2 pixels (575ms)
  ok  26 [chrome] › e2e-m1\map.spec.ts:104:37 › REQ-PLAT-03 no backend shows localized notices (603ms)
  ok  27 [chrome] › e2e-m1\map.spec.ts:104:37 › REQ-PLAT-03 no backend shows localized notices after preferred rejection (616ms)
  ok  28 [chrome] › e2e-m1\map.spec.ts:114:1 › REQ-PLAT-03 actual WebGL2 texture limit is checked before texture creation (433ms)
  ok  29 [chrome] › e2e-m1\map.spec.ts:118:1 › REQ-MAP-04 missing bundled index fails visibly without external download (391ms)
  ok  30 [chrome] › e2e-m1\map.spec.ts:122:116 › REQ-MAP-04 schema boundary oldVersion rejects atomically (347ms)
  ok  31 [chrome] › e2e-m1\map.spec.ts:122:116 › REQ-MAP-04 schema boundary futureVersion rejects atomically (363ms)
  ok  32 [chrome] › e2e-m1\map.spec.ts:122:116 › REQ-MAP-04 schema boundary wrongPack rejects atomically (336ms)
  ok  33 [chrome] › e2e-m1\map.spec.ts:122:116 › REQ-MAP-04 schema boundary duplicateIds rejects atomically (338ms)
  ok  34 [chrome] › e2e-m1\map.spec.ts:122:116 › REQ-MAP-04 schema boundary badStyle rejects atomically (335ms)
  ok  35 [chrome] › e2e-m1\map.spec.ts:122:116 › REQ-MAP-04 schema boundary shortBytes rejects atomically (350ms)
  ok  36 [chrome] › e2e-m1\map.spec.ts:122:116 › REQ-MAP-04 schema boundary wrongHash rejects atomically (384ms)
  ok  37 [chrome] › e2e-m1\map.spec.ts:132:70 › REQ-MAP-05 dangling preserves last valid map and closes wire (1.6s)
  ok  38 [chrome] › e2e-m1\map.spec.ts:132:70 › REQ-MAP-05 changedDimensions preserves last valid map and closes wire (1.6s)
  ok  39 [chrome] › e2e-m1\map.spec.ts:132:70 › REQ-MAP-05 changedDense preserves last valid map and closes wire (1.5s)
  ok  40 [chrome] › e2e-m1\national.spec.ts:6:1 › AC-M1-03 actual Rust M1 panels, separate owner/control, ledger, languages and time (1.7s)
  ok  41 [chrome] › e2e-m1\national.spec.ts:31:1 › REQ-NAT-01 MAP-08 actual query metadata, dense mapping, colors and refusal (797ms)
(node:32492) Warning: The 'NO_COLOR' env is ignored due to the 'FORCE_COLOR' env being set.
(Use `node --trace-warnings ...` to show where the warning was created)
  ok  42 [edge] › e2e-m1\malformed-world.spec.ts:5:1 › M1 malformed decoded ledger preserves last valid panel and closes connection (1.8s)
  ok  43 [edge] › e2e-m1\map-capability.spec.ts:6:1 › REQ-PLAT-03 native backend capability renders pixels or preserves authority with localized notice (780ms)
  ok  44 [edge] › e2e-m1\map-dpr.spec.ts:7:33 › REQ-PLAT-03 DPR surface preserves display and authority preferred (2.7s)
  ok  45 [edge] › e2e-m1\map-dpr.spec.ts:7:33 › REQ-PLAT-03 DPR surface preserves display and authority forced GL (2.8s)
  ok  46 [edge] › e2e-m1\map-pipeline.spec.ts:5:65 › REQ-PLAT-03 actual device pipeline rejection falls back to GL pixels (638ms)
  ok  47 [edge] › e2e-m1\map-pipeline.spec.ts:5:65 › REQ-PLAT-03 actual device pipeline rejection with GL unavailable shows notice (577ms)
  ok  48 [edge] › e2e-m1\map-pipeline.spec.ts:5:65 › REQ-PLAT-03 actual device pipeline rejection with GL shader shows notice (703ms)
  ok  49 [edge] › e2e-m1\map-redirect.spec.ts:15:3 › WP08 P06 metadata CORS redirect sends no foreign request on first load (553ms)
  ok  50 [edge] › e2e-m1\map-redirect.spec.ts:15:3 › WP08 P06 metadata CORS redirect sends no foreign request after valid selection (972ms)
  ok  51 [edge] › e2e-m1\map-redirect.spec.ts:15:3 › WP08 P06 index CORS redirect sends no foreign request on first load (554ms)
  ok  52 [edge] › e2e-m1\map-redirect.spec.ts:15:3 › WP08 P06 index CORS redirect sends no foreign request after valid selection (954ms)
  ok  53 [edge] › e2e-m1\map-redirect.spec.ts:140:56 › WP08 P06 metadata same-origin redirect is also rejected before follow (405ms)
  ok  54 [edge] › e2e-m1\map-redirect.spec.ts:140:56 › WP08 P06 index same-origin redirect is also rejected before follow (375ms)
  ok  55 [edge] › e2e-m1\map-resize.spec.ts:7:1 › REQ-MAP-05 resize and reset preserve presentation pixels and camera authority (4.2s)
  ok  56 [edge] › e2e-m1\map.spec.ts:11:1 › REQ-MAP-04/05 PLAT-03 actual map pixels, modes, pick and viewport (1.9s)
  ok  57 [edge] › e2e-m1\map.spec.ts:40:1 › REQ-PLAT-03 preferred actual backend produces the same map RGB and source shader (7.4s)
  ok  58 [edge] › e2e-m1\map.spec.ts:48:1 › REQ-MAP-04 changed server RGB updates only affected lookup texel on actual backend (1.1s)
  ok  59 [edge] › e2e-m1\map.spec.ts:52:1 › REQ-MAP-04/05 RG8 high dense byte and LUT second row pick real ID65535 (837ms)
  ok  60 [edge] › e2e-m1\map.spec.ts:59:33 › REQ-MAP-05 independent three border pixel oracle, u16 sentinel and camera preferred (2.3s)
  ok  61 [edge] › e2e-m1\map.spec.ts:59:33 › REQ-MAP-05 independent three border pixel oracle, u16 sentinel and camera WebGL2 (2.0s)
  ok  62 [edge] › e2e-m1\map.spec.ts:93:93 › REQ-PLAT-03 missingGPU falls back to actual WebGL2 pixels (575ms)
  ok  63 [edge] › e2e-m1\map.spec.ts:93:93 › REQ-PLAT-03 nullAdapter falls back to actual WebGL2 pixels (559ms)
  x   64 [edge] › e2e-m1\map.spec.ts:93:93 › REQ-PLAT-03 adapterReject falls back to actual WebGL2 pixels (5.2s)
(node:21584) Warning: The 'NO_COLOR' env is ignored due to the 'FORCE_COLOR' env being set.
(Use `node --trace-warnings ...` to show where the warning was created)
  ok  65 [edge] › e2e-m1\map.spec.ts:93:93 › REQ-PLAT-03 deviceReject falls back to actual WebGL2 pixels (701ms)
  ok  66 [edge] › e2e-m1\map.spec.ts:93:93 › REQ-PLAT-03 insecure falls back to actual WebGL2 pixels (527ms)
  ok  67 [edge] › e2e-m1\map.spec.ts:104:37 › REQ-PLAT-03 no backend shows localized notices (482ms)
  ok  68 [edge] › e2e-m1\map.spec.ts:104:37 › REQ-PLAT-03 no backend shows localized notices after preferred rejection (444ms)
  ok  69 [edge] › e2e-m1\map.spec.ts:114:1 › REQ-PLAT-03 actual WebGL2 texture limit is checked before texture creation (309ms)
  ok  70 [edge] › e2e-m1\map.spec.ts:118:1 › REQ-MAP-04 missing bundled index fails visibly without external download (296ms)
  ok  71 [edge] › e2e-m1\map.spec.ts:122:116 › REQ-MAP-04 schema boundary oldVersion rejects atomically (323ms)
  ok  72 [edge] › e2e-m1\map.spec.ts:122:116 › REQ-MAP-04 schema boundary futureVersion rejects atomically (368ms)
  ok  73 [edge] › e2e-m1\map.spec.ts:122:116 › REQ-MAP-04 schema boundary wrongPack rejects atomically (324ms)
  ok  74 [edge] › e2e-m1\map.spec.ts:122:116 › REQ-MAP-04 schema boundary duplicateIds rejects atomically (353ms)
  ok  75 [edge] › e2e-m1\map.spec.ts:122:116 › REQ-MAP-04 schema boundary badStyle rejects atomically (335ms)
  ok  76 [edge] › e2e-m1\map.spec.ts:122:116 › REQ-MAP-04 schema boundary shortBytes rejects atomically (313ms)
  ok  77 [edge] › e2e-m1\map.spec.ts:122:116 › REQ-MAP-04 schema boundary wrongHash rejects atomically (293ms)
  ok  78 [edge] › e2e-m1\map.spec.ts:132:70 › REQ-MAP-05 dangling preserves last valid map and closes wire (1.5s)
  ok  79 [edge] › e2e-m1\map.spec.ts:132:70 › REQ-MAP-05 changedDimensions preserves last valid map and closes wire (1.5s)
  ok  80 [edge] › e2e-m1\map.spec.ts:132:70 › REQ-MAP-05 changedDense preserves last valid map and closes wire (1.9s)
  ok  81 [edge] › e2e-m1\national.spec.ts:6:1 › AC-M1-03 actual Rust M1 panels, separate owner/control, ledger, languages and time (1.6s)
  ok  82 [edge] › e2e-m1\national.spec.ts:31:1 › REQ-NAT-01 MAP-08 actual query metadata, dense mapping, colors and refusal (753ms)
(node:6972) Warning: The 'NO_COLOR' env is ignored due to the 'FORCE_COLOR' env being set.
(Use `node --trace-warnings ...` to show where the warning was created)
  ok  83 [chromium] › e2e-m1\malformed-world.spec.ts:5:1 › M1 malformed decoded ledger preserves last valid panel and closes connection (1.9s)
  ok  84 [chromium] › e2e-m1\map-capability.spec.ts:6:1 › REQ-PLAT-03 native backend capability renders pixels or preserves authority with localized notice (799ms)
  ok  85 [chromium] › e2e-m1\map-dpr.spec.ts:7:33 › REQ-PLAT-03 DPR surface preserves display and authority preferred (8.5s)
  ok  86 [chromium] › e2e-m1\map-dpr.spec.ts:7:33 › REQ-PLAT-03 DPR surface preserves display and authority forced GL (8.4s)
  ok  87 [chromium] › e2e-m1\map-pipeline.spec.ts:5:65 › REQ-PLAT-03 actual device pipeline rejection falls back to GL pixels (645ms)
  ok  88 [chromium] › e2e-m1\map-pipeline.spec.ts:5:65 › REQ-PLAT-03 actual device pipeline rejection with GL unavailable shows notice (392ms)
  ok  89 [chromium] › e2e-m1\map-pipeline.spec.ts:5:65 › REQ-PLAT-03 actual device pipeline rejection with GL shader shows notice (539ms)
  ok  90 [chromium] › e2e-m1\map-redirect.spec.ts:15:3 › WP08 P06 metadata CORS redirect sends no foreign request on first load (448ms)
  ok  91 [chromium] › e2e-m1\map-redirect.spec.ts:15:3 › WP08 P06 metadata CORS redirect sends no foreign request after valid selection (860ms)
  ok  92 [chromium] › e2e-m1\map-redirect.spec.ts:15:3 › WP08 P06 index CORS redirect sends no foreign request on first load (476ms)
  ok  93 [chromium] › e2e-m1\map-redirect.spec.ts:15:3 › WP08 P06 index CORS redirect sends no foreign request after valid selection (983ms)
  ok  94 [chromium] › e2e-m1\map-redirect.spec.ts:140:56 › WP08 P06 metadata same-origin redirect is also rejected before follow (394ms)
  ok  95 [chromium] › e2e-m1\map-redirect.spec.ts:140:56 › WP08 P06 index same-origin redirect is also rejected before follow (372ms)
  ok  96 [chromium] › e2e-m1\map-resize.spec.ts:7:1 › REQ-MAP-05 resize and reset preserve presentation pixels and camera authority (3.8s)
  ok  97 [chromium] › e2e-m1\map.spec.ts:11:1 › REQ-MAP-04/05 PLAT-03 actual map pixels, modes, pick and viewport (2.7s)
  ok  98 [chromium] › e2e-m1\map.spec.ts:40:1 › REQ-PLAT-03 preferred actual backend produces the same map RGB and source shader (3.2s)
  ok  99 [chromium] › e2e-m1\map.spec.ts:48:1 › REQ-MAP-04 changed server RGB updates only affected lookup texel on actual backend (1.4s)
  ok 100 [chromium] › e2e-m1\map.spec.ts:52:1 › REQ-MAP-04/05 RG8 high dense byte and LUT second row pick real ID65535 (988ms)
  ok 101 [chromium] › e2e-m1\map.spec.ts:59:33 › REQ-MAP-05 independent three border pixel oracle, u16 sentinel and camera preferred (3.0s)
  ok 102 [chromium] › e2e-m1\map.spec.ts:59:33 › REQ-MAP-05 independent three border pixel oracle, u16 sentinel and camera WebGL2 (2.3s)
  ok 103 [chromium] › e2e-m1\map.spec.ts:93:93 › REQ-PLAT-03 missingGPU falls back to actual WebGL2 pixels (632ms)
  ok 104 [chromium] › e2e-m1\map.spec.ts:93:93 › REQ-PLAT-03 nullAdapter falls back to actual WebGL2 pixels (606ms)
  ok 105 [chromium] › e2e-m1\map.spec.ts:93:93 › REQ-PLAT-03 adapterReject falls back to actual WebGL2 pixels (567ms)
  ok 106 [chromium] › e2e-m1\map.spec.ts:93:93 › REQ-PLAT-03 deviceReject falls back to actual WebGL2 pixels (518ms)
  ok 107 [chromium] › e2e-m1\map.spec.ts:93:93 › REQ-PLAT-03 insecure falls back to actual WebGL2 pixels (533ms)
  ok 108 [chromium] › e2e-m1\map.spec.ts:104:37 › REQ-PLAT-03 no backend shows localized notices (425ms)
  ok 109 [chromium] › e2e-m1\map.spec.ts:104:37 › REQ-PLAT-03 no backend shows localized notices after preferred rejection (383ms)
  ok 110 [chromium] › e2e-m1\map.spec.ts:114:1 › REQ-PLAT-03 actual WebGL2 texture limit is checked before texture creation (300ms)
  ok 111 [chromium] › e2e-m1\map.spec.ts:118:1 › REQ-MAP-04 missing bundled index fails visibly without external download (306ms)
  ok 112 [chromium] › e2e-m1\map.spec.ts:122:116 › REQ-MAP-04 schema boundary oldVersion rejects atomically (331ms)
  ok 113 [chromium] › e2e-m1\map.spec.ts:122:116 › REQ-MAP-04 schema boundary futureVersion rejects atomically (301ms)
  ok 114 [chromium] › e2e-m1\map.spec.ts:122:116 › REQ-MAP-04 schema boundary wrongPack rejects atomically (234ms)
  ok 115 [chromium] › e2e-m1\map.spec.ts:122:116 › REQ-MAP-04 schema boundary duplicateIds rejects atomically (267ms)
  ok 116 [chromium] › e2e-m1\map.spec.ts:122:116 › REQ-MAP-04 schema boundary badStyle rejects atomically (289ms)
  ok 117 [chromium] › e2e-m1\map.spec.ts:122:116 › REQ-MAP-04 schema boundary shortBytes rejects atomically (270ms)
  ok 118 [chromium] › e2e-m1\map.spec.ts:122:116 › REQ-MAP-04 schema boundary wrongHash rejects atomically (315ms)
  ok 119 [chromium] › e2e-m1\map.spec.ts:132:70 › REQ-MAP-05 dangling preserves last valid map and closes wire (1.8s)
  ok 120 [chromium] › e2e-m1\map.spec.ts:132:70 › REQ-MAP-05 changedDimensions preserves last valid map and closes wire (2.0s)
  ok 121 [chromium] › e2e-m1\map.spec.ts:132:70 › REQ-MAP-05 changedDense preserves last valid map and closes wire (2.0s)
  ok 122 [chromium] › e2e-m1\national.spec.ts:6:1 › AC-M1-03 actual Rust M1 panels, separate owner/control, ledger, languages and time (2.1s)
  ok 123 [chromium] › e2e-m1\national.spec.ts:31:1 › REQ-NAT-01 MAP-08 actual query metadata, dense mapping, colors and refusal (794ms)
(node:8196) Warning: The 'NO_COLOR' env is ignored due to the 'FORCE_COLOR' env being set.
(Use `node --trace-warnings ...` to show where the warning was created)
  ok 124 [firefox] › e2e-m1\malformed-world.spec.ts:5:1 › M1 malformed decoded ledger preserves last valid panel and closes connection (2.8s)
  ok 125 [firefox] › e2e-m1\map-capability.spec.ts:6:1 › REQ-PLAT-03 native backend capability renders pixels or preserves authority with localized notice (1.1s)
  ok 126 [firefox] › e2e-m1\map-dpr.spec.ts:7:33 › REQ-PLAT-03 DPR surface preserves display and authority preferred (1.5s)
  ok 127 [firefox] › e2e-m1\map-dpr.spec.ts:7:33 › REQ-PLAT-03 DPR surface preserves display and authority forced GL (1.4s)
  ok 128 [firefox] › e2e-m1\map-pipeline.spec.ts:5:65 › REQ-PLAT-03 actual device pipeline rejection falls back to GL pixels (955ms)
  ok 129 [firefox] › e2e-m1\map-pipeline.spec.ts:5:65 › REQ-PLAT-03 actual device pipeline rejection with GL unavailable shows notice (594ms)
  ok 130 [firefox] › e2e-m1\map-pipeline.spec.ts:5:65 › REQ-PLAT-03 actual device pipeline rejection with GL shader shows notice (1.2s)
  ok 131 [firefox] › e2e-m1\map-redirect.spec.ts:15:3 › WP08 P06 metadata CORS redirect sends no foreign request on first load (1.2s)
  ok 132 [firefox] › e2e-m1\map-redirect.spec.ts:15:3 › WP08 P06 metadata CORS redirect sends no foreign request after valid selection (1.5s)
  ok 133 [firefox] › e2e-m1\map-redirect.spec.ts:15:3 › WP08 P06 index CORS redirect sends no foreign request on first load (2.0s)
  ok 134 [firefox] › e2e-m1\map-redirect.spec.ts:15:3 › WP08 P06 index CORS redirect sends no foreign request after valid selection (1.7s)
  ok 135 [firefox] › e2e-m1\map-redirect.spec.ts:140:56 › WP08 P06 metadata same-origin redirect is also rejected before follow (510ms)
  ok 136 [firefox] › e2e-m1\map-redirect.spec.ts:140:56 › WP08 P06 index same-origin redirect is also rejected before follow (525ms)
  ok 137 [firefox] › e2e-m1\map-resize.spec.ts:7:1 › REQ-MAP-05 resize and reset preserve presentation pixels and camera authority (3.9s)
  ok 138 [firefox] › e2e-m1\map.spec.ts:11:1 › REQ-MAP-04/05 PLAT-03 actual map pixels, modes, pick and viewport (1.7s)
  ok 139 [firefox] › e2e-m1\map.spec.ts:40:1 › REQ-PLAT-03 preferred actual backend produces the same map RGB and source shader (1.5s)
  ok 140 [firefox] › e2e-m1\map.spec.ts:48:1 › REQ-MAP-04 changed server RGB updates only affected lookup texel on actual backend (1.0s)
  ok 141 [firefox] › e2e-m1\map.spec.ts:52:1 › REQ-MAP-04/05 RG8 high dense byte and LUT second row pick real ID65535 (731ms)
  ok 142 [firefox] › e2e-m1\map.spec.ts:59:33 › REQ-MAP-05 independent three border pixel oracle, u16 sentinel and camera preferred (1.9s)
  ok 143 [firefox] › e2e-m1\map.spec.ts:59:33 › REQ-MAP-05 independent three border pixel oracle, u16 sentinel and camera WebGL2 (2.4s)
  ok 144 [firefox] › e2e-m1\map.spec.ts:93:93 › REQ-PLAT-03 missingGPU falls back to actual WebGL2 pixels (687ms)
  ok 145 [firefox] › e2e-m1\map.spec.ts:93:93 › REQ-PLAT-03 nullAdapter falls back to actual WebGL2 pixels (614ms)
  ok 146 [firefox] › e2e-m1\map.spec.ts:93:93 › REQ-PLAT-03 adapterReject falls back to actual WebGL2 pixels (691ms)
  ok 147 [firefox] › e2e-m1\map.spec.ts:93:93 › REQ-PLAT-03 deviceReject falls back to actual WebGL2 pixels (720ms)
  ok 148 [firefox] › e2e-m1\map.spec.ts:93:93 › REQ-PLAT-03 insecure falls back to actual WebGL2 pixels (822ms)
  ok 149 [firefox] › e2e-m1\map.spec.ts:104:37 › REQ-PLAT-03 no backend shows localized notices (561ms)
  ok 150 [firefox] › e2e-m1\map.spec.ts:104:37 › REQ-PLAT-03 no backend shows localized notices after preferred rejection (717ms)
  ok 151 [firefox] › e2e-m1\map.spec.ts:114:1 › REQ-PLAT-03 actual WebGL2 texture limit is checked before texture creation (558ms)
  ok 152 [firefox] › e2e-m1\map.spec.ts:118:1 › REQ-MAP-04 missing bundled index fails visibly without external download (398ms)
  ok 153 [firefox] › e2e-m1\map.spec.ts:122:116 › REQ-MAP-04 schema boundary oldVersion rejects atomically (1.1s)
  ok 154 [firefox] › e2e-m1\map.spec.ts:122:116 › REQ-MAP-04 schema boundary futureVersion rejects atomically (411ms)
  ok 155 [firefox] › e2e-m1\map.spec.ts:122:116 › REQ-MAP-04 schema boundary wrongPack rejects atomically (393ms)
  ok 156 [firefox] › e2e-m1\map.spec.ts:122:116 › REQ-MAP-04 schema boundary duplicateIds rejects atomically (360ms)
  ok 157 [firefox] › e2e-m1\map.spec.ts:122:116 › REQ-MAP-04 schema boundary badStyle rejects atomically (366ms)
  ok 158 [firefox] › e2e-m1\map.spec.ts:122:116 › REQ-MAP-04 schema boundary shortBytes rejects atomically (376ms)
  ok 159 [firefox] › e2e-m1\map.spec.ts:122:116 › REQ-MAP-04 schema boundary wrongHash rejects atomically (456ms)
  ok 160 [firefox] › e2e-m1\map.spec.ts:132:70 › REQ-MAP-05 dangling preserves last valid map and closes wire (1.7s)
  ok 161 [firefox] › e2e-m1\map.spec.ts:132:70 › REQ-MAP-05 changedDimensions preserves last valid map and closes wire (1.7s)
  ok 162 [firefox] › e2e-m1\map.spec.ts:132:70 › REQ-MAP-05 changedDense preserves last valid map and closes wire (1.8s)
  ok 163 [firefox] › e2e-m1\national.spec.ts:6:1 › AC-M1-03 actual Rust M1 panels, separate owner/control, ledger, languages and time (3.0s)
  ok 164 [firefox] › e2e-m1\national.spec.ts:31:1 › REQ-NAT-01 MAP-08 actual query metadata, dense mapping, colors and refusal (1.3s)
(node:16112) Warning: The 'NO_COLOR' env is ignored due to the 'FORCE_COLOR' env being set.
(Use `node --trace-warnings ...` to show where the warning was created)
  ok 165 [webkit] › e2e-m1\malformed-world.spec.ts:5:1 › M1 malformed decoded ledger preserves last valid panel and closes connection (1.9s)
  ok 166 [webkit] › e2e-m1\map-capability.spec.ts:6:1 › REQ-PLAT-03 native backend capability renders pixels or preserves authority with localized notice (1.6s)
  ok 167 [webkit] › e2e-m1\map-dpr.spec.ts:7:33 › REQ-PLAT-03 DPR surface preserves display and authority preferred (2.7s)
  ok 168 [webkit] › e2e-m1\map-dpr.spec.ts:7:33 › REQ-PLAT-03 DPR surface preserves display and authority forced GL (2.7s)
  ok 169 [webkit] › e2e-m1\map-pipeline.spec.ts:5:65 › REQ-PLAT-03 actual device pipeline rejection falls back to GL pixels (1.4s)
  ok 170 [webkit] › e2e-m1\map-pipeline.spec.ts:5:65 › REQ-PLAT-03 actual device pipeline rejection with GL unavailable shows notice (818ms)
  ok 171 [webkit] › e2e-m1\map-pipeline.spec.ts:5:65 › REQ-PLAT-03 actual device pipeline rejection with GL shader shows notice (1.4s)
  ok 172 [webkit] › e2e-m1\map-redirect.spec.ts:15:3 › WP08 P06 metadata CORS redirect sends no foreign request on first load (908ms)
  ok 173 [webkit] › e2e-m1\map-redirect.spec.ts:15:3 › WP08 P06 metadata CORS redirect sends no foreign request after valid selection (1.9s)
  ok 174 [webkit] › e2e-m1\map-redirect.spec.ts:15:3 › WP08 P06 index CORS redirect sends no foreign request on first load (805ms)
  ok 175 [webkit] › e2e-m1\map-redirect.spec.ts:15:3 › WP08 P06 index CORS redirect sends no foreign request after valid selection (1.8s)
  ok 176 [webkit] › e2e-m1\map-redirect.spec.ts:140:56 › WP08 P06 metadata same-origin redirect is also rejected before follow (611ms)
  ok 177 [webkit] › e2e-m1\map-redirect.spec.ts:140:56 › WP08 P06 index same-origin redirect is also rejected before follow (587ms)
  ok 178 [webkit] › e2e-m1\map-resize.spec.ts:7:1 › REQ-MAP-05 resize and reset preserve presentation pixels and camera authority (9.3s)
  ok 179 [webkit] › e2e-m1\map.spec.ts:11:1 › REQ-MAP-04/05 PLAT-03 actual map pixels, modes, pick and viewport (4.8s)
  ok 180 [webkit] › e2e-m1\map.spec.ts:40:1 › REQ-PLAT-03 preferred actual backend produces the same map RGB and source shader (4.1s)
  ok 181 [webkit] › e2e-m1\map.spec.ts:48:1 › REQ-MAP-04 changed server RGB updates only affected lookup texel on actual backend (2.3s)
  ok 182 [webkit] › e2e-m1\map.spec.ts:52:1 › REQ-MAP-04/05 RG8 high dense byte and LUT second row pick real ID65535 (1.6s)
  ok 183 [webkit] › e2e-m1\map.spec.ts:59:33 › REQ-MAP-05 independent three border pixel oracle, u16 sentinel and camera preferred (3.7s)
  ok 184 [webkit] › e2e-m1\map.spec.ts:59:33 › REQ-MAP-05 independent three border pixel oracle, u16 sentinel and camera WebGL2 (3.7s)
  ok 185 [webkit] › e2e-m1\map.spec.ts:93:93 › REQ-PLAT-03 missingGPU falls back to actual WebGL2 pixels (1.1s)
  ok 186 [webkit] › e2e-m1\map.spec.ts:93:93 › REQ-PLAT-03 nullAdapter falls back to actual WebGL2 pixels (1.1s)
  ok 187 [webkit] › e2e-m1\map.spec.ts:93:93 › REQ-PLAT-03 adapterReject falls back to actual WebGL2 pixels (1.1s)
  ok 188 [webkit] › e2e-m1\map.spec.ts:93:93 › REQ-PLAT-03 deviceReject falls back to actual WebGL2 pixels (1.1s)
  ok 189 [webkit] › e2e-m1\map.spec.ts:93:93 › REQ-PLAT-03 insecure falls back to actual WebGL2 pixels (1.2s)
  ok 190 [webkit] › e2e-m1\map.spec.ts:104:37 › REQ-PLAT-03 no backend shows localized notices (862ms)
  ok 191 [webkit] › e2e-m1\map.spec.ts:104:37 › REQ-PLAT-03 no backend shows localized notices after preferred rejection (2.0s)
  ok 192 [webkit] › e2e-m1\map.spec.ts:114:1 › REQ-PLAT-03 actual WebGL2 texture limit is checked before texture creation (1.6s)
  ok 193 [webkit] › e2e-m1\map.spec.ts:118:1 › REQ-MAP-04 missing bundled index fails visibly without external download (1.1s)
  ok 194 [webkit] › e2e-m1\map.spec.ts:122:116 › REQ-MAP-04 schema boundary oldVersion rejects atomically (772ms)
  ok 195 [webkit] › e2e-m1\map.spec.ts:122:116 › REQ-MAP-04 schema boundary futureVersion rejects atomically (676ms)
  ok 196 [webkit] › e2e-m1\map.spec.ts:122:116 › REQ-MAP-04 schema boundary wrongPack rejects atomically (703ms)
  ok 197 [webkit] › e2e-m1\map.spec.ts:122:116 › REQ-MAP-04 schema boundary duplicateIds rejects atomically (636ms)
  ok 198 [webkit] › e2e-m1\map.spec.ts:122:116 › REQ-MAP-04 schema boundary badStyle rejects atomically (692ms)
  ok 199 [webkit] › e2e-m1\map.spec.ts:122:116 › REQ-MAP-04 schema boundary shortBytes rejects atomically (1.7s)
  ok 200 [webkit] › e2e-m1\map.spec.ts:122:116 › REQ-MAP-04 schema boundary wrongHash rejects atomically (1.6s)
  ok 201 [webkit] › e2e-m1\map.spec.ts:132:70 › REQ-MAP-05 dangling preserves last valid map and closes wire (2.2s)
  ok 202 [webkit] › e2e-m1\map.spec.ts:132:70 › REQ-MAP-05 changedDimensions preserves last valid map and closes wire (2.3s)
  ok 203 [webkit] › e2e-m1\map.spec.ts:132:70 › REQ-MAP-05 changedDense preserves last valid map and closes wire (2.3s)
  ok 204 [webkit] › e2e-m1\national.spec.ts:6:1 › AC-M1-03 actual Rust M1 panels, separate owner/control, ledger, languages and time (3.7s)
  ok 205 [webkit] › e2e-m1\national.spec.ts:31:1 › REQ-NAT-01 MAP-08 actual query metadata, dense mapping, colors and refusal (735ms)


  1) [edge] › e2e-m1\map.spec.ts:93:93 › REQ-PLAT-03 adapterReject falls back to actual WebGL2 pixels

    Error: expect(locator).toHaveAttribute(expected) failed

    Locator: getByTestId('province-map')
    Expected: "webgl2"
    Timeout: 5000ms
    Error: element(s) not found

    Call log:
      - Expect "toHaveAttribute" getByTestId('province-map') with timeout 5000ms
      - waiting for getByTestId('province-map')


       99 |   if(kind==='deviceReject')Object.defineProperty(navigator,'gpu',{value:{requestAdapter:async()=>({features:new Set(),requestDevice:async()=>{throw new Error('test device rejection');}})}});
      100 |  },failure);
    > 101 |  await page.goto('/');const map=page.getByTestId('province-map');await expect(map).toHaveAttribute('data-backend','webgl2');await expect(map).toHaveAttribute('data-frames',/^[1-9]\d*$/);await page.mouse.move(0,0);
          |                                                                                    ^
      102 |  const p=await mapPoint(map,1,1);closeRGB(png(await map.screenshot({path:`${evidence}/${info.project.name}-${failure}.png`})).pixel(p.x,p.y),[40,100,180]);
      103 | });
      104 | for(const preferred of [false,true])test(`REQ-PLAT-03 no backend shows localized notices${preferred?' after preferred rejection':''}`,async({page},info)=>{
        at E:\openhoi\.orchestrator\wt\WP-11-verify3\client\e2e-m1\map.spec.ts:101:84

    Error Context: test-results\map-REQ-PLAT-03-adapterRej-f94b0-ack-to-actual-WebGL2-pixels-edge\error-context.md

  1 failed
    [edge] › e2e-m1\map.spec.ts:93:93 › REQ-PLAT-03 adapterReject falls back to actual WebGL2 pixels
  204 passed (5.0m)
