
Running 60 tests using 8 workers

(node:31852) Warning: The 'NO_COLOR' env is ignored due to the 'FORCE_COLOR' env being set.
(Use `node --trace-warnings ...` to show where the warning was created)
(node:20560) Warning: The 'NO_COLOR' env is ignored due to the 'FORCE_COLOR' env being set.
(Use `node --trace-warnings ...` to show where the warning was created)
(node:9332) Warning: The 'NO_COLOR' env is ignored due to the 'FORCE_COLOR' env being set.
(Use `node --trace-warnings ...` to show where the warning was created)
(node:40156) Warning: The 'NO_COLOR' env is ignored due to the 'FORCE_COLOR' env being set.
(Use `node --trace-warnings ...` to show where the warning was created)
(node:24748) Warning: The 'NO_COLOR' env is ignored due to the 'FORCE_COLOR' env being set.
(Use `node --trace-warnings ...` to show where the warning was created)
(node:24844) Warning: The 'NO_COLOR' env is ignored due to the 'FORCE_COLOR' env being set.
(Use `node --trace-warnings ...` to show where the warning was created)
(node:40068) Warning: The 'NO_COLOR' env is ignored due to the 'FORCE_COLOR' env being set.
(Use `node --trace-warnings ...` to show where the warning was created)
(node:9432) Warning: The 'NO_COLOR' env is ignored due to the 'FORCE_COLOR' env being set.
(Use `node --trace-warnings ...` to show where the warning was created)
  ok  6 [chrome] › e2e\shell.spec.ts:3:1 › REQ-PLAT-01 built client loads without browser errors (827ms)
  ok  3 [edge] › e2e\localization.spec.ts:9:1 › REQ-LOC-01 REQ-LOC-02 actual Rust executable ko/en switch and local CJK font (1.2s)
  ok  4 [chrome] › e2e\localization.spec.ts:9:1 › REQ-LOC-01 REQ-LOC-02 actual Rust executable ko/en switch and local CJK font (1.3s)
  ok  9 [edge] › e2e\localization.spec.ts:58:1 › REQ-LOC-01 actual server Notice and CommandResult failure translate on language switch (588ms)
  ok 10 [chrome] › e2e\localization.spec.ts:58:1 › REQ-LOC-01 actual server Notice and CommandResult failure translate on language switch (807ms)
  ok 11 [edge] › e2e\localization.spec.ts:75:1 › REQ-LOC-01 actual server Notice renders through Fluent (524ms)
  ok  1 [edge] › e2e\shell.spec.ts:3:1 › REQ-PLAT-01 built client loads without browser errors (2.4s)
  ok  7 [chrome] › e2e\malformed.spec.ts:7:1 › P-06 malformed MessagePack Snapshot preserves shell and closes connection (2.1s)
  ok 12 [chrome] › e2e\localization.spec.ts:75:1 › REQ-LOC-01 actual server Notice renders through Fluent (695ms)
  ok 13 [edge] › e2e\localization.spec.ts:89:1 › AC-M1-03 ledger display fixture opens with keyboard and preserves supplied values (850ms)
  ok  8 [edge] › e2e\network.spec.ts:6:1 › REQ-GEN-01 REQ-TIME-01 REQ-NET-01 authoritative pause, five speeds and date (2.2s)
  ok 15 [edge] › e2e\network.spec.ts:31:1 › REQ-NET-02 executable serves built assets and ko/en localization (52ms)
  ok  5 [edge] › e2e\malformed.spec.ts:7:1 › P-06 malformed MessagePack Snapshot preserves shell and closes connection (3.4s)
  ok 14 [chrome] › e2e\localization.spec.ts:89:1 › AC-M1-03 ledger display fixture opens with keyboard and preserves supplied values (783ms)
(node:37484) Warning: The 'NO_COLOR' env is ignored due to the 'FORCE_COLOR' env being set.
(Use `node --trace-warnings ...` to show where the warning was created)
(node:38952) Warning: The 'NO_COLOR' env is ignored due to the 'FORCE_COLOR' env being set.
(Use `node --trace-warnings ...` to show where the warning was created)
(node:22168) Warning: The 'NO_COLOR' env is ignored due to the 'FORCE_COLOR' env being set.
(Use `node --trace-warnings ...` to show where the warning was created)
  ok 16 [edge] › e2e\network.spec.ts:44:1 › REQ-NET-01 version mismatch, acceptance, rejection and unsupported scope (2.0s)
  ok  2 [chrome] › e2e\network.spec.ts:6:1 › REQ-GEN-01 REQ-TIME-01 REQ-NET-01 authoritative pause, five speeds and date (3.6s)
  ok 21 [chrome] › e2e\network.spec.ts:31:1 › REQ-NET-02 executable serves built assets and ko/en localization (115ms)
  ok 17 [chromium] › e2e\shell.spec.ts:3:1 › REQ-PLAT-01 built client loads without browser errors (312ms)
  ok 20 [edge] › e2e\network.spec.ts:73:1 › REQ-NET-01 Create, supported query, Delta and explicit refusal (1.2s)
(node:26164) Warning: The 'NO_COLOR' env is ignored due to the 'FORCE_COLOR' env being set.
(Use `node --trace-warnings ...` to show where the warning was created)
  ok 18 [chromium] › e2e\localization.spec.ts:9:1 › REQ-LOC-01 REQ-LOC-02 actual Rust executable ko/en switch and local CJK font (1.3s)
(node:40536) Warning: The 'NO_COLOR' env is ignored due to the 'FORCE_COLOR' env being set.
(Use `node --trace-warnings ...` to show where the warning was created)
  ok 23 [edge] › e2e\network.spec.ts:101:1 › REQ-NET-02 ko localization (684ms)
  ok 24 [chromium] › e2e\localization.spec.ts:58:1 › REQ-LOC-01 actual server Notice and CommandResult failure translate on language switch (569ms)
  ok 22 [chrome] › e2e\network.spec.ts:44:1 › REQ-NET-01 version mismatch, acceptance, rejection and unsupported scope (2.0s)
(node:28112) Warning: The 'NO_COLOR' env is ignored due to the 'FORCE_COLOR' env being set.
(Use `node --trace-warnings ...` to show where the warning was created)
  ok 27 [chromium] › e2e\localization.spec.ts:75:1 › REQ-LOC-01 actual server Notice renders through Fluent (497ms)
(node:31404) Warning: The 'NO_COLOR' env is ignored due to the 'FORCE_COLOR' env being set.
(Use `node --trace-warnings ...` to show where the warning was created)
  ok 26 [edge] › e2e\network.spec.ts:112:1 › REQ-GEN-05 REQ-NET-05 server disconnect freezes displayed time and input (1.4s)
  ok 30 [chromium] › e2e\localization.spec.ts:89:1 › AC-M1-03 ledger display fixture opens with keyboard and preserves supplied values (672ms)
  ok 29 [chrome] › e2e\network.spec.ts:73:1 › REQ-NET-01 Create, supported query, Delta and explicit refusal (1.2s)
  ok 25 [chromium] › e2e\malformed.spec.ts:7:1 › P-06 malformed MessagePack Snapshot preserves shell and closes connection (2.1s)
  ok 33 [chrome] › e2e\network.spec.ts:101:1 › REQ-NET-02 ko localization (599ms)
(node:24748) Warning: The 'NO_COLOR' env is ignored due to the 'FORCE_COLOR' env being set.
(Use `node --trace-warnings ...` to show where the warning was created)
  ok 31 [chromium] › e2e\network.spec.ts:6:1 › REQ-GEN-01 REQ-TIME-01 REQ-NET-01 authoritative pause, five speeds and date (1.9s)
  ok 36 [chromium] › e2e\network.spec.ts:31:1 › REQ-NET-02 executable serves built assets and ko/en localization (45ms)
(node:31344) Warning: The 'NO_COLOR' env is ignored due to the 'FORCE_COLOR' env being set.
(Use `node --trace-warnings ...` to show where the warning was created)
  ok 34 [chrome] › e2e\network.spec.ts:112:1 › REQ-GEN-05 REQ-NET-05 server disconnect freezes displayed time and input (1.5s)
  ok 35 [webkit] › e2e\localization.spec.ts:9:1 › REQ-LOC-01 REQ-LOC-02 actual Rust executable ko/en switch and local CJK font (1.3s)
  ok 19 [firefox] › e2e\malformed.spec.ts:7:1 › P-06 malformed MessagePack Snapshot preserves shell and closes connection (5.5s)
(node:13232) Warning: The 'NO_COLOR' env is ignored due to the 'FORCE_COLOR' env being set.
(Use `node --trace-warnings ...` to show where the warning was created)
  ok 37 [chromium] › e2e\network.spec.ts:44:1 › REQ-NET-01 version mismatch, acceptance, rejection and unsupported scope (1.8s)
(node:40004) Warning: The 'NO_COLOR' env is ignored due to the 'FORCE_COLOR' env being set.
(Use `node --trace-warnings ...` to show where the warning was created)
  ok 39 [webkit] › e2e\localization.spec.ts:58:1 › REQ-LOC-01 actual server Notice and CommandResult failure translate on language switch (1.1s)
  ok 32 [firefox] › e2e\localization.spec.ts:9:1 › REQ-LOC-01 REQ-LOC-02 actual Rust executable ko/en switch and local CJK font (3.6s)
  ok 28 [firefox] › e2e\network.spec.ts:6:1 › REQ-GEN-01 REQ-TIME-01 REQ-NET-01 authoritative pause, five speeds and date (4.2s)
  ok 45 [firefox] › e2e\network.spec.ts:31:1 › REQ-NET-02 executable serves built assets and ko/en localization (49ms)
  ok 41 [chromium] › e2e\network.spec.ts:73:1 › REQ-NET-01 Create, supported query, Delta and explicit refusal (1.0s)
  ok 38 [webkit] › e2e\malformed.spec.ts:7:1 › P-06 malformed MessagePack Snapshot preserves shell and closes connection (1.9s)
  ok 42 [webkit] › e2e\localization.spec.ts:75:1 › REQ-LOC-01 actual server Notice renders through Fluent (809ms)
  ok 47 [chromium] › e2e\network.spec.ts:101:1 › REQ-NET-02 ko localization (563ms)
(node:31424) Warning: The 'NO_COLOR' env is ignored due to the 'FORCE_COLOR' env being set.
(Use `node --trace-warnings ...` to show where the warning was created)
  ok 44 [firefox] › e2e\localization.spec.ts:58:1 › REQ-LOC-01 actual server Notice and CommandResult failure translate on language switch (1.4s)
  ok 48 [webkit] › e2e\localization.spec.ts:89:1 › AC-M1-03 ledger display fixture opens with keyboard and preserves supplied values (1.2s)
  ok 40 [firefox] › e2e\shell.spec.ts:3:1 › REQ-PLAT-01 built client loads without browser errors (2.3s)
  ok 49 [chromium] › e2e\network.spec.ts:112:1 › REQ-GEN-05 REQ-NET-05 server disconnect freezes displayed time and input (1.3s)
  ok 51 [webkit] › e2e\shell.spec.ts:3:1 › REQ-PLAT-01 built client loads without browser errors (565ms)
  ok 50 [firefox] › e2e\localization.spec.ts:75:1 › REQ-LOC-01 actual server Notice renders through Fluent (907ms)
  ok 46 [firefox] › e2e\network.spec.ts:44:1 › REQ-NET-01 version mismatch, acceptance, rejection and unsupported scope (2.5s)
  ok 52 [firefox] › e2e\localization.spec.ts:89:1 › AC-M1-03 ledger display fixture opens with keyboard and preserves supplied values (904ms)
  ok 43 [webkit] › e2e\network.spec.ts:6:1 › REQ-GEN-01 REQ-TIME-01 REQ-NET-01 authoritative pause, five speeds and date (3.4s)
  ok 54 [webkit] › e2e\network.spec.ts:31:1 › REQ-NET-02 executable serves built assets and ko/en localization (35ms)
  ok 53 [firefox] › e2e\network.spec.ts:73:1 › REQ-NET-01 Create, supported query, Delta and explicit refusal (1.2s)
  ok 56 [firefox] › e2e\network.spec.ts:101:1 › REQ-NET-02 ko localization (473ms)
  ok 55 [webkit] › e2e\network.spec.ts:44:1 › REQ-NET-01 version mismatch, acceptance, rejection and unsupported scope (1.9s)
  ok 57 [firefox] › e2e\network.spec.ts:112:1 › REQ-GEN-05 REQ-NET-05 server disconnect freezes displayed time and input (1.2s)
  ok 58 [webkit] › e2e\network.spec.ts:73:1 › REQ-NET-01 Create, supported query, Delta and explicit refusal (1.0s)
  ok 59 [webkit] › e2e\network.spec.ts:101:1 › REQ-NET-02 ko localization (730ms)
  ok 60 [webkit] › e2e\network.spec.ts:112:1 › REQ-GEN-05 REQ-NET-05 server disconnect freezes displayed time and input (1.3s)

  60 passed (23.2s)
