    Updating crates.io index
     Locking 98 packages to highest Rust 1.99.0 compatible versions
      Adding zstd v0.13.3 (available: v0.14.0)
      Adding zstd-safe v7.2.2 (available: v7.3.0)
      Adding zstd-sys v2.0.16+zstd.1.5.7 (available: v2.1.0+zstd.1.5.7)
 Downloading crates ...
  Downloaded byteorder v1.5.0
  Downloaded heapless v0.7.17
  Downloaded hash32 v0.2.1
  Downloaded rustc_version v0.4.1
  Downloaded spin v0.9.9
   Compiling proc-macro2 v1.0.107
   Compiling quote v1.0.47
   Compiling unicode-ident v1.0.26
   Compiling cfg-if v1.0.5
   Compiling serde_core v1.0.229
   Compiling serde v1.0.229
   Compiling zerocopy v0.8.60
   Compiling getrandom v0.4.3
   Compiling semver v1.0.28
   Compiling thiserror v2.0.21
   Compiling simd-adler32 v0.3.10
   Compiling windows-link v0.2.1
   Compiling scopeguard v1.2.0
   Compiling adler2 v2.0.1
   Compiling crc32fast v1.5.2
   Compiling shlex v2.0.1
   Compiling zmij v1.0.23
   Compiling lock_api v0.4.14
   Compiling find-msvc-tools v0.1.14
   Compiling byteorder v1.5.0
   Compiling fixed v1.31.0
   Compiling rustc_version v0.4.1
   Compiling ref-cast v1.0.27
   Compiling hash32 v0.2.1
   Compiling stable_deref_trait v1.2.1
   Compiling spin v0.9.9
   Compiling serde_json v1.0.151
   Compiling pkg-config v0.3.34
   Compiling heapless v0.7.17
   Compiling miniz_oxide v0.9.1
   Compiling typenum v1.20.1
   Compiling memchr v2.8.3
   Compiling winnow v1.0.4
   Compiling itoa v1.0.18
   Compiling rand_core v0.10.1
   Compiling az v1.3.0
   Compiling bytemuck v1.25.2
   Compiling autocfg v1.5.1
   Compiling flate2 v1.1.10
   Compiling miniz_oxide v0.8.9
   Compiling fdeflate v0.3.7
   Compiling syn v3.0.6
   Compiling syn v2.0.119
   Compiling jobserver v0.1.35
   Compiling windows-sys v0.61.2
   Compiling toml_parser v1.1.3+spec-1.1.0
   Compiling dyn-clone v1.0.20
   Compiling toml_writer v1.1.2+spec-1.1.0
   Compiling bitflags v2.13.2
   Compiling cc v1.6.0
   Compiling zstd-safe v7.2.2
   Compiling num-traits v0.2.19
   Compiling png v0.18.1
   Compiling once_cell v1.21.4
   Compiling fastrand v2.5.0
   Compiling winapi-util v0.1.11
   Compiling serde_spanned v1.1.1
   Compiling toml_datetime v1.1.1+spec-1.1.0
   Compiling termcolor v1.4.1
   Compiling toml v1.1.6+spec-1.1.0
   Compiling serde_derive_internals v0.30.0
   Compiling zstd-sys v2.0.16+zstd.1.5.7
   Compiling tempfile v3.27.0
   Compiling serde_derive v1.0.229
   Compiling thiserror-impl v2.0.21
   Compiling ref-cast-impl v1.0.27
   Compiling schemars_derive v1.2.2
   Compiling rmp v0.8.15
   Compiling cobs v0.3.0
   Compiling zstd v0.13.3
   Compiling zerocopy-derive v0.8.60
   Compiling ts-rs-macros v12.0.1
   Compiling schemars v1.2.2
   Compiling rmp-serde v1.3.1
   Compiling ts-rs v12.0.1
   Compiling postcard v1.1.3
   Compiling ppv-lite86 v0.2.21
   Compiling half v2.7.1
   Compiling rand_chacha v0.10.0
   Compiling oh_core v0.1.0 (E:\openhoi\.orchestrator\wt\WP-11-verify3\crates\oh_core)
   Compiling oh_data v0.1.0 (E:\openhoi\.orchestrator\wt\WP-11-verify3\crates\oh_data)
   Compiling oh_sim v0.1.0 (E:\openhoi\.orchestrator\wt\WP-11-verify3\crates\oh_sim)
   Compiling oh_proto v0.1.0 (E:\openhoi\.orchestrator\wt\WP-11-verify3\crates\oh_proto)
   Compiling oh_save v0.1.0 (E:\openhoi\.orchestrator\wt\WP-11-verify3\crates\oh_save)
   Compiling wp11_fresh_probe v0.1.0 (E:\openhoi\.orchestrator\wt\WP-11-verify3\target\wp11-independent\harness)
    Finished `dev` profile [unoptimized + debuginfo] target(s) in 26.54s
