chrome false PASS
chrome true AssertionError [ERR_ASSERTION]: chrome/dpr2: 32,41,56 != 130,165,95
    at capture (E:\openhoi\.orchestrator\wt\WP-08-verify6\target\wp08-verify6\current-probes\lifecycle.cjs:27:396)
    at async E:\openhoi\.orchestrator\wt\WP-08-verify6\target\wp08-verify6\current-probes\lifecycle.cjs:35:795 {
  generatedMessage: false,
  code: 'ERR_ASSERTION',
  actual: false,
  expected: true,
  operator: '=='
}
edge false PASS
edge true AssertionError [ERR_ASSERTION]: edge/dpr2: 32,41,56 != 130,165,95
    at capture (E:\openhoi\.orchestrator\wt\WP-08-verify6\target\wp08-verify6\current-probes\lifecycle.cjs:27:396)
    at runNextTicks (node:internal/process/task_queues:65:5)
    at process.processImmediate (node:internal/timers:473:9)
    at async E:\openhoi\.orchestrator\wt\WP-08-verify6\target\wp08-verify6\current-probes\lifecycle.cjs:35:795 {
  generatedMessage: false,
  code: 'ERR_ASSERTION',
  actual: false,
  expected: true,
  operator: '=='
}
chromium false AssertionError [ERR_ASSERTION]: Expected values to be strictly equal:

7 !== 6

    at E:\openhoi\.orchestrator\wt\WP-08-verify6\target\wp08-verify6\current-probes\lifecycle.cjs:35:849 {
  generatedMessage: true,
  code: 'ERR_ASSERTION',
  actual: 7,
  expected: 6,
  operator: 'strictEqual'
}
chromium true AssertionError [ERR_ASSERTION]: Expected values to be strictly equal:

7 !== 6

    at E:\openhoi\.orchestrator\wt\WP-08-verify6\target\wp08-verify6\current-probes\lifecycle.cjs:35:849 {
  generatedMessage: true,
  code: 'ERR_ASSERTION',
  actual: 7,
  expected: 6,
  operator: 'strictEqual'
}
firefox false PASS
firefox true PASS
webkit false PASS
webkit true PASS
