test_req_leg_02_ai_asset_dev_passes (test_wp01.AssetTests.test_req_leg_02_ai_asset_dev_passes) ... ok
test_req_leg_02_ai_asset_release_fails (test_wp01.AssetTests.test_req_leg_02_ai_asset_release_fails) ... ok
test_req_leg_02_boolean_string_fails (test_wp01.AssetTests.test_req_leg_02_boolean_string_fails) ... ok
test_req_leg_02_duplicate_fails (test_wp01.AssetTests.test_req_leg_02_duplicate_fails) ... ok
test_req_leg_02_missing_file_fails (test_wp01.AssetTests.test_req_leg_02_missing_file_fails) ... ok
test_req_leg_02_missing_metadata_fails (test_wp01.AssetTests.test_req_leg_02_missing_metadata_fails) ... ok
test_req_leg_02_nonai_release_and_font_checks_preserved (test_wp01.AssetTests.test_req_leg_02_nonai_release_and_font_checks_preserved) ... ok
test_req_leg_02_registered_data_passes (test_wp01.AssetTests.test_req_leg_02_registered_data_passes) ... ok
test_req_leg_02_reviewed_ai_changed_files_fail (test_wp01.AssetTests.test_req_leg_02_reviewed_ai_changed_files_fail) ... ok
test_req_leg_02_reviewed_ai_forbidden_license_fails (test_wp01.AssetTests.test_req_leg_02_reviewed_ai_forbidden_license_fails) ... ok
test_req_leg_02_reviewed_ai_hash_mismatch_fails (test_wp01.AssetTests.test_req_leg_02_reviewed_ai_hash_mismatch_fails) ... ok
test_req_leg_02_reviewed_ai_image_release_passes (test_wp01.AssetTests.test_req_leg_02_reviewed_ai_image_release_passes) ... ok
test_req_leg_02_reviewed_ai_invalid_timestamp_fails (test_wp01.AssetTests.test_req_leg_02_reviewed_ai_invalid_timestamp_fails) ... ok
test_req_leg_02_reviewed_ai_missing_fields_fail (test_wp01.AssetTests.test_req_leg_02_reviewed_ai_missing_fields_fail) ... ok
test_req_leg_02_reviewed_ai_nonimage_fails (test_wp01.AssetTests.test_req_leg_02_reviewed_ai_nonimage_fails) ... ok
test_req_leg_02_reviewed_ai_reference_validation_fails (test_wp01.AssetTests.test_req_leg_02_reviewed_ai_reference_validation_fails) ... $ C:\Users\user\AppData\Local\Programs\Python\Python311\python.EXE E:\openhoi\.orchestrator\wt\WP-08-verify6\tools\check_assets.py --root E:\openhoi\.orchestrator\wt\WP-08-verify6\target\wp08-verify6\temp\tmpkb0avpu5
exit=0
assets: 0 error(s)

$ C:\Users\user\AppData\Local\Programs\Python\Python311\python.EXE E:\openhoi\.orchestrator\wt\WP-08-verify6\tools\check_assets.py --root E:\openhoi\.orchestrator\wt\WP-08-verify6\target\wp08-verify6\temp\tmpapkcq7sg --release
exit=1
assets: 3 error(s)
[ASSET] data/packs/demo/defines.toml: AI-generated asset: path must refer to an image for release (OPEN-09)
[ASSET] data/packs/demo/defines.toml: AI-generated asset: ai_provenance must be a table
[ASSET] data/packs/demo/defines.toml: AI-generated asset: distribution_review must be a table

$ C:\Users\user\AppData\Local\Programs\Python\Python311\python.EXE E:\openhoi\.orchestrator\wt\WP-08-verify6\tools\check_assets.py --root E:\openhoi\.orchestrator\wt\WP-08-verify6\target\wp08-verify6\temp\tmpqzvdcy23
exit=1
assets: 1 error(s)
[ASSET] data/packs/demo/defines.toml: ai_generated must be a boolean

$ C:\Users\user\AppData\Local\Programs\Python\Python311\python.EXE E:\openhoi\.orchestrator\wt\WP-08-verify6\tools\check_assets.py --root E:\openhoi\.orchestrator\wt\WP-08-verify6\target\wp08-verify6\temp\tmp27g4zrte
exit=1
assets: 1 error(s)
[ASSET] data/packs/demo/defines.toml: duplicate record

$ C:\Users\user\AppData\Local\Programs\Python\Python311\python.EXE E:\openhoi\.orchestrator\wt\WP-08-verify6\tools\check_assets.py --root E:\openhoi\.orchestrator\wt\WP-08-verify6\target\wp08-verify6\temp\tmpi1g7t89o
exit=1
assets: 2 error(s)
[ASSET] assets/missing.png: missing file
[ASSET] data/packs/demo/defines.toml: unregistered asset/data file

$ C:\Users\user\AppData\Local\Programs\Python\Python311\python.EXE E:\openhoi\.orchestrator\wt\WP-08-verify6\tools\check_assets.py --root E:\openhoi\.orchestrator\wt\WP-08-verify6\target\wp08-verify6\temp\tmpxr_14clh
exit=1
assets: 1 error(s)
[ASSET] data/packs/demo/defines.toml: missing author

$ C:\Users\user\AppData\Local\Programs\Python\Python311\python.EXE E:\openhoi\.orchestrator\wt\WP-08-verify6\tools\check_assets.py --root E:\openhoi\.orchestrator\wt\WP-08-verify6\target\wp08-verify6\temp\tmpmfa_n5aq --release
exit=0
assets: 0 error(s)

$ C:\Users\user\AppData\Local\Programs\Python\Python311\python.EXE E:\openhoi\.orchestrator\wt\WP-08-verify6\tools\check_assets.py --root E:\openhoi\.orchestrator\wt\WP-08-verify6\target\wp08-verify6\temp\tmpmfa_n5aq --release
exit=1
assets: 1 error(s)
[ASSET] assets/font.woff2: font license must be OFL-1.1

$ C:\Users\user\AppData\Local\Programs\Python\Python311\python.EXE E:\openhoi\.orchestrator\wt\WP-08-verify6\tools\check_assets.py --root E:\openhoi\.orchestrator\wt\WP-08-verify6\target\wp08-verify6\temp\tmpmfa_n5aq --release
exit=0
assets: 0 error(s)

$ C:\Users\user\AppData\Local\Programs\Python\Python311\python.EXE E:\openhoi\.orchestrator\wt\WP-08-verify6\tools\check_assets.py --root E:\openhoi\.orchestrator\wt\WP-08-verify6\target\wp08-verify6\temp\tmpykx52m81
exit=0
assets: 0 error(s)

$ C:\Users\user\AppData\Local\Programs\Python\Python311\python.EXE E:\openhoi\.orchestrator\wt\WP-08-verify6\tools\check_assets.py --root E:\openhoi\.orchestrator\wt\WP-08-verify6\target\wp08-verify6\temp\tmp38y2xcq7 --release
exit=1
assets: 1 error(s)
[ASSET] assets/fixture.png: AI-generated asset: asset_sha256 does not match the referenced file

$ C:\Users\user\AppData\Local\Programs\Python\Python311\python.EXE E:\openhoi\.orchestrator\wt\WP-08-verify6\tools\check_assets.py --root E:\openhoi\.orchestrator\wt\WP-08-verify6\target\wp08-verify6\temp\tmp38y2xcq7 --release
exit=1
assets: 1 error(s)
[ASSET] assets/fixture.png: AI-generated asset: usage_terms_sha256 does not match the referenced file

$ C:\Users\user\AppData\Local\Programs\Python\Python311\python.EXE E:\openhoi\.orchestrator\wt\WP-08-verify6\tools\check_assets.py --root E:\openhoi\.orchestrator\wt\WP-08-verify6\target\wp08-verify6\temp\tmp38y2xcq7 --release
exit=1
assets: 1 error(s)
[ASSET] assets/fixture.png: AI-generated asset: evidence_sha256 does not match the referenced file

$ C:\Users\user\AppData\Local\Programs\Python\Python311\python.EXE E:\openhoi\.orchestrator\wt\WP-08-verify6\tools\check_assets.py --root E:\openhoi\.orchestrator\wt\WP-08-verify6\target\wp08-verify6\temp\tmpf9e7x3du --release
exit=1
assets: 1 error(s)
[ASSET] assets/fixture.png: unapproved license 'CC-BY-NC-4.0'

$ C:\Users\user\AppData\Local\Programs\Python\Python311\python.EXE E:\openhoi\.orchestrator\wt\WP-08-verify6\tools\check_assets.py --root E:\openhoi\.orchestrator\wt\WP-08-verify6\target\wp08-verify6\temp\tmpgxzj7mml --release
exit=1
assets: 1 error(s)
[ASSET] assets/fixture.png: AI-generated asset: usage_terms_sha256 does not match the referenced file

$ C:\Users\user\AppData\Local\Programs\Python\Python311\python.EXE E:\openhoi\.orchestrator\wt\WP-08-verify6\tools\check_assets.py --root E:\openhoi\.orchestrator\wt\WP-08-verify6\target\wp08-verify6\temp\tmpgxzj7mml --release
exit=1
assets: 1 error(s)
[ASSET] assets/fixture.png: AI-generated asset: usage_terms_sha256 must be a lowercase SHA-256 digest

$ C:\Users\user\AppData\Local\Programs\Python\Python311\python.EXE E:\openhoi\.orchestrator\wt\WP-08-verify6\tools\check_assets.py --root E:\openhoi\.orchestrator\wt\WP-08-verify6\target\wp08-verify6\temp\tmpgxzj7mml --release
exit=1
assets: 1 error(s)
[ASSET] assets/fixture.png: AI-generated asset: usage_terms_sha256 must be a lowercase SHA-256 digest

$ C:\Users\user\AppData\Local\Programs\Python\Python311\python.EXE E:\openhoi\.orchestrator\wt\WP-08-verify6\tools\check_assets.py --root E:\openhoi\.orchestrator\wt\WP-08-verify6\target\wp08-verify6\temp\tmpgxzj7mml --release
exit=1
assets: 1 error(s)
[ASSET] assets/fixture.png: AI-generated asset: evidence_sha256 does not match the referenced file

$ C:\Users\user\AppData\Local\Programs\Python\Python311\python.EXE E:\openhoi\.orchestrator\wt\WP-08-verify6\tools\check_assets.py --root E:\openhoi\.orchestrator\wt\WP-08-verify6\target\wp08-verify6\temp\tmpgxzj7mml --release
exit=1
assets: 1 error(s)
[ASSET] assets/fixture.png: AI-generated asset: evidence_sha256 must be a lowercase SHA-256 digest

$ C:\Users\user\AppData\Local\Programs\Python\Python311\python.EXE E:\openhoi\.orchestrator\wt\WP-08-verify6\tools\check_assets.py --root E:\openhoi\.orchestrator\wt\WP-08-verify6\target\wp08-verify6\temp\tmpgxzj7mml --release
exit=1
assets: 1 error(s)
[ASSET] assets/fixture.png: AI-generated asset: evidence_sha256 must be a lowercase SHA-256 digest

$ C:\Users\user\AppData\Local\Programs\Python\Python311\python.EXE E:\openhoi\.orchestrator\wt\WP-08-verify6\tools\check_assets.py --root E:\openhoi\.orchestrator\wt\WP-08-verify6\target\wp08-verify6\temp\tmpgxzj7mml --release
exit=1
assets: 1 error(s)
[ASSET] assets/fixture.png: AI-generated asset: asset_sha256 does not match the referenced file

$ C:\Users\user\AppData\Local\Programs\Python\Python311\python.EXE E:\openhoi\.orchestrator\wt\WP-08-verify6\tools\check_assets.py --root E:\openhoi\.orchestrator\wt\WP-08-verify6\target\wp08-verify6\temp\tmpgxzj7mml --release
exit=1
assets: 1 error(s)
[ASSET] assets/fixture.png: AI-generated asset: asset_sha256 must be a lowercase SHA-256 digest

$ C:\Users\user\AppData\Local\Programs\Python\Python311\python.EXE E:\openhoi\.orchestrator\wt\WP-08-verify6\tools\check_assets.py --root E:\openhoi\.orchestrator\wt\WP-08-verify6\target\wp08-verify6\temp\tmpgxzj7mml --release
exit=1
assets: 1 error(s)
[ASSET] assets/fixture.png: AI-generated asset: asset_sha256 must be a lowercase SHA-256 digest

$ C:\Users\user\AppData\Local\Programs\Python\Python311\python.EXE E:\openhoi\.orchestrator\wt\WP-08-verify6\tools\check_assets.py --root E:\openhoi\.orchestrator\wt\WP-08-verify6\target\wp08-verify6\temp\tmp0u46z3qx --release
exit=0
assets: 0 error(s)

ok
test_req_leg_02_reviewed_ai_unapproved_status_fails (test_wp01.AssetTests.test_req_leg_02_reviewed_ai_unapproved_status_fails) ... ok
test_req_leg_02_reviewed_ai_wrong_fields_fail (test_wp01.AssetTests.test_req_leg_02_reviewed_ai_wrong_fields_fail) ... $ C:\Users\user\AppData\Local\Programs\Python\Python311\python.EXE E:\openhoi\.orchestrator\wt\WP-08-verify6\tools\check_assets.py --root E:\openhoi\.orchestrator\wt\WP-08-verify6\target\wp08-verify6\temp\tmp7vsh_r3z --release
exit=1
assets: 1 error(s)
[ASSET] assets/fixture.png: AI-generated asset: reviewed_at must be a valid timestamp with seconds and timezone (YYYY-MM-DDTHH:MM:SSZ or +/-HH:MM)

$ C:\Users\user\AppData\Local\Programs\Python\Python311\python.EXE E:\openhoi\.orchestrator\wt\WP-08-verify6\tools\check_assets.py --root E:\openhoi\.orchestrator\wt\WP-08-verify6\target\wp08-verify6\temp\tmp7vsh_r3z --release
exit=1
assets: 1 error(s)
[ASSET] assets/fixture.png: AI-generated asset: reviewed_at must be a valid timestamp with seconds and timezone (YYYY-MM-DDTHH:MM:SSZ or +/-HH:MM)

$ C:\Users\user\AppData\Local\Programs\Python\Python311\python.EXE E:\openhoi\.orchestrator\wt\WP-08-verify6\tools\check_assets.py --root E:\openhoi\.orchestrator\wt\WP-08-verify6\target\wp08-verify6\temp\tmp7vsh_r3z --release
exit=1
assets: 1 error(s)
[ASSET] assets/fixture.png: AI-generated asset: reviewed_at must be a valid timestamp with seconds and timezone (YYYY-MM-DDTHH:MM:SSZ or +/-HH:MM)

$ C:\Users\user\AppData\Local\Programs\Python\Python311\python.EXE E:\openhoi\.orchestrator\wt\WP-08-verify6\tools\check_assets.py --root E:\openhoi\.orchestrator\wt\WP-08-verify6\target\wp08-verify6\temp\tmp7vsh_r3z --release
exit=1
assets: 1 error(s)
[ASSET] assets/fixture.png: AI-generated asset: reviewed_at must be a valid timestamp with seconds and timezone (YYYY-MM-DDTHH:MM:SSZ or +/-HH:MM)

$ C:\Users\user\AppData\Local\Programs\Python\Python311\python.EXE E:\openhoi\.orchestrator\wt\WP-08-verify6\tools\check_assets.py --root E:\openhoi\.orchestrator\wt\WP-08-verify6\target\wp08-verify6\temp\tmpecm55t2v --release
exit=1
assets: 1 error(s)
[ASSET] assets/fixture.png: AI-generated asset: tool must be a nonempty string

$ C:\Users\user\AppData\Local\Programs\Python\Python311\python.EXE E:\openhoi\.orchestrator\wt\WP-08-verify6\tools\check_assets.py --root E:\openhoi\.orchestrator\wt\WP-08-verify6\target\wp08-verify6\temp\tmpecm55t2v --release
exit=1
assets: 1 error(s)
[ASSET] assets/fixture.png: AI-generated asset: usage_terms_path must be a nonempty string

$ C:\Users\user\AppData\Local\Programs\Python\Python311\python.EXE E:\openhoi\.orchestrator\wt\WP-08-verify6\tools\check_assets.py --root E:\openhoi\.orchestrator\wt\WP-08-verify6\target\wp08-verify6\temp\tmpecm55t2v --release
exit=1
assets: 1 error(s)
[ASSET] assets/fixture.png: AI-generated asset: usage_terms_sha256 must be a nonempty string

$ C:\Users\user\AppData\Local\Programs\Python\Python311\python.EXE E:\openhoi\.orchestrator\wt\WP-08-verify6\tools\check_assets.py --root E:\openhoi\.orchestrator\wt\WP-08-verify6\target\wp08-verify6\temp\tmpecm55t2v --release
exit=1
assets: 1 error(s)
[ASSET] assets/fixture.png: AI-generated asset: ai_provenance must be a table

$ C:\Users\user\AppData\Local\Programs\Python\Python311\python.EXE E:\openhoi\.orchestrator\wt\WP-08-verify6\tools\check_assets.py --root E:\openhoi\.orchestrator\wt\WP-08-verify6\target\wp08-verify6\temp\tmpecm55t2v --release
exit=1
assets: 1 error(s)
[ASSET] assets/fixture.png: AI-generated asset: status must be 'approved' for release (OPEN-09)

$ C:\Users\user\AppData\Local\Programs\Python\Python311\python.EXE E:\openhoi\.orchestrator\wt\WP-08-verify6\tools\check_assets.py --root E:\openhoi\.orchestrator\wt\WP-08-verify6\target\wp08-verify6\temp\tmpecm55t2v --release
exit=1
assets: 1 error(s)
[ASSET] assets/fixture.png: AI-generated asset: reviewer must be a nonempty string

$ C:\Users\user\AppData\Local\Programs\Python\Python311\python.EXE E:\openhoi\.orchestrator\wt\WP-08-verify6\tools\check_assets.py --root E:\openhoi\.orchestrator\wt\WP-08-verify6\target\wp08-verify6\temp\tmpecm55t2v --release
exit=1
assets: 1 error(s)
[ASSET] assets/fixture.png: AI-generated asset: reviewed_at must be a nonempty string

$ C:\Users\user\AppData\Local\Programs\Python\Python311\python.EXE E:\openhoi\.orchestrator\wt\WP-08-verify6\tools\check_assets.py --root E:\openhoi\.orchestrator\wt\WP-08-verify6\target\wp08-verify6\temp\tmpecm55t2v --release
exit=1
assets: 1 error(s)
[ASSET] assets/fixture.png: AI-generated asset: evidence_path must be a nonempty string

$ C:\Users\user\AppData\Local\Programs\Python\Python311\python.EXE E:\openhoi\.orchestrator\wt\WP-08-verify6\tools\check_assets.py --root E:\openhoi\.orchestrator\wt\WP-08-verify6\target\wp08-verify6\temp\tmpecm55t2v --release
exit=1
assets: 1 error(s)
[ASSET] assets/fixture.png: AI-generated asset: evidence_sha256 must be a nonempty string

$ C:\Users\user\AppData\Local\Programs\Python\Python311\python.EXE E:\openhoi\.orchestrator\wt\WP-08-verify6\tools\check_assets.py --root E:\openhoi\.orchestrator\wt\WP-08-verify6\target\wp08-verify6\temp\tmpecm55t2v --release
exit=1
assets: 1 error(s)
[ASSET] assets/fixture.png: AI-generated asset: asset_sha256 must be a nonempty string

$ C:\Users\user\AppData\Local\Programs\Python\Python311\python.EXE E:\openhoi\.orchestrator\wt\WP-08-verify6\tools\check_assets.py --root E:\openhoi\.orchestrator\wt\WP-08-verify6\target\wp08-verify6\temp\tmpecm55t2v --release
exit=1
assets: 1 error(s)
[ASSET] assets/fixture.png: AI-generated asset: distribution_review must be a table

$ C:\Users\user\AppData\Local\Programs\Python\Python311\python.EXE E:\openhoi\.orchestrator\wt\WP-08-verify6\tools\check_assets.py --root E:\openhoi\.orchestrator\wt\WP-08-verify6\target\wp08-verify6\temp\tmp4s4l2qgz --release
exit=1
assets: 3 error(s)
[ASSET] data/packs/demo/defines.toml: AI-generated asset: path must refer to an image for release (OPEN-09)
[ASSET] data/packs/demo/defines.toml: AI-generated asset: asset_sha256 does not match the referenced file
[ASSET] assets/fixture.png: unregistered asset/data file

$ C:\Users\user\AppData\Local\Programs\Python\Python311\python.EXE E:\openhoi\.orchestrator\wt\WP-08-verify6\tools\check_assets.py --root E:\openhoi\.orchestrator\wt\WP-08-verify6\target\wp08-verify6\temp\tmpvto_8c6x --release
exit=1
assets: 1 error(s)
[ASSET] assets/fixture.png: AI-generated asset: usage_terms_path must reference an existing nonempty file

$ C:\Users\user\AppData\Local\Programs\Python\Python311\python.EXE E:\openhoi\.orchestrator\wt\WP-08-verify6\tools\check_assets.py --root E:\openhoi\.orchestrator\wt\WP-08-verify6\target\wp08-verify6\temp\tmpvto_8c6x --release
exit=1
assets: 1 error(s)
[ASSET] assets/fixture.png: AI-generated asset: usage_terms_path must reference an existing nonempty file

$ C:\Users\user\AppData\Local\Programs\Python\Python311\python.EXE E:\openhoi\.orchestrator\wt\WP-08-verify6\tools\check_assets.py --root E:\openhoi\.orchestrator\wt\WP-08-verify6\target\wp08-verify6\temp\tmpvto_8c6x --release
exit=1
assets: 1 error(s)
[ASSET] assets/fixture.png: AI-generated asset: usage_terms_path must be a normalized relative POSIX path

$ C:\Users\user\AppData\Local\Programs\Python\Python311\python.EXE E:\openhoi\.orchestrator\wt\WP-08-verify6\tools\check_assets.py --root E:\openhoi\.orchestrator\wt\WP-08-verify6\target\wp08-verify6\temp\tmpvto_8c6x --release
exit=1
assets: 1 error(s)
[ASSET] assets/fixture.png: AI-generated asset: usage_terms_path must be a normalized relative POSIX path

$ C:\Users\user\AppData\Local\Programs\Python\Python311\python.EXE E:\openhoi\.orchestrator\wt\WP-08-verify6\tools\check_assets.py --root E:\openhoi\.orchestrator\wt\WP-08-verify6\target\wp08-verify6\temp\tmpvto_8c6x --release
exit=1
assets: 1 error(s)
[ASSET] assets/fixture.png: AI-generated asset: usage_terms_path must be a normalized relative POSIX path

$ C:\Users\user\AppData\Local\Programs\Python\Python311\python.EXE E:\openhoi\.orchestrator\wt\WP-08-verify6\tools\check_assets.py --root E:\openhoi\.orchestrator\wt\WP-08-verify6\target\wp08-verify6\temp\tmpvto_8c6x --release
exit=1
assets: 1 error(s)
[ASSET] assets/fixture.png: AI-generated asset: usage_terms_path must be a normalized relative POSIX path

$ C:\Users\user\AppData\Local\Programs\Python\Python311\python.EXE E:\openhoi\.orchestrator\wt\WP-08-verify6\tools\check_assets.py --root E:\openhoi\.orchestrator\wt\WP-08-verify6\target\wp08-verify6\temp\tmpvto_8c6x --release
exit=1
assets: 1 error(s)
[ASSET] assets/fixture.png: AI-generated asset: usage_terms_path must reference an existing nonempty file

$ C:\Users\user\AppData\Local\Programs\Python\Python311\python.EXE E:\openhoi\.orchestrator\wt\WP-08-verify6\tools\check_assets.py --root E:\openhoi\.orchestrator\wt\WP-08-verify6\target\wp08-verify6\temp\tmpvto_8c6x --release
exit=1
assets: 1 error(s)
[ASSET] assets/fixture.png: AI-generated asset: evidence_path must reference an existing nonempty file

$ C:\Users\user\AppData\Local\Programs\Python\Python311\python.EXE E:\openhoi\.orchestrator\wt\WP-08-verify6\tools\check_assets.py --root E:\openhoi\.orchestrator\wt\WP-08-verify6\target\wp08-verify6\temp\tmpvto_8c6x --release
exit=1
assets: 1 error(s)
[ASSET] assets/fixture.png: AI-generated asset: evidence_path must reference an existing nonempty file

$ C:\Users\user\AppData\Local\Programs\Python\Python311\python.EXE E:\openhoi\.orchestrator\wt\WP-08-verify6\tools\check_assets.py --root E:\openhoi\.orchestrator\wt\WP-08-verify6\target\wp08-verify6\temp\tmpvto_8c6x --release
exit=1
assets: 1 error(s)
[ASSET] assets/fixture.png: AI-generated asset: evidence_path must be a normalized relative POSIX path

$ C:\Users\user\AppData\Local\Programs\Python\Python311\python.EXE E:\openhoi\.orchestrator\wt\WP-08-verify6\tools\check_assets.py --root E:\openhoi\.orchestrator\wt\WP-08-verify6\target\wp08-verify6\temp\tmpvto_8c6x --release
exit=1
assets: 1 error(s)
[ASSET] assets/fixture.png: AI-generated asset: evidence_path must be a normalized relative POSIX path

$ C:\Users\user\AppData\Local\Programs\Python\Python311\python.EXE E:\openhoi\.orchestrator\wt\WP-08-verify6\tools\check_assets.py --root E:\openhoi\.orchestrator\wt\WP-08-verify6\target\wp08-verify6\temp\tmpvto_8c6x --release
exit=1
assets: 1 error(s)
[ASSET] assets/fixture.png: AI-generated asset: evidence_path must be a normalized relative POSIX path

$ C:\Users\user\AppData\Local\Programs\Python\Python311\python.EXE E:\openhoi\.orchestrator\wt\WP-08-verify6\tools\check_assets.py --root E:\openhoi\.orchestrator\wt\WP-08-verify6\target\wp08-verify6\temp\tmpvto_8c6x --release
exit=1
assets: 1 error(s)
[ASSET] assets/fixture.png: AI-generated asset: evidence_path must be a normalized relative POSIX path

$ C:\Users\user\AppData\Local\Programs\Python\Python311\python.EXE E:\openhoi\.orchestrator\wt\WP-08-verify6\tools\check_assets.py --root E:\openhoi\.orchestrator\wt\WP-08-verify6\target\wp08-verify6\temp\tmpvto_8c6x --release
exit=1
assets: 1 error(s)
[ASSET] assets/fixture.png: AI-generated asset: evidence_path must reference an existing nonempty file

$ C:\Users\user\AppData\Local\Programs\Python\Python311\python.EXE E:\openhoi\.orchestrator\wt\WP-08-verify6\tools\check_assets.py --root E:\openhoi\.orchestrator\wt\WP-08-verify6\target\wp08-verify6\temp\tmplufvxt6l --release
exit=1
assets: 1 error(s)
[ASSET] assets/fixture.png: AI-generated asset: status must be 'approved' for release (OPEN-09)

$ C:\Users\user\AppData\Local\Programs\Python\Python311\python.EXE E:\openhoi\.orchestrator\wt\WP-08-verify6\tools\check_assets.py --root E:\openhoi\.orchestrator\wt\WP-08-verify6\target\wp08-verify6\temp\tmplufvxt6l --release
exit=1
assets: 1 error(s)
[ASSET] assets/fixture.png: AI-generated asset: status must be 'approved' for release (OPEN-09)

$ C:\Users\user\AppData\Local\Programs\Python\Python311\python.EXE E:\openhoi\.orchestrator\wt\WP-08-verify6\tools\check_assets.py --root E:\openhoi\.orchestrator\wt\WP-08-verify6\target\wp08-verify6\temp\tmplufvxt6l --release
exit=1
assets: 1 error(s)
[ASSET] assets/fixture.png: AI-generated asset: status must be 'approved' for release (OPEN-09)

$ C:\Users\user\AppData\Local\Programs\Python\Python311\python.EXE E:\openhoi\.orchestrator\wt\WP-08-verify6\tools\check_assets.py --root E:\openhoi\.orchestrator\wt\WP-08-verify6\target\wp08-verify6\temp\tmplufvxt6l --release
exit=1
assets: 1 error(s)
[ASSET] assets/fixture.png: AI-generated asset: status must be 'approved' for release (OPEN-09)

$ C:\Users\user\AppData\Local\Programs\Python\Python311\python.EXE E:\openhoi\.orchestrator\wt\WP-08-verify6\tools\check_assets.py --root E:\openhoi\.orchestrator\wt\WP-08-verify6\target\wp08-verify6\temp\tmp1_p1d3dx --release
exit=1
assets: 1 error(s)
[ASSET] assets/fixture.png: AI-generated asset: tool must be a nonempty string

$ C:\Users\user\AppData\Local\Programs\Python\Python311\python.EXE E:\openhoi\.orchestrator\wt\WP-08-verify6\tools\check_assets.py --root E:\openhoi\.orchestrator\wt\WP-08-verify6\target\wp08-verify6\temp\tmp1_p1d3dx --release
exit=1
assets: 1 error(s)
[ASSET] assets/fixture.png: AI-generated asset: tool must be a nonempty string

$ C:\Users\user\AppData\Local\Programs\Python\Python311\python.EXE E:\openhoi\.orchestrator\wt\WP-08-verify6\tools\check_assets.py --root E:\openhoi\.orchestrator\wt\WP-08-verify6\target\wp08-verify6\temp\tmp1_p1d3dx --release
exit=1
assets: 1 error(s)
[ASSET] assets/fixture.png: AI-generated asset: tool must be a nonempty string

$ C:\Users\user\AppData\Local\Programs\Python\Python311\python.EXE E:\openhoi\.orchestrator\wt\WP-08-verify6\tools\check_assets.py --root E:\openhoi\.orchestrator\wt\WP-08-verify6\target\wp08-verify6\temp\tmp1_p1d3dx --release
exit=1
assets: 1 error(s)
[ASSET] assets/fixture.png: AI-generated asset: tool must be a nonempty string

$ C:\Users\user\AppData\Local\Programs\Python\Python311\python.EXE E:\openhoi\.orchestrator\wt\WP-08-verify6\tools\check_assets.py --root E:\openhoi\.orchestrator\wt\WP-08-verify6\target\wp08-verify6\temp\tmp1_p1d3dx --release
exit=1
assets: 1 error(s)
[ASSET] assets/fixture.png: AI-generated asset: tool must be a nonempty string

$ C:\Users\user\AppData\Local\Programs\Python\Python311\python.EXE E:\openhoi\.orchestrator\wt\WP-08-verify6\tools\check_assets.py --root E:\openhoi\.orchestrator\wt\WP-08-verify6\target\wp08-verify6\temp\tmp1_p1d3dx --release
exit=1
assets: 1 error(s)
[ASSET] assets/fixture.png: AI-generated asset: usage_terms_path must be a nonempty string

$ C:\Users\user\AppData\Local\Programs\Python\Python311\python.EXE E:\openhoi\.orchestrator\wt\WP-08-verify6\tools\check_assets.py --root E:\openhoi\.orchestrator\wt\WP-08-verify6\target\wp08-verify6\temp\tmp1_p1d3dx --release
exit=1
assets: 1 error(s)
[ASSET] assets/fixture.png: AI-generated asset: usage_terms_path must be a nonempty string

$ C:\Users\user\AppData\Local\Programs\Python\Python311\python.EXE E:\openhoi\.orchestrator\wt\WP-08-verify6\tools\check_assets.py --root E:\openhoi\.orchestrator\wt\WP-08-verify6\target\wp08-verify6\temp\tmp1_p1d3dx --release
exit=1
assets: 1 error(s)
[ASSET] assets/fixture.png: AI-generated asset: usage_terms_path must be a nonempty string

$ C:\Users\user\AppData\Local\Programs\Python\Python311\python.EXE E:\openhoi\.orchestrator\wt\WP-08-verify6\tools\check_assets.py --root E:\openhoi\.orchestrator\wt\WP-08-verify6\target\wp08-verify6\temp\tmp1_p1d3dx --release
exit=1
assets: 1 error(s)
[ASSET] assets/fixture.png: AI-generated asset: usage_terms_path must be a nonempty string

$ C:\Users\user\AppData\Local\Programs\Python\Python311\python.EXE E:\openhoi\.orchestrator\wt\WP-08-verify6\tools\check_assets.py --root E:\openhoi\.orchestrator\wt\WP-08-verify6\target\wp08-verify6\temp\tmp1_p1d3dx --release
exit=1
assets: 1 error(s)
[ASSET] assets/fixture.png: AI-generated asset: usage_terms_path must be a nonempty string

$ C:\Users\user\AppData\Local\Programs\Python\Python311\python.EXE E:\openhoi\.orchestrator\wt\WP-08-verify6\tools\check_assets.py --root E:\openhoi\.orchestrator\wt\WP-08-verify6\target\wp08-verify6\temp\tmp1_p1d3dx --release
exit=1
assets: 1 error(s)
[ASSET] assets/fixture.png: AI-generated asset: usage_terms_sha256 must be a nonempty string

ok
test_req_leg_02_traversal_fails (test_wp01.AssetTests.test_req_leg_02_traversal_fails) ... ok
test_req_leg_02_unapproved_asset_license_fails (test_wp01.AssetTests.test_req_leg_02_unapproved_asset_license_fails) ... ok
test_req_leg_02_unregistered_data_fails (test_wp01.AssetTests.test_req_leg_02_unregistered_data_fails) ... ok
test_req_leg_02_unregistered_imported_asset_fails (test_wp01.AssetTests.test_req_leg_02_unregistered_imported_asset_fails) ... ok
test_req_leg_02_unregistered_localization_fails (test_wp01.AssetTests.test_req_leg_02_unregistered_localization_fails) ... ok
test_req_leg_02_unregistered_public_file_fails (test_wp01.AssetTests.test_req_leg_02_unregistered_public_file_fails) ... ok
test_req_leg_03_cargo_gpl_and_bincode_fail (test_wp01.CargoLicenseTests.test_req_leg_03_cargo_gpl_and_bincode_fail) ... $ C:\Users\user\AppData\Local\Programs\Python\Python311\python.EXE E:\openhoi\.orchestrator\wt\WP-08-verify6\tools\check_assets.py --root E:\openhoi\.orchestrator\wt\WP-08-verify6\target\wp08-verify6\temp\tmp1_p1d3dx --release
exit=1
assets: 1 error(s)
[ASSET] assets/fixture.png: AI-generated asset: usage_terms_sha256 must be a nonempty string

$ C:\Users\user\AppData\Local\Programs\Python\Python311\python.EXE E:\openhoi\.orchestrator\wt\WP-08-verify6\tools\check_assets.py --root E:\openhoi\.orchestrator\wt\WP-08-verify6\target\wp08-verify6\temp\tmp1_p1d3dx --release
exit=1
assets: 1 error(s)
[ASSET] assets/fixture.png: AI-generated asset: usage_terms_sha256 must be a nonempty string

$ C:\Users\user\AppData\Local\Programs\Python\Python311\python.EXE E:\openhoi\.orchestrator\wt\WP-08-verify6\tools\check_assets.py --root E:\openhoi\.orchestrator\wt\WP-08-verify6\target\wp08-verify6\temp\tmp1_p1d3dx --release
exit=1
assets: 1 error(s)
[ASSET] assets/fixture.png: AI-generated asset: usage_terms_sha256 must be a nonempty string

$ C:\Users\user\AppData\Local\Programs\Python\Python311\python.EXE E:\openhoi\.orchestrator\wt\WP-08-verify6\tools\check_assets.py --root E:\openhoi\.orchestrator\wt\WP-08-verify6\target\wp08-verify6\temp\tmp1_p1d3dx --release
exit=1
assets: 1 error(s)
[ASSET] assets/fixture.png: AI-generated asset: usage_terms_sha256 must be a nonempty string

$ C:\Users\user\AppData\Local\Programs\Python\Python311\python.EXE E:\openhoi\.orchestrator\wt\WP-08-verify6\tools\check_assets.py --root E:\openhoi\.orchestrator\wt\WP-08-verify6\target\wp08-verify6\temp\tmp1_p1d3dx --release
exit=1
assets: 1 error(s)
[ASSET] assets/fixture.png: AI-generated asset: ai_provenance must be a table

$ C:\Users\user\AppData\Local\Programs\Python\Python311\python.EXE E:\openhoi\.orchestrator\wt\WP-08-verify6\tools\check_assets.py --root E:\openhoi\.orchestrator\wt\WP-08-verify6\target\wp08-verify6\temp\tmp1_p1d3dx --release
exit=1
assets: 1 error(s)
[ASSET] assets/fixture.png: AI-generated asset: ai_provenance must be a table

$ C:\Users\user\AppData\Local\Programs\Python\Python311\python.EXE E:\openhoi\.orchestrator\wt\WP-08-verify6\tools\check_assets.py --root E:\openhoi\.orchestrator\wt\WP-08-verify6\target\wp08-verify6\temp\tmp1_p1d3dx --release
exit=1
assets: 1 error(s)
[ASSET] assets/fixture.png: AI-generated asset: ai_provenance must be a table

$ C:\Users\user\AppData\Local\Programs\Python\Python311\python.EXE E:\openhoi\.orchestrator\wt\WP-08-verify6\tools\check_assets.py --root E:\openhoi\.orchestrator\wt\WP-08-verify6\target\wp08-verify6\temp\tmp1_p1d3dx --release
exit=1
assets: 1 error(s)
[ASSET] assets/fixture.png: AI-generated asset: status must be 'approved' for release (OPEN-09)

$ C:\Users\user\AppData\Local\Programs\Python\Python311\python.EXE E:\openhoi\.orchestrator\wt\WP-08-verify6\tools\check_assets.py --root E:\openhoi\.orchestrator\wt\WP-08-verify6\target\wp08-verify6\temp\tmp1_p1d3dx --release
exit=1
assets: 1 error(s)
[ASSET] assets/fixture.png: AI-generated asset: status must be 'approved' for release (OPEN-09)

$ C:\Users\user\AppData\Local\Programs\Python\Python311\python.EXE E:\openhoi\.orchestrator\wt\WP-08-verify6\tools\check_assets.py --root E:\openhoi\.orchestrator\wt\WP-08-verify6\target\wp08-verify6\temp\tmp1_p1d3dx --release
exit=1
assets: 1 error(s)
[ASSET] assets/fixture.png: AI-generated asset: status must be 'approved' for release (OPEN-09)

$ C:\Users\user\AppData\Local\Programs\Python\Python311\python.EXE E:\openhoi\.orchestrator\wt\WP-08-verify6\tools\check_assets.py --root E:\openhoi\.orchestrator\wt\WP-08-verify6\target\wp08-verify6\temp\tmp1_p1d3dx --release
exit=1
assets: 1 error(s)
[ASSET] assets/fixture.png: AI-generated asset: status must be 'approved' for release (OPEN-09)

$ C:\Users\user\AppData\Local\Programs\Python\Python311\python.EXE E:\openhoi\.orchestrator\wt\WP-08-verify6\tools\check_assets.py --root E:\openhoi\.orchestrator\wt\WP-08-verify6\target\wp08-verify6\temp\tmp1_p1d3dx --release
exit=1
assets: 1 error(s)
[ASSET] assets/fixture.png: AI-generated asset: status must be 'approved' for release (OPEN-09)

$ C:\Users\user\AppData\Local\Programs\Python\Python311\python.EXE E:\openhoi\.orchestrator\wt\WP-08-verify6\tools\check_assets.py --root E:\openhoi\.orchestrator\wt\WP-08-verify6\target\wp08-verify6\temp\tmp1_p1d3dx --release
exit=1
assets: 1 error(s)
[ASSET] assets/fixture.png: AI-generated asset: reviewer must be a nonempty string

$ C:\Users\user\AppData\Local\Programs\Python\Python311\python.EXE E:\openhoi\.orchestrator\wt\WP-08-verify6\tools\check_assets.py --root E:\openhoi\.orchestrator\wt\WP-08-verify6\target\wp08-verify6\temp\tmp1_p1d3dx --release
exit=1
assets: 1 error(s)
[ASSET] assets/fixture.png: AI-generated asset: reviewer must be a nonempty string

$ C:\Users\user\AppData\Local\Programs\Python\Python311\python.EXE E:\openhoi\.orchestrator\wt\WP-08-verify6\tools\check_assets.py --root E:\openhoi\.orchestrator\wt\WP-08-verify6\target\wp08-verify6\temp\tmp1_p1d3dx --release
exit=1
assets: 1 error(s)
[ASSET] assets/fixture.png: AI-generated asset: reviewer must be a nonempty string

$ C:\Users\user\AppData\Local\Programs\Python\Python311\python.EXE E:\openhoi\.orchestrator\wt\WP-08-verify6\tools\check_assets.py --root E:\openhoi\.orchestrator\wt\WP-08-verify6\target\wp08-verify6\temp\tmp1_p1d3dx --release
exit=1
assets: 1 error(s)
[ASSET] assets/fixture.png: AI-generated asset: reviewer must be a nonempty string

$ C:\Users\user\AppData\Local\Programs\Python\Python311\python.EXE E:\openhoi\.orchestrator\wt\WP-08-verify6\tools\check_assets.py --root E:\openhoi\.orchestrator\wt\WP-08-verify6\target\wp08-verify6\temp\tmp1_p1d3dx --release
exit=1
assets: 1 error(s)
[ASSET] assets/fixture.png: AI-generated asset: reviewer must be a nonempty string

$ C:\Users\user\AppData\Local\Programs\Python\Python311\python.EXE E:\openhoi\.orchestrator\wt\WP-08-verify6\tools\check_assets.py --root E:\openhoi\.orchestrator\wt\WP-08-verify6\target\wp08-verify6\temp\tmp1_p1d3dx --release
exit=1
assets: 1 error(s)
[ASSET] assets/fixture.png: AI-generated asset: reviewed_at must be a nonempty string

$ C:\Users\user\AppData\Local\Programs\Python\Python311\python.EXE E:\openhoi\.orchestrator\wt\WP-08-verify6\tools\check_assets.py --root E:\openhoi\.orchestrator\wt\WP-08-verify6\target\wp08-verify6\temp\tmp1_p1d3dx --release
exit=1
assets: 1 error(s)
[ASSET] assets/fixture.png: AI-generated asset: reviewed_at must be a nonempty string

$ C:\Users\user\AppData\Local\Programs\Python\Python311\python.EXE E:\openhoi\.orchestrator\wt\WP-08-verify6\tools\check_assets.py --root E:\openhoi\.orchestrator\wt\WP-08-verify6\target\wp08-verify6\temp\tmp1_p1d3dx --release
exit=1
assets: 1 error(s)
[ASSET] assets/fixture.png: AI-generated asset: reviewed_at must be a nonempty string

$ C:\Users\user\AppData\Local\Programs\Python\Python311\python.EXE E:\openhoi\.orchestrator\wt\WP-08-verify6\tools\check_assets.py --root E:\openhoi\.orchestrator\wt\WP-08-verify6\target\wp08-verify6\temp\tmp1_p1d3dx --release
exit=1
assets: 1 error(s)
[ASSET] assets/fixture.png: AI-generated asset: reviewed_at must be a nonempty string

$ C:\Users\user\AppData\Local\Programs\Python\Python311\python.EXE E:\openhoi\.orchestrator\wt\WP-08-verify6\tools\check_assets.py --root E:\openhoi\.orchestrator\wt\WP-08-verify6\target\wp08-verify6\temp\tmp1_p1d3dx --release
exit=1
assets: 1 error(s)
[ASSET] assets/fixture.png: AI-generated asset: reviewed_at must be a nonempty string

$ C:\Users\user\AppData\Local\Programs\Python\Python311\python.EXE E:\openhoi\.orchestrator\wt\WP-08-verify6\tools\check_assets.py --root E:\openhoi\.orchestrator\wt\WP-08-verify6\target\wp08-verify6\temp\tmp1_p1d3dx --release
exit=1
assets: 1 error(s)
[ASSET] assets/fixture.png: AI-generated asset: evidence_path must be a nonempty string

FAIL
test_req_leg_03_and_requires_both_licenses (test_wp01.NpmLicenseTests.test_req_leg_03_and_requires_both_licenses) ... ok
test_req_leg_03_exception_not_silently_ignored (test_wp01.NpmLicenseTests.test_req_leg_03_exception_not_silently_ignored) ... ok
test_req_leg_03_gpl_dependency_fails (test_wp01.NpmLicenseTests.test_req_leg_03_gpl_dependency_fails) ... ok
test_req_leg_03_or_accepts_permitted_choice (test_wp01.NpmLicenseTests.test_req_leg_03_or_accepts_permitted_choice) ... ok
test_req_leg_03_permitted_license_passes (test_wp01.NpmLicenseTests.test_req_leg_03_permitted_license_passes) ... ok
test_req_leg_03_unknown_license_fails (test_wp01.NpmLicenseTests.test_req_leg_03_unknown_license_fails) ... ok
test_req_plat_01_buildable_workspace_and_ci (test_wp01.PlatformTests.test_req_plat_01_buildable_workspace_and_ci) ... ok

======================================================================
FAIL: test_req_leg_03_cargo_gpl_and_bincode_fail (test_wp01.CargoLicenseTests.test_req_leg_03_cargo_gpl_and_bincode_fail)
----------------------------------------------------------------------
Traceback (most recent call last):
  File "E:\openhoi\.orchestrator\wt\WP-08-verify6\tools\tests\test_wp01.py", line 298, in test_req_leg_03_cargo_gpl_and_bincode_fail
    self.assertIn(diagnostic, result.stdout + result.stderr)
AssertionError: 'GPL-3.0-only' not found in "2026-10-06 19:00:49 [ERROR] failed to fetch crates: error: current package believes it's in a workspace when it's not:\ncurrent:   E:\\openhoi\\.orchestrator\\wt\\WP-08-verify6\\target\\wp08-verify6\\temp\\tmpyfi83ogl\\Cargo.toml\nworkspace: E:\\openhoi\\.orchestrator\\wt\\WP-08-verify6\\Cargo.toml\n\nthis may be fixable by adding `target\\wp08-verify6\\temp\\tmpyfi83ogl` to the `workspace.members` array of the manifest located at: E:\\openhoi\\.orchestrator\\wt\\WP-08-verify6\\Cargo.toml\nAlternatively, to keep it out of the workspace, add the package to the `workspace.exclude` array, or add an empty `[workspace]` table to the package's manifest.\n\n2026-10-06 19:00:49 [ERROR] `cargo metadata` exited with an error: error: current package believes it's in a workspace when it's not:\ncurrent:   E:\\openhoi\\.orchestrator\\wt\\WP-08-verify6\\target\\wp08-verify6\\temp\\tmpyfi83ogl\\Cargo.toml\nworkspace: E:\\openhoi\\.orchestrator\\wt\\WP-08-verify6\\Cargo.toml\n\nthis may be fixable by adding `target\\wp08-verify6\\temp\\tmpyfi83ogl` to the `workspace.members` array of the manifest located at: E:\\openhoi\\.orchestrator\\wt\\WP-08-verify6\\Cargo.toml\nAlternatively, to keep it out of the workspace, add the package to the `workspace.exclude` array, or add an empty `[workspace]` table to the package's manifest.\n\n"

----------------------------------------------------------------------
Ran 32 tests in 8.016s

FAILED (failures=1)
$ C:\Users\user\AppData\Local\Programs\Python\Python311\python.EXE E:\openhoi\.orchestrator\wt\WP-08-verify6\tools\check_assets.py --root E:\openhoi\.orchestrator\wt\WP-08-verify6\target\wp08-verify6\temp\tmp1_p1d3dx --release
exit=1
assets: 1 error(s)
[ASSET] assets/fixture.png: AI-generated asset: evidence_path must be a nonempty string

$ C:\Users\user\AppData\Local\Programs\Python\Python311\python.EXE E:\openhoi\.orchestrator\wt\WP-08-verify6\tools\check_assets.py --root E:\openhoi\.orchestrator\wt\WP-08-verify6\target\wp08-verify6\temp\tmp1_p1d3dx --release
exit=1
assets: 1 error(s)
[ASSET] assets/fixture.png: AI-generated asset: evidence_path must be a nonempty string

$ C:\Users\user\AppData\Local\Programs\Python\Python311\python.EXE E:\openhoi\.orchestrator\wt\WP-08-verify6\tools\check_assets.py --root E:\openhoi\.orchestrator\wt\WP-08-verify6\target\wp08-verify6\temp\tmp1_p1d3dx --release
exit=1
assets: 1 error(s)
[ASSET] assets/fixture.png: AI-generated asset: evidence_path must be a nonempty string

$ C:\Users\user\AppData\Local\Programs\Python\Python311\python.EXE E:\openhoi\.orchestrator\wt\WP-08-verify6\tools\check_assets.py --root E:\openhoi\.orchestrator\wt\WP-08-verify6\target\wp08-verify6\temp\tmp1_p1d3dx --release
exit=1
assets: 1 error(s)
[ASSET] assets/fixture.png: AI-generated asset: evidence_path must be a nonempty string

$ C:\Users\user\AppData\Local\Programs\Python\Python311\python.EXE E:\openhoi\.orchestrator\wt\WP-08-verify6\tools\check_assets.py --root E:\openhoi\.orchestrator\wt\WP-08-verify6\target\wp08-verify6\temp\tmp1_p1d3dx --release
exit=1
assets: 1 error(s)
[ASSET] assets/fixture.png: AI-generated asset: evidence_sha256 must be a nonempty string

$ C:\Users\user\AppData\Local\Programs\Python\Python311\python.EXE E:\openhoi\.orchestrator\wt\WP-08-verify6\tools\check_assets.py --root E:\openhoi\.orchestrator\wt\WP-08-verify6\target\wp08-verify6\temp\tmp1_p1d3dx --release
exit=1
assets: 1 error(s)
[ASSET] assets/fixture.png: AI-generated asset: evidence_sha256 must be a nonempty string

$ C:\Users\user\AppData\Local\Programs\Python\Python311\python.EXE E:\openhoi\.orchestrator\wt\WP-08-verify6\tools\check_assets.py --root E:\openhoi\.orchestrator\wt\WP-08-verify6\target\wp08-verify6\temp\tmp1_p1d3dx --release
exit=1
assets: 1 error(s)
[ASSET] assets/fixture.png: AI-generated asset: evidence_sha256 must be a nonempty string

$ C:\Users\user\AppData\Local\Programs\Python\Python311\python.EXE E:\openhoi\.orchestrator\wt\WP-08-verify6\tools\check_assets.py --root E:\openhoi\.orchestrator\wt\WP-08-verify6\target\wp08-verify6\temp\tmp1_p1d3dx --release
exit=1
assets: 1 error(s)
[ASSET] assets/fixture.png: AI-generated asset: evidence_sha256 must be a nonempty string

$ C:\Users\user\AppData\Local\Programs\Python\Python311\python.EXE E:\openhoi\.orchestrator\wt\WP-08-verify6\tools\check_assets.py --root E:\openhoi\.orchestrator\wt\WP-08-verify6\target\wp08-verify6\temp\tmp1_p1d3dx --release
exit=1
assets: 1 error(s)
[ASSET] assets/fixture.png: AI-generated asset: evidence_sha256 must be a nonempty string

$ C:\Users\user\AppData\Local\Programs\Python\Python311\python.EXE E:\openhoi\.orchestrator\wt\WP-08-verify6\tools\check_assets.py --root E:\openhoi\.orchestrator\wt\WP-08-verify6\target\wp08-verify6\temp\tmp1_p1d3dx --release
exit=1
assets: 1 error(s)
[ASSET] assets/fixture.png: AI-generated asset: asset_sha256 must be a nonempty string

$ C:\Users\user\AppData\Local\Programs\Python\Python311\python.EXE E:\openhoi\.orchestrator\wt\WP-08-verify6\tools\check_assets.py --root E:\openhoi\.orchestrator\wt\WP-08-verify6\target\wp08-verify6\temp\tmp1_p1d3dx --release
exit=1
assets: 1 error(s)
[ASSET] assets/fixture.png: AI-generated asset: asset_sha256 must be a nonempty string

$ C:\Users\user\AppData\Local\Programs\Python\Python311\python.EXE E:\openhoi\.orchestrator\wt\WP-08-verify6\tools\check_assets.py --root E:\openhoi\.orchestrator\wt\WP-08-verify6\target\wp08-verify6\temp\tmp1_p1d3dx --release
exit=1
assets: 1 error(s)
[ASSET] assets/fixture.png: AI-generated asset: asset_sha256 must be a nonempty string

$ C:\Users\user\AppData\Local\Programs\Python\Python311\python.EXE E:\openhoi\.orchestrator\wt\WP-08-verify6\tools\check_assets.py --root E:\openhoi\.orchestrator\wt\WP-08-verify6\target\wp08-verify6\temp\tmp1_p1d3dx --release
exit=1
assets: 1 error(s)
[ASSET] assets/fixture.png: AI-generated asset: asset_sha256 must be a nonempty string

$ C:\Users\user\AppData\Local\Programs\Python\Python311\python.EXE E:\openhoi\.orchestrator\wt\WP-08-verify6\tools\check_assets.py --root E:\openhoi\.orchestrator\wt\WP-08-verify6\target\wp08-verify6\temp\tmp1_p1d3dx --release
exit=1
assets: 1 error(s)
[ASSET] assets/fixture.png: AI-generated asset: asset_sha256 must be a nonempty string

$ C:\Users\user\AppData\Local\Programs\Python\Python311\python.EXE E:\openhoi\.orchestrator\wt\WP-08-verify6\tools\check_assets.py --root E:\openhoi\.orchestrator\wt\WP-08-verify6\target\wp08-verify6\temp\tmp1_p1d3dx --release
exit=1
assets: 1 error(s)
[ASSET] assets/fixture.png: AI-generated asset: distribution_review must be a table

$ C:\Users\user\AppData\Local\Programs\Python\Python311\python.EXE E:\openhoi\.orchestrator\wt\WP-08-verify6\tools\check_assets.py --root E:\openhoi\.orchestrator\wt\WP-08-verify6\target\wp08-verify6\temp\tmp1_p1d3dx --release
exit=1
assets: 1 error(s)
[ASSET] assets/fixture.png: AI-generated asset: distribution_review must be a table

$ C:\Users\user\AppData\Local\Programs\Python\Python311\python.EXE E:\openhoi\.orchestrator\wt\WP-08-verify6\tools\check_assets.py --root E:\openhoi\.orchestrator\wt\WP-08-verify6\target\wp08-verify6\temp\tmp1_p1d3dx --release
exit=1
assets: 1 error(s)
[ASSET] assets/fixture.png: AI-generated asset: distribution_review must be a table

$ C:\Users\user\AppData\Local\Programs\Python\Python311\python.EXE E:\openhoi\.orchestrator\wt\WP-08-verify6\tools\check_assets.py --root E:\openhoi\.orchestrator\wt\WP-08-verify6\target\wp08-verify6\temp\tmpmkizpzr8
exit=1
assets: 2 error(s)
[ASSET] ../outside.png: path must be a normalized relative POSIX path
[ASSET] data/packs/demo/defines.toml: unregistered asset/data file

$ C:\Users\user\AppData\Local\Programs\Python\Python311\python.EXE E:\openhoi\.orchestrator\wt\WP-08-verify6\tools\check_assets.py --root E:\openhoi\.orchestrator\wt\WP-08-verify6\target\wp08-verify6\temp\tmp0s6q4jh1
exit=1
assets: 1 error(s)
[ASSET] data/packs/demo/defines.toml: unapproved license 'CC-BY-NC-4.0'

$ C:\Users\user\AppData\Local\Programs\Python\Python311\python.EXE E:\openhoi\.orchestrator\wt\WP-08-verify6\tools\check_assets.py --root E:\openhoi\.orchestrator\wt\WP-08-verify6\target\wp08-verify6\temp\tmps53789oh
exit=1
assets: 1 error(s)
[ASSET] data/packs/demo/defines.toml: unregistered asset/data file

$ C:\Users\user\AppData\Local\Programs\Python\Python311\python.EXE E:\openhoi\.orchestrator\wt\WP-08-verify6\tools\check_assets.py --root E:\openhoi\.orchestrator\wt\WP-08-verify6\target\wp08-verify6\temp\tmp180dx3ds
exit=1
assets: 1 error(s)
[ASSET] client/src/assets/logo.svg: unregistered asset/data file

$ C:\Users\user\AppData\Local\Programs\Python\Python311\python.EXE E:\openhoi\.orchestrator\wt\WP-08-verify6\tools\check_assets.py --root E:\openhoi\.orchestrator\wt\WP-08-verify6\target\wp08-verify6\temp\tmpuzhak02z
exit=1
assets: 1 error(s)
[ASSET] client/src/locales/ko.ftl: unregistered asset/data file

$ C:\Users\user\AppData\Local\Programs\Python\Python311\python.EXE E:\openhoi\.orchestrator\wt\WP-08-verify6\tools\check_assets.py --root E:\openhoi\.orchestrator\wt\WP-08-verify6\target\wp08-verify6\temp\tmphndsnjlp
exit=1
assets: 1 error(s)
[ASSET] client/public/unlisted.svg: unregistered asset/data file

$ C:\Users\user\.cargo\bin\cargo.EXE deny --manifest-path E:\openhoi\.orchestrator\wt\WP-08-verify6\target\wp08-verify6\temp\tmpyfi83ogl\Cargo.toml --config E:\openhoi\.orchestrator\wt\WP-08-verify6\deny.toml check licenses bans
exit=1
2026-10-06 19:00:49 [ERROR] failed to fetch crates: error: current package believes it's in a workspace when it's not:
current:   E:\openhoi\.orchestrator\wt\WP-08-verify6\target\wp08-verify6\temp\tmpyfi83ogl\Cargo.toml
workspace: E:\openhoi\.orchestrator\wt\WP-08-verify6\Cargo.toml

this may be fixable by adding `target\wp08-verify6\temp\tmpyfi83ogl` to the `workspace.members` array of the manifest located at: E:\openhoi\.orchestrator\wt\WP-08-verify6\Cargo.toml
Alternatively, to keep it out of the workspace, add the package to the `workspace.exclude` array, or add an empty `[workspace]` table to the package's manifest.

2026-10-06 19:00:49 [ERROR] `cargo metadata` exited with an error: error: current package believes it's in a workspace when it's not:
current:   E:\openhoi\.orchestrator\wt\WP-08-verify6\target\wp08-verify6\temp\tmpyfi83ogl\Cargo.toml
workspace: E:\openhoi\.orchestrator\wt\WP-08-verify6\Cargo.toml

this may be fixable by adding `target\wp08-verify6\temp\tmpyfi83ogl` to the `workspace.members` array of the manifest located at: E:\openhoi\.orchestrator\wt\WP-08-verify6\Cargo.toml
Alternatively, to keep it out of the workspace, add the package to the `workspace.exclude` array, or add an empty `[workspace]` table to the package's manifest.


$ node E:\openhoi\.orchestrator\wt\WP-08-verify6\tools\check_npm_licenses.cjs --root E:\openhoi\.orchestrator\wt\WP-08-verify6\target\wp08-verify6\temp\tmppagsrivp
exit=1
npm licenses: 1 dependencies; 1 error(s)
[LICENSE] node_modules/fixture-dep@1.0.0: unapproved license "MIT AND GPL-3.0-only"

$ node E:\openhoi\.orchestrator\wt\WP-08-verify6\tools\check_npm_licenses.cjs --root E:\openhoi\.orchestrator\wt\WP-08-verify6\target\wp08-verify6\temp\tmp3y3jugih
exit=1
npm licenses: 1 dependencies; 1 error(s)
[LICENSE] node_modules/fixture-dep@1.0.0: unapproved license "Apache-2.0 WITH LLVM-exception"

$ node E:\openhoi\.orchestrator\wt\WP-08-verify6\tools\check_npm_licenses.cjs --root E:\openhoi\.orchestrator\wt\WP-08-verify6\target\wp08-verify6\temp\tmp4uy8zmog
exit=1
npm licenses: 1 dependencies; 1 error(s)
[LICENSE] node_modules/fixture-dep@1.0.0: unapproved license "GPL-3.0-only"

$ node E:\openhoi\.orchestrator\wt\WP-08-verify6\tools\check_npm_licenses.cjs --root E:\openhoi\.orchestrator\wt\WP-08-verify6\target\wp08-verify6\temp\tmpaoudqagf
exit=0
npm licenses: 1 dependencies; 0 error(s)

$ node E:\openhoi\.orchestrator\wt\WP-08-verify6\tools\check_npm_licenses.cjs --root E:\openhoi\.orchestrator\wt\WP-08-verify6\target\wp08-verify6\temp\tmp_wyn0rxq
exit=0
npm licenses: 1 dependencies; 0 error(s)

$ node E:\openhoi\.orchestrator\wt\WP-08-verify6\tools\check_npm_licenses.cjs --root E:\openhoi\.orchestrator\wt\WP-08-verify6\target\wp08-verify6\temp\tmp5oa3751l
exit=1
npm licenses: 1 dependencies; 1 error(s)
[LICENSE] node_modules/fixture-dep@1.0.0: unapproved license undefined
