ExpectError: expect(locator).toHaveAttribute(expected) failed

Locator:  getByTestId('province-map')
Expected: "webgl2"
Received: "webgpu"
Timeout:  5000ms

Call log:
  - Expect "toHaveAttribute" getByTestId('province-map') with timeout 5000ms
  - waiting for getByTestId('province-map')
    2 × locator resolved to <div class="province-map" aria-label="Province map" data-testid="province-map"></div>
      - unexpected value "null"
    - locator resolved to <div data-frames="3" data-selected="" data-update-ms="0" class="province-map" data-backend="webgpu" data-updated-bytes="0" aria-label="Province map" data-texture-limit="8192" data-testid="province-map" data-shader-length="10386" data-mode="map-mode-owner" data-device="WebGPU device" data-shader-language="wgsl" data-frame-ms="22.433333333581686" data-adapter="{"vendor":"nvidia","architecture":"turing","device":"","description":""}" data-camera="{"width":16.877470355731223,"height":6.521739130434782,…>…</div>
    - unexpected value "webgpu"
    - locator resolved to <div data-frames="10" data-selected="" data-update-ms="0" class="province-map" data-frame-ms="18.5" data-backend="webgpu" data-updated-bytes="0" aria-label="Province map" data-texture-limit="8192" data-testid="province-map" data-shader-length="10386" data-mode="map-mode-owner" data-device="WebGPU device" data-shader-language="wgsl" data-adapter="{"vendor":"nvidia","architecture":"turing","device":"","description":""}" data-camera="{"width":16.877470355731223,"height":6.521739130434782,"x":4,"y":3,"…>…</div>
    - unexpected value "webgpu"
    - locator resolved to <div data-frames="40" data-selected="" data-update-ms="0" class="province-map" data-backend="webgpu" data-updated-bytes="0" aria-label="Province map" data-texture-limit="8192" data-testid="province-map" data-shader-length="10386" data-mode="map-mode-owner" data-device="WebGPU device" data-shader-language="wgsl" data-frame-ms="17.107500000018625" data-adapter="{"vendor":"nvidia","architecture":"turing","device":"","description":""}" data-camera="{"width":16.877470355731223,"height":6.521739130434782…>…</div>
    - unexpected value "webgpu"
    - locator resolved to <div data-frames="71" data-selected="" data-update-ms="0" class="province-map" data-backend="webgpu" data-updated-bytes="0" aria-label="Province map" data-texture-limit="8192" data-testid="province-map" data-shader-length="10386" data-mode="map-mode-owner" data-device="WebGPU device" data-shader-language="wgsl" data-frame-ms="16.907042253552607" data-adapter="{"vendor":"nvidia","architecture":"turing","device":"","description":""}" data-camera="{"width":16.877470355731223,"height":6.521739130434782…>…</div>
    - unexpected value "webgpu"
    - locator resolved to <div data-selected="" data-frames="102" class="province-map" data-backend="webgpu" data-updated-bytes="0" aria-label="Province map" data-texture-limit="8192" data-testid="province-map" data-shader-length="10386" data-mode="map-mode-owner" data-device="WebGPU device" data-shader-language="wgsl" data-frame-ms="16.833333333333332" data-update-ms="0.10000000149011612" data-adapter="{"vendor":"nvidia","architecture":"turing","device":"","description":""}" data-camera="{"width":16.877470355731223,"height…>…</div>
    - unexpected value "webgpu"
    - locator resolved to <div data-selected="" data-frames="132" data-update-ms="0" class="province-map" data-backend="webgpu" data-updated-bytes="0" aria-label="Province map" data-texture-limit="8192" data-testid="province-map" data-shader-length="10386" data-mode="map-mode-owner" data-device="WebGPU device" data-shader-language="wgsl" data-frame-ms="16.803787878799167" data-adapter="{"vendor":"nvidia","architecture":"turing","device":"","description":""}" data-camera="{"width":16.877470355731223,"height":6.52173913043478…>…</div>
    - unexpected value "webgpu"
    - locator resolved to <div data-selected="" data-frames="163" data-update-ms="0" class="province-map" data-backend="webgpu" data-updated-bytes="0" aria-label="Province map" data-texture-limit="8192" data-testid="province-map" data-shader-length="10386" data-mode="map-mode-owner" data-device="WebGPU device" data-shader-language="wgsl" data-frame-ms="16.76871165644629" data-adapter="{"vendor":"nvidia","architecture":"turing","device":"","description":""}" data-camera="{"width":16.877470355731223,"height":6.521739130434782…>…</div>
    - unexpected value "webgpu"
    - locator resolved to <div data-selected="" data-frames="194" class="province-map" data-backend="webgpu" data-updated-bytes="0" aria-label="Province map" data-texture-limit="8192" data-testid="province-map" data-shader-length="10386" data-mode="map-mode-owner" data-device="WebGPU device" data-shader-language="wgsl" data-frame-ms="16.75515463917526" data-update-ms="0.10000000149011612" data-adapter="{"vendor":"nvidia","architecture":"turing","device":"","description":""}" data-camera="{"width":16.877470355731223,"height"…>…</div>
    - unexpected value "webgpu"
    - locator resolved to <div data-selected="" data-frames="224" class="province-map" data-backend="webgpu" data-updated-bytes="0" aria-label="Province map" data-texture-limit="8192" data-testid="province-map" data-shader-length="10386" data-mode="map-mode-owner" data-device="WebGPU device" data-shader-language="wgsl" data-frame-ms="16.744196428584733" data-update-ms="0.20000000298023224" data-adapter="{"vendor":"nvidia","architecture":"turing","device":"","description":""}" data-camera="{"width":16.877470355731223,"height…>…</div>
    - unexpected value "webgpu"
    - locator resolved to <div data-selected="" data-frames="255" data-update-ms="0" class="province-map" data-backend="webgpu" data-updated-bytes="0" aria-label="Province map" data-texture-limit="8192" data-testid="province-map" data-shader-length="10386" data-mode="map-mode-owner" data-device="WebGPU device" data-shader-language="wgsl" data-frame-ms="16.733333333333334" data-adapter="{"vendor":"nvidia","architecture":"turing","device":"","description":""}" data-camera="{"width":16.877470355731223,"height":6.52173913043478…>…</div>
    - unexpected value "webgpu"
    - locator resolved to <div data-selected="" data-frames="286" data-update-ms="0" class="province-map" data-backend="webgpu" data-updated-bytes="0" aria-label="Province map" data-texture-limit="8192" data-testid="province-map" data-shader-length="10386" data-mode="map-mode-owner" data-device="WebGPU device" data-shader-language="wgsl" data-frame-ms="16.725524475524477" data-adapter="{"vendor":"nvidia","architecture":"turing","device":"","description":""}" data-camera="{"width":16.877470355731223,"height":6.52173913043478…>…</div>
    - unexpected value "webgpu"

    at captureRawStack (E:\openhoi\.orchestrator\wt\WP-08-verify6\target\wp08-verify6\red62-source\client\node_modules\playwright-core\lib\coreBundle.js:8588:17)
    at callMatcherAsStep (E:\openhoi\.orchestrator\wt\WP-08-verify6\target\wp08-verify6\red62-source\client\node_modules\playwright\lib\matchers\expect.js:13310:57)
    at Object.toHaveAttribute (E:\openhoi\.orchestrator\wt\WP-08-verify6\target\wp08-verify6\red62-source\client\node_modules\playwright\lib\matchers\expect.js:13302:23)
    at E:\openhoi\.orchestrator\wt\WP-08-verify6\target\wp08-verify6\red62-probes\gpu-compile-failure.cjs:11:106 {
  matcherResult: {
    name: 'toHaveAttribute',
    expected: 'webgl2',
    message: 'expect(locator).toHaveAttribute(expected) failed\n' +
      '\n' +
      "Locator:  getByTestId('province-map')\n" +
      'Expected: "webgl2"\n' +
      'Received: "webgpu"\n' +
      'Timeout:  5000ms\n' +
      '\n' +
      'Call log:\n' +
      `  - Expect "toHaveAttribute" getByTestId('province-map') with timeout 5000ms\n` +
      "  - waiting for getByTestId('province-map')\n" +
      '    2 × locator resolved to <div class="province-map" aria-label="Province map" data-testid="province-map"></div>\n' +
      '      - unexpected value "null"\n' +
      '    - locator resolved to <div data-frames="3" data-selected="" data-update-ms="0" class="province-map" data-backend="webgpu" data-updated-bytes="0" aria-label="Province map" data-texture-limit="8192" data-testid="province-map" data-shader-length="10386" data-mode="map-mode-owner" data-device="WebGPU device" data-shader-language="wgsl" data-frame-ms="22.433333333581686" data-adapter="{"vendor":"nvidia","architecture":"turing","device":"","description":""}" data-camera="{"width":16.877470355731223,"height":6.521739130434782,…>…</div>\n' +
      '    - unexpected value "webgpu"\n' +
      '    - locator resolved to <div data-frames="10" data-selected="" data-update-ms="0" class="province-map" data-frame-ms="18.5" data-backend="webgpu" data-updated-bytes="0" aria-label="Province map" data-texture-limit="8192" data-testid="province-map" data-shader-length="10386" data-mode="map-mode-owner" data-device="WebGPU device" data-shader-language="wgsl" data-adapter="{"vendor":"nvidia","architecture":"turing","device":"","description":""}" data-camera="{"width":16.877470355731223,"height":6.521739130434782,"x":4,"y":3,"…>…</div>\n' +
      '    - unexpected value "webgpu"\n' +
      '    - locator resolved to <div data-frames="40" data-selected="" data-update-ms="0" class="province-map" data-backend="webgpu" data-updated-bytes="0" aria-label="Province map" data-texture-limit="8192" data-testid="province-map" data-shader-length="10386" data-mode="map-mode-owner" data-device="WebGPU device" data-shader-language="wgsl" data-frame-ms="17.107500000018625" data-adapter="{"vendor":"nvidia","architecture":"turing","device":"","description":""}" data-camera="{"width":16.877470355731223,"height":6.521739130434782…>…</div>\n' +
      '    - unexpected value "webgpu"\n' +
      '    - locator resolved to <div data-frames="71" data-selected="" data-update-ms="0" class="province-map" data-backend="webgpu" data-updated-bytes="0" aria-label="Province map" data-texture-limit="8192" data-testid="province-map" data-shader-length="10386" data-mode="map-mode-owner" data-device="WebGPU device" data-shader-language="wgsl" data-frame-ms="16.907042253552607" data-adapter="{"vendor":"nvidia","architecture":"turing","device":"","description":""}" data-camera="{"width":16.877470355731223,"height":6.521739130434782…>…</div>\n' +
      '    - unexpected value "webgpu"\n' +
      '    - locator resolved to <div data-selected="" data-frames="102" class="province-map" data-backend="webgpu" data-updated-bytes="0" aria-label="Province map" data-texture-limit="8192" data-testid="province-map" data-shader-length="10386" data-mode="map-mode-owner" data-device="WebGPU device" data-shader-language="wgsl" data-frame-ms="16.833333333333332" data-update-ms="0.10000000149011612" data-adapter="{"vendor":"nvidia","architecture":"turing","device":"","description":""}" data-camera="{"width":16.877470355731223,"height…>…</div>\n' +
      '    - unexpected value "webgpu"\n' +
      '    - locator resolved to <div data-selected="" data-frames="132" data-update-ms="0" class="province-map" data-backend="webgpu" data-updated-bytes="0" aria-label="Province map" data-texture-limit="8192" data-testid="province-map" data-shader-length="10386" data-mode="map-mode-owner" data-device="WebGPU device" data-shader-language="wgsl" data-frame-ms="16.803787878799167" data-adapter="{"vendor":"nvidia","architecture":"turing","device":"","description":""}" data-camera="{"width":16.877470355731223,"height":6.52173913043478…>…</div>\n' +
      '    - unexpected value "webgpu"\n' +
      '    - locator resolved to <div data-selected="" data-frames="163" data-update-ms="0" class="province-map" data-backend="webgpu" data-updated-bytes="0" aria-label="Province map" data-texture-limit="8192" data-testid="province-map" data-shader-length="10386" data-mode="map-mode-owner" data-device="WebGPU device" data-shader-language="wgsl" data-frame-ms="16.76871165644629" data-adapter="{"vendor":"nvidia","architecture":"turing","device":"","description":""}" data-camera="{"width":16.877470355731223,"height":6.521739130434782…>…</div>\n' +
      '    - unexpected value "webgpu"\n' +
      '    - locator resolved to <div data-selected="" data-frames="194" class="province-map" data-backend="webgpu" data-updated-bytes="0" aria-label="Province map" data-texture-limit="8192" data-testid="province-map" data-shader-length="10386" data-mode="map-mode-owner" data-device="WebGPU device" data-shader-language="wgsl" data-frame-ms="16.75515463917526" data-update-ms="0.10000000149011612" data-adapter="{"vendor":"nvidia","architecture":"turing","device":"","description":""}" data-camera="{"width":16.877470355731223,"height"…>…</div>\n' +
      '    - unexpected value "webgpu"\n' +
      '    - locator resolved to <div data-selected="" data-frames="224" class="province-map" data-backend="webgpu" data-updated-bytes="0" aria-label="Province map" data-texture-limit="8192" data-testid="province-map" data-shader-length="10386" data-mode="map-mode-owner" data-device="WebGPU device" data-shader-language="wgsl" data-frame-ms="16.744196428584733" data-update-ms="0.20000000298023224" data-adapter="{"vendor":"nvidia","architecture":"turing","device":"","description":""}" data-camera="{"width":16.877470355731223,"height…>…</div>\n' +
      '    - unexpected value "webgpu"\n' +
      '    - locator resolved to <div data-selected="" data-frames="255" data-update-ms="0" class="province-map" data-backend="webgpu" data-updated-bytes="0" aria-label="Province map" data-texture-limit="8192" data-testid="province-map" data-shader-length="10386" data-mode="map-mode-owner" data-device="WebGPU device" data-shader-language="wgsl" data-frame-ms="16.733333333333334" data-adapter="{"vendor":"nvidia","architecture":"turing","device":"","description":""}" data-camera="{"width":16.877470355731223,"height":6.52173913043478…>…</div>\n' +
      '    - unexpected value "webgpu"\n' +
      '    - locator resolved to <div data-selected="" data-frames="286" data-update-ms="0" class="province-map" data-backend="webgpu" data-updated-bytes="0" aria-label="Province map" data-texture-limit="8192" data-testid="province-map" data-shader-length="10386" data-mode="map-mode-owner" data-device="WebGPU device" data-shader-language="wgsl" data-frame-ms="16.725524475524477" data-adapter="{"vendor":"nvidia","architecture":"turing","device":"","description":""}" data-camera="{"width":16.877470355731223,"height":6.52173913043478…>…</div>\n' +
      '    - unexpected value "webgpu"\n',
    pass: false,
    actual: 'webgpu',
    log: [
      `  - Expect "toHaveAttribute" getByTestId('province-map') with timeout 5000ms`,
      "  - waiting for getByTestId('province-map')",
      '    2 × locator resolved to <div class="province-map" aria-label="Province map" data-testid="province-map"></div>',
      '      - unexpected value "null"',
      '    - locator resolved to <div data-frames="3" data-selected="" data-update-ms="0" class="province-map" data-backend="webgpu" data-updated-bytes="0" aria-label="Province map" data-texture-limit="8192" data-testid="province-map" data-shader-length="10386" data-mode="map-mode-owner" data-device="WebGPU device" data-shader-language="wgsl" data-frame-ms="22.433333333581686" data-adapter="{"vendor":"nvidia","architecture":"turing","device":"","description":""}" data-camera="{"width":16.877470355731223,"height":6.521739130434782,…>…</div>',
      '    - unexpected value "webgpu"',
      '    - locator resolved to <div data-frames="10" data-selected="" data-update-ms="0" class="province-map" data-frame-ms="18.5" data-backend="webgpu" data-updated-bytes="0" aria-label="Province map" data-texture-limit="8192" data-testid="province-map" data-shader-length="10386" data-mode="map-mode-owner" data-device="WebGPU device" data-shader-language="wgsl" data-adapter="{"vendor":"nvidia","architecture":"turing","device":"","description":""}" data-camera="{"width":16.877470355731223,"height":6.521739130434782,"x":4,"y":3,"…>…</div>',
      '    - unexpected value "webgpu"',
      '    - locator resolved to <div data-frames="40" data-selected="" data-update-ms="0" class="province-map" data-backend="webgpu" data-updated-bytes="0" aria-label="Province map" data-texture-limit="8192" data-testid="province-map" data-shader-length="10386" data-mode="map-mode-owner" data-device="WebGPU device" data-shader-language="wgsl" data-frame-ms="17.107500000018625" data-adapter="{"vendor":"nvidia","architecture":"turing","device":"","description":""}" data-camera="{"width":16.877470355731223,"height":6.521739130434782…>…</div>',
      '    - unexpected value "webgpu"',
      '    - locator resolved to <div data-frames="71" data-selected="" data-update-ms="0" class="province-map" data-backend="webgpu" data-updated-bytes="0" aria-label="Province map" data-texture-limit="8192" data-testid="province-map" data-shader-length="10386" data-mode="map-mode-owner" data-device="WebGPU device" data-shader-language="wgsl" data-frame-ms="16.907042253552607" data-adapter="{"vendor":"nvidia","architecture":"turing","device":"","description":""}" data-camera="{"width":16.877470355731223,"height":6.521739130434782…>…</div>',
      '    - unexpected value "webgpu"',
      '    - locator resolved to <div data-selected="" data-frames="102" class="province-map" data-backend="webgpu" data-updated-bytes="0" aria-label="Province map" data-texture-limit="8192" data-testid="province-map" data-shader-length="10386" data-mode="map-mode-owner" data-device="WebGPU device" data-shader-language="wgsl" data-frame-ms="16.833333333333332" data-update-ms="0.10000000149011612" data-adapter="{"vendor":"nvidia","architecture":"turing","device":"","description":""}" data-camera="{"width":16.877470355731223,"height…>…</div>',
      '    - unexpected value "webgpu"',
      '    - locator resolved to <div data-selected="" data-frames="132" data-update-ms="0" class="province-map" data-backend="webgpu" data-updated-bytes="0" aria-label="Province map" data-texture-limit="8192" data-testid="province-map" data-shader-length="10386" data-mode="map-mode-owner" data-device="WebGPU device" data-shader-language="wgsl" data-frame-ms="16.803787878799167" data-adapter="{"vendor":"nvidia","architecture":"turing","device":"","description":""}" data-camera="{"width":16.877470355731223,"height":6.52173913043478…>…</div>',
      '    - unexpected value "webgpu"',
      '    - locator resolved to <div data-selected="" data-frames="163" data-update-ms="0" class="province-map" data-backend="webgpu" data-updated-bytes="0" aria-label="Province map" data-texture-limit="8192" data-testid="province-map" data-shader-length="10386" data-mode="map-mode-owner" data-device="WebGPU device" data-shader-language="wgsl" data-frame-ms="16.76871165644629" data-adapter="{"vendor":"nvidia","architecture":"turing","device":"","description":""}" data-camera="{"width":16.877470355731223,"height":6.521739130434782…>…</div>',
      '    - unexpected value "webgpu"',
      '    - locator resolved to <div data-selected="" data-frames="194" class="province-map" data-backend="webgpu" data-updated-bytes="0" aria-label="Province map" data-texture-limit="8192" data-testid="province-map" data-shader-length="10386" data-mode="map-mode-owner" data-device="WebGPU device" data-shader-language="wgsl" data-frame-ms="16.75515463917526" data-update-ms="0.10000000149011612" data-adapter="{"vendor":"nvidia","architecture":"turing","device":"","description":""}" data-camera="{"width":16.877470355731223,"height"…>…</div>',
      '    - unexpected value "webgpu"',
      '    - locator resolved to <div data-selected="" data-frames="224" class="province-map" data-backend="webgpu" data-updated-bytes="0" aria-label="Province map" data-texture-limit="8192" data-testid="province-map" data-shader-length="10386" data-mode="map-mode-owner" data-device="WebGPU device" data-shader-language="wgsl" data-frame-ms="16.744196428584733" data-update-ms="0.20000000298023224" data-adapter="{"vendor":"nvidia","architecture":"turing","device":"","description":""}" data-camera="{"width":16.877470355731223,"height…>…</div>',
      '    - unexpected value "webgpu"',
      '    - locator resolved to <div data-selected="" data-frames="255" data-update-ms="0" class="province-map" data-backend="webgpu" data-updated-bytes="0" aria-label="Province map" data-texture-limit="8192" data-testid="province-map" data-shader-length="10386" data-mode="map-mode-owner" data-device="WebGPU device" data-shader-language="wgsl" data-frame-ms="16.733333333333334" data-adapter="{"vendor":"nvidia","architecture":"turing","device":"","description":""}" data-camera="{"width":16.877470355731223,"height":6.52173913043478…>…</div>',
      '    - unexpected value "webgpu"',
      '    - locator resolved to <div data-selected="" data-frames="286" data-update-ms="0" class="province-map" data-backend="webgpu" data-updated-bytes="0" aria-label="Province map" data-texture-limit="8192" data-testid="province-map" data-shader-length="10386" data-mode="map-mode-owner" data-device="WebGPU device" data-shader-language="wgsl" data-frame-ms="16.725524475524477" data-adapter="{"vendor":"nvidia","architecture":"turing","device":"","description":""}" data-camera="{"width":16.877470355731223,"height":6.52173913043478…>…</div>',
      '    - unexpected value "webgpu"'
    ],
    timeout: 5000,
    ariaSnapshot: ''
  }
}
ExpectError: expect(locator).toHaveAttribute(expected) failed

Locator:  getByTestId('province-map')
Expected: "webgl2"
Received: "webgpu"
Timeout:  5000ms

Call log:
  - Expect "toHaveAttribute" getByTestId('province-map') with timeout 5000ms
  - waiting for getByTestId('province-map')
    2 × locator resolved to <div class="province-map" aria-label="Province map" data-testid="province-map"></div>
      - unexpected value "null"
    - locator resolved to <div data-frames="4" data-selected="" class="province-map" data-backend="webgpu" data-frame-ms="22.75" data-updated-bytes="0" aria-label="Province map" data-texture-limit="8192" data-testid="province-map" data-shader-length="10386" data-mode="map-mode-owner" data-device="WebGPU device" data-shader-language="wgsl" data-update-ms="0.10000000149011612" data-adapter="{"vendor":"nvidia","architecture":"turing","device":"","description":""}" data-camera="{"width":16.877470355731223,"height":6.52173913043…>…</div>
    - unexpected value "webgpu"
    - locator resolved to <div data-frames="11" data-selected="" class="province-map" data-backend="webgpu" data-updated-bytes="0" aria-label="Province map" data-texture-limit="8192" data-testid="province-map" data-shader-length="10386" data-mode="map-mode-owner" data-device="WebGPU device" data-shader-language="wgsl" data-frame-ms="18.918181818317283" data-update-ms="0.10000000149011612" data-adapter="{"vendor":"nvidia","architecture":"turing","device":"","description":""}" data-camera="{"width":16.877470355731223,"height"…>…</div>
    - unexpected value "webgpu"
    - locator resolved to <div data-frames="41" data-selected="" data-update-ms="0" class="province-map" data-backend="webgpu" data-updated-bytes="0" aria-label="Province map" data-texture-limit="8192" data-testid="province-map" data-shader-length="10386" data-mode="map-mode-owner" data-device="WebGPU device" data-shader-language="wgsl" data-frame-ms="17.251219512213293" data-adapter="{"vendor":"nvidia","architecture":"turing","device":"","description":""}" data-camera="{"width":16.877470355731223,"height":6.521739130434782…>…</div>
    - unexpected value "webgpu"
    - locator resolved to <div data-frames="72" data-selected="" class="province-map" data-backend="webgpu" data-updated-bytes="0" aria-label="Province map" data-texture-limit="8192" data-testid="province-map" data-shader-length="10386" data-mode="map-mode-owner" data-device="WebGPU device" data-shader-language="wgsl" data-frame-ms="17.001388888909585" data-update-ms="0.09999999776482582" data-adapter="{"vendor":"nvidia","architecture":"turing","device":"","description":""}" data-camera="{"width":16.877470355731223,"height"…>…</div>
    - unexpected value "webgpu"
    - locator resolved to <div data-selected="" data-frames="102" data-update-ms="0" class="province-map" data-backend="webgpu" data-updated-bytes="0" aria-label="Province map" data-texture-limit="8192" data-testid="province-map" data-shader-length="10386" data-mode="map-mode-owner" data-device="WebGPU device" data-shader-language="wgsl" data-frame-ms="16.902941176485196" data-adapter="{"vendor":"nvidia","architecture":"turing","device":"","description":""}" data-camera="{"width":16.877470355731223,"height":6.52173913043478…>…</div>
    - unexpected value "webgpu"
    - locator resolved to <div data-selected="" data-frames="132" class="province-map" data-backend="webgpu" data-updated-bytes="0" aria-label="Province map" data-texture-limit="8192" data-testid="province-map" data-shader-length="10386" data-mode="map-mode-owner" data-device="WebGPU device" data-shader-language="wgsl" data-frame-ms="16.848484848484848" data-update-ms="0.10000000149011612" data-adapter="{"vendor":"nvidia","architecture":"turing","device":"","description":""}" data-camera="{"width":16.877470355731223,"height…>…</div>
    - unexpected value "webgpu"
    - locator resolved to <div data-selected="" data-frames="163" data-update-ms="0" class="province-map" data-backend="webgpu" data-updated-bytes="0" aria-label="Province map" data-texture-limit="8192" data-testid="province-map" data-shader-length="10386" data-mode="map-mode-owner" data-device="WebGPU device" data-shader-language="wgsl" data-frame-ms="16.819631901849633" data-adapter="{"vendor":"nvidia","architecture":"turing","device":"","description":""}" data-camera="{"width":16.877470355731223,"height":6.52173913043478…>…</div>
    - unexpected value "webgpu"
    - locator resolved to <div data-selected="" data-frames="193" class="province-map" data-backend="webgpu" data-updated-bytes="0" aria-label="Province map" data-texture-limit="8192" data-testid="province-map" data-shader-length="10386" data-mode="map-mode-owner" data-device="WebGPU device" data-shader-language="wgsl" data-frame-ms="16.7911917098407" data-update-ms="0.10000000149011612" data-adapter="{"vendor":"nvidia","architecture":"turing","device":"","description":""}" data-camera="{"width":16.877470355731223,"height":…>…</div>
    - unexpected value "webgpu"
    - locator resolved to <div data-selected="" data-frames="224" data-update-ms="0" class="province-map" data-backend="webgpu" data-updated-bytes="0" aria-label="Province map" data-texture-limit="8192" data-testid="province-map" data-shader-length="10386" data-mode="map-mode-owner" data-device="WebGPU device" data-shader-language="wgsl" data-frame-ms="16.775000000006653" data-adapter="{"vendor":"nvidia","architecture":"turing","device":"","description":""}" data-camera="{"width":16.877470355731223,"height":6.52173913043478…>…</div>
    - unexpected value "webgpu"
    - locator resolved to <div data-selected="" data-frames="255" class="province-map" data-backend="webgpu" data-updated-bytes="0" aria-label="Province map" data-texture-limit="8192" data-testid="province-map" data-shader-length="10386" data-mode="map-mode-owner" data-device="WebGPU device" data-shader-language="wgsl" data-frame-ms="16.764705882352942" data-update-ms="0.10000000149011612" data-adapter="{"vendor":"nvidia","architecture":"turing","device":"","description":""}" data-camera="{"width":16.877470355731223,"height…>…</div>
    - unexpected value "webgpu"

    at captureRawStack (E:\openhoi\.orchestrator\wt\WP-08-verify6\target\wp08-verify6\red62-source\client\node_modules\playwright-core\lib\coreBundle.js:8588:17)
    at callMatcherAsStep (E:\openhoi\.orchestrator\wt\WP-08-verify6\target\wp08-verify6\red62-source\client\node_modules\playwright\lib\matchers\expect.js:13310:57)
    at Object.toHaveAttribute (E:\openhoi\.orchestrator\wt\WP-08-verify6\target\wp08-verify6\red62-source\client\node_modules\playwright\lib\matchers\expect.js:13302:23)
    at E:\openhoi\.orchestrator\wt\WP-08-verify6\target\wp08-verify6\red62-probes\gpu-compile-failure.cjs:11:106 {
  matcherResult: {
    name: 'toHaveAttribute',
    expected: 'webgl2',
    message: 'expect(locator).toHaveAttribute(expected) failed\n' +
      '\n' +
      "Locator:  getByTestId('province-map')\n" +
      'Expected: "webgl2"\n' +
      'Received: "webgpu"\n' +
      'Timeout:  5000ms\n' +
      '\n' +
      'Call log:\n' +
      `  - Expect "toHaveAttribute" getByTestId('province-map') with timeout 5000ms\n` +
      "  - waiting for getByTestId('province-map')\n" +
      '    2 × locator resolved to <div class="province-map" aria-label="Province map" data-testid="province-map"></div>\n' +
      '      - unexpected value "null"\n' +
      '    - locator resolved to <div data-frames="4" data-selected="" class="province-map" data-backend="webgpu" data-frame-ms="22.75" data-updated-bytes="0" aria-label="Province map" data-texture-limit="8192" data-testid="province-map" data-shader-length="10386" data-mode="map-mode-owner" data-device="WebGPU device" data-shader-language="wgsl" data-update-ms="0.10000000149011612" data-adapter="{"vendor":"nvidia","architecture":"turing","device":"","description":""}" data-camera="{"width":16.877470355731223,"height":6.52173913043…>…</div>\n' +
      '    - unexpected value "webgpu"\n' +
      '    - locator resolved to <div data-frames="11" data-selected="" class="province-map" data-backend="webgpu" data-updated-bytes="0" aria-label="Province map" data-texture-limit="8192" data-testid="province-map" data-shader-length="10386" data-mode="map-mode-owner" data-device="WebGPU device" data-shader-language="wgsl" data-frame-ms="18.918181818317283" data-update-ms="0.10000000149011612" data-adapter="{"vendor":"nvidia","architecture":"turing","device":"","description":""}" data-camera="{"width":16.877470355731223,"height"…>…</div>\n' +
      '    - unexpected value "webgpu"\n' +
      '    - locator resolved to <div data-frames="41" data-selected="" data-update-ms="0" class="province-map" data-backend="webgpu" data-updated-bytes="0" aria-label="Province map" data-texture-limit="8192" data-testid="province-map" data-shader-length="10386" data-mode="map-mode-owner" data-device="WebGPU device" data-shader-language="wgsl" data-frame-ms="17.251219512213293" data-adapter="{"vendor":"nvidia","architecture":"turing","device":"","description":""}" data-camera="{"width":16.877470355731223,"height":6.521739130434782…>…</div>\n' +
      '    - unexpected value "webgpu"\n' +
      '    - locator resolved to <div data-frames="72" data-selected="" class="province-map" data-backend="webgpu" data-updated-bytes="0" aria-label="Province map" data-texture-limit="8192" data-testid="province-map" data-shader-length="10386" data-mode="map-mode-owner" data-device="WebGPU device" data-shader-language="wgsl" data-frame-ms="17.001388888909585" data-update-ms="0.09999999776482582" data-adapter="{"vendor":"nvidia","architecture":"turing","device":"","description":""}" data-camera="{"width":16.877470355731223,"height"…>…</div>\n' +
      '    - unexpected value "webgpu"\n' +
      '    - locator resolved to <div data-selected="" data-frames="102" data-update-ms="0" class="province-map" data-backend="webgpu" data-updated-bytes="0" aria-label="Province map" data-texture-limit="8192" data-testid="province-map" data-shader-length="10386" data-mode="map-mode-owner" data-device="WebGPU device" data-shader-language="wgsl" data-frame-ms="16.902941176485196" data-adapter="{"vendor":"nvidia","architecture":"turing","device":"","description":""}" data-camera="{"width":16.877470355731223,"height":6.52173913043478…>…</div>\n' +
      '    - unexpected value "webgpu"\n' +
      '    - locator resolved to <div data-selected="" data-frames="132" class="province-map" data-backend="webgpu" data-updated-bytes="0" aria-label="Province map" data-texture-limit="8192" data-testid="province-map" data-shader-length="10386" data-mode="map-mode-owner" data-device="WebGPU device" data-shader-language="wgsl" data-frame-ms="16.848484848484848" data-update-ms="0.10000000149011612" data-adapter="{"vendor":"nvidia","architecture":"turing","device":"","description":""}" data-camera="{"width":16.877470355731223,"height…>…</div>\n' +
      '    - unexpected value "webgpu"\n' +
      '    - locator resolved to <div data-selected="" data-frames="163" data-update-ms="0" class="province-map" data-backend="webgpu" data-updated-bytes="0" aria-label="Province map" data-texture-limit="8192" data-testid="province-map" data-shader-length="10386" data-mode="map-mode-owner" data-device="WebGPU device" data-shader-language="wgsl" data-frame-ms="16.819631901849633" data-adapter="{"vendor":"nvidia","architecture":"turing","device":"","description":""}" data-camera="{"width":16.877470355731223,"height":6.52173913043478…>…</div>\n' +
      '    - unexpected value "webgpu"\n' +
      '    - locator resolved to <div data-selected="" data-frames="193" class="province-map" data-backend="webgpu" data-updated-bytes="0" aria-label="Province map" data-texture-limit="8192" data-testid="province-map" data-shader-length="10386" data-mode="map-mode-owner" data-device="WebGPU device" data-shader-language="wgsl" data-frame-ms="16.7911917098407" data-update-ms="0.10000000149011612" data-adapter="{"vendor":"nvidia","architecture":"turing","device":"","description":""}" data-camera="{"width":16.877470355731223,"height":…>…</div>\n' +
      '    - unexpected value "webgpu"\n' +
      '    - locator resolved to <div data-selected="" data-frames="224" data-update-ms="0" class="province-map" data-backend="webgpu" data-updated-bytes="0" aria-label="Province map" data-texture-limit="8192" data-testid="province-map" data-shader-length="10386" data-mode="map-mode-owner" data-device="WebGPU device" data-shader-language="wgsl" data-frame-ms="16.775000000006653" data-adapter="{"vendor":"nvidia","architecture":"turing","device":"","description":""}" data-camera="{"width":16.877470355731223,"height":6.52173913043478…>…</div>\n' +
      '    - unexpected value "webgpu"\n' +
      '    - locator resolved to <div data-selected="" data-frames="255" class="province-map" data-backend="webgpu" data-updated-bytes="0" aria-label="Province map" data-texture-limit="8192" data-testid="province-map" data-shader-length="10386" data-mode="map-mode-owner" data-device="WebGPU device" data-shader-language="wgsl" data-frame-ms="16.764705882352942" data-update-ms="0.10000000149011612" data-adapter="{"vendor":"nvidia","architecture":"turing","device":"","description":""}" data-camera="{"width":16.877470355731223,"height…>…</div>\n' +
      '    - unexpected value "webgpu"\n',
    pass: false,
    actual: 'webgpu',
    log: [
      `  - Expect "toHaveAttribute" getByTestId('province-map') with timeout 5000ms`,
      "  - waiting for getByTestId('province-map')",
      '    2 × locator resolved to <div class="province-map" aria-label="Province map" data-testid="province-map"></div>',
      '      - unexpected value "null"',
      '    - locator resolved to <div data-frames="4" data-selected="" class="province-map" data-backend="webgpu" data-frame-ms="22.75" data-updated-bytes="0" aria-label="Province map" data-texture-limit="8192" data-testid="province-map" data-shader-length="10386" data-mode="map-mode-owner" data-device="WebGPU device" data-shader-language="wgsl" data-update-ms="0.10000000149011612" data-adapter="{"vendor":"nvidia","architecture":"turing","device":"","description":""}" data-camera="{"width":16.877470355731223,"height":6.52173913043…>…</div>',
      '    - unexpected value "webgpu"',
      '    - locator resolved to <div data-frames="11" data-selected="" class="province-map" data-backend="webgpu" data-updated-bytes="0" aria-label="Province map" data-texture-limit="8192" data-testid="province-map" data-shader-length="10386" data-mode="map-mode-owner" data-device="WebGPU device" data-shader-language="wgsl" data-frame-ms="18.918181818317283" data-update-ms="0.10000000149011612" data-adapter="{"vendor":"nvidia","architecture":"turing","device":"","description":""}" data-camera="{"width":16.877470355731223,"height"…>…</div>',
      '    - unexpected value "webgpu"',
      '    - locator resolved to <div data-frames="41" data-selected="" data-update-ms="0" class="province-map" data-backend="webgpu" data-updated-bytes="0" aria-label="Province map" data-texture-limit="8192" data-testid="province-map" data-shader-length="10386" data-mode="map-mode-owner" data-device="WebGPU device" data-shader-language="wgsl" data-frame-ms="17.251219512213293" data-adapter="{"vendor":"nvidia","architecture":"turing","device":"","description":""}" data-camera="{"width":16.877470355731223,"height":6.521739130434782…>…</div>',
      '    - unexpected value "webgpu"',
      '    - locator resolved to <div data-frames="72" data-selected="" class="province-map" data-backend="webgpu" data-updated-bytes="0" aria-label="Province map" data-texture-limit="8192" data-testid="province-map" data-shader-length="10386" data-mode="map-mode-owner" data-device="WebGPU device" data-shader-language="wgsl" data-frame-ms="17.001388888909585" data-update-ms="0.09999999776482582" data-adapter="{"vendor":"nvidia","architecture":"turing","device":"","description":""}" data-camera="{"width":16.877470355731223,"height"…>…</div>',
      '    - unexpected value "webgpu"',
      '    - locator resolved to <div data-selected="" data-frames="102" data-update-ms="0" class="province-map" data-backend="webgpu" data-updated-bytes="0" aria-label="Province map" data-texture-limit="8192" data-testid="province-map" data-shader-length="10386" data-mode="map-mode-owner" data-device="WebGPU device" data-shader-language="wgsl" data-frame-ms="16.902941176485196" data-adapter="{"vendor":"nvidia","architecture":"turing","device":"","description":""}" data-camera="{"width":16.877470355731223,"height":6.52173913043478…>…</div>',
      '    - unexpected value "webgpu"',
      '    - locator resolved to <div data-selected="" data-frames="132" class="province-map" data-backend="webgpu" data-updated-bytes="0" aria-label="Province map" data-texture-limit="8192" data-testid="province-map" data-shader-length="10386" data-mode="map-mode-owner" data-device="WebGPU device" data-shader-language="wgsl" data-frame-ms="16.848484848484848" data-update-ms="0.10000000149011612" data-adapter="{"vendor":"nvidia","architecture":"turing","device":"","description":""}" data-camera="{"width":16.877470355731223,"height…>…</div>',
      '    - unexpected value "webgpu"',
      '    - locator resolved to <div data-selected="" data-frames="163" data-update-ms="0" class="province-map" data-backend="webgpu" data-updated-bytes="0" aria-label="Province map" data-texture-limit="8192" data-testid="province-map" data-shader-length="10386" data-mode="map-mode-owner" data-device="WebGPU device" data-shader-language="wgsl" data-frame-ms="16.819631901849633" data-adapter="{"vendor":"nvidia","architecture":"turing","device":"","description":""}" data-camera="{"width":16.877470355731223,"height":6.52173913043478…>…</div>',
      '    - unexpected value "webgpu"',
      '    - locator resolved to <div data-selected="" data-frames="193" class="province-map" data-backend="webgpu" data-updated-bytes="0" aria-label="Province map" data-texture-limit="8192" data-testid="province-map" data-shader-length="10386" data-mode="map-mode-owner" data-device="WebGPU device" data-shader-language="wgsl" data-frame-ms="16.7911917098407" data-update-ms="0.10000000149011612" data-adapter="{"vendor":"nvidia","architecture":"turing","device":"","description":""}" data-camera="{"width":16.877470355731223,"height":…>…</div>',
      '    - unexpected value "webgpu"',
      '    - locator resolved to <div data-selected="" data-frames="224" data-update-ms="0" class="province-map" data-backend="webgpu" data-updated-bytes="0" aria-label="Province map" data-texture-limit="8192" data-testid="province-map" data-shader-length="10386" data-mode="map-mode-owner" data-device="WebGPU device" data-shader-language="wgsl" data-frame-ms="16.775000000006653" data-adapter="{"vendor":"nvidia","architecture":"turing","device":"","description":""}" data-camera="{"width":16.877470355731223,"height":6.52173913043478…>…</div>',
      '    - unexpected value "webgpu"',
      '    - locator resolved to <div data-selected="" data-frames="255" class="province-map" data-backend="webgpu" data-updated-bytes="0" aria-label="Province map" data-texture-limit="8192" data-testid="province-map" data-shader-length="10386" data-mode="map-mode-owner" data-device="WebGPU device" data-shader-language="wgsl" data-frame-ms="16.764705882352942" data-update-ms="0.10000000149011612" data-adapter="{"vendor":"nvidia","architecture":"turing","device":"","description":""}" data-camera="{"width":16.877470355731223,"height…>…</div>',
      '    - unexpected value "webgpu"'
    ],
    timeout: 5000,
    ariaSnapshot: ''
  }
}
