   Compiling proc-macro2 v1.0.107
   Compiling quote v1.0.47
   Compiling unicode-ident v1.0.26
   Compiling serde_core v1.0.229
   Compiling cfg-if v1.0.5
   Compiling itoa v1.0.18
   Compiling zerocopy v0.8.60
   Compiling typenum v1.20.1
   Compiling windows-link v0.2.1
   Compiling thiserror v2.0.21
   Compiling serde v1.0.229
   Compiling bytes v1.12.1
   Compiling zmij v1.0.23
   Compiling simd-adler32 v0.3.10
   Compiling version_check v0.9.5
   Compiling adler2 v2.0.1
   Compiling futures-core v0.3.34
   Compiling pin-project-lite v0.2.17
   Compiling serde_json v1.0.151
   Compiling crc32fast v1.5.2
   Compiling windows-sys v0.61.2
   Compiling ref-cast v1.0.27
   Compiling memchr v2.8.3
   Compiling getrandom v0.3.4
   Compiling generic-array v0.14.7
   Compiling fixed v1.31.0
   Compiling miniz_oxide v0.9.1
   Compiling bytemuck v1.25.2
   Compiling rand_core v0.10.1
   Compiling http v1.5.0
   Compiling httparse v1.10.1
   Compiling az v1.3.0
   Compiling winnow v1.0.4
   Compiling miniz_oxide v0.8.9
   Compiling fdeflate v0.3.7
   Compiling toml_writer v1.1.2+spec-1.1.0
   Compiling dyn-clone v1.0.20
   Compiling bitflags v2.13.2
   Compiling flate2 v1.1.10
   Compiling autocfg v1.5.1
   Compiling semver v1.0.28
   Compiling rand_core v0.9.5
   Compiling toml_parser v1.1.3+spec-1.1.0
   Compiling png v0.18.1
   Compiling syn v3.0.6
   Compiling syn v2.0.119
   Compiling num-traits v0.2.19
   Compiling block-buffer v0.10.4
   Compiling crypto-common v0.1.7
   Compiling http-body v1.1.0
   Compiling futures-sink v0.3.34
   Compiling digest v0.10.7
   Compiling slab v0.4.12
   Compiling tower-service v0.3.3
   Compiling futures-task v0.3.34
   Compiling cpufeatures v0.2.17
   Compiling futures-channel v0.3.34
   Compiling futures-util v0.3.34
   Compiling sha1 v0.10.7
   Compiling tower-layer v0.3.3
   Compiling atomic-waker v1.1.2
   Compiling data-encoding v2.11.1
   Compiling httpdate v1.0.3
   Compiling log v0.4.34
   Compiling sync_wrapper v1.0.2
   Compiling percent-encoding v2.3.2
   Compiling smallvec v1.16.2
   Compiling form_urlencoded v1.2.2
   Compiling http-body-util v0.1.5
   Compiling mime v0.3.17
   Compiling winapi-util v0.1.11
   Compiling ryu v1.0.23
   Compiling oh_server v0.1.0 (E:\openhoi\.orchestrator\wt\WP-08-verify6\target\wp08-verify6\red953-source\crates\oh_server)
   Compiling matchit v0.8.4
   Compiling base64 v0.22.1
   Compiling mio v1.2.4
   Compiling socket2 v0.6.5
   Compiling termcolor v1.4.1
   Compiling axum-core v0.5.6
   Compiling serde_spanned v1.1.1
   Compiling toml_datetime v1.1.1+spec-1.1.0
   Compiling serde_path_to_error v0.1.20
   Compiling rmp v0.8.15
   Compiling toml v1.1.6+spec-1.1.0
   Compiling serde_derive_internals v0.30.0
   Compiling serde_derive v1.0.229
   Compiling thiserror-impl v2.0.21
   Compiling ref-cast-impl v1.0.27
   Compiling tokio-macros v2.7.2
   Compiling schemars_derive v1.2.2
   Compiling tokio v1.53.2
   Compiling zerocopy-derive v0.8.60
   Compiling ts-rs-macros v12.0.1
   Compiling cobs v0.3.0
   Compiling ts-rs v12.0.1
   Compiling postcard v1.1.3
   Compiling schemars v1.2.2
   Compiling rmp-serde v1.3.1
   Compiling serde_urlencoded v0.7.1
   Compiling hyper v1.11.1
   Compiling tower v0.5.3
   Compiling hyper-util v0.1.21
   Compiling ppv-lite86 v0.2.21
   Compiling half v2.7.1
   Compiling rand_chacha v0.10.0
   Compiling rand_chacha v0.9.0
   Compiling rand v0.9.5
   Compiling tungstenite v0.29.0
   Compiling tokio-tungstenite v0.29.0
   Compiling axum v0.8.9
   Compiling oh_core v0.1.0 (E:\openhoi\.orchestrator\wt\WP-08-verify6\target\wp08-verify6\red953-source\crates\oh_core)
   Compiling oh_data v0.1.0 (E:\openhoi\.orchestrator\wt\WP-08-verify6\target\wp08-verify6\red953-source\crates\oh_data)
   Compiling oh_sim v0.1.0 (E:\openhoi\.orchestrator\wt\WP-08-verify6\target\wp08-verify6\red953-source\crates\oh_sim)
   Compiling oh_proto v0.1.0 (E:\openhoi\.orchestrator\wt\WP-08-verify6\target\wp08-verify6\red953-source\crates\oh_proto)
   Compiling oh_save v0.1.0 (E:\openhoi\.orchestrator\wt\WP-08-verify6\target\wp08-verify6\red953-source\crates\oh_save)
   Compiling oh_ai v0.1.0 (E:\openhoi\.orchestrator\wt\WP-08-verify6\target\wp08-verify6\red953-source\crates\oh_ai)
    Finished `dev` profile [unoptimized + debuginfo] target(s) in 21.59s
