PASS irregular
PASS reverse_crlf
PASS overrides
PASS unknown_rgb
PASS duplicate_id
PASS duplicate_rgb
PASS terrain_ref
PASS id_overflow
PASS rgb_overflow
PASS kind
PASS boolean
PASS csv_quote
PASS csv_column
PASS island_bool
PASS crlf_error
PASS missing_png_color
PASS single_pixel
FAIL disconnected
FAIL island_exception
PASS island_still_single
PASS missing_land
PASS unowned_land
PASS repeated_land
PASS sea_state
PASS lake_state
PASS state_unknown
PASS state_duplicate
PASS population_negative
PASS population_type
PASS resource_ref
PASS resource_negative
PASS building_ref
PASS building_negative
PASS infrastructure_negative
PASS state_name
PASS vp_unknown
PASS vp_duplicate
PASS vp_zero
PASS vp_negative
PASS vp_name
PASS toml_unknown
Traceback (most recent call last):
PASS truly_missing_land
PASS syntax
PASS registry_duplicate
PASS registry_type
PASS registry_id
PASS registry_missing
PASS missing_csv
PASS scale_48
PASS scale_49
PASS scale_50
PASS scale_51
PASS scale_52
PASS scale_53
  File "E:\openhoi\.orchestrator\wt\WP-07-verify\target\wp07-independent\check_independent.py", line 185, in <module>
    assert not fail,fail
AssertionError: [('disconnected', ''), ('island_exception', '')]
PASS scale_54
PASS distance_overflow
PASS small_scale
PASS exact_one_bit_scale
PASS gray
PASS rgba
PASS palette
PASS rgb16
PASS apng
PASS png_truncated
PASS png_corrupt
PASS png_zero_width
PASS override_66
PASS override_67
PASS override_68
PASS override_69
PASS override_70
PASS dense257
PASS vertical
PASS diagonal_only
PASS random_00
PASS random_01
PASS random_02
PASS random_03
PASS random_04
PASS random_05
PASS random_06
PASS random_07
PASS random_08
PASS random_09
PASS random_10
PASS random_11
PASS random_12
PASS random_13
PASS random_14
PASS random_15
PASS random_16
PASS random_17
PASS random_18
PASS random_19
92/94 independent cases passed
