PASS irregular
PASS reverse_crlf
PASS overrides
PASS unknown_rgb
PASS duplicate_id
PASS duplicate_rgb
FAIL terrain_ref {'column': 16, 'file': 'provinces.csv', 'kind': 'Schema', 'line': 2, 'message': 'unknown terrain', 'ok': False}
PASS id_overflow
PASS rgb_overflow
PASS kind
FAIL boolean {'column': 22, 'file': 'provinces.csv', 'kind': 'Schema', 'line': 2, 'message': 'invalid coastal boolean', 'ok': False}
PASS csv_quote
PASS csv_column
FAIL island_bool {'column': 27, 'file': 'provinces.csv', 'kind': 'Schema', 'line': 2, 'message': 'invalid island boolean', 'ok': False}
FAIL crlf_error {'column': 16, 'file': 'provinces.csv', 'kind': 'Schema', 'line': 2, 'message': 'unknown terrain', 'ok': False}
PASS missing_png_color
PASS single_pixel
FAIL disconnected
FAIL island_exception
PASS island_still_single
PASS missing_land
PASS unowned_land
PASS repeated_land
PASS sea_state
PASS lake_state
PASS state_unknown
PASS state_duplicate
PASS population_negative
PASS population_type
Traceback (most recent call last):
  File "E:\openhoi\.orchestrator\wt\WP-07-verify\target\wp07-independent\check_independent.py", line 185, in <module>
    assert not fail,fail
AssertionError: [('terrain_ref', "{'column': 16, 'file': 'provinces.csv', 'kind': 'Schema', 'line': 2, 'message': 'unknown terrain', 'ok': False}"), ('boolean', "{'column': 22, 'file': 'provinces.csv', 'kind': 'Schema', 'line': 2, 'message': 'invalid coastal boolean', 'ok': False}"), ('island_bool', "{'column': 27, 'file': 'provinces.csv', 'kind': 'Schema', 'line': 2, 'message': 'invalid island boolean', 'ok': False}"), ('crlf_error', "{'column': 16, 'file': 'provinces.csv', 'kind': 'Schema', 'line': 2, 'message': 'unknown terrain', 'ok': False}"), ('disconnected', ''), ('island_exception', ''), ('syntax', "{'column': 8, 'file': 'states.toml', 'kind': 'Syntax', 'line': 1, 'message': 'unclosed array, expected `]`', 'ok': False}")]
PASS resource_ref
PASS resource_negative
PASS building_ref
PASS building_negative
PASS infrastructure_negative
PASS state_name
PASS vp_unknown
PASS vp_duplicate
PASS vp_zero
PASS vp_negative
PASS vp_name
PASS toml_unknown
PASS truly_missing_land
FAIL syntax {'column': 8, 'file': 'states.toml', 'kind': 'Syntax', 'line': 1, 'message': 'unclosed array, expected `]`', 'ok': False}
PASS registry_duplicate
PASS registry_type
PASS registry_id
PASS registry_missing
PASS missing_csv
PASS scale_48
PASS scale_49
PASS scale_50
PASS scale_51
PASS scale_52
PASS scale_53
PASS scale_54
PASS distance_overflow
PASS small_scale
PASS exact_one_bit_scale
PASS gray
PASS rgba
PASS palette
PASS rgb16
PASS apng
PASS png_truncated
PASS png_corrupt
PASS png_zero_width
PASS override_66
PASS override_67
PASS override_68
PASS override_69
PASS override_70
PASS dense257
PASS vertical
PASS diagonal_only
PASS random_00
PASS random_01
PASS random_02
PASS random_03
PASS random_04
PASS random_05
PASS random_06
PASS random_07
PASS random_08
PASS random_09
PASS random_10
PASS random_11
PASS random_12
PASS random_13
PASS random_14
PASS random_15
PASS random_16
PASS random_17
PASS random_18
PASS random_19
87/94 independent cases passed
