
> openhoi-client@0.1.0 test:e2e
> playwright test --config playwright.m1.config.ts --workers 1 map-dpr.spec.ts


Running 10 tests using 1 worker

(node:28084) Warning: The 'NO_COLOR' env is ignored due to the 'FORCE_COLOR' env being set.
(Use `node --trace-warnings ...` to show where the warning was created)
  ok  1 [chrome] › e2e-m1\map-dpr.spec.ts:7:33 › REQ-PLAT-03 DPR surface preserves display and authority preferred (1.8s)
  x   2 [chrome] › e2e-m1\map-dpr.spec.ts:7:33 › REQ-PLAT-03 DPR surface preserves display and authority forced GL (1.1s)
(node:38404) Warning: The 'NO_COLOR' env is ignored due to the 'FORCE_COLOR' env being set.
(Use `node --trace-warnings ...` to show where the warning was created)
  ok  3 [edge] › e2e-m1\map-dpr.spec.ts:7:33 › REQ-PLAT-03 DPR surface preserves display and authority preferred (1.9s)
  x   4 [edge] › e2e-m1\map-dpr.spec.ts:7:33 › REQ-PLAT-03 DPR surface preserves display and authority forced GL (1.1s)
(node:36756) Warning: The 'NO_COLOR' env is ignored due to the 'FORCE_COLOR' env being set.
(Use `node --trace-warnings ...` to show where the warning was created)
  x   5 [chromium] › e2e-m1\map-dpr.spec.ts:7:33 › REQ-PLAT-03 DPR surface preserves display and authority preferred (2.2s)
(node:12772) Warning: The 'NO_COLOR' env is ignored due to the 'FORCE_COLOR' env being set.
(Use `node --trace-warnings ...` to show where the warning was created)
  x   6 [chromium] › e2e-m1\map-dpr.spec.ts:7:33 › REQ-PLAT-03 DPR surface preserves display and authority forced GL (2.0s)
(node:34532) Warning: The 'NO_COLOR' env is ignored due to the 'FORCE_COLOR' env being set.
(Use `node --trace-warnings ...` to show where the warning was created)
  ok  7 [firefox] › e2e-m1\map-dpr.spec.ts:7:33 › REQ-PLAT-03 DPR surface preserves display and authority preferred (2.7s)
  ok  8 [firefox] › e2e-m1\map-dpr.spec.ts:7:33 › REQ-PLAT-03 DPR surface preserves display and authority forced GL (1.3s)
(node:18476) Warning: The 'NO_COLOR' env is ignored due to the 'FORCE_COLOR' env being set.
(Use `node --trace-warnings ...` to show where the warning was created)
  ok  9 [webkit] › e2e-m1\map-dpr.spec.ts:7:33 › REQ-PLAT-03 DPR surface preserves display and authority preferred (2.8s)
  ok 10 [webkit] › e2e-m1\map-dpr.spec.ts:7:33 › REQ-PLAT-03 DPR surface preserves display and authority forced GL (2.6s)


  1) [chrome] › e2e-m1\map-dpr.spec.ts:7:33 › REQ-PLAT-03 DPR surface preserves display and authority forced GL

    Error: expect(received).toBeLessThanOrEqual(expected)

    Expected: <= 1
    Received:    45

      42 |   await expect(map).toHaveAttribute('data-frames',/^[1-9]\d*$/);expect(await map.boundingBox()).toEqual(box);expect(await cam()).toEqual(saved);await expect(map).toHaveAttribute('data-mode','map-mode-terrain');
      43 |   const image=png(await map.screenshot({path:`${evidence}/${info.project.name}-${force}-dpr${dpr}-${steps.length}.png`})),b=(await map.boundingBox())!,c=await cam(),x=(1-c.x)/c.width*b.width+b.width/2,y=(1-c.y)/c.height*b.height+b.height/2;
    > 44 |   const actual=image.pixel(x*image.width/b.width,y*image.height/b.height),expected=world!.provinces.find(p=>p.id===10)!.terrain_color!;for(let i=0;i<3;i++)expect(Math.abs(actual[i]-expected[i])).toBeLessThanOrEqual(1);
         |                                                                                                                                                                                                    ^
      45 |   if(cdp)expect(await old!.evaluate(c=>c.isConnected)).toBe(backend==='webgpu');
      46 |   await expect(page.getByTestId('selected-province')).toHaveText('30');await expect(page.getByTestId('state-panel').locator('.ledger-value strong')).toHaveText('0');for(const [key,value] of Object.entries(authority))await expect(page.getByTestId(key)).toHaveText(value!);
      47 |   const resources=await life();expect(resources).toMatchObject({listeners:6,observers:1});steps.push({dpr,backend,actual,expected,camera:c,box:b,authority,resources});
        at E:\openhoi\.orchestrator\wt\WP-08\client\e2e-m1\map-dpr.spec.ts:44:196

    Error Context: test-results\map-dpr-REQ-PLAT-03-DPR-su-d0353-lay-and-authority-forced-GL-chrome\error-context.md

  2) [edge] › e2e-m1\map-dpr.spec.ts:7:33 › REQ-PLAT-03 DPR surface preserves display and authority forced GL

    Error: expect(received).toBeLessThanOrEqual(expected)

    Expected: <= 1
    Received:    45

      42 |   await expect(map).toHaveAttribute('data-frames',/^[1-9]\d*$/);expect(await map.boundingBox()).toEqual(box);expect(await cam()).toEqual(saved);await expect(map).toHaveAttribute('data-mode','map-mode-terrain');
      43 |   const image=png(await map.screenshot({path:`${evidence}/${info.project.name}-${force}-dpr${dpr}-${steps.length}.png`})),b=(await map.boundingBox())!,c=await cam(),x=(1-c.x)/c.width*b.width+b.width/2,y=(1-c.y)/c.height*b.height+b.height/2;
    > 44 |   const actual=image.pixel(x*image.width/b.width,y*image.height/b.height),expected=world!.provinces.find(p=>p.id===10)!.terrain_color!;for(let i=0;i<3;i++)expect(Math.abs(actual[i]-expected[i])).toBeLessThanOrEqual(1);
         |                                                                                                                                                                                                    ^
      45 |   if(cdp)expect(await old!.evaluate(c=>c.isConnected)).toBe(backend==='webgpu');
      46 |   await expect(page.getByTestId('selected-province')).toHaveText('30');await expect(page.getByTestId('state-panel').locator('.ledger-value strong')).toHaveText('0');for(const [key,value] of Object.entries(authority))await expect(page.getByTestId(key)).toHaveText(value!);
      47 |   const resources=await life();expect(resources).toMatchObject({listeners:6,observers:1});steps.push({dpr,backend,actual,expected,camera:c,box:b,authority,resources});
        at E:\openhoi\.orchestrator\wt\WP-08\client\e2e-m1\map-dpr.spec.ts:44:196

    Error Context: test-results\map-dpr-REQ-PLAT-03-DPR-su-d0353-lay-and-authority-forced-GL-edge\error-context.md

  3) [chromium] › e2e-m1\map-dpr.spec.ts:7:33 › REQ-PLAT-03 DPR surface preserves display and authority preferred

    Error: expect(received).toBe(expected) // Object.is equality

    Expected: false
    Received: true

      43 |   const image=png(await map.screenshot({path:`${evidence}/${info.project.name}-${force}-dpr${dpr}-${steps.length}.png`})),b=(await map.boundingBox())!,c=await cam(),x=(1-c.x)/c.width*b.width+b.width/2,y=(1-c.y)/c.height*b.height+b.height/2;
      44 |   const actual=image.pixel(x*image.width/b.width,y*image.height/b.height),expected=world!.provinces.find(p=>p.id===10)!.terrain_color!;for(let i=0;i<3;i++)expect(Math.abs(actual[i]-expected[i])).toBeLessThanOrEqual(1);
    > 45 |   if(cdp)expect(await old!.evaluate(c=>c.isConnected)).toBe(backend==='webgpu');
         |                                                        ^
      46 |   await expect(page.getByTestId('selected-province')).toHaveText('30');await expect(page.getByTestId('state-panel').locator('.ledger-value strong')).toHaveText('0');for(const [key,value] of Object.entries(authority))await expect(page.getByTestId(key)).toHaveText(value!);
      47 |   const resources=await life();expect(resources).toMatchObject({listeners:6,observers:1});steps.push({dpr,backend,actual,expected,camera:c,box:b,authority,resources});
      48 |  }
        at E:\openhoi\.orchestrator\wt\WP-08\client\e2e-m1\map-dpr.spec.ts:45:56

    Error Context: test-results\map-dpr-REQ-PLAT-03-DPR-su-1d887-lay-and-authority-preferred-chromium\error-context.md

  4) [chromium] › e2e-m1\map-dpr.spec.ts:7:33 › REQ-PLAT-03 DPR surface preserves display and authority forced GL

    Error: expect(received).toBe(expected) // Object.is equality

    Expected: false
    Received: true

      43 |   const image=png(await map.screenshot({path:`${evidence}/${info.project.name}-${force}-dpr${dpr}-${steps.length}.png`})),b=(await map.boundingBox())!,c=await cam(),x=(1-c.x)/c.width*b.width+b.width/2,y=(1-c.y)/c.height*b.height+b.height/2;
      44 |   const actual=image.pixel(x*image.width/b.width,y*image.height/b.height),expected=world!.provinces.find(p=>p.id===10)!.terrain_color!;for(let i=0;i<3;i++)expect(Math.abs(actual[i]-expected[i])).toBeLessThanOrEqual(1);
    > 45 |   if(cdp)expect(await old!.evaluate(c=>c.isConnected)).toBe(backend==='webgpu');
         |                                                        ^
      46 |   await expect(page.getByTestId('selected-province')).toHaveText('30');await expect(page.getByTestId('state-panel').locator('.ledger-value strong')).toHaveText('0');for(const [key,value] of Object.entries(authority))await expect(page.getByTestId(key)).toHaveText(value!);
      47 |   const resources=await life();expect(resources).toMatchObject({listeners:6,observers:1});steps.push({dpr,backend,actual,expected,camera:c,box:b,authority,resources});
      48 |  }
        at E:\openhoi\.orchestrator\wt\WP-08\client\e2e-m1\map-dpr.spec.ts:45:56

    Error Context: test-results\map-dpr-REQ-PLAT-03-DPR-su-d0353-lay-and-authority-forced-GL-chromium\error-context.md

  4 failed
    [chrome] › e2e-m1\map-dpr.spec.ts:7:33 › REQ-PLAT-03 DPR surface preserves display and authority forced GL
    [edge] › e2e-m1\map-dpr.spec.ts:7:33 › REQ-PLAT-03 DPR surface preserves display and authority forced GL
    [chromium] › e2e-m1\map-dpr.spec.ts:7:33 › REQ-PLAT-03 DPR surface preserves display and authority preferred
    [chromium] › e2e-m1\map-dpr.spec.ts:7:33 › REQ-PLAT-03 DPR surface preserves display and authority forced GL
  6 passed (25.2s)
