
> openhoi-client@0.1.0 test:e2e
> playwright test --config playwright.m1.config.ts --workers 1 map-dpr.spec.ts


Running 10 tests using 1 worker

(node:35644) Warning: The 'NO_COLOR' env is ignored due to the 'FORCE_COLOR' env being set.
(Use `node --trace-warnings ...` to show where the warning was created)
  x   1 [chrome] › e2e-m1\map-dpr.spec.ts:7:33 › REQ-PLAT-03 DPR surface preserves display and authority preferred (6.0s)
(node:31164) Warning: The 'NO_COLOR' env is ignored due to the 'FORCE_COLOR' env being set.
(Use `node --trace-warnings ...` to show where the warning was created)
  x   2 [chrome] › e2e-m1\map-dpr.spec.ts:7:33 › REQ-PLAT-03 DPR surface preserves display and authority forced GL (5.9s)
(node:31172) Warning: The 'NO_COLOR' env is ignored due to the 'FORCE_COLOR' env being set.
(Use `node --trace-warnings ...` to show where the warning was created)
  x   3 [edge] › e2e-m1\map-dpr.spec.ts:7:33 › REQ-PLAT-03 DPR surface preserves display and authority preferred (6.0s)
(node:3960) Warning: The 'NO_COLOR' env is ignored due to the 'FORCE_COLOR' env being set.
(Use `node --trace-warnings ...` to show where the warning was created)
  x   4 [edge] › e2e-m1\map-dpr.spec.ts:7:33 › REQ-PLAT-03 DPR surface preserves display and authority forced GL (5.9s)
(node:17696) Warning: The 'NO_COLOR' env is ignored due to the 'FORCE_COLOR' env being set.
(Use `node --trace-warnings ...` to show where the warning was created)
  x   5 [chromium] › e2e-m1\map-dpr.spec.ts:7:33 › REQ-PLAT-03 DPR surface preserves display and authority preferred (5.8s)
(node:24448) Warning: The 'NO_COLOR' env is ignored due to the 'FORCE_COLOR' env being set.
(Use `node --trace-warnings ...` to show where the warning was created)
  x   6 [chromium] › e2e-m1\map-dpr.spec.ts:7:33 › REQ-PLAT-03 DPR surface preserves display and authority forced GL (5.8s)
(node:35260) Warning: The 'NO_COLOR' env is ignored due to the 'FORCE_COLOR' env being set.
(Use `node --trace-warnings ...` to show where the warning was created)
  x   7 [firefox] › e2e-m1\map-dpr.spec.ts:7:33 › REQ-PLAT-03 DPR surface preserves display and authority preferred (2.8s)
(node:35948) Warning: The 'NO_COLOR' env is ignored due to the 'FORCE_COLOR' env being set.
(Use `node --trace-warnings ...` to show where the warning was created)
  x   8 [firefox] › e2e-m1\map-dpr.spec.ts:7:33 › REQ-PLAT-03 DPR surface preserves display and authority forced GL (3.3s)
(node:24052) Warning: The 'NO_COLOR' env is ignored due to the 'FORCE_COLOR' env being set.
(Use `node --trace-warnings ...` to show where the warning was created)
  x   9 [webkit] › e2e-m1\map-dpr.spec.ts:7:33 › REQ-PLAT-03 DPR surface preserves display and authority preferred (2.6s)
(node:27696) Warning: The 'NO_COLOR' env is ignored due to the 'FORCE_COLOR' env being set.
(Use `node --trace-warnings ...` to show where the warning was created)
  x  10 [webkit] › e2e-m1\map-dpr.spec.ts:7:33 › REQ-PLAT-03 DPR surface preserves display and authority forced GL (2.9s)


  1) [chrome] › e2e-m1\map-dpr.spec.ts:7:33 › REQ-PLAT-03 DPR surface preserves display and authority preferred

    Error: expect(received).toEqual(expected) // deep equality

    - Expected  - 2
    + Received  + 2

      Object {
    -   "x": 2,
    -   "y": 2,
    +   "x": 1,
    +   "y": 1,
      }

    Call Log:
    - Timeout 5000ms exceeded while waiting on the predicate

      39 |   await expect.poll(()=>page.evaluate(()=>devicePixelRatio)).toBe(dpr);
      40 |   // No Reset or CSS geometry change may be used to trigger this update.
    > 41 |   await expect.poll(()=>map.locator('canvas').evaluate((c:HTMLCanvasElement)=>({x:c.width/c.clientWidth,y:c.height/c.clientHeight})) ).toEqual({x:dpr,y:dpr});
         |                                                                                                                                        ^
      42 |   await expect(map).toHaveAttribute('data-frames',/^[1-9]\d*$/);expect(await map.boundingBox()).toEqual(box);expect(await cam()).toEqual(saved);await expect(map).toHaveAttribute('data-mode','map-mode-terrain');
      43 |   const image=png(await map.screenshot({path:`${evidence}/${info.project.name}-${force}-dpr${dpr}-${steps.length}.png`})),b=(await map.boundingBox())!,c=await cam(),x=(1-c.x)/c.width*b.width+b.width/2,y=(1-c.y)/c.height*b.height+b.height/2;
      44 |   const actual=image.pixel(x*image.width/b.width,y*image.height/b.height),expected=world!.provinces.find(p=>p.id===10)!.terrain_color!;for(let i=0;i<3;i++)expect(Math.abs(actual[i]-expected[i])).toBeLessThanOrEqual(1);
        at E:\openhoi\.orchestrator\wt\WP-08\client\e2e-m1\map-dpr.spec.ts:41:136

    Error Context: test-results\map-dpr-REQ-PLAT-03-DPR-su-1d887-lay-and-authority-preferred-chrome\error-context.md

  2) [chrome] › e2e-m1\map-dpr.spec.ts:7:33 › REQ-PLAT-03 DPR surface preserves display and authority forced GL

    Error: expect(received).toEqual(expected) // deep equality

    - Expected  - 2
    + Received  + 2

      Object {
    -   "x": 2,
    -   "y": 2,
    +   "x": 1,
    +   "y": 1,
      }

    Call Log:
    - Timeout 5000ms exceeded while waiting on the predicate

      39 |   await expect.poll(()=>page.evaluate(()=>devicePixelRatio)).toBe(dpr);
      40 |   // No Reset or CSS geometry change may be used to trigger this update.
    > 41 |   await expect.poll(()=>map.locator('canvas').evaluate((c:HTMLCanvasElement)=>({x:c.width/c.clientWidth,y:c.height/c.clientHeight})) ).toEqual({x:dpr,y:dpr});
         |                                                                                                                                        ^
      42 |   await expect(map).toHaveAttribute('data-frames',/^[1-9]\d*$/);expect(await map.boundingBox()).toEqual(box);expect(await cam()).toEqual(saved);await expect(map).toHaveAttribute('data-mode','map-mode-terrain');
      43 |   const image=png(await map.screenshot({path:`${evidence}/${info.project.name}-${force}-dpr${dpr}-${steps.length}.png`})),b=(await map.boundingBox())!,c=await cam(),x=(1-c.x)/c.width*b.width+b.width/2,y=(1-c.y)/c.height*b.height+b.height/2;
      44 |   const actual=image.pixel(x*image.width/b.width,y*image.height/b.height),expected=world!.provinces.find(p=>p.id===10)!.terrain_color!;for(let i=0;i<3;i++)expect(Math.abs(actual[i]-expected[i])).toBeLessThanOrEqual(1);
        at E:\openhoi\.orchestrator\wt\WP-08\client\e2e-m1\map-dpr.spec.ts:41:136

    Error Context: test-results\map-dpr-REQ-PLAT-03-DPR-su-d0353-lay-and-authority-forced-GL-chrome\error-context.md

  3) [edge] › e2e-m1\map-dpr.spec.ts:7:33 › REQ-PLAT-03 DPR surface preserves display and authority preferred

    Error: expect(received).toEqual(expected) // deep equality

    - Expected  - 2
    + Received  + 2

      Object {
    -   "x": 2,
    -   "y": 2,
    +   "x": 1,
    +   "y": 1,
      }

    Call Log:
    - Timeout 5000ms exceeded while waiting on the predicate

      39 |   await expect.poll(()=>page.evaluate(()=>devicePixelRatio)).toBe(dpr);
      40 |   // No Reset or CSS geometry change may be used to trigger this update.
    > 41 |   await expect.poll(()=>map.locator('canvas').evaluate((c:HTMLCanvasElement)=>({x:c.width/c.clientWidth,y:c.height/c.clientHeight})) ).toEqual({x:dpr,y:dpr});
         |                                                                                                                                        ^
      42 |   await expect(map).toHaveAttribute('data-frames',/^[1-9]\d*$/);expect(await map.boundingBox()).toEqual(box);expect(await cam()).toEqual(saved);await expect(map).toHaveAttribute('data-mode','map-mode-terrain');
      43 |   const image=png(await map.screenshot({path:`${evidence}/${info.project.name}-${force}-dpr${dpr}-${steps.length}.png`})),b=(await map.boundingBox())!,c=await cam(),x=(1-c.x)/c.width*b.width+b.width/2,y=(1-c.y)/c.height*b.height+b.height/2;
      44 |   const actual=image.pixel(x*image.width/b.width,y*image.height/b.height),expected=world!.provinces.find(p=>p.id===10)!.terrain_color!;for(let i=0;i<3;i++)expect(Math.abs(actual[i]-expected[i])).toBeLessThanOrEqual(1);
        at E:\openhoi\.orchestrator\wt\WP-08\client\e2e-m1\map-dpr.spec.ts:41:136

    Error Context: test-results\map-dpr-REQ-PLAT-03-DPR-su-1d887-lay-and-authority-preferred-edge\error-context.md

  4) [edge] › e2e-m1\map-dpr.spec.ts:7:33 › REQ-PLAT-03 DPR surface preserves display and authority forced GL

    Error: expect(received).toEqual(expected) // deep equality

    - Expected  - 2
    + Received  + 2

      Object {
    -   "x": 2,
    -   "y": 2,
    +   "x": 1,
    +   "y": 1,
      }

    Call Log:
    - Timeout 5000ms exceeded while waiting on the predicate

      39 |   await expect.poll(()=>page.evaluate(()=>devicePixelRatio)).toBe(dpr);
      40 |   // No Reset or CSS geometry change may be used to trigger this update.
    > 41 |   await expect.poll(()=>map.locator('canvas').evaluate((c:HTMLCanvasElement)=>({x:c.width/c.clientWidth,y:c.height/c.clientHeight})) ).toEqual({x:dpr,y:dpr});
         |                                                                                                                                        ^
      42 |   await expect(map).toHaveAttribute('data-frames',/^[1-9]\d*$/);expect(await map.boundingBox()).toEqual(box);expect(await cam()).toEqual(saved);await expect(map).toHaveAttribute('data-mode','map-mode-terrain');
      43 |   const image=png(await map.screenshot({path:`${evidence}/${info.project.name}-${force}-dpr${dpr}-${steps.length}.png`})),b=(await map.boundingBox())!,c=await cam(),x=(1-c.x)/c.width*b.width+b.width/2,y=(1-c.y)/c.height*b.height+b.height/2;
      44 |   const actual=image.pixel(x*image.width/b.width,y*image.height/b.height),expected=world!.provinces.find(p=>p.id===10)!.terrain_color!;for(let i=0;i<3;i++)expect(Math.abs(actual[i]-expected[i])).toBeLessThanOrEqual(1);
        at E:\openhoi\.orchestrator\wt\WP-08\client\e2e-m1\map-dpr.spec.ts:41:136

    Error Context: test-results\map-dpr-REQ-PLAT-03-DPR-su-d0353-lay-and-authority-forced-GL-edge\error-context.md

  5) [chromium] › e2e-m1\map-dpr.spec.ts:7:33 › REQ-PLAT-03 DPR surface preserves display and authority preferred

    Error: expect(received).toEqual(expected) // deep equality

    - Expected  - 2
    + Received  + 2

      Object {
    -   "x": 2,
    -   "y": 2,
    +   "x": 1,
    +   "y": 1,
      }

    Call Log:
    - Timeout 5000ms exceeded while waiting on the predicate

      39 |   await expect.poll(()=>page.evaluate(()=>devicePixelRatio)).toBe(dpr);
      40 |   // No Reset or CSS geometry change may be used to trigger this update.
    > 41 |   await expect.poll(()=>map.locator('canvas').evaluate((c:HTMLCanvasElement)=>({x:c.width/c.clientWidth,y:c.height/c.clientHeight})) ).toEqual({x:dpr,y:dpr});
         |                                                                                                                                        ^
      42 |   await expect(map).toHaveAttribute('data-frames',/^[1-9]\d*$/);expect(await map.boundingBox()).toEqual(box);expect(await cam()).toEqual(saved);await expect(map).toHaveAttribute('data-mode','map-mode-terrain');
      43 |   const image=png(await map.screenshot({path:`${evidence}/${info.project.name}-${force}-dpr${dpr}-${steps.length}.png`})),b=(await map.boundingBox())!,c=await cam(),x=(1-c.x)/c.width*b.width+b.width/2,y=(1-c.y)/c.height*b.height+b.height/2;
      44 |   const actual=image.pixel(x*image.width/b.width,y*image.height/b.height),expected=world!.provinces.find(p=>p.id===10)!.terrain_color!;for(let i=0;i<3;i++)expect(Math.abs(actual[i]-expected[i])).toBeLessThanOrEqual(1);
        at E:\openhoi\.orchestrator\wt\WP-08\client\e2e-m1\map-dpr.spec.ts:41:136

    Error Context: test-results\map-dpr-REQ-PLAT-03-DPR-su-1d887-lay-and-authority-preferred-chromium\error-context.md

  6) [chromium] › e2e-m1\map-dpr.spec.ts:7:33 › REQ-PLAT-03 DPR surface preserves display and authority forced GL

    Error: expect(received).toEqual(expected) // deep equality

    - Expected  - 2
    + Received  + 2

      Object {
    -   "x": 2,
    -   "y": 2,
    +   "x": 1,
    +   "y": 1,
      }

    Call Log:
    - Timeout 5000ms exceeded while waiting on the predicate

      39 |   await expect.poll(()=>page.evaluate(()=>devicePixelRatio)).toBe(dpr);
      40 |   // No Reset or CSS geometry change may be used to trigger this update.
    > 41 |   await expect.poll(()=>map.locator('canvas').evaluate((c:HTMLCanvasElement)=>({x:c.width/c.clientWidth,y:c.height/c.clientHeight})) ).toEqual({x:dpr,y:dpr});
         |                                                                                                                                        ^
      42 |   await expect(map).toHaveAttribute('data-frames',/^[1-9]\d*$/);expect(await map.boundingBox()).toEqual(box);expect(await cam()).toEqual(saved);await expect(map).toHaveAttribute('data-mode','map-mode-terrain');
      43 |   const image=png(await map.screenshot({path:`${evidence}/${info.project.name}-${force}-dpr${dpr}-${steps.length}.png`})),b=(await map.boundingBox())!,c=await cam(),x=(1-c.x)/c.width*b.width+b.width/2,y=(1-c.y)/c.height*b.height+b.height/2;
      44 |   const actual=image.pixel(x*image.width/b.width,y*image.height/b.height),expected=world!.provinces.find(p=>p.id===10)!.terrain_color!;for(let i=0;i<3;i++)expect(Math.abs(actual[i]-expected[i])).toBeLessThanOrEqual(1);
        at E:\openhoi\.orchestrator\wt\WP-08\client\e2e-m1\map-dpr.spec.ts:41:136

    Error Context: test-results\map-dpr-REQ-PLAT-03-DPR-su-d0353-lay-and-authority-forced-GL-chromium\error-context.md

  7) [firefox] › e2e-m1\map-dpr.spec.ts:7:33 › REQ-PLAT-03 DPR surface preserves display and authority preferred

    Error: expect(locator).toContainText(expected) failed

    Locator: getByRole('alert')
    Expected substring: "Map data"
    Error: strict mode violation: getByRole('alert') resolved to 2 elements:
        1) <p role="alert">Map data could not be loaded. Check the bundled s…</p> aka getByText('Map data could not be loaded')
        2) <p role="alert">A session is already active</p> aka getByText('A session is already active')

    Call log:
      - Expect "toContainText" getByRole('alert') with timeout 5000ms
      - waiting for getByRole('alert')


      48 |  }
      49 |  await cdp?.detach();expect(metadata).toBe(1);expect(index).toBe(1);
    > 50 |  reload=true;await page.getByTestId('speed-3').click();await expect(page.getByRole('alert')).toContainText('Map data');await expect(map.locator('canvas')).toHaveCount(0);await expect.poll(life).toEqual({media:0,listeners:0,observers:0,rafs:0});expect(errors).toEqual([]);
         |                                                                                              ^
      51 |  }finally{writeFileSync(`${evidence}/${info.project.name}-${force}.json`,JSON.stringify({browser:browser.version(),scope:browserName==='chromium'?'live CDP DPR1↔2, fixed CSS box':'native DPR2 creation only; live CDP unavailable',steps,errors,resources:await page.evaluate(()=>(window as unknown as {__dprLife?:()=>unknown}).__dprLife?.()).catch(()=>null)},null,2));await context.close();}
      52 | });
      53 |
        at E:\openhoi\.orchestrator\wt\WP-08\client\e2e-m1\map-dpr.spec.ts:50:94

    Error Context: test-results\map-dpr-REQ-PLAT-03-DPR-su-1d887-lay-and-authority-preferred-firefox\error-context.md

  8) [firefox] › e2e-m1\map-dpr.spec.ts:7:33 › REQ-PLAT-03 DPR surface preserves display and authority forced GL

    Error: expect(locator).toContainText(expected) failed

    Locator: getByRole('alert')
    Expected substring: "Map data"
    Error: strict mode violation: getByRole('alert') resolved to 2 elements:
        1) <p role="alert">Map data could not be loaded. Check the bundled s…</p> aka getByText('Map data could not be loaded')
        2) <p role="alert">A session is already active</p> aka getByText('A session is already active')

    Call log:
      - Expect "toContainText" getByRole('alert') with timeout 5000ms
      - waiting for getByRole('alert')


      48 |  }
      49 |  await cdp?.detach();expect(metadata).toBe(1);expect(index).toBe(1);
    > 50 |  reload=true;await page.getByTestId('speed-3').click();await expect(page.getByRole('alert')).toContainText('Map data');await expect(map.locator('canvas')).toHaveCount(0);await expect.poll(life).toEqual({media:0,listeners:0,observers:0,rafs:0});expect(errors).toEqual([]);
         |                                                                                              ^
      51 |  }finally{writeFileSync(`${evidence}/${info.project.name}-${force}.json`,JSON.stringify({browser:browser.version(),scope:browserName==='chromium'?'live CDP DPR1↔2, fixed CSS box':'native DPR2 creation only; live CDP unavailable',steps,errors,resources:await page.evaluate(()=>(window as unknown as {__dprLife?:()=>unknown}).__dprLife?.()).catch(()=>null)},null,2));await context.close();}
      52 | });
      53 |
        at E:\openhoi\.orchestrator\wt\WP-08\client\e2e-m1\map-dpr.spec.ts:50:94

    Error Context: test-results\map-dpr-REQ-PLAT-03-DPR-su-d0353-lay-and-authority-forced-GL-firefox\error-context.md

  9) [webkit] › e2e-m1\map-dpr.spec.ts:7:33 › REQ-PLAT-03 DPR surface preserves display and authority preferred

    Error: expect(locator).toContainText(expected) failed

    Locator: getByRole('alert')
    Expected substring: "Map data"
    Error: strict mode violation: getByRole('alert') resolved to 2 elements:
        1) <p role="alert">Map data could not be loaded. Check the bundled s…</p> aka getByText('Map data could not be loaded')
        2) <p role="alert">A session is already active</p> aka getByText('A session is already active')

    Call log:
      - Expect "toContainText" getByRole('alert') with timeout 5000ms
      - waiting for getByRole('alert')


      48 |  }
      49 |  await cdp?.detach();expect(metadata).toBe(1);expect(index).toBe(1);
    > 50 |  reload=true;await page.getByTestId('speed-3').click();await expect(page.getByRole('alert')).toContainText('Map data');await expect(map.locator('canvas')).toHaveCount(0);await expect.poll(life).toEqual({media:0,listeners:0,observers:0,rafs:0});expect(errors).toEqual([]);
         |                                                                                              ^
      51 |  }finally{writeFileSync(`${evidence}/${info.project.name}-${force}.json`,JSON.stringify({browser:browser.version(),scope:browserName==='chromium'?'live CDP DPR1↔2, fixed CSS box':'native DPR2 creation only; live CDP unavailable',steps,errors,resources:await page.evaluate(()=>(window as unknown as {__dprLife?:()=>unknown}).__dprLife?.()).catch(()=>null)},null,2));await context.close();}
      52 | });
      53 |
        at E:\openhoi\.orchestrator\wt\WP-08\client\e2e-m1\map-dpr.spec.ts:50:94

    Error Context: test-results\map-dpr-REQ-PLAT-03-DPR-su-1d887-lay-and-authority-preferred-webkit\error-context.md

  10) [webkit] › e2e-m1\map-dpr.spec.ts:7:33 › REQ-PLAT-03 DPR surface preserves display and authority forced GL

    Error: expect(locator).toContainText(expected) failed

    Locator: getByRole('alert')
    Expected substring: "Map data"
    Error: strict mode violation: getByRole('alert') resolved to 2 elements:
        1) <p role="alert">Map data could not be loaded. Check the bundled s…</p> aka getByText('Map data could not be loaded')
        2) <p role="alert">A session is already active</p> aka getByText('A session is already active')

    Call log:
      - Expect "toContainText" getByRole('alert') with timeout 5000ms
      - waiting for getByRole('alert')


      48 |  }
      49 |  await cdp?.detach();expect(metadata).toBe(1);expect(index).toBe(1);
    > 50 |  reload=true;await page.getByTestId('speed-3').click();await expect(page.getByRole('alert')).toContainText('Map data');await expect(map.locator('canvas')).toHaveCount(0);await expect.poll(life).toEqual({media:0,listeners:0,observers:0,rafs:0});expect(errors).toEqual([]);
         |                                                                                              ^
      51 |  }finally{writeFileSync(`${evidence}/${info.project.name}-${force}.json`,JSON.stringify({browser:browser.version(),scope:browserName==='chromium'?'live CDP DPR1↔2, fixed CSS box':'native DPR2 creation only; live CDP unavailable',steps,errors,resources:await page.evaluate(()=>(window as unknown as {__dprLife?:()=>unknown}).__dprLife?.()).catch(()=>null)},null,2));await context.close();}
      52 | });
      53 |
        at E:\openhoi\.orchestrator\wt\WP-08\client\e2e-m1\map-dpr.spec.ts:50:94

    Error Context: test-results\map-dpr-REQ-PLAT-03-DPR-su-d0353-lay-and-authority-forced-GL-webkit\error-context.md

  10 failed
    [chrome] › e2e-m1\map-dpr.spec.ts:7:33 › REQ-PLAT-03 DPR surface preserves display and authority preferred
    [chrome] › e2e-m1\map-dpr.spec.ts:7:33 › REQ-PLAT-03 DPR surface preserves display and authority forced GL
    [edge] › e2e-m1\map-dpr.spec.ts:7:33 › REQ-PLAT-03 DPR surface preserves display and authority preferred
    [edge] › e2e-m1\map-dpr.spec.ts:7:33 › REQ-PLAT-03 DPR surface preserves display and authority forced GL
    [chromium] › e2e-m1\map-dpr.spec.ts:7:33 › REQ-PLAT-03 DPR surface preserves display and authority preferred
    [chromium] › e2e-m1\map-dpr.spec.ts:7:33 › REQ-PLAT-03 DPR surface preserves display and authority forced GL
    [firefox] › e2e-m1\map-dpr.spec.ts:7:33 › REQ-PLAT-03 DPR surface preserves display and authority preferred
    [firefox] › e2e-m1\map-dpr.spec.ts:7:33 › REQ-PLAT-03 DPR surface preserves display and authority forced GL
    [webkit] › e2e-m1\map-dpr.spec.ts:7:33 › REQ-PLAT-03 DPR surface preserves display and authority preferred
    [webkit] › e2e-m1\map-dpr.spec.ts:7:33 › REQ-PLAT-03 DPR surface preserves display and authority forced GL
