    Checking memchr v2.8.3
    Checking itoa v1.0.18
    Checking cfg-if v1.0.5
    Checking winnow v1.0.4
    Checking toml_writer v1.1.2+spec-1.1.0
    Checking az v1.3.0
    Checking semver v1.0.28
    Checking serde_core v1.0.229
    Checking zmij v1.0.23
    Checking dyn-clone v1.0.20
    Checking bytemuck v1.25.2
    Checking typenum v1.20.1
    Checking oh_core v0.1.0 (E:\openhoi\.orchestrator\wt\WP-03\crates\oh_core)
    Checking zerocopy v0.8.60
    Checking ref-cast v1.0.27
    Checking toml_parser v1.1.3+spec-1.1.0
    Checking toml_datetime v1.1.1+spec-1.1.0
    Checking serde v1.0.229
    Checking serde_json v1.0.151
    Checking serde_spanned v1.1.1
    Checking toml v1.1.6+spec-1.1.0
    Checking schemars v1.2.2
    Checking half v2.7.1
    Checking fixed v1.31.0
    Checking oh_data v0.1.0 (E:\openhoi\.orchestrator\wt\WP-03\crates\oh_data)
    Checking oh_sim v0.1.0 (E:\openhoi\.orchestrator\wt\WP-03\crates\oh_sim)
    Checking oh_save v0.1.0 (E:\openhoi\.orchestrator\wt\WP-03\crates\oh_save)
    Checking oh_ai v0.1.0 (E:\openhoi\.orchestrator\wt\WP-03\crates\oh_ai)
    Checking oh_proto v0.1.0 (E:\openhoi\.orchestrator\wt\WP-03\crates\oh_proto)
    Checking oh_cli v0.1.0 (E:\openhoi\.orchestrator\wt\WP-03\crates\oh_cli)
    Checking oh_server v0.1.0 (E:\openhoi\.orchestrator\wt\WP-03\crates\oh_server)
    Finished `dev` profile [unoptimized + debuginfo] target(s) in 7.25s
