   Compiling oh_data v0.1.0 (E:\openhoi\.orchestrator\wt\WP-03\crates\oh_data)
    Finished `test` profile [unoptimized + debuginfo] target(s) in 1.21s
     Running tests\loader.rs (target\debug\deps\loader-1568b066adad1950.exe)

running 8 tests
test ac_m0_03_missing_file_has_path_and_io_diagnostic ... ok
test req_gen_02_manifest_and_data_defined_numbers ... ok
test ac_m0_03_schema_snapshots_match_generated_types ... ok
test req_gen_02_no_gameplay_defaults_in_skeleton ... ok
test req_gen_02_repeat_load_and_order_are_stable ... ok
test ac_m0_03_manifest_schema_errors_have_source_locations ... ok
test ac_m0_03_toml_syntax_errors_have_source_locations ... FAILED
test ac_m0_03_defines_schema_errors_have_source_locations ... FAILED

failures:

---- ac_m0_03_toml_syntax_errors_have_source_locations stdout ----

thread 'ac_m0_03_toml_syntax_errors_have_source_locations' (45408) panicked at crates\oh_data\tests\loader.rs:11:5:
assertion `left == right` failed: E:\openhoi\.orchestrator\wt\WP-03\crates\oh_data\tests/fixtures\syntax_defines\defines.toml:2:12 — unclosed array, expected `]`
  left: (2, 12)
 right: (2, 10)
note: run with `RUST_BACKTRACE=1` environment variable to display a backtrace

---- ac_m0_03_defines_schema_errors_have_source_locations stdout ----

thread 'ac_m0_03_defines_schema_errors_have_source_locations' (20788) panicked at crates\oh_data\tests\loader.rs:10:5:
assertion `left == right` failed: E:\openhoi\.orchestrator\wt\WP-03\crates\oh_data\tests/fixtures\unicode_crlf\defines.toml:1:9 — carriage return must be followed by newline, expected newline
  left: Syntax
 right: Schema


failures:
    ac_m0_03_defines_schema_errors_have_source_locations
    ac_m0_03_toml_syntax_errors_have_source_locations

test result: FAILED. 6 passed; 2 failed; 0 ignored; 0 measured; 0 filtered out; finished in 0.04s

error: test failed, to rerun pass `-p oh_data --test loader`
