
Running 170 tests using 3 workers

(node:19104) Warning: The 'NO_COLOR' env is ignored due to the 'FORCE_COLOR' env being set.
(Use `node --trace-warnings ...` to show where the warning was created)
(node:4960) Warning: The 'NO_COLOR' env is ignored due to the 'FORCE_COLOR' env being set.
(Use `node --trace-warnings ...` to show where the warning was created)
(node:33224) Warning: The 'NO_COLOR' env is ignored due to the 'FORCE_COLOR' env being set.
(Use `node --trace-warnings ...` to show where the warning was created)
  x    2 [chrome] › e2e-m1\map-redirect.spec.ts:15:3 › WP08 P06 metadata CORS redirect sends no foreign request on first load (721ms)
(node:34144) Warning: The 'NO_COLOR' env is ignored due to the 'FORCE_COLOR' env being set.
(Use `node --trace-warnings ...` to show where the warning was created)
  ok   3 [chrome] › e2e-m1\map.spec.ts:11:1 › REQ-MAP-04/05 PLAT-03 actual map pixels, modes, pick and viewport (1.9s)
  ok   1 [chrome] › e2e-m1\malformed-world.spec.ts:5:1 › M1 malformed decoded ledger preserves last valid panel and closes connection (2.1s)
  ok   4 [chrome] › e2e-m1\map-redirect.spec.ts:15:3 › WP08 P06 metadata CORS redirect sends no foreign request after valid selection (1.0s)
  ok   7 [chrome] › e2e-m1\map-redirect.spec.ts:15:3 › WP08 P06 index CORS redirect sends no foreign request on first load (540ms)
  ok   5 [chrome] › e2e-m1\map.spec.ts:40:1 › REQ-PLAT-03 preferred actual backend produces the same map RGB and source shader (1.7s)
  ok   6 [chrome] › e2e-m1\national.spec.ts:6:1 › AC-M1-03 actual Rust M1 panels, separate owner/control, ledger, languages and time (1.8s)
  ok   8 [chrome] › e2e-m1\map-redirect.spec.ts:15:3 › WP08 P06 index CORS redirect sends no foreign request after valid selection (903ms)
  ok  11 [chrome] › e2e-m1\map-redirect.spec.ts:140:56 › WP08 P06 metadata same-origin redirect is also rejected before follow (378ms)
  ok  10 [chrome] › e2e-m1\national.spec.ts:31:1 › REQ-NAT-01 MAP-08 actual query metadata, dense mapping, colors and refusal (800ms)
  ok  12 [chrome] › e2e-m1\map-redirect.spec.ts:140:56 › WP08 P06 index same-origin redirect is also rejected before follow (351ms)
(node:20308) Warning: The 'NO_COLOR' env is ignored due to the 'FORCE_COLOR' env being set.
(Use `node --trace-warnings ...` to show where the warning was created)
  ok   9 [chrome] › e2e-m1\map.spec.ts:48:1 › REQ-MAP-04 changed server RGB updates only affected lookup texel on actual backend (1.6s)
(node:25700) Warning: The 'NO_COLOR' env is ignored due to the 'FORCE_COLOR' env being set.
(Use `node --trace-warnings ...` to show where the warning was created)
  ok  13 [chrome] › e2e-m1\map.spec.ts:52:1 › REQ-MAP-04/05 RG8 high dense byte and LUT second row pick real ID65535 (878ms)
  ok  15 [edge] › e2e-m1\map-redirect.spec.ts:15:3 › WP08 P06 metadata CORS redirect sends no foreign request on first load (885ms)
  ok  17 [edge] › e2e-m1\map-redirect.spec.ts:15:3 › WP08 P06 metadata CORS redirect sends no foreign request after valid selection (915ms)
  ok  14 [edge] › e2e-m1\malformed-world.spec.ts:5:1 › M1 malformed decoded ledger preserves last valid panel and closes connection (2.1s)
  ok  18 [edge] › e2e-m1\map-redirect.spec.ts:15:3 › WP08 P06 index CORS redirect sends no foreign request on first load (591ms)
  ok  16 [chrome] › e2e-m1\map.spec.ts:59:33 › REQ-MAP-05 independent three border pixel oracle, u16 sentinel and camera preferred (2.6s)
  ok  20 [edge] › e2e-m1\map-redirect.spec.ts:15:3 › WP08 P06 index CORS redirect sends no foreign request after valid selection (910ms)
  ok  19 [edge] › e2e-m1\map.spec.ts:11:1 › REQ-MAP-04/05 PLAT-03 actual map pixels, modes, pick and viewport (1.6s)
  ok  22 [edge] › e2e-m1\map-redirect.spec.ts:140:56 › WP08 P06 metadata same-origin redirect is also rejected before follow (396ms)
  ok  24 [edge] › e2e-m1\map-redirect.spec.ts:140:56 › WP08 P06 index same-origin redirect is also rejected before follow (377ms)
  ok  21 [chrome] › e2e-m1\map.spec.ts:59:33 › REQ-MAP-05 independent three border pixel oracle, u16 sentinel and camera WebGL2 (1.9s)
  ok  26 [chrome] › e2e-m1\map.spec.ts:93:93 › REQ-PLAT-03 missingGPU falls back to actual WebGL2 pixels (551ms)
  ok  23 [edge] › e2e-m1\map.spec.ts:40:1 › REQ-PLAT-03 preferred actual backend produces the same map RGB and source shader (1.7s)
  ok  27 [chrome] › e2e-m1\map.spec.ts:93:93 › REQ-PLAT-03 nullAdapter falls back to actual WebGL2 pixels (571ms)
  ok  25 [edge] › e2e-m1\national.spec.ts:6:1 › AC-M1-03 actual Rust M1 panels, separate owner/control, ledger, languages and time (1.6s)
  ok  29 [chrome] › e2e-m1\map.spec.ts:93:93 › REQ-PLAT-03 adapterReject falls back to actual WebGL2 pixels (588ms)
  ok  30 [edge] › e2e-m1\national.spec.ts:31:1 › REQ-NAT-01 MAP-08 actual query metadata, dense mapping, colors and refusal (787ms)
  ok  31 [chrome] › e2e-m1\map.spec.ts:93:93 › REQ-PLAT-03 deviceReject falls back to actual WebGL2 pixels (536ms)
  ok  28 [edge] › e2e-m1\map.spec.ts:48:1 › REQ-MAP-04 changed server RGB updates only affected lookup texel on actual backend (1.7s)
(node:31136) Warning: The 'NO_COLOR' env is ignored due to the 'FORCE_COLOR' env being set.
(Use `node --trace-warnings ...` to show where the warning was created)
  ok  32 [chrome] › e2e-m1\map.spec.ts:93:93 › REQ-PLAT-03 insecure falls back to actual WebGL2 pixels (579ms)
  ok  33 [edge] › e2e-m1\map.spec.ts:52:1 › REQ-MAP-04/05 RG8 high dense byte and LUT second row pick real ID65535 (861ms)
  ok  35 [chrome] › e2e-m1\map.spec.ts:104:37 › REQ-PLAT-03 no backend shows localized notices (560ms)
  ok  37 [chrome] › e2e-m1\map.spec.ts:104:37 › REQ-PLAT-03 no backend shows localized notices after preferred rejection (565ms)
  ok  38 [chrome] › e2e-m1\map.spec.ts:114:1 › REQ-PLAT-03 actual WebGL2 texture limit is checked before texture creation (434ms)
  ok  34 [chromium] › e2e-m1\malformed-world.spec.ts:5:1 › M1 malformed decoded ledger preserves last valid panel and closes connection (2.0s)
  ok  39 [chrome] › e2e-m1\map.spec.ts:118:1 › REQ-MAP-04 missing bundled index fails visibly without external download (481ms)
  ok  36 [edge] › e2e-m1\map.spec.ts:59:33 › REQ-MAP-05 independent three border pixel oracle, u16 sentinel and camera preferred (2.1s)
  ok  40 [chromium] › e2e-m1\map-redirect.spec.ts:15:3 › WP08 P06 metadata CORS redirect sends no foreign request on first load (468ms)
  ok  41 [chrome] › e2e-m1\map.spec.ts:122:116 › REQ-MAP-04 schema boundary oldVersion rejects atomically (444ms)
  ok  44 [chrome] › e2e-m1\map.spec.ts:122:116 › REQ-MAP-04 schema boundary futureVersion rejects atomically (457ms)
  ok  45 [chrome] › e2e-m1\map.spec.ts:122:116 › REQ-MAP-04 schema boundary wrongPack rejects atomically (436ms)
  ok  43 [chromium] › e2e-m1\map-redirect.spec.ts:15:3 › WP08 P06 metadata CORS redirect sends no foreign request after valid selection (964ms)
  ok  46 [chrome] › e2e-m1\map.spec.ts:122:116 › REQ-MAP-04 schema boundary duplicateIds rejects atomically (381ms)
  ok  47 [chromium] › e2e-m1\map-redirect.spec.ts:15:3 › WP08 P06 index CORS redirect sends no foreign request on first load (488ms)
  ok  48 [chrome] › e2e-m1\map.spec.ts:122:116 › REQ-MAP-04 schema boundary badStyle rejects atomically (410ms)
  ok  42 [edge] › e2e-m1\map.spec.ts:59:33 › REQ-MAP-05 independent three border pixel oracle, u16 sentinel and camera WebGL2 (2.1s)
  ok  50 [chrome] › e2e-m1\map.spec.ts:122:116 › REQ-MAP-04 schema boundary shortBytes rejects atomically (524ms)
  ok  49 [chromium] › e2e-m1\map-redirect.spec.ts:15:3 › WP08 P06 index CORS redirect sends no foreign request after valid selection (967ms)
  ok  51 [edge] › e2e-m1\map.spec.ts:93:93 › REQ-PLAT-03 missingGPU falls back to actual WebGL2 pixels (645ms)
  ok  52 [chrome] › e2e-m1\map.spec.ts:122:116 › REQ-MAP-04 schema boundary wrongHash rejects atomically (425ms)
  ok  53 [chromium] › e2e-m1\map-redirect.spec.ts:140:56 › WP08 P06 metadata same-origin redirect is also rejected before follow (333ms)
  ok  56 [chromium] › e2e-m1\map-redirect.spec.ts:140:56 › WP08 P06 index same-origin redirect is also rejected before follow (389ms)
  ok  54 [edge] › e2e-m1\map.spec.ts:93:93 › REQ-PLAT-03 nullAdapter falls back to actual WebGL2 pixels (630ms)
  ok  58 [edge] › e2e-m1\map.spec.ts:93:93 › REQ-PLAT-03 adapterReject falls back to actual WebGL2 pixels (585ms)
  ok  55 [chrome] › e2e-m1\map.spec.ts:132:70 › REQ-MAP-05 dangling preserves last valid map and closes wire (1.6s)
  ok  59 [edge] › e2e-m1\map.spec.ts:93:93 › REQ-PLAT-03 deviceReject falls back to actual WebGL2 pixels (631ms)
  ok  57 [chromium] › e2e-m1\map.spec.ts:11:1 › REQ-MAP-04/05 PLAT-03 actual map pixels, modes, pick and viewport (1.6s)
  ok  61 [edge] › e2e-m1\map.spec.ts:93:93 › REQ-PLAT-03 insecure falls back to actual WebGL2 pixels (619ms)
  ok  63 [edge] › e2e-m1\map.spec.ts:104:37 › REQ-PLAT-03 no backend shows localized notices (559ms)
  ok  60 [chrome] › e2e-m1\map.spec.ts:132:70 › REQ-MAP-05 changedDimensions preserves last valid map and closes wire (1.7s)
  ok  62 [chromium] › e2e-m1\map.spec.ts:40:1 › REQ-PLAT-03 preferred actual backend produces the same map RGB and source shader (1.4s)
  ok  64 [edge] › e2e-m1\map.spec.ts:104:37 › REQ-PLAT-03 no backend shows localized notices after preferred rejection (584ms)
  ok  67 [edge] › e2e-m1\map.spec.ts:114:1 › REQ-PLAT-03 actual WebGL2 texture limit is checked before texture creation (486ms)
  ok  68 [edge] › e2e-m1\map.spec.ts:118:1 › REQ-MAP-04 missing bundled index fails visibly without external download (451ms)
  ok  65 [chrome] › e2e-m1\map.spec.ts:132:70 › REQ-MAP-05 changedDense preserves last valid map and closes wire (1.5s)
  ok  66 [chromium] › e2e-m1\map.spec.ts:48:1 › REQ-MAP-04 changed server RGB updates only affected lookup texel on actual backend (1.5s)
  ok  69 [edge] › e2e-m1\map.spec.ts:122:116 › REQ-MAP-04 schema boundary oldVersion rejects atomically (516ms)
(node:29668) Warning: The 'NO_COLOR' env is ignored due to the 'FORCE_COLOR' env being set.
(Use `node --trace-warnings ...` to show where the warning was created)
  ok  71 [edge] › e2e-m1\map.spec.ts:122:116 › REQ-MAP-04 schema boundary futureVersion rejects atomically (433ms)
  ok  70 [chromium] › e2e-m1\map.spec.ts:52:1 › REQ-MAP-04/05 RG8 high dense byte and LUT second row pick real ID65535 (584ms)
  ok  72 [edge] › e2e-m1\map.spec.ts:122:116 › REQ-MAP-04 schema boundary wrongPack rejects atomically (462ms)
  ok  75 [edge] › e2e-m1\map.spec.ts:122:116 › REQ-MAP-04 schema boundary duplicateIds rejects atomically (619ms)
  ok  76 [edge] › e2e-m1\map.spec.ts:122:116 › REQ-MAP-04 schema boundary badStyle rejects atomically (630ms)
  ok  74 [chromium] › e2e-m1\national.spec.ts:6:1 › AC-M1-03 actual Rust M1 panels, separate owner/control, ledger, languages and time (2.0s)
  ok  77 [edge] › e2e-m1\map.spec.ts:122:116 › REQ-MAP-04 schema boundary shortBytes rejects atomically (594ms)
  ok  73 [chromium] › e2e-m1\map.spec.ts:59:33 › REQ-MAP-05 independent three border pixel oracle, u16 sentinel and camera preferred (2.5s)
  ok  79 [edge] › e2e-m1\map.spec.ts:122:116 › REQ-MAP-04 schema boundary wrongHash rejects atomically (510ms)
  ok  78 [chromium] › e2e-m1\national.spec.ts:31:1 › REQ-NAT-01 MAP-08 actual query metadata, dense mapping, colors and refusal (746ms)
(node:4960) Warning: The 'NO_COLOR' env is ignored due to the 'FORCE_COLOR' env being set.
(Use `node --trace-warnings ...` to show where the warning was created)
  ok  81 [edge] › e2e-m1\map.spec.ts:132:70 › REQ-MAP-05 dangling preserves last valid map and closes wire (1.6s)
  ok  80 [chromium] › e2e-m1\map.spec.ts:59:33 › REQ-MAP-05 independent three border pixel oracle, u16 sentinel and camera WebGL2 (2.1s)
  ok  84 [chromium] › e2e-m1\map.spec.ts:93:93 › REQ-PLAT-03 missingGPU falls back to actual WebGL2 pixels (552ms)
  ok  85 [chromium] › e2e-m1\map.spec.ts:93:93 › REQ-PLAT-03 nullAdapter falls back to actual WebGL2 pixels (593ms)
  ok  83 [edge] › e2e-m1\map.spec.ts:132:70 › REQ-MAP-05 changedDimensions preserves last valid map and closes wire (1.7s)
  ok  86 [chromium] › e2e-m1\map.spec.ts:93:93 › REQ-PLAT-03 adapterReject falls back to actual WebGL2 pixels (516ms)
  ok  88 [chromium] › e2e-m1\map.spec.ts:93:93 › REQ-PLAT-03 deviceReject falls back to actual WebGL2 pixels (529ms)
  ok  89 [chromium] › e2e-m1\map.spec.ts:93:93 › REQ-PLAT-03 insecure falls back to actual WebGL2 pixels (489ms)
  ok  82 [firefox] › e2e-m1\malformed-world.spec.ts:5:1 › M1 malformed decoded ledger preserves last valid panel and closes connection (3.5s)
  ok  87 [edge] › e2e-m1\map.spec.ts:132:70 › REQ-MAP-05 changedDense preserves last valid map and closes wire (1.6s)
  ok  90 [chromium] › e2e-m1\map.spec.ts:104:37 › REQ-PLAT-03 no backend shows localized notices (369ms)
  ok  92 [chromium] › e2e-m1\map.spec.ts:104:37 › REQ-PLAT-03 no backend shows localized notices after preferred rejection (405ms)
(node:36140) Warning: The 'NO_COLOR' env is ignored due to the 'FORCE_COLOR' env being set.
(Use `node --trace-warnings ...` to show where the warning was created)
  ok  93 [chromium] › e2e-m1\map.spec.ts:114:1 › REQ-PLAT-03 actual WebGL2 texture limit is checked before texture creation (337ms)
  ok  91 [firefox] › e2e-m1\map-redirect.spec.ts:15:3 › WP08 P06 metadata CORS redirect sends no foreign request on first load (884ms)
  ok  94 [chromium] › e2e-m1\map.spec.ts:118:1 › REQ-MAP-04 missing bundled index fails visibly without external download (316ms)
  ok  97 [chromium] › e2e-m1\map.spec.ts:122:116 › REQ-MAP-04 schema boundary oldVersion rejects atomically (322ms)
  ok  98 [chromium] › e2e-m1\map.spec.ts:122:116 › REQ-MAP-04 schema boundary futureVersion rejects atomically (367ms)
  ok  99 [chromium] › e2e-m1\map.spec.ts:122:116 › REQ-MAP-04 schema boundary wrongPack rejects atomically (320ms)
  ok 100 [chromium] › e2e-m1\map.spec.ts:122:116 › REQ-MAP-04 schema boundary duplicateIds rejects atomically (328ms)
  ok  95 [firefox] › e2e-m1\map-redirect.spec.ts:15:3 › WP08 P06 metadata CORS redirect sends no foreign request after valid selection (1.6s)
  ok 101 [chromium] › e2e-m1\map.spec.ts:122:116 › REQ-MAP-04 schema boundary badStyle rejects atomically (349ms)
  ok 103 [chromium] › e2e-m1\map.spec.ts:122:116 › REQ-MAP-04 schema boundary shortBytes rejects atomically (320ms)
  ok 104 [chromium] › e2e-m1\map.spec.ts:122:116 › REQ-MAP-04 schema boundary wrongHash rejects atomically (315ms)
  ok 102 [firefox] › e2e-m1\map-redirect.spec.ts:15:3 › WP08 P06 index CORS redirect sends no foreign request on first load (1.1s)
  ok  96 [firefox] › e2e-m1\map.spec.ts:11:1 › REQ-MAP-04/05 PLAT-03 actual map pixels, modes, pick and viewport (3.3s)
  ok 106 [firefox] › e2e-m1\map-redirect.spec.ts:15:3 › WP08 P06 index CORS redirect sends no foreign request after valid selection (1.6s)
  ok 105 [chromium] › e2e-m1\map.spec.ts:132:70 › REQ-MAP-05 dangling preserves last valid map and closes wire (1.9s)
  ok 108 [firefox] › e2e-m1\map-redirect.spec.ts:140:56 › WP08 P06 metadata same-origin redirect is also rejected before follow (596ms)
  ok 110 [firefox] › e2e-m1\map-redirect.spec.ts:140:56 › WP08 P06 index same-origin redirect is also rejected before follow (525ms)
  ok 107 [firefox] › e2e-m1\map.spec.ts:40:1 › REQ-PLAT-03 preferred actual backend produces the same map RGB and source shader (2.0s)
  ok 109 [chromium] › e2e-m1\map.spec.ts:132:70 › REQ-MAP-05 changedDimensions preserves last valid map and closes wire (1.9s)
  ok 112 [firefox] › e2e-m1\map.spec.ts:48:1 › REQ-MAP-04 changed server RGB updates only affected lookup texel on actual backend (1.3s)
  ok 111 [firefox] › e2e-m1\national.spec.ts:6:1 › AC-M1-03 actual Rust M1 panels, separate owner/control, ledger, languages and time (2.1s)
  ok 114 [firefox] › e2e-m1\map.spec.ts:52:1 › REQ-MAP-04/05 RG8 high dense byte and LUT second row pick real ID65535 (1.0s)
  ok 113 [chromium] › e2e-m1\map.spec.ts:132:70 › REQ-MAP-05 changedDense preserves last valid map and closes wire (1.9s)
  ok 115 [firefox] › e2e-m1\national.spec.ts:31:1 › REQ-NAT-01 MAP-08 actual query metadata, dense mapping, colors and refusal (947ms)
(node:20260) Warning: The 'NO_COLOR' env is ignored due to the 'FORCE_COLOR' env being set.
(Use `node --trace-warnings ...` to show where the warning was created)
(node:27660) Warning: The 'NO_COLOR' env is ignored due to the 'FORCE_COLOR' env being set.
(Use `node --trace-warnings ...` to show where the warning was created)
  ok 116 [firefox] › e2e-m1\map.spec.ts:59:33 › REQ-MAP-05 independent three border pixel oracle, u16 sentinel and camera preferred (2.2s)
  ok 118 [webkit] › e2e-m1\map-redirect.spec.ts:15:3 › WP08 P06 metadata CORS redirect sends no foreign request on first load (1.0s)
  ok 117 [webkit] › e2e-m1\malformed-world.spec.ts:5:1 › M1 malformed decoded ledger preserves last valid panel and closes connection (2.2s)
  ok 119 [firefox] › e2e-m1\map.spec.ts:59:33 › REQ-MAP-05 independent three border pixel oracle, u16 sentinel and camera WebGL2 (2.4s)
  ok 120 [webkit] › e2e-m1\map-redirect.spec.ts:15:3 › WP08 P06 metadata CORS redirect sends no foreign request after valid selection (2.4s)
  ok 122 [firefox] › e2e-m1\map.spec.ts:93:93 › REQ-PLAT-03 missingGPU falls back to actual WebGL2 pixels (796ms)
  ok 123 [webkit] › e2e-m1\map-redirect.spec.ts:15:3 › WP08 P06 index CORS redirect sends no foreign request on first load (925ms)
  ok 124 [firefox] › e2e-m1\map.spec.ts:93:93 › REQ-PLAT-03 nullAdapter falls back to actual WebGL2 pixels (802ms)
  ok 121 [webkit] › e2e-m1\map.spec.ts:11:1 › REQ-MAP-04/05 PLAT-03 actual map pixels, modes, pick and viewport (3.6s)
  ok 126 [firefox] › e2e-m1\map.spec.ts:93:93 › REQ-PLAT-03 adapterReject falls back to actual WebGL2 pixels (834ms)
  ok 125 [webkit] › e2e-m1\map-redirect.spec.ts:15:3 › WP08 P06 index CORS redirect sends no foreign request after valid selection (2.3s)
  ok 128 [firefox] › e2e-m1\map.spec.ts:93:93 › REQ-PLAT-03 deviceReject falls back to actual WebGL2 pixels (1.4s)
  ok 129 [webkit] › e2e-m1\map-redirect.spec.ts:140:56 › WP08 P06 metadata same-origin redirect is also rejected before follow (731ms)
  ok 130 [firefox] › e2e-m1\map.spec.ts:93:93 › REQ-PLAT-03 insecure falls back to actual WebGL2 pixels (833ms)
  ok 131 [webkit] › e2e-m1\map-redirect.spec.ts:140:56 › WP08 P06 index same-origin redirect is also rejected before follow (667ms)
  ok 127 [webkit] › e2e-m1\map.spec.ts:40:1 › REQ-PLAT-03 preferred actual backend produces the same map RGB and source shader (3.1s)
  ok 132 [firefox] › e2e-m1\map.spec.ts:104:37 › REQ-PLAT-03 no backend shows localized notices (735ms)
  ok 135 [firefox] › e2e-m1\map.spec.ts:104:37 › REQ-PLAT-03 no backend shows localized notices after preferred rejection (567ms)
  ok 136 [firefox] › e2e-m1\map.spec.ts:114:1 › REQ-PLAT-03 actual WebGL2 texture limit is checked before texture creation (651ms)
  ok 137 [firefox] › e2e-m1\map.spec.ts:118:1 › REQ-MAP-04 missing bundled index fails visibly without external download (486ms)
  ok 138 [firefox] › e2e-m1\map.spec.ts:122:116 › REQ-MAP-04 schema boundary oldVersion rejects atomically (441ms)
  ok 134 [webkit] › e2e-m1\map.spec.ts:48:1 › REQ-MAP-04 changed server RGB updates only affected lookup texel on actual backend (2.5s)
  ok 139 [firefox] › e2e-m1\map.spec.ts:122:116 › REQ-MAP-04 schema boundary futureVersion rejects atomically (486ms)
  ok 141 [firefox] › e2e-m1\map.spec.ts:122:116 › REQ-MAP-04 schema boundary wrongPack rejects atomically (507ms)
  ok 133 [webkit] › e2e-m1\national.spec.ts:6:1 › AC-M1-03 actual Rust M1 panels, separate owner/control, ledger, languages and time (3.7s)
  ok 142 [firefox] › e2e-m1\map.spec.ts:122:116 › REQ-MAP-04 schema boundary duplicateIds rejects atomically (506ms)
  ok 140 [webkit] › e2e-m1\map.spec.ts:52:1 › REQ-MAP-04/05 RG8 high dense byte and LUT second row pick real ID65535 (1.7s)
  ok 143 [webkit] › e2e-m1\national.spec.ts:31:1 › REQ-NAT-01 MAP-08 actual query metadata, dense mapping, colors and refusal (790ms)
  ok 144 [firefox] › e2e-m1\map.spec.ts:122:116 › REQ-MAP-04 schema boundary badStyle rejects atomically (1.3s)
  ok 146 [firefox] › e2e-m1\map.spec.ts:122:116 › REQ-MAP-04 schema boundary shortBytes rejects atomically (399ms)
  ok 147 [firefox] › e2e-m1\map.spec.ts:122:116 › REQ-MAP-04 schema boundary wrongHash rejects atomically (412ms)
  ok 148 [firefox] › e2e-m1\map.spec.ts:132:70 › REQ-MAP-05 dangling preserves last valid map and closes wire (1.5s)
  ok 145 [webkit] › e2e-m1\map.spec.ts:59:33 › REQ-MAP-05 independent three border pixel oracle, u16 sentinel and camera preferred (3.7s)
  ok 149 [firefox] › e2e-m1\map.spec.ts:132:70 › REQ-MAP-05 changedDimensions preserves last valid map and closes wire (1.5s)
  ok 151 [firefox] › e2e-m1\map.spec.ts:132:70 › REQ-MAP-05 changedDense preserves last valid map and closes wire (1.6s)
  ok 150 [webkit] › e2e-m1\map.spec.ts:59:33 › REQ-MAP-05 independent three border pixel oracle, u16 sentinel and camera WebGL2 (3.8s)
  ok 152 [webkit] › e2e-m1\map.spec.ts:93:93 › REQ-PLAT-03 missingGPU falls back to actual WebGL2 pixels (1.0s)
  ok 153 [webkit] › e2e-m1\map.spec.ts:93:93 › REQ-PLAT-03 nullAdapter falls back to actual WebGL2 pixels (991ms)
  ok 154 [webkit] › e2e-m1\map.spec.ts:93:93 › REQ-PLAT-03 adapterReject falls back to actual WebGL2 pixels (1.1s)
  ok 155 [webkit] › e2e-m1\map.spec.ts:93:93 › REQ-PLAT-03 deviceReject falls back to actual WebGL2 pixels (1.1s)
  ok 156 [webkit] › e2e-m1\map.spec.ts:93:93 › REQ-PLAT-03 insecure falls back to actual WebGL2 pixels (1.0s)
  ok 157 [webkit] › e2e-m1\map.spec.ts:104:37 › REQ-PLAT-03 no backend shows localized notices (833ms)
  ok 158 [webkit] › e2e-m1\map.spec.ts:104:37 › REQ-PLAT-03 no backend shows localized notices after preferred rejection (780ms)
  ok 159 [webkit] › e2e-m1\map.spec.ts:114:1 › REQ-PLAT-03 actual WebGL2 texture limit is checked before texture creation (591ms)
  ok 160 [webkit] › e2e-m1\map.spec.ts:118:1 › REQ-MAP-04 missing bundled index fails visibly without external download (581ms)
  ok 161 [webkit] › e2e-m1\map.spec.ts:122:116 › REQ-MAP-04 schema boundary oldVersion rejects atomically (589ms)
  ok 162 [webkit] › e2e-m1\map.spec.ts:122:116 › REQ-MAP-04 schema boundary futureVersion rejects atomically (579ms)
  ok 163 [webkit] › e2e-m1\map.spec.ts:122:116 › REQ-MAP-04 schema boundary wrongPack rejects atomically (595ms)
  ok 164 [webkit] › e2e-m1\map.spec.ts:122:116 › REQ-MAP-04 schema boundary duplicateIds rejects atomically (569ms)
  ok 165 [webkit] › e2e-m1\map.spec.ts:122:116 › REQ-MAP-04 schema boundary badStyle rejects atomically (572ms)
  ok 166 [webkit] › e2e-m1\map.spec.ts:122:116 › REQ-MAP-04 schema boundary shortBytes rejects atomically (552ms)
  ok 167 [webkit] › e2e-m1\map.spec.ts:122:116 › REQ-MAP-04 schema boundary wrongHash rejects atomically (1.1s)
  ok 168 [webkit] › e2e-m1\map.spec.ts:132:70 › REQ-MAP-05 dangling preserves last valid map and closes wire (2.2s)
  ok 169 [webkit] › e2e-m1\map.spec.ts:132:70 › REQ-MAP-05 changedDimensions preserves last valid map and closes wire (2.2s)
  ok 170 [webkit] › e2e-m1\map.spec.ts:132:70 › REQ-MAP-05 changedDense preserves last valid map and closes wire (2.2s)


  1) [chrome] › e2e-m1\map-redirect.spec.ts:15:3 › WP08 P06 metadata CORS redirect sends no foreign request on first load

    Error: page.evaluate: TypeError: Failed to fetch
        at eval (eval at evaluate (:311:30), <anonymous>:2:34)
        at UtilityScript.evaluate (<anonymous>:313:16)
        at UtilityScript.<anonymous> (<anonymous>:1:44)
        at eval (eval at evaluate (:311:30), <anonymous>:2:34)
        at UtilityScript.evaluate (<anonymous>:313:16)
        at UtilityScript.<anonymous> (<anonymous>:1:44)
        at E:\openhoi\.orchestrator\wt\WP-08\client\e2e-m1\map-redirect.spec.ts:58:37

    Error Context: test-results\map-redirect-WP08-P06-meta-4c122-reign-request-on-first-load-chrome\error-context.md

  1 failed
    [chrome] › e2e-m1\map-redirect.spec.ts:15:3 › WP08 P06 metadata CORS redirect sends no foreign request on first load
  169 passed (1.4m)
