
Running 30 tests using 3 workers

(node:31700) Warning: The 'NO_COLOR' env is ignored due to the 'FORCE_COLOR' env being set.
(Use `node --trace-warnings ...` to show where the warning was created)
(node:32600) Warning: The 'NO_COLOR' env is ignored due to the 'FORCE_COLOR' env being set.
(Use `node --trace-warnings ...` to show where the warning was created)
(node:9292) Warning: The 'NO_COLOR' env is ignored due to the 'FORCE_COLOR' env being set.
(Use `node --trace-warnings ...` to show where the warning was created)
  ok  1 [chromium] › e2e-m1\map-redirect.spec.ts:15:3 › WP08 P06 metadata CORS redirect sends no foreign request on first load (894ms)
  ok  2 [chrome] › e2e-m1\map-redirect.spec.ts:15:3 › WP08 P06 metadata CORS redirect sends no foreign request on first load (1.2s)
  ok  3 [edge] › e2e-m1\map-redirect.spec.ts:15:3 › WP08 P06 metadata CORS redirect sends no foreign request on first load (1.2s)
  x   4 [chromium] › e2e-m1\map-redirect.spec.ts:15:3 › WP08 P06 metadata CORS redirect sends no foreign request after valid selection (1.4s)
(node:16184) Warning: The 'NO_COLOR' env is ignored due to the 'FORCE_COLOR' env being set.
(Use `node --trace-warnings ...` to show where the warning was created)
  x   5 [chrome] › e2e-m1\map-redirect.spec.ts:15:3 › WP08 P06 metadata CORS redirect sends no foreign request after valid selection (1.4s)
  x   6 [edge] › e2e-m1\map-redirect.spec.ts:15:3 › WP08 P06 metadata CORS redirect sends no foreign request after valid selection (1.4s)
(node:35244) Warning: The 'NO_COLOR' env is ignored due to the 'FORCE_COLOR' env being set.
(Use `node --trace-warnings ...` to show where the warning was created)
(node:24200) Warning: The 'NO_COLOR' env is ignored due to the 'FORCE_COLOR' env being set.
(Use `node --trace-warnings ...` to show where the warning was created)
  ok  7 [chromium] › e2e-m1\map-redirect.spec.ts:15:3 › WP08 P06 index CORS redirect sends no foreign request on first load (628ms)
  ok 10 [chromium] › e2e-m1\map-redirect.spec.ts:15:3 › WP08 P06 index CORS redirect sends no foreign request after valid selection (1.5s)
  ok  8 [chrome] › e2e-m1\map-redirect.spec.ts:15:3 › WP08 P06 index CORS redirect sends no foreign request on first load (1.6s)
  ok  9 [edge] › e2e-m1\map-redirect.spec.ts:15:3 › WP08 P06 index CORS redirect sends no foreign request on first load (1.4s)
  ok 11 [chromium] › e2e-m1\map-redirect.spec.ts:136:56 › WP08 P06 metadata same-origin redirect is also rejected before follow (542ms)
  ok 14 [chromium] › e2e-m1\map-redirect.spec.ts:136:56 › WP08 P06 index same-origin redirect is also rejected before follow (537ms)
  ok 12 [chrome] › e2e-m1\map-redirect.spec.ts:15:3 › WP08 P06 index CORS redirect sends no foreign request after valid selection (1.3s)
  ok 13 [edge] › e2e-m1\map-redirect.spec.ts:15:3 › WP08 P06 index CORS redirect sends no foreign request after valid selection (1.4s)
(node:21044) Warning: The 'NO_COLOR' env is ignored due to the 'FORCE_COLOR' env being set.
(Use `node --trace-warnings ...` to show where the warning was created)
  ok 15 [chrome] › e2e-m1\map-redirect.spec.ts:136:56 › WP08 P06 metadata same-origin redirect is also rejected before follow (560ms)
  ok 16 [edge] › e2e-m1\map-redirect.spec.ts:136:56 › WP08 P06 metadata same-origin redirect is also rejected before follow (539ms)
  ok 17 [chrome] › e2e-m1\map-redirect.spec.ts:136:56 › WP08 P06 index same-origin redirect is also rejected before follow (424ms)
  ok 19 [edge] › e2e-m1\map-redirect.spec.ts:136:56 › WP08 P06 index same-origin redirect is also rejected before follow (399ms)
(node:28136) Warning: The 'NO_COLOR' env is ignored due to the 'FORCE_COLOR' env being set.
(Use `node --trace-warnings ...` to show where the warning was created)
  ok 20 [webkit] › e2e-m1\map-redirect.spec.ts:15:3 › WP08 P06 metadata CORS redirect sends no foreign request on first load (1.2s)
  ok 18 [firefox] › e2e-m1\map-redirect.spec.ts:15:3 › WP08 P06 metadata CORS redirect sends no foreign request on first load (4.5s)
  x  21 [webkit] › e2e-m1\map-redirect.spec.ts:15:3 › WP08 P06 metadata CORS redirect sends no foreign request after valid selection (2.6s)
(node:34608) Warning: The 'NO_COLOR' env is ignored due to the 'FORCE_COLOR' env being set.
(Use `node --trace-warnings ...` to show where the warning was created)
  ok 23 [webkit] › e2e-m1\map-redirect.spec.ts:15:3 › WP08 P06 index CORS redirect sends no foreign request on first load (1.1s)
  x  22 [firefox] › e2e-m1\map-redirect.spec.ts:15:3 › WP08 P06 metadata CORS redirect sends no foreign request after valid selection (1.8s)
(node:1148) Warning: The 'NO_COLOR' env is ignored due to the 'FORCE_COLOR' env being set.
(Use `node --trace-warnings ...` to show where the warning was created)
  ok 24 [webkit] › e2e-m1\map-redirect.spec.ts:15:3 › WP08 P06 index CORS redirect sends no foreign request after valid selection (2.5s)
  ok 26 [webkit] › e2e-m1\map-redirect.spec.ts:136:56 › WP08 P06 metadata same-origin redirect is also rejected before follow (701ms)
  ok 27 [webkit] › e2e-m1\map-redirect.spec.ts:136:56 › WP08 P06 index same-origin redirect is also rejected before follow (758ms)
  ok 25 [firefox] › e2e-m1\map-redirect.spec.ts:15:3 › WP08 P06 index CORS redirect sends no foreign request on first load (4.3s)
  ok 28 [firefox] › e2e-m1\map-redirect.spec.ts:15:3 › WP08 P06 index CORS redirect sends no foreign request after valid selection (1.5s)
  ok 29 [firefox] › e2e-m1\map-redirect.spec.ts:136:56 › WP08 P06 metadata same-origin redirect is also rejected before follow (459ms)
  ok 30 [firefox] › e2e-m1\map-redirect.spec.ts:136:56 › WP08 P06 index same-origin redirect is also rejected before follow (423ms)


  1) [chrome] › e2e-m1\map-redirect.spec.ts:15:3 › WP08 P06 metadata CORS redirect sends no foreign request after valid selection

    Error: expect(received).toHaveLength(expected)

    Expected length: 1
    Received length: 2
    Received array:  ["http://127.0.0.1:14182/maps/testland/metadata", "http://127.0.0.1:14182/maps/testland/metadata"]

      104 |     // actual HTTP 302, one source GET, zero foreign GETs and UI are invariant.
      105 |     expect(source.sent).toHaveLength(1); expect(source.sent[0]).toMatchObject({ status: 302, location: foreignURL });
    > 106 |     expect(requests.filter(url => url === source.origin + source.sent[0].url)).toHaveLength(1);
          |                                                                                ^
      107 |     await expect(page.getByTestId('connection')).toHaveText('Connected');
      108 |     if (before) {
      109 |      await expect(page.getByTestId('tick')).toHaveText(before.tick!);
        at E:\openhoi\.orchestrator\wt\WP-08\client\e2e-m1\map-redirect.spec.ts:106:80

    Error Context: test-results\map-redirect-WP08-P06-meta-ec1da-quest-after-valid-selection-chrome\error-context.md

  2) [edge] › e2e-m1\map-redirect.spec.ts:15:3 › WP08 P06 metadata CORS redirect sends no foreign request after valid selection

    Error: expect(received).toHaveLength(expected)

    Expected length: 1
    Received length: 2
    Received array:  ["http://127.0.0.1:14193/maps/testland/metadata", "http://127.0.0.1:14193/maps/testland/metadata"]

      104 |     // actual HTTP 302, one source GET, zero foreign GETs and UI are invariant.
      105 |     expect(source.sent).toHaveLength(1); expect(source.sent[0]).toMatchObject({ status: 302, location: foreignURL });
    > 106 |     expect(requests.filter(url => url === source.origin + source.sent[0].url)).toHaveLength(1);
          |                                                                                ^
      107 |     await expect(page.getByTestId('connection')).toHaveText('Connected');
      108 |     if (before) {
      109 |      await expect(page.getByTestId('tick')).toHaveText(before.tick!);
        at E:\openhoi\.orchestrator\wt\WP-08\client\e2e-m1\map-redirect.spec.ts:106:80

    Error Context: test-results\map-redirect-WP08-P06-meta-ec1da-quest-after-valid-selection-edge\error-context.md

  3) [chromium] › e2e-m1\map-redirect.spec.ts:15:3 › WP08 P06 metadata CORS redirect sends no foreign request after valid selection

    Error: expect(received).toHaveLength(expected)

    Expected length: 1
    Received length: 2
    Received array:  ["http://127.0.0.1:14143/maps/testland/metadata", "http://127.0.0.1:14143/maps/testland/metadata"]

      104 |     // actual HTTP 302, one source GET, zero foreign GETs and UI are invariant.
      105 |     expect(source.sent).toHaveLength(1); expect(source.sent[0]).toMatchObject({ status: 302, location: foreignURL });
    > 106 |     expect(requests.filter(url => url === source.origin + source.sent[0].url)).toHaveLength(1);
          |                                                                                ^
      107 |     await expect(page.getByTestId('connection')).toHaveText('Connected');
      108 |     if (before) {
      109 |      await expect(page.getByTestId('tick')).toHaveText(before.tick!);
        at E:\openhoi\.orchestrator\wt\WP-08\client\e2e-m1\map-redirect.spec.ts:106:80

    Error Context: test-results\map-redirect-WP08-P06-meta-ec1da-quest-after-valid-selection-chromium\error-context.md

  4) [firefox] › e2e-m1\map-redirect.spec.ts:15:3 › WP08 P06 metadata CORS redirect sends no foreign request after valid selection

    Error: expect(received).toHaveLength(expected)

    Expected length: 1
    Received length: 2
    Received array:  ["http://127.0.0.1:14469/maps/testland/metadata", "http://127.0.0.1:14469/maps/testland/metadata"]

      104 |     // actual HTTP 302, one source GET, zero foreign GETs and UI are invariant.
      105 |     expect(source.sent).toHaveLength(1); expect(source.sent[0]).toMatchObject({ status: 302, location: foreignURL });
    > 106 |     expect(requests.filter(url => url === source.origin + source.sent[0].url)).toHaveLength(1);
          |                                                                                ^
      107 |     await expect(page.getByTestId('connection')).toHaveText('Connected');
      108 |     if (before) {
      109 |      await expect(page.getByTestId('tick')).toHaveText(before.tick!);
        at E:\openhoi\.orchestrator\wt\WP-08\client\e2e-m1\map-redirect.spec.ts:106:80

    Error Context: test-results\map-redirect-WP08-P06-meta-ec1da-quest-after-valid-selection-firefox\error-context.md

  5) [webkit] › e2e-m1\map-redirect.spec.ts:15:3 › WP08 P06 metadata CORS redirect sends no foreign request after valid selection

    Error: expect(received).toHaveLength(expected)

    Expected length: 1
    Received length: 2
    Received array:  ["http://127.0.0.1:14444/maps/testland/metadata", "http://127.0.0.1:14444/maps/testland/metadata"]

      104 |     // actual HTTP 302, one source GET, zero foreign GETs and UI are invariant.
      105 |     expect(source.sent).toHaveLength(1); expect(source.sent[0]).toMatchObject({ status: 302, location: foreignURL });
    > 106 |     expect(requests.filter(url => url === source.origin + source.sent[0].url)).toHaveLength(1);
          |                                                                                ^
      107 |     await expect(page.getByTestId('connection')).toHaveText('Connected');
      108 |     if (before) {
      109 |      await expect(page.getByTestId('tick')).toHaveText(before.tick!);
        at E:\openhoi\.orchestrator\wt\WP-08\client\e2e-m1\map-redirect.spec.ts:106:80

    Error Context: test-results\map-redirect-WP08-P06-meta-ec1da-quest-after-valid-selection-webkit\error-context.md

  5 failed
    [chrome] › e2e-m1\map-redirect.spec.ts:15:3 › WP08 P06 metadata CORS redirect sends no foreign request after valid selection
    [edge] › e2e-m1\map-redirect.spec.ts:15:3 › WP08 P06 metadata CORS redirect sends no foreign request after valid selection
    [chromium] › e2e-m1\map-redirect.spec.ts:15:3 › WP08 P06 metadata CORS redirect sends no foreign request after valid selection
    [firefox] › e2e-m1\map-redirect.spec.ts:15:3 › WP08 P06 metadata CORS redirect sends no foreign request after valid selection
    [webkit] › e2e-m1\map-redirect.spec.ts:15:3 › WP08 P06 metadata CORS redirect sends no foreign request after valid selection
  25 passed (25.1s)
