
Running 30 tests using 3 workers

(node:11968) Warning: The 'NO_COLOR' env is ignored due to the 'FORCE_COLOR' env being set.
(Use `node --trace-warnings ...` to show where the warning was created)
(node:6384) Warning: The 'NO_COLOR' env is ignored due to the 'FORCE_COLOR' env being set.
(Use `node --trace-warnings ...` to show where the warning was created)
(node:12108) Warning: The 'NO_COLOR' env is ignored due to the 'FORCE_COLOR' env being set.
(Use `node --trace-warnings ...` to show where the warning was created)
  ok  2 [chromium] › e2e-m1\map-redirect.spec.ts:14:3 › WP08 P06 metadata CORS redirect sends no foreign request on first load (726ms)
  ok  1 [chrome] › e2e-m1\map-redirect.spec.ts:14:3 › WP08 P06 metadata CORS redirect sends no foreign request on first load (877ms)
  ok  3 [edge] › e2e-m1\map-redirect.spec.ts:14:3 › WP08 P06 metadata CORS redirect sends no foreign request on first load (849ms)
  ok  4 [chromium] › e2e-m1\map-redirect.spec.ts:14:3 › WP08 P06 metadata CORS redirect sends no foreign request after valid selection (964ms)
  ok  5 [chrome] › e2e-m1\map-redirect.spec.ts:14:3 › WP08 P06 metadata CORS redirect sends no foreign request after valid selection (1.1s)
  ok  7 [chromium] › e2e-m1\map-redirect.spec.ts:14:3 › WP08 P06 index CORS redirect sends no foreign request on first load (411ms)
  ok  6 [edge] › e2e-m1\map-redirect.spec.ts:14:3 › WP08 P06 metadata CORS redirect sends no foreign request after valid selection (1.0s)
  ok  8 [chrome] › e2e-m1\map-redirect.spec.ts:14:3 › WP08 P06 index CORS redirect sends no foreign request on first load (590ms)
  ok 10 [edge] › e2e-m1\map-redirect.spec.ts:14:3 › WP08 P06 index CORS redirect sends no foreign request on first load (635ms)
  ok  9 [chromium] › e2e-m1\map-redirect.spec.ts:14:3 › WP08 P06 index CORS redirect sends no foreign request after valid selection (940ms)
  ok 13 [chromium] › e2e-m1\map-redirect.spec.ts:126:56 › WP08 P06 metadata same-origin redirect is also rejected before follow (296ms)
  ok 11 [chrome] › e2e-m1\map-redirect.spec.ts:14:3 › WP08 P06 index CORS redirect sends no foreign request after valid selection (980ms)
  ok 14 [chromium] › e2e-m1\map-redirect.spec.ts:126:56 › WP08 P06 index same-origin redirect is also rejected before follow (314ms)
  ok 12 [edge] › e2e-m1\map-redirect.spec.ts:14:3 › WP08 P06 index CORS redirect sends no foreign request after valid selection (965ms)
  ok 15 [chrome] › e2e-m1\map-redirect.spec.ts:126:56 › WP08 P06 metadata same-origin redirect is also rejected before follow (380ms)
  ok 16 [edge] › e2e-m1\map-redirect.spec.ts:126:56 › WP08 P06 metadata same-origin redirect is also rejected before follow (389ms)
(node:20348) Warning: The 'NO_COLOR' env is ignored due to the 'FORCE_COLOR' env being set.
(Use `node --trace-warnings ...` to show where the warning was created)
  ok 17 [chrome] › e2e-m1\map-redirect.spec.ts:126:56 › WP08 P06 index same-origin redirect is also rejected before follow (430ms)
  ok 18 [edge] › e2e-m1\map-redirect.spec.ts:126:56 › WP08 P06 index same-origin redirect is also rejected before follow (447ms)
(node:7364) Warning: The 'NO_COLOR' env is ignored due to the 'FORCE_COLOR' env being set.
(Use `node --trace-warnings ...` to show where the warning was created)
  x  20 [webkit] › e2e-m1\map-redirect.spec.ts:14:3 › WP08 P06 metadata CORS redirect sends no foreign request on first load (362ms)
(node:30064) Warning: The 'NO_COLOR' env is ignored due to the 'FORCE_COLOR' env being set.
(Use `node --trace-warnings ...` to show where the warning was created)
  x  21 [webkit] › e2e-m1\map-redirect.spec.ts:14:3 › WP08 P06 metadata CORS redirect sends no foreign request after valid selection (338ms)
(node:1852) Warning: The 'NO_COLOR' env is ignored due to the 'FORCE_COLOR' env being set.
(Use `node --trace-warnings ...` to show where the warning was created)
  x  19 [firefox] › e2e-m1\map-redirect.spec.ts:14:3 › WP08 P06 metadata CORS redirect sends no foreign request on first load (1.7s)
(node:35084) Warning: The 'NO_COLOR' env is ignored due to the 'FORCE_COLOR' env being set.
(Use `node --trace-warnings ...` to show where the warning was created)
  x  22 [webkit] › e2e-m1\map-redirect.spec.ts:14:3 › WP08 P06 index CORS redirect sends no foreign request on first load (345ms)
(node:19780) Warning: The 'NO_COLOR' env is ignored due to the 'FORCE_COLOR' env being set.
(Use `node --trace-warnings ...` to show where the warning was created)
  x  24 [webkit] › e2e-m1\map-redirect.spec.ts:14:3 › WP08 P06 index CORS redirect sends no foreign request after valid selection (354ms)
(node:30248) Warning: The 'NO_COLOR' env is ignored due to the 'FORCE_COLOR' env being set.
(Use `node --trace-warnings ...` to show where the warning was created)
  x  23 [firefox] › e2e-m1\map-redirect.spec.ts:14:3 › WP08 P06 metadata CORS redirect sends no foreign request after valid selection (1.3s)
  x  25 [webkit] › e2e-m1\map-redirect.spec.ts:126:56 › WP08 P06 metadata same-origin redirect is also rejected before follow (574ms)
(node:31796) Warning: The 'NO_COLOR' env is ignored due to the 'FORCE_COLOR' env being set.
(Use `node --trace-warnings ...` to show where the warning was created)
(node:12976) Warning: The 'NO_COLOR' env is ignored due to the 'FORCE_COLOR' env being set.
(Use `node --trace-warnings ...` to show where the warning was created)
  x  27 [webkit] › e2e-m1\map-redirect.spec.ts:126:56 › WP08 P06 index same-origin redirect is also rejected before follow (534ms)
  x  26 [firefox] › e2e-m1\map-redirect.spec.ts:14:3 › WP08 P06 index CORS redirect sends no foreign request on first load (1.9s)
(node:24244) Warning: The 'NO_COLOR' env is ignored due to the 'FORCE_COLOR' env being set.
(Use `node --trace-warnings ...` to show where the warning was created)
  x  28 [firefox] › e2e-m1\map-redirect.spec.ts:14:3 › WP08 P06 index CORS redirect sends no foreign request after valid selection (1.1s)
(node:32988) Warning: The 'NO_COLOR' env is ignored due to the 'FORCE_COLOR' env being set.
(Use `node --trace-warnings ...` to show where the warning was created)
  ok 29 [firefox] › e2e-m1\map-redirect.spec.ts:126:56 › WP08 P06 metadata same-origin redirect is also rejected before follow (1.0s)
  ok 30 [firefox] › e2e-m1\map-redirect.spec.ts:126:56 › WP08 P06 index same-origin redirect is also rejected before follow (2.1s)


  1) [firefox] › e2e-m1\map-redirect.spec.ts:14:3 › WP08 P06 metadata CORS redirect sends no foreign request on first load

    Error: expect(received).toEqual(expected) // deep equality

    - Expected  - 6
    + Received  + 1

    - Array [
    -   Object {
    -     "location": "http://127.0.0.1:12442/payload",
    -     "status": 302,
    -   },
    - ]
    + Array []

      53 |     expect(Buffer.from(controlResult.body)).toEqual(resource === 'metadata' ? Buffer.from(JSON.stringify(originalMeta)) : bytes);
      54 |     expect(foreignHits).toHaveLength(1);
    > 55 |     expect(controlRedirects).toEqual([{ status: 302, location: foreignURL }]);
         |                              ^
      56 |     controlEvidence = { ...controlResult, body: undefined, controlRedirects, bodyLength: controlResult.body.length, bodySha256: createHash('sha256').update(Buffer.from(controlResult.body)).digest('hex') };
      57 |     await control.close(); foreignHits.length = 0;
      58 |
        at E:\openhoi\.orchestrator\wt\WP-08\client\e2e-m1\map-redirect.spec.ts:55:30

    Error Context: test-results\map-redirect-WP08-P06-meta-4c122-reign-request-on-first-load-firefox\error-context.md

  2) [firefox] › e2e-m1\map-redirect.spec.ts:14:3 › WP08 P06 metadata CORS redirect sends no foreign request after valid selection

    Error: expect(received).toEqual(expected) // deep equality

    - Expected  - 6
    + Received  + 1

    - Array [
    -   Object {
    -     "location": "http://127.0.0.1:12460/payload",
    -     "status": 302,
    -   },
    - ]
    + Array []

      53 |     expect(Buffer.from(controlResult.body)).toEqual(resource === 'metadata' ? Buffer.from(JSON.stringify(originalMeta)) : bytes);
      54 |     expect(foreignHits).toHaveLength(1);
    > 55 |     expect(controlRedirects).toEqual([{ status: 302, location: foreignURL }]);
         |                              ^
      56 |     controlEvidence = { ...controlResult, body: undefined, controlRedirects, bodyLength: controlResult.body.length, bodySha256: createHash('sha256').update(Buffer.from(controlResult.body)).digest('hex') };
      57 |     await control.close(); foreignHits.length = 0;
      58 |
        at E:\openhoi\.orchestrator\wt\WP-08\client\e2e-m1\map-redirect.spec.ts:55:30

    Error Context: test-results\map-redirect-WP08-P06-meta-ec1da-quest-after-valid-selection-firefox\error-context.md

  3) [firefox] › e2e-m1\map-redirect.spec.ts:14:3 › WP08 P06 index CORS redirect sends no foreign request on first load

    Error: expect(received).toEqual(expected) // deep equality

    - Expected  - 6
    + Received  + 1

    - Array [
    -   Object {
    -     "location": "http://127.0.0.1:12479/payload",
    -     "status": 302,
    -   },
    - ]
    + Array []

      53 |     expect(Buffer.from(controlResult.body)).toEqual(resource === 'metadata' ? Buffer.from(JSON.stringify(originalMeta)) : bytes);
      54 |     expect(foreignHits).toHaveLength(1);
    > 55 |     expect(controlRedirects).toEqual([{ status: 302, location: foreignURL }]);
         |                              ^
      56 |     controlEvidence = { ...controlResult, body: undefined, controlRedirects, bodyLength: controlResult.body.length, bodySha256: createHash('sha256').update(Buffer.from(controlResult.body)).digest('hex') };
      57 |     await control.close(); foreignHits.length = 0;
      58 |
        at E:\openhoi\.orchestrator\wt\WP-08\client\e2e-m1\map-redirect.spec.ts:55:30

    Error Context: test-results\map-redirect-WP08-P06-inde-8504b-reign-request-on-first-load-firefox\error-context.md

  4) [firefox] › e2e-m1\map-redirect.spec.ts:14:3 › WP08 P06 index CORS redirect sends no foreign request after valid selection

    Error: expect(received).toEqual(expected) // deep equality

    - Expected  - 6
    + Received  + 1

    - Array [
    -   Object {
    -     "location": "http://127.0.0.1:12487/payload",
    -     "status": 302,
    -   },
    - ]
    + Array []

      53 |     expect(Buffer.from(controlResult.body)).toEqual(resource === 'metadata' ? Buffer.from(JSON.stringify(originalMeta)) : bytes);
      54 |     expect(foreignHits).toHaveLength(1);
    > 55 |     expect(controlRedirects).toEqual([{ status: 302, location: foreignURL }]);
         |                              ^
      56 |     controlEvidence = { ...controlResult, body: undefined, controlRedirects, bodyLength: controlResult.body.length, bodySha256: createHash('sha256').update(Buffer.from(controlResult.body)).digest('hex') };
      57 |     await control.close(); foreignHits.length = 0;
      58 |
        at E:\openhoi\.orchestrator\wt\WP-08\client\e2e-m1\map-redirect.spec.ts:55:30

    Error Context: test-results\map-redirect-WP08-P06-inde-ac0ff-quest-after-valid-selection-firefox\error-context.md

  5) [webkit] › e2e-m1\map-redirect.spec.ts:14:3 › WP08 P06 metadata CORS redirect sends no foreign request on first load

    Error: route.fulfill: Cannot fulfill with redirect status: 302

      44 |     control.on('response', r => { if (r.status() === 302) controlRedirects.push({ status: r.status(), location: r.headers().location }); });
      45 |     await control.goto('/fonts/OFL.txt');
    > 46 |     await control.route('**/map-fetch-control', r => r.fulfill({ status: 302, headers: { location: foreignURL } }));
         |                                                        ^
      47 |     controlEvidence = await control.evaluate(async () => {
      48 |      const response = await fetch('/map-fetch-control', { mode: 'cors', redirect: 'follow' });
      49 |      return { status: response.status, url: response.url, redirected: response.redirected, cors: response.type, packHash: response.headers.get('x-pack-hash'), body: Array.from(new Uint8Array(await response.arrayBuffer())) };
        at E:\openhoi\.orchestrator\wt\WP-08\client\e2e-m1\map-redirect.spec.ts:46:56

    Error: locator.allTextContents: Target page, context or browser has been closed

      116 |     expect(errors).toEqual([]);
      117 |    } finally {
    > 118 |     writeFileSync(`${evidence}/${info.project.name}-${resource}-${reload}.json`, JSON.stringify({ resource, reload, controlEvidence, foreignURL, foreignHits, requests, suppliedRedirects, failures, responseEvents: redirects, errors, alerts: await page.getByRole('alert').allTextContents(), canvasCount: await page.getByTestId('province-map').locator('canvas').count() }, null, 2));
          |                                                                                                                                                                                                                                                                               ^
      119 |     await page.screenshot({ path: `${evidence}/${info.project.name}-${resource}-${reload}.png` });
      120 |     await new Promise<void>((resolve, reject) => { foreign.close(error => error ? reject(error) : resolve()); foreign.closeAllConnections(); });
      121 |    }
        at E:\openhoi\.orchestrator\wt\WP-08\client\e2e-m1\map-redirect.spec.ts:118:271

    Error Context: test-results\map-redirect-WP08-P06-meta-4c122-reign-request-on-first-load-webkit\error-context.md

  6) [webkit] › e2e-m1\map-redirect.spec.ts:14:3 › WP08 P06 metadata CORS redirect sends no foreign request after valid selection

    Error: route.fulfill: Cannot fulfill with redirect status: 302

      44 |     control.on('response', r => { if (r.status() === 302) controlRedirects.push({ status: r.status(), location: r.headers().location }); });
      45 |     await control.goto('/fonts/OFL.txt');
    > 46 |     await control.route('**/map-fetch-control', r => r.fulfill({ status: 302, headers: { location: foreignURL } }));
         |                                                        ^
      47 |     controlEvidence = await control.evaluate(async () => {
      48 |      const response = await fetch('/map-fetch-control', { mode: 'cors', redirect: 'follow' });
      49 |      return { status: response.status, url: response.url, redirected: response.redirected, cors: response.type, packHash: response.headers.get('x-pack-hash'), body: Array.from(new Uint8Array(await response.arrayBuffer())) };
        at E:\openhoi\.orchestrator\wt\WP-08\client\e2e-m1\map-redirect.spec.ts:46:56

    Error: locator.allTextContents: Target page, context or browser has been closed

      116 |     expect(errors).toEqual([]);
      117 |    } finally {
    > 118 |     writeFileSync(`${evidence}/${info.project.name}-${resource}-${reload}.json`, JSON.stringify({ resource, reload, controlEvidence, foreignURL, foreignHits, requests, suppliedRedirects, failures, responseEvents: redirects, errors, alerts: await page.getByRole('alert').allTextContents(), canvasCount: await page.getByTestId('province-map').locator('canvas').count() }, null, 2));
          |                                                                                                                                                                                                                                                                               ^
      119 |     await page.screenshot({ path: `${evidence}/${info.project.name}-${resource}-${reload}.png` });
      120 |     await new Promise<void>((resolve, reject) => { foreign.close(error => error ? reject(error) : resolve()); foreign.closeAllConnections(); });
      121 |    }
        at E:\openhoi\.orchestrator\wt\WP-08\client\e2e-m1\map-redirect.spec.ts:118:271

    Error Context: test-results\map-redirect-WP08-P06-meta-ec1da-quest-after-valid-selection-webkit\error-context.md

  7) [webkit] › e2e-m1\map-redirect.spec.ts:14:3 › WP08 P06 index CORS redirect sends no foreign request on first load

    Error: route.fulfill: Cannot fulfill with redirect status: 302

      44 |     control.on('response', r => { if (r.status() === 302) controlRedirects.push({ status: r.status(), location: r.headers().location }); });
      45 |     await control.goto('/fonts/OFL.txt');
    > 46 |     await control.route('**/map-fetch-control', r => r.fulfill({ status: 302, headers: { location: foreignURL } }));
         |                                                        ^
      47 |     controlEvidence = await control.evaluate(async () => {
      48 |      const response = await fetch('/map-fetch-control', { mode: 'cors', redirect: 'follow' });
      49 |      return { status: response.status, url: response.url, redirected: response.redirected, cors: response.type, packHash: response.headers.get('x-pack-hash'), body: Array.from(new Uint8Array(await response.arrayBuffer())) };
        at E:\openhoi\.orchestrator\wt\WP-08\client\e2e-m1\map-redirect.spec.ts:46:56

    Error: locator.allTextContents: Test ended.

      116 |     expect(errors).toEqual([]);
      117 |    } finally {
    > 118 |     writeFileSync(`${evidence}/${info.project.name}-${resource}-${reload}.json`, JSON.stringify({ resource, reload, controlEvidence, foreignURL, foreignHits, requests, suppliedRedirects, failures, responseEvents: redirects, errors, alerts: await page.getByRole('alert').allTextContents(), canvasCount: await page.getByTestId('province-map').locator('canvas').count() }, null, 2));
          |                                                                                                                                                                                                                                                                               ^
      119 |     await page.screenshot({ path: `${evidence}/${info.project.name}-${resource}-${reload}.png` });
      120 |     await new Promise<void>((resolve, reject) => { foreign.close(error => error ? reject(error) : resolve()); foreign.closeAllConnections(); });
      121 |    }
        at E:\openhoi\.orchestrator\wt\WP-08\client\e2e-m1\map-redirect.spec.ts:118:271

    Error Context: test-results\map-redirect-WP08-P06-inde-8504b-reign-request-on-first-load-webkit\error-context.md

  8) [webkit] › e2e-m1\map-redirect.spec.ts:14:3 › WP08 P06 index CORS redirect sends no foreign request after valid selection

    Error: route.fulfill: Cannot fulfill with redirect status: 302

      44 |     control.on('response', r => { if (r.status() === 302) controlRedirects.push({ status: r.status(), location: r.headers().location }); });
      45 |     await control.goto('/fonts/OFL.txt');
    > 46 |     await control.route('**/map-fetch-control', r => r.fulfill({ status: 302, headers: { location: foreignURL } }));
         |                                                        ^
      47 |     controlEvidence = await control.evaluate(async () => {
      48 |      const response = await fetch('/map-fetch-control', { mode: 'cors', redirect: 'follow' });
      49 |      return { status: response.status, url: response.url, redirected: response.redirected, cors: response.type, packHash: response.headers.get('x-pack-hash'), body: Array.from(new Uint8Array(await response.arrayBuffer())) };
        at E:\openhoi\.orchestrator\wt\WP-08\client\e2e-m1\map-redirect.spec.ts:46:56

    Error: locator.allTextContents: Target page, context or browser has been closed

      116 |     expect(errors).toEqual([]);
      117 |    } finally {
    > 118 |     writeFileSync(`${evidence}/${info.project.name}-${resource}-${reload}.json`, JSON.stringify({ resource, reload, controlEvidence, foreignURL, foreignHits, requests, suppliedRedirects, failures, responseEvents: redirects, errors, alerts: await page.getByRole('alert').allTextContents(), canvasCount: await page.getByTestId('province-map').locator('canvas').count() }, null, 2));
          |                                                                                                                                                                                                                                                                               ^
      119 |     await page.screenshot({ path: `${evidence}/${info.project.name}-${resource}-${reload}.png` });
      120 |     await new Promise<void>((resolve, reject) => { foreign.close(error => error ? reject(error) : resolve()); foreign.closeAllConnections(); });
      121 |    }
        at E:\openhoi\.orchestrator\wt\WP-08\client\e2e-m1\map-redirect.spec.ts:118:271

    Error Context: test-results\map-redirect-WP08-P06-inde-ac0ff-quest-after-valid-selection-webkit\error-context.md

  9) [webkit] › e2e-m1\map-redirect.spec.ts:126:56 › WP08 P06 metadata same-origin redirect is also rejected before follow

    Error: route.fulfill: Cannot fulfill with redirect status: 302

      132 |  await page.route(resource === 'metadata' ? '**/maps/testland/metadata' : '**/maps/testland/index.bin?*', async route => {
      133 |   if (new URL(route.request().url()).searchParams.has('alias')) await route.continue();
    > 134 |   else await route.fulfill({ status: 302, headers: { location: alias } });
          |                    ^
      135 |  });
      136 |  try {
      137 |   await page.goto('/?forceWebGL=1');
        at E:\openhoi\.orchestrator\wt\WP-08\client\e2e-m1\map-redirect.spec.ts:134:20

    Error: locator.allTextContents: Target page, context or browser has been closed

      140 |   expect(requests.filter(url => new URL(url).searchParams.has('alias'))).toEqual([]);
      141 |  } finally {
    > 142 |   writeFileSync(`${evidence}/${info.project.name}-${resource}-local.json`, JSON.stringify({ path, alias, directStatus: direct.status(), requests, alerts: await page.getByRole('alert').allTextContents() }, null, 2));
          |                                                                                                                                                                                         ^
      143 |  }
      144 | });
      145 |
        at E:\openhoi\.orchestrator\wt\WP-08\client\e2e-m1\map-redirect.spec.ts:142:185

    Error Context: test-results\map-redirect-WP08-P06-meta-eac93-also-rejected-before-follow-webkit\error-context.md

  10) [webkit] › e2e-m1\map-redirect.spec.ts:126:56 › WP08 P06 index same-origin redirect is also rejected before follow

    Error: route.fulfill: Cannot fulfill with redirect status: 302

      132 |  await page.route(resource === 'metadata' ? '**/maps/testland/metadata' : '**/maps/testland/index.bin?*', async route => {
      133 |   if (new URL(route.request().url()).searchParams.has('alias')) await route.continue();
    > 134 |   else await route.fulfill({ status: 302, headers: { location: alias } });
          |                    ^
      135 |  });
      136 |  try {
      137 |   await page.goto('/?forceWebGL=1');
        at E:\openhoi\.orchestrator\wt\WP-08\client\e2e-m1\map-redirect.spec.ts:134:20

    Error: locator.allTextContents: Target page, context or browser has been closed

      140 |   expect(requests.filter(url => new URL(url).searchParams.has('alias'))).toEqual([]);
      141 |  } finally {
    > 142 |   writeFileSync(`${evidence}/${info.project.name}-${resource}-local.json`, JSON.stringify({ path, alias, directStatus: direct.status(), requests, alerts: await page.getByRole('alert').allTextContents() }, null, 2));
          |                                                                                                                                                                                         ^
      143 |  }
      144 | });
      145 |
        at E:\openhoi\.orchestrator\wt\WP-08\client\e2e-m1\map-redirect.spec.ts:142:185

    Error Context: test-results\map-redirect-WP08-P06-inde-0e399-also-rejected-before-follow-webkit\error-context.md

  10 failed
    [firefox] › e2e-m1\map-redirect.spec.ts:14:3 › WP08 P06 metadata CORS redirect sends no foreign request on first load
    [firefox] › e2e-m1\map-redirect.spec.ts:14:3 › WP08 P06 metadata CORS redirect sends no foreign request after valid selection
    [firefox] › e2e-m1\map-redirect.spec.ts:14:3 › WP08 P06 index CORS redirect sends no foreign request on first load
    [firefox] › e2e-m1\map-redirect.spec.ts:14:3 › WP08 P06 index CORS redirect sends no foreign request after valid selection
    [webkit] › e2e-m1\map-redirect.spec.ts:14:3 › WP08 P06 metadata CORS redirect sends no foreign request on first load
    [webkit] › e2e-m1\map-redirect.spec.ts:14:3 › WP08 P06 metadata CORS redirect sends no foreign request after valid selection
    [webkit] › e2e-m1\map-redirect.spec.ts:14:3 › WP08 P06 index CORS redirect sends no foreign request on first load
    [webkit] › e2e-m1\map-redirect.spec.ts:14:3 › WP08 P06 index CORS redirect sends no foreign request after valid selection
    [webkit] › e2e-m1\map-redirect.spec.ts:126:56 › WP08 P06 metadata same-origin redirect is also rejected before follow
    [webkit] › e2e-m1\map-redirect.spec.ts:126:56 › WP08 P06 index same-origin redirect is also rejected before follow
  20 passed (21.4s)
