
Running 6 tests using 1 worker

(node:4376) Warning: The 'NO_COLOR' env is ignored due to the 'FORCE_COLOR' env being set.
(Use `node --trace-warnings ...` to show where the warning was created)
  x  1 [chromium] › e2e-m1\map-redirect.spec.ts:14:3 › WP08 P06 metadata CORS redirect sends no foreign request on first load (428ms)
(node:34216) Warning: The 'NO_COLOR' env is ignored due to the 'FORCE_COLOR' env being set.
(Use `node --trace-warnings ...` to show where the warning was created)
  x  2 [chromium] › e2e-m1\map-redirect.spec.ts:14:3 › WP08 P06 metadata CORS redirect sends no foreign request after valid selection (752ms)
(node:20976) Warning: The 'NO_COLOR' env is ignored due to the 'FORCE_COLOR' env being set.
(Use `node --trace-warnings ...` to show where the warning was created)
  x  3 [chromium] › e2e-m1\map-redirect.spec.ts:14:3 › WP08 P06 index CORS redirect sends no foreign request on first load (421ms)
(node:13476) Warning: The 'NO_COLOR' env is ignored due to the 'FORCE_COLOR' env being set.
(Use `node --trace-warnings ...` to show where the warning was created)
  x  4 [chromium] › e2e-m1\map-redirect.spec.ts:14:3 › WP08 P06 index CORS redirect sends no foreign request after valid selection (790ms)
(node:35220) Warning: The 'NO_COLOR' env is ignored due to the 'FORCE_COLOR' env being set.
(Use `node --trace-warnings ...` to show where the warning was created)
  ok 5 [chromium] › e2e-m1\map-redirect.spec.ts:117:56 › WP08 P06 metadata same-origin redirect is also rejected before follow (295ms)
  ok 6 [chromium] › e2e-m1\map-redirect.spec.ts:117:56 › WP08 P06 index same-origin redirect is also rejected before follow (256ms)


  1) [chromium] › e2e-m1\map-redirect.spec.ts:14:3 › WP08 P06 metadata CORS redirect sends no foreign request on first load

    Error: expect(received).toHaveLength(expected)

    Expected length: 1
    Received length: 0
    Received array:  []

      94 |     expect(foreignHits).toEqual([]);
      95 |     expect(requests.every(url => new URL(url).origin === new URL(page.url()).origin)).toBe(true);
    > 96 |     expect(redirects).toHaveLength(1); expect(redirects[0]).toMatchObject({ status: 302, location: foreignURL });
         |                       ^
      97 |     await expect(page.getByTestId('connection')).toHaveText('Connected');
      98 |     if (before) {
      99 |      await expect(page.getByTestId('tick')).toHaveText(before.tick!);
        at E:\openhoi\.orchestrator\wt\WP-08\client\e2e-m1\map-redirect.spec.ts:96:23

    Error Context: test-results\map-redirect-WP08-P06-meta-4c122-reign-request-on-first-load-chromium\error-context.md

  2) [chromium] › e2e-m1\map-redirect.spec.ts:14:3 › WP08 P06 metadata CORS redirect sends no foreign request after valid selection

    Error: expect(received).toHaveLength(expected)

    Expected length: 1
    Received length: 0
    Received array:  []

      94 |     expect(foreignHits).toEqual([]);
      95 |     expect(requests.every(url => new URL(url).origin === new URL(page.url()).origin)).toBe(true);
    > 96 |     expect(redirects).toHaveLength(1); expect(redirects[0]).toMatchObject({ status: 302, location: foreignURL });
         |                       ^
      97 |     await expect(page.getByTestId('connection')).toHaveText('Connected');
      98 |     if (before) {
      99 |      await expect(page.getByTestId('tick')).toHaveText(before.tick!);
        at E:\openhoi\.orchestrator\wt\WP-08\client\e2e-m1\map-redirect.spec.ts:96:23

    Error Context: test-results\map-redirect-WP08-P06-meta-ec1da-quest-after-valid-selection-chromium\error-context.md

  3) [chromium] › e2e-m1\map-redirect.spec.ts:14:3 › WP08 P06 index CORS redirect sends no foreign request on first load

    Error: expect(received).toHaveLength(expected)

    Expected length: 1
    Received length: 0
    Received array:  []

      94 |     expect(foreignHits).toEqual([]);
      95 |     expect(requests.every(url => new URL(url).origin === new URL(page.url()).origin)).toBe(true);
    > 96 |     expect(redirects).toHaveLength(1); expect(redirects[0]).toMatchObject({ status: 302, location: foreignURL });
         |                       ^
      97 |     await expect(page.getByTestId('connection')).toHaveText('Connected');
      98 |     if (before) {
      99 |      await expect(page.getByTestId('tick')).toHaveText(before.tick!);
        at E:\openhoi\.orchestrator\wt\WP-08\client\e2e-m1\map-redirect.spec.ts:96:23

    Error Context: test-results\map-redirect-WP08-P06-inde-8504b-reign-request-on-first-load-chromium\error-context.md

  4) [chromium] › e2e-m1\map-redirect.spec.ts:14:3 › WP08 P06 index CORS redirect sends no foreign request after valid selection

    Error: expect(received).toHaveLength(expected)

    Expected length: 1
    Received length: 0
    Received array:  []

      94 |     expect(foreignHits).toEqual([]);
      95 |     expect(requests.every(url => new URL(url).origin === new URL(page.url()).origin)).toBe(true);
    > 96 |     expect(redirects).toHaveLength(1); expect(redirects[0]).toMatchObject({ status: 302, location: foreignURL });
         |                       ^
      97 |     await expect(page.getByTestId('connection')).toHaveText('Connected');
      98 |     if (before) {
      99 |      await expect(page.getByTestId('tick')).toHaveText(before.tick!);
        at E:\openhoi\.orchestrator\wt\WP-08\client\e2e-m1\map-redirect.spec.ts:96:23

    Error Context: test-results\map-redirect-WP08-P06-inde-ac0ff-quest-after-valid-selection-chromium\error-context.md

  4 failed
    [chromium] › e2e-m1\map-redirect.spec.ts:14:3 › WP08 P06 metadata CORS redirect sends no foreign request on first load
    [chromium] › e2e-m1\map-redirect.spec.ts:14:3 › WP08 P06 metadata CORS redirect sends no foreign request after valid selection
    [chromium] › e2e-m1\map-redirect.spec.ts:14:3 › WP08 P06 index CORS redirect sends no foreign request on first load
    [chromium] › e2e-m1\map-redirect.spec.ts:14:3 › WP08 P06 index CORS redirect sends no foreign request after valid selection
  2 passed (6.7s)
