
Running 60 tests using 3 workers

(node:28408) Warning: The 'NO_COLOR' env is ignored due to the 'FORCE_COLOR' env being set.
(Use `node --trace-warnings ...` to show where the warning was created)
(node:12168) Warning: The 'NO_COLOR' env is ignored due to the 'FORCE_COLOR' env being set.
(Use `node --trace-warnings ...` to show where the warning was created)
(node:31424) Warning: The 'NO_COLOR' env is ignored due to the 'FORCE_COLOR' env being set.
(Use `node --trace-warnings ...` to show where the warning was created)
  ok  3 [chrome] › e2e\localization.spec.ts:9:1 › REQ-LOC-01 REQ-LOC-02 actual Rust executable ko/en switch and local CJK font (1.1s)
  ok  4 [chrome] › e2e\localization.spec.ts:58:1 › REQ-LOC-01 actual server Notice and CommandResult failure translate on language switch (433ms)
  ok  2 [chrome] › e2e\malformed.spec.ts:7:1 › P-06 malformed MessagePack Snapshot preserves shell and closes connection (1.6s)
  ok  1 [chrome] › e2e\network.spec.ts:6:1 › REQ-GEN-01 REQ-TIME-01 REQ-NET-01 authoritative pause, five speeds and date (1.9s)
  ok  7 [chrome] › e2e\network.spec.ts:31:1 › REQ-NET-02 executable serves built assets and ko/en localization (43ms)
  ok  5 [chrome] › e2e\localization.spec.ts:75:1 › REQ-LOC-01 actual server Notice renders through Fluent (477ms)
  ok  6 [chrome] › e2e\shell.spec.ts:3:1 › REQ-PLAT-01 built client loads without browser errors (403ms)
  ok  9 [chrome] › e2e\localization.spec.ts:89:1 › AC-M1-03 ledger display fixture opens with keyboard and preserves supplied values (650ms)
(node:1836) Warning: The 'NO_COLOR' env is ignored due to the 'FORCE_COLOR' env being set.
(Use `node --trace-warnings ...` to show where the warning was created)
(node:1368) Warning: The 'NO_COLOR' env is ignored due to the 'FORCE_COLOR' env being set.
(Use `node --trace-warnings ...` to show where the warning was created)
  ok  8 [chrome] › e2e\network.spec.ts:44:1 › REQ-NET-01 version mismatch, acceptance, rejection and unsupported scope (1.9s)
  ok 10 [edge] › e2e\localization.spec.ts:9:1 › REQ-LOC-01 REQ-LOC-02 actual Rust executable ko/en switch and local CJK font (817ms)
  ok 13 [edge] › e2e\localization.spec.ts:58:1 › REQ-LOC-01 actual server Notice and CommandResult failure translate on language switch (495ms)
  ok 14 [edge] › e2e\localization.spec.ts:75:1 › REQ-LOC-01 actual server Notice renders through Fluent (306ms)
  ok 12 [chrome] › e2e\network.spec.ts:73:1 › REQ-NET-01 Create, supported query, Delta and explicit refusal (1.1s)
  ok 11 [edge] › e2e\malformed.spec.ts:7:1 › P-06 malformed MessagePack Snapshot preserves shell and closes connection (1.5s)
  ok 16 [chrome] › e2e\network.spec.ts:101:1 › REQ-NET-02 ko localization (441ms)
  ok 15 [edge] › e2e\localization.spec.ts:89:1 › AC-M1-03 ledger display fixture opens with keyboard and preserves supplied values (516ms)
  ok 19 [edge] › e2e\shell.spec.ts:3:1 › REQ-PLAT-01 built client loads without browser errors (283ms)
(node:30412) Warning: The 'NO_COLOR' env is ignored due to the 'FORCE_COLOR' env being set.
(Use `node --trace-warnings ...` to show where the warning was created)
  ok 18 [chrome] › e2e\network.spec.ts:112:1 › REQ-GEN-05 REQ-NET-05 server disconnect freezes displayed time and input (1.2s)
  ok 17 [edge] › e2e\network.spec.ts:6:1 › REQ-GEN-01 REQ-TIME-01 REQ-NET-01 authoritative pause, five speeds and date (1.7s)
  ok 21 [edge] › e2e\network.spec.ts:31:1 › REQ-NET-02 executable serves built assets and ko/en localization (23ms)
(node:35152) Warning: The 'NO_COLOR' env is ignored due to the 'FORCE_COLOR' env being set.
(Use `node --trace-warnings ...` to show where the warning was created)
  ok 20 [chromium] › e2e\localization.spec.ts:9:1 › REQ-LOC-01 REQ-LOC-02 actual Rust executable ko/en switch and local CJK font (578ms)
  ok 23 [chromium] › e2e\localization.spec.ts:58:1 › REQ-LOC-01 actual server Notice and CommandResult failure translate on language switch (404ms)
  ok 25 [chromium] › e2e\localization.spec.ts:75:1 › REQ-LOC-01 actual server Notice renders through Fluent (227ms)
  ok 26 [chromium] › e2e\localization.spec.ts:89:1 › AC-M1-03 ledger display fixture opens with keyboard and preserves supplied values (353ms)
  ok 24 [chromium] › e2e\malformed.spec.ts:7:1 › P-06 malformed MessagePack Snapshot preserves shell and closes connection (1.3s)
  ok 22 [edge] › e2e\network.spec.ts:44:1 › REQ-NET-01 version mismatch, acceptance, rejection and unsupported scope (1.8s)
  ok 28 [chromium] › e2e\shell.spec.ts:3:1 › REQ-PLAT-01 built client loads without browser errors (184ms)
(node:128) Warning: The 'NO_COLOR' env is ignored due to the 'FORCE_COLOR' env being set.
(Use `node --trace-warnings ...` to show where the warning was created)
  ok 27 [chromium] › e2e\network.spec.ts:6:1 › REQ-GEN-01 REQ-TIME-01 REQ-NET-01 authoritative pause, five speeds and date (1.5s)
  ok 31 [chromium] › e2e\network.spec.ts:31:1 › REQ-NET-02 executable serves built assets and ko/en localization (14ms)
  ok 29 [edge] › e2e\network.spec.ts:73:1 › REQ-NET-01 Create, supported query, Delta and explicit refusal (988ms)
  ok 33 [edge] › e2e\network.spec.ts:101:1 › REQ-NET-02 ko localization (469ms)
  ok 34 [edge] › e2e\network.spec.ts:112:1 › REQ-GEN-05 REQ-NET-05 server disconnect freezes displayed time and input (1.1s)
  ok 32 [chromium] › e2e\network.spec.ts:44:1 › REQ-NET-01 version mismatch, acceptance, rejection and unsupported scope (1.7s)
(node:23828) Warning: The 'NO_COLOR' env is ignored due to the 'FORCE_COLOR' env being set.
(Use `node --trace-warnings ...` to show where the warning was created)
  ok 35 [chromium] › e2e\network.spec.ts:73:1 › REQ-NET-01 Create, supported query, Delta and explicit refusal (945ms)
  ok 30 [firefox] › e2e\localization.spec.ts:9:1 › REQ-LOC-01 REQ-LOC-02 actual Rust executable ko/en switch and local CJK font (2.5s)
  ok 37 [chromium] › e2e\network.spec.ts:101:1 › REQ-NET-02 ko localization (402ms)
  ok 38 [firefox] › e2e\localization.spec.ts:58:1 › REQ-LOC-01 actual server Notice and CommandResult failure translate on language switch (671ms)
  ok 40 [firefox] › e2e\localization.spec.ts:75:1 › REQ-LOC-01 actual server Notice renders through Fluent (451ms)
  ok 39 [chromium] › e2e\network.spec.ts:112:1 › REQ-GEN-05 REQ-NET-05 server disconnect freezes displayed time and input (1.1s)
  ok 41 [firefox] › e2e\localization.spec.ts:89:1 › AC-M1-03 ledger display fixture opens with keyboard and preserves supplied values (637ms)
(node:7452) Warning: The 'NO_COLOR' env is ignored due to the 'FORCE_COLOR' env being set.
(Use `node --trace-warnings ...` to show where the warning was created)
  ok 42 [firefox] › e2e\shell.spec.ts:3:1 › REQ-PLAT-01 built client loads without browser errors (424ms)
(node:24512) Warning: The 'NO_COLOR' env is ignored due to the 'FORCE_COLOR' env being set.
(Use `node --trace-warnings ...` to show where the warning was created)
  ok 36 [firefox] › e2e\malformed.spec.ts:7:1 › P-06 malformed MessagePack Snapshot preserves shell and closes connection (3.3s)
(node:28336) Warning: The 'NO_COLOR' env is ignored due to the 'FORCE_COLOR' env being set.
(Use `node --trace-warnings ...` to show where the warning was created)
  ok 44 [webkit] › e2e\localization.spec.ts:9:1 › REQ-LOC-01 REQ-LOC-02 actual Rust executable ko/en switch and local CJK font (973ms)
  ok 45 [webkit] › e2e\localization.spec.ts:58:1 › REQ-LOC-01 actual server Notice and CommandResult failure translate on language switch (689ms)
  ok 43 [firefox] › e2e\network.spec.ts:6:1 › REQ-GEN-01 REQ-TIME-01 REQ-NET-01 authoritative pause, five speeds and date (2.6s)
  ok 48 [firefox] › e2e\network.spec.ts:31:1 › REQ-NET-02 executable serves built assets and ko/en localization (21ms)
  ok 47 [webkit] › e2e\localization.spec.ts:75:1 › REQ-LOC-01 actual server Notice renders through Fluent (520ms)
  ok 46 [webkit] › e2e\malformed.spec.ts:7:1 › P-06 malformed MessagePack Snapshot preserves shell and closes connection (1.4s)
  ok 50 [webkit] › e2e\localization.spec.ts:89:1 › AC-M1-03 ledger display fixture opens with keyboard and preserves supplied values (702ms)
  ok 52 [webkit] › e2e\shell.spec.ts:3:1 › REQ-PLAT-01 built client loads without browser errors (273ms)
  ok 49 [firefox] › e2e\network.spec.ts:44:1 › REQ-NET-01 version mismatch, acceptance, rejection and unsupported scope (1.9s)
  ok 53 [firefox] › e2e\network.spec.ts:73:1 › REQ-NET-01 Create, supported query, Delta and explicit refusal (1.1s)
  ok 54 [firefox] › e2e\network.spec.ts:101:1 › REQ-NET-02 ko localization (456ms)
  ok 51 [webkit] › e2e\network.spec.ts:6:1 › REQ-GEN-01 REQ-TIME-01 REQ-NET-01 authoritative pause, five speeds and date (2.9s)
  ok 56 [webkit] › e2e\network.spec.ts:31:1 › REQ-NET-02 executable serves built assets and ko/en localization (20ms)
  ok 55 [firefox] › e2e\network.spec.ts:112:1 › REQ-GEN-05 REQ-NET-05 server disconnect freezes displayed time and input (1.2s)
  ok 57 [webkit] › e2e\network.spec.ts:44:1 › REQ-NET-01 version mismatch, acceptance, rejection and unsupported scope (1.8s)
  ok 58 [webkit] › e2e\network.spec.ts:73:1 › REQ-NET-01 Create, supported query, Delta and explicit refusal (961ms)
  ok 59 [webkit] › e2e\network.spec.ts:101:1 › REQ-NET-02 ko localization (683ms)
  ok 60 [webkit] › e2e\network.spec.ts:112:1 › REQ-GEN-05 REQ-NET-05 server disconnect freezes displayed time and input (1.4s)

  60 passed (27.5s)
