
Running 165 tests using 3 workers

(node:31280) Warning: The 'NO_COLOR' env is ignored due to the 'FORCE_COLOR' env being set.
(Use `node --trace-warnings ...` to show where the warning was created)
(node:10444) Warning: The 'NO_COLOR' env is ignored due to the 'FORCE_COLOR' env being set.
(Use `node --trace-warnings ...` to show where the warning was created)
(node:12464) Warning: The 'NO_COLOR' env is ignored due to the 'FORCE_COLOR' env being set.
(Use `node --trace-warnings ...` to show where the warning was created)
  ok   2 [chrome] › e2e-m1\map-redirect.spec.ts:15:3 › WP08 P06 metadata CORS redirect sends no foreign request on first load (1.0s)
  ok   4 [chrome] › e2e-m1\map-redirect.spec.ts:15:3 › WP08 P06 metadata CORS redirect sends no foreign request after valid selection (1.0s)
  ok   1 [chrome] › e2e-m1\malformed-world.spec.ts:5:1 › M1 malformed decoded ledger preserves last valid panel and closes connection (2.1s)
  ok   3 [chrome] › e2e-m1\map.spec.ts:11:1 › REQ-MAP-04/05 PLAT-03 actual map pixels, modes, pick and viewport (2.5s)
  ok   5 [chrome] › e2e-m1\map-redirect.spec.ts:15:3 › WP08 P06 index CORS redirect sends no foreign request on first load (699ms)
  ok   8 [chrome] › e2e-m1\map-redirect.spec.ts:15:3 › WP08 P06 index CORS redirect sends no foreign request after valid selection (1.0s)
  ok   6 [chrome] › e2e-m1\national.spec.ts:6:1 › AC-M1-03 actual Rust M1 panels, separate owner/control, ledger, languages and time (1.7s)
  ok   9 [chrome] › e2e-m1\map-redirect.spec.ts:137:56 › WP08 P06 metadata same-origin redirect is also rejected before follow (384ms)
  ok   7 [chrome] › e2e-m1\map.spec.ts:40:1 › REQ-PLAT-03 preferred actual backend produces the same map RGB and source shader (1.9s)
  ok  11 [chrome] › e2e-m1\map-redirect.spec.ts:137:56 › WP08 P06 index same-origin redirect is also rejected before follow (438ms)
  ok  10 [chrome] › e2e-m1\national.spec.ts:31:1 › REQ-NAT-01 MAP-08 actual query metadata, dense mapping, colors and refusal (778ms)
(node:13568) Warning: The 'NO_COLOR' env is ignored due to the 'FORCE_COLOR' env being set.
(Use `node --trace-warnings ...` to show where the warning was created)
(node:8676) Warning: The 'NO_COLOR' env is ignored due to the 'FORCE_COLOR' env being set.
(Use `node --trace-warnings ...` to show where the warning was created)
  ok  12 [chrome] › e2e-m1\map.spec.ts:48:1 › REQ-MAP-04 changed server RGB updates only affected lookup texel on actual backend (1.2s)
  ok  14 [edge] › e2e-m1\map-redirect.spec.ts:15:3 › WP08 P06 metadata CORS redirect sends no foreign request on first load (1.0s)
  ok  15 [chrome] › e2e-m1\map.spec.ts:52:1 › REQ-MAP-04/05 RG8 high dense byte and LUT second row pick real ID65535 (1.5s)
  ok  13 [edge] › e2e-m1\malformed-world.spec.ts:5:1 › M1 malformed decoded ledger preserves last valid panel and closes connection (2.1s)
  ok  16 [edge] › e2e-m1\map-redirect.spec.ts:15:3 › WP08 P06 metadata CORS redirect sends no foreign request after valid selection (1.1s)
  ok  19 [edge] › e2e-m1\map-redirect.spec.ts:15:3 › WP08 P06 index CORS redirect sends no foreign request on first load (611ms)
  ok  18 [edge] › e2e-m1\map.spec.ts:11:1 › REQ-MAP-04/05 PLAT-03 actual map pixels, modes, pick and viewport (1.7s)
  ok  20 [edge] › e2e-m1\map-redirect.spec.ts:15:3 › WP08 P06 index CORS redirect sends no foreign request after valid selection (968ms)
  ok  22 [edge] › e2e-m1\map-redirect.spec.ts:137:56 › WP08 P06 metadata same-origin redirect is also rejected before follow (447ms)
  ok  17 [chrome] › e2e-m1\map.spec.ts:59:33 › REQ-MAP-05 independent three border pixel oracle, u16 sentinel and camera preferred (2.6s)
  ok  23 [edge] › e2e-m1\map-redirect.spec.ts:137:56 › WP08 P06 index same-origin redirect is also rejected before follow (439ms)
  ok  21 [edge] › e2e-m1\map.spec.ts:40:1 › REQ-PLAT-03 preferred actual backend produces the same map RGB and source shader (1.7s)
  ok  24 [chrome] › e2e-m1\map.spec.ts:59:33 › REQ-MAP-05 independent three border pixel oracle, u16 sentinel and camera WebGL2 (1.9s)
  ok  25 [edge] › e2e-m1\national.spec.ts:6:1 › AC-M1-03 actual Rust M1 panels, separate owner/control, ledger, languages and time (1.7s)
  ok  26 [edge] › e2e-m1\map.spec.ts:48:1 › REQ-MAP-04 changed server RGB updates only affected lookup texel on actual backend (1.1s)
  ok  27 [chrome] › e2e-m1\map.spec.ts:93:93 › REQ-PLAT-03 missingGPU falls back to actual WebGL2 pixels (577ms)
  ok  28 [edge] › e2e-m1\national.spec.ts:31:1 › REQ-NAT-01 MAP-08 actual query metadata, dense mapping, colors and refusal (789ms)
  ok  30 [chrome] › e2e-m1\map.spec.ts:93:93 › REQ-PLAT-03 nullAdapter falls back to actual WebGL2 pixels (562ms)
(node:9872) Warning: The 'NO_COLOR' env is ignored due to the 'FORCE_COLOR' env being set.
(Use `node --trace-warnings ...` to show where the warning was created)
  ok  31 [chrome] › e2e-m1\map.spec.ts:93:93 › REQ-PLAT-03 adapterReject falls back to actual WebGL2 pixels (539ms)
  ok  29 [edge] › e2e-m1\map.spec.ts:52:1 › REQ-MAP-04/05 RG8 high dense byte and LUT second row pick real ID65535 (1.4s)
  ok  32 [chrome] › e2e-m1\map.spec.ts:93:93 › REQ-PLAT-03 deviceReject falls back to actual WebGL2 pixels (601ms)
  ok  35 [chrome] › e2e-m1\map.spec.ts:93:93 › REQ-PLAT-03 insecure falls back to actual WebGL2 pixels (629ms)
  ok  36 [chrome] › e2e-m1\map.spec.ts:104:1 › REQ-PLAT-03 no backend shows localized notices (495ms)
  ok  33 [chromium] › e2e-m1\malformed-world.spec.ts:5:1 › M1 malformed decoded ledger preserves last valid panel and closes connection (1.9s)
  ok  37 [chrome] › e2e-m1\map.spec.ts:108:1 › REQ-PLAT-03 actual WebGL2 texture limit is checked before texture creation (450ms)
  ok  39 [chrome] › e2e-m1\map.spec.ts:112:1 › REQ-MAP-04 missing bundled index fails visibly without external download (442ms)
  ok  38 [chromium] › e2e-m1\map-redirect.spec.ts:15:3 › WP08 P06 metadata CORS redirect sends no foreign request on first load (474ms)
  ok  34 [edge] › e2e-m1\map.spec.ts:59:33 › REQ-MAP-05 independent three border pixel oracle, u16 sentinel and camera preferred (2.6s)
  ok  40 [chrome] › e2e-m1\map.spec.ts:116:116 › REQ-MAP-04 schema boundary oldVersion rejects atomically (398ms)
  ok  43 [chrome] › e2e-m1\map.spec.ts:116:116 › REQ-MAP-04 schema boundary futureVersion rejects atomically (476ms)
  ok  41 [chromium] › e2e-m1\map-redirect.spec.ts:15:3 › WP08 P06 metadata CORS redirect sends no foreign request after valid selection (923ms)
  ok  44 [chrome] › e2e-m1\map.spec.ts:116:116 › REQ-MAP-04 schema boundary wrongPack rejects atomically (359ms)
  ok  45 [chromium] › e2e-m1\map-redirect.spec.ts:15:3 › WP08 P06 index CORS redirect sends no foreign request on first load (464ms)
  ok  46 [chrome] › e2e-m1\map.spec.ts:116:116 › REQ-MAP-04 schema boundary duplicateIds rejects atomically (414ms)
  ok  48 [chrome] › e2e-m1\map.spec.ts:116:116 › REQ-MAP-04 schema boundary badStyle rejects atomically (472ms)
  ok  42 [edge] › e2e-m1\map.spec.ts:59:33 › REQ-MAP-05 independent three border pixel oracle, u16 sentinel and camera WebGL2 (2.1s)
  ok  47 [chromium] › e2e-m1\map-redirect.spec.ts:15:3 › WP08 P06 index CORS redirect sends no foreign request after valid selection (932ms)
  ok  49 [chrome] › e2e-m1\map.spec.ts:116:116 › REQ-MAP-04 schema boundary shortBytes rejects atomically (470ms)
  ok  51 [chromium] › e2e-m1\map-redirect.spec.ts:137:56 › WP08 P06 metadata same-origin redirect is also rejected before follow (311ms)
  ok  50 [edge] › e2e-m1\map.spec.ts:93:93 › REQ-PLAT-03 missingGPU falls back to actual WebGL2 pixels (579ms)
  ok  53 [chromium] › e2e-m1\map-redirect.spec.ts:137:56 › WP08 P06 index same-origin redirect is also rejected before follow (358ms)
  ok  52 [chrome] › e2e-m1\map.spec.ts:116:116 › REQ-MAP-04 schema boundary wrongHash rejects atomically (411ms)
  ok  54 [edge] › e2e-m1\map.spec.ts:93:93 › REQ-PLAT-03 nullAdapter falls back to actual WebGL2 pixels (554ms)
  ok  57 [edge] › e2e-m1\map.spec.ts:93:93 › REQ-PLAT-03 adapterReject falls back to actual WebGL2 pixels (563ms)
  ok  58 [edge] › e2e-m1\map.spec.ts:93:93 › REQ-PLAT-03 deviceReject falls back to actual WebGL2 pixels (550ms)
  ok  56 [chromium] › e2e-m1\map.spec.ts:11:1 › REQ-MAP-04/05 PLAT-03 actual map pixels, modes, pick and viewport (1.5s)
  ok  55 [chrome] › e2e-m1\map.spec.ts:126:70 › REQ-MAP-05 dangling preserves last valid map and closes wire (1.6s)
  ok  59 [edge] › e2e-m1\map.spec.ts:93:93 › REQ-PLAT-03 insecure falls back to actual WebGL2 pixels (598ms)
  ok  62 [edge] › e2e-m1\map.spec.ts:104:1 › REQ-PLAT-03 no backend shows localized notices (436ms)
  ok  63 [edge] › e2e-m1\map.spec.ts:108:1 › REQ-PLAT-03 actual WebGL2 texture limit is checked before texture creation (428ms)
  ok  60 [chromium] › e2e-m1\map.spec.ts:40:1 › REQ-PLAT-03 preferred actual backend produces the same map RGB and source shader (1.4s)
  ok  61 [chrome] › e2e-m1\map.spec.ts:126:70 › REQ-MAP-05 changedDimensions preserves last valid map and closes wire (1.6s)
  ok  64 [edge] › e2e-m1\map.spec.ts:112:1 › REQ-MAP-04 missing bundled index fails visibly without external download (459ms)
  ok  67 [edge] › e2e-m1\map.spec.ts:116:116 › REQ-MAP-04 schema boundary oldVersion rejects atomically (432ms)
  ok  68 [edge] › e2e-m1\map.spec.ts:116:116 › REQ-MAP-04 schema boundary futureVersion rejects atomically (439ms)
  ok  65 [chromium] › e2e-m1\map.spec.ts:48:1 › REQ-MAP-04 changed server RGB updates only affected lookup texel on actual backend (1.5s)
  ok  69 [edge] › e2e-m1\map.spec.ts:116:116 › REQ-MAP-04 schema boundary wrongPack rejects atomically (403ms)
  ok  66 [chrome] › e2e-m1\map.spec.ts:126:70 › REQ-MAP-05 changedDense preserves last valid map and closes wire (1.6s)
  ok  71 [edge] › e2e-m1\map.spec.ts:116:116 › REQ-MAP-04 schema boundary duplicateIds rejects atomically (374ms)
  ok  70 [chromium] › e2e-m1\map.spec.ts:52:1 › REQ-MAP-04/05 RG8 high dense byte and LUT second row pick real ID65535 (592ms)
(node:11292) Warning: The 'NO_COLOR' env is ignored due to the 'FORCE_COLOR' env being set.
(Use `node --trace-warnings ...` to show where the warning was created)
  ok  72 [edge] › e2e-m1\map.spec.ts:116:116 › REQ-MAP-04 schema boundary badStyle rejects atomically (412ms)
  ok  74 [edge] › e2e-m1\map.spec.ts:116:116 › REQ-MAP-04 schema boundary shortBytes rejects atomically (498ms)
  ok  76 [edge] › e2e-m1\map.spec.ts:116:116 › REQ-MAP-04 schema boundary wrongHash rejects atomically (545ms)
  ok  73 [chromium] › e2e-m1\map.spec.ts:59:33 › REQ-MAP-05 independent three border pixel oracle, u16 sentinel and camera preferred (2.5s)
  ok  75 [chromium] › e2e-m1\national.spec.ts:6:1 › AC-M1-03 actual Rust M1 panels, separate owner/control, ledger, languages and time (2.1s)
  ok  77 [edge] › e2e-m1\map.spec.ts:126:70 › REQ-MAP-05 dangling preserves last valid map and closes wire (1.8s)
  ok  79 [chromium] › e2e-m1\national.spec.ts:31:1 › REQ-NAT-01 MAP-08 actual query metadata, dense mapping, colors and refusal (744ms)
(node:2400) Warning: The 'NO_COLOR' env is ignored due to the 'FORCE_COLOR' env being set.
(Use `node --trace-warnings ...` to show where the warning was created)
  ok  78 [chromium] › e2e-m1\map.spec.ts:59:33 › REQ-MAP-05 independent three border pixel oracle, u16 sentinel and camera WebGL2 (2.2s)
  ok  80 [edge] › e2e-m1\map.spec.ts:126:70 › REQ-MAP-05 changedDimensions preserves last valid map and closes wire (1.7s)
  ok  82 [chromium] › e2e-m1\map.spec.ts:93:93 › REQ-PLAT-03 missingGPU falls back to actual WebGL2 pixels (528ms)
  ok  84 [chromium] › e2e-m1\map.spec.ts:93:93 › REQ-PLAT-03 nullAdapter falls back to actual WebGL2 pixels (494ms)
  ok  85 [chromium] › e2e-m1\map.spec.ts:93:93 › REQ-PLAT-03 adapterReject falls back to actual WebGL2 pixels (529ms)
  ok  83 [edge] › e2e-m1\map.spec.ts:126:70 › REQ-MAP-05 changedDense preserves last valid map and closes wire (1.6s)
  ok  86 [chromium] › e2e-m1\map.spec.ts:93:93 › REQ-PLAT-03 deviceReject falls back to actual WebGL2 pixels (519ms)
(node:9616) Warning: The 'NO_COLOR' env is ignored due to the 'FORCE_COLOR' env being set.
(Use `node --trace-warnings ...` to show where the warning was created)
  ok  87 [chromium] › e2e-m1\map.spec.ts:93:93 › REQ-PLAT-03 insecure falls back to actual WebGL2 pixels (485ms)
  ok  88 [chromium] › e2e-m1\map.spec.ts:104:1 › REQ-PLAT-03 no backend shows localized notices (246ms)
  ok  81 [firefox] › e2e-m1\malformed-world.spec.ts:5:1 › M1 malformed decoded ledger preserves last valid panel and closes connection (2.8s)
  ok  90 [chromium] › e2e-m1\map.spec.ts:108:1 › REQ-PLAT-03 actual WebGL2 texture limit is checked before texture creation (344ms)
  ok  92 [chromium] › e2e-m1\map.spec.ts:112:1 › REQ-MAP-04 missing bundled index fails visibly without external download (277ms)
  ok  93 [chromium] › e2e-m1\map.spec.ts:116:116 › REQ-MAP-04 schema boundary oldVersion rejects atomically (278ms)
  ok  94 [chromium] › e2e-m1\map.spec.ts:116:116 › REQ-MAP-04 schema boundary futureVersion rejects atomically (310ms)
  ok  95 [chromium] › e2e-m1\map.spec.ts:116:116 › REQ-MAP-04 schema boundary wrongPack rejects atomically (296ms)
  ok  96 [chromium] › e2e-m1\map.spec.ts:116:116 › REQ-MAP-04 schema boundary duplicateIds rejects atomically (345ms)
  ok  91 [firefox] › e2e-m1\map.spec.ts:11:1 › REQ-MAP-04/05 PLAT-03 actual map pixels, modes, pick and viewport (1.9s)
  ok  97 [chromium] › e2e-m1\map.spec.ts:116:116 › REQ-MAP-04 schema boundary badStyle rejects atomically (320ms)
  ok  99 [chromium] › e2e-m1\map.spec.ts:116:116 › REQ-MAP-04 schema boundary shortBytes rejects atomically (335ms)
  ok 100 [chromium] › e2e-m1\map.spec.ts:116:116 › REQ-MAP-04 schema boundary wrongHash rejects atomically (250ms)
  ok  98 [firefox] › e2e-m1\map.spec.ts:40:1 › REQ-PLAT-03 preferred actual backend produces the same map RGB and source shader (1.7s)
  ok  89 [firefox] › e2e-m1\map-redirect.spec.ts:15:3 › WP08 P06 metadata CORS redirect sends no foreign request on first load (3.9s)
  ok 101 [chromium] › e2e-m1\map.spec.ts:126:70 › REQ-MAP-05 dangling preserves last valid map and closes wire (1.9s)
  ok 102 [firefox] › e2e-m1\map.spec.ts:48:1 › REQ-MAP-04 changed server RGB updates only affected lookup texel on actual backend (1.2s)
  ok 103 [firefox] › e2e-m1\map-redirect.spec.ts:15:3 › WP08 P06 metadata CORS redirect sends no foreign request after valid selection (1.5s)
  ok 105 [firefox] › e2e-m1\map.spec.ts:52:1 › REQ-MAP-04/05 RG8 high dense byte and LUT second row pick real ID65535 (1.0s)
  ok 104 [chromium] › e2e-m1\map.spec.ts:126:70 › REQ-MAP-05 changedDimensions preserves last valid map and closes wire (1.9s)
  ok 106 [firefox] › e2e-m1\map-redirect.spec.ts:15:3 › WP08 P06 index CORS redirect sends no foreign request on first load (1.1s)
  ok 107 [firefox] › e2e-m1\map.spec.ts:59:33 › REQ-MAP-05 independent three border pixel oracle, u16 sentinel and camera preferred (2.4s)
  ok 109 [firefox] › e2e-m1\map-redirect.spec.ts:15:3 › WP08 P06 index CORS redirect sends no foreign request after valid selection (1.7s)
  ok 108 [chromium] › e2e-m1\map.spec.ts:126:70 › REQ-MAP-05 changedDense preserves last valid map and closes wire (1.9s)
  ok 111 [firefox] › e2e-m1\map-redirect.spec.ts:137:56 › WP08 P06 metadata same-origin redirect is also rejected before follow (957ms)
(node:9248) Warning: The 'NO_COLOR' env is ignored due to the 'FORCE_COLOR' env being set.
(Use `node --trace-warnings ...` to show where the warning was created)
  ok 112 [firefox] › e2e-m1\map-redirect.spec.ts:137:56 › WP08 P06 index same-origin redirect is also rejected before follow (1.1s)
(node:34588) Warning: The 'NO_COLOR' env is ignored due to the 'FORCE_COLOR' env being set.
(Use `node --trace-warnings ...` to show where the warning was created)
  ok 110 [firefox] › e2e-m1\map.spec.ts:59:33 › REQ-MAP-05 independent three border pixel oracle, u16 sentinel and camera WebGL2 (7.0s)
  ok 115 [firefox] › e2e-m1\map.spec.ts:93:93 › REQ-PLAT-03 missingGPU falls back to actual WebGL2 pixels (760ms)
  ok 116 [firefox] › e2e-m1\map.spec.ts:93:93 › REQ-PLAT-03 nullAdapter falls back to actual WebGL2 pixels (959ms)
  ok 114 [webkit] › e2e-m1\malformed-world.spec.ts:5:1 › M1 malformed decoded ledger preserves last valid panel and closes connection (2.2s)
  ok 113 [firefox] › e2e-m1\national.spec.ts:6:1 › AC-M1-03 actual Rust M1 panels, separate owner/control, ledger, languages and time (5.7s)
  ok 118 [webkit] › e2e-m1\map-redirect.spec.ts:15:3 › WP08 P06 metadata CORS redirect sends no foreign request on first load (1.1s)
  ok 119 [firefox] › e2e-m1\national.spec.ts:31:1 › REQ-NAT-01 MAP-08 actual query metadata, dense mapping, colors and refusal (993ms)
  ok 117 [firefox] › e2e-m1\map.spec.ts:93:93 › REQ-PLAT-03 adapterReject falls back to actual WebGL2 pixels (1.7s)
(node:11920) Warning: The 'NO_COLOR' env is ignored due to the 'FORCE_COLOR' env being set.
(Use `node --trace-warnings ...` to show where the warning was created)
  ok 121 [firefox] › e2e-m1\map.spec.ts:93:93 › REQ-PLAT-03 deviceReject falls back to actual WebGL2 pixels (932ms)
  ok 122 [firefox] › e2e-m1\map.spec.ts:93:93 › REQ-PLAT-03 insecure falls back to actual WebGL2 pixels (851ms)
  ok 120 [webkit] › e2e-m1\map-redirect.spec.ts:15:3 › WP08 P06 metadata CORS redirect sends no foreign request after valid selection (2.2s)
  ok 124 [firefox] › e2e-m1\map.spec.ts:104:1 › REQ-PLAT-03 no backend shows localized notices (452ms)
  ok 125 [webkit] › e2e-m1\map-redirect.spec.ts:15:3 › WP08 P06 index CORS redirect sends no foreign request on first load (901ms)
  ok 126 [firefox] › e2e-m1\map.spec.ts:108:1 › REQ-PLAT-03 actual WebGL2 texture limit is checked before texture creation (510ms)
  ok 128 [firefox] › e2e-m1\map.spec.ts:112:1 › REQ-MAP-04 missing bundled index fails visibly without external download (447ms)
  ok 129 [firefox] › e2e-m1\map.spec.ts:116:116 › REQ-MAP-04 schema boundary oldVersion rejects atomically (433ms)
  ok 130 [firefox] › e2e-m1\map.spec.ts:116:116 › REQ-MAP-04 schema boundary futureVersion rejects atomically (511ms)
  ok 131 [firefox] › e2e-m1\map.spec.ts:116:116 › REQ-MAP-04 schema boundary wrongPack rejects atomically (488ms)
  ok 127 [webkit] › e2e-m1\map-redirect.spec.ts:15:3 › WP08 P06 index CORS redirect sends no foreign request after valid selection (2.1s)
  ok 123 [webkit] › e2e-m1\map.spec.ts:11:1 › REQ-MAP-04/05 PLAT-03 actual map pixels, modes, pick and viewport (3.8s)
  ok 132 [firefox] › e2e-m1\map.spec.ts:116:116 › REQ-MAP-04 schema boundary duplicateIds rejects atomically (524ms)
  ok 133 [webkit] › e2e-m1\map-redirect.spec.ts:137:56 › WP08 P06 metadata same-origin redirect is also rejected before follow (701ms)
  ok 136 [webkit] › e2e-m1\map-redirect.spec.ts:137:56 › WP08 P06 index same-origin redirect is also rejected before follow (644ms)
  ok 135 [firefox] › e2e-m1\map.spec.ts:116:116 › REQ-MAP-04 schema boundary badStyle rejects atomically (1.3s)
  ok 138 [firefox] › e2e-m1\map.spec.ts:116:116 › REQ-MAP-04 schema boundary shortBytes rejects atomically (442ms)
  ok 139 [firefox] › e2e-m1\map.spec.ts:116:116 › REQ-MAP-04 schema boundary wrongHash rejects atomically (508ms)
  ok 134 [webkit] › e2e-m1\map.spec.ts:40:1 › REQ-PLAT-03 preferred actual backend produces the same map RGB and source shader (3.1s)
  ok 140 [firefox] › e2e-m1\map.spec.ts:126:70 › REQ-MAP-05 dangling preserves last valid map and closes wire (1.6s)
  ok 137 [webkit] › e2e-m1\national.spec.ts:6:1 › AC-M1-03 actual Rust M1 panels, separate owner/control, ledger, languages and time (3.7s)
  ok 141 [webkit] › e2e-m1\map.spec.ts:48:1 › REQ-MAP-04 changed server RGB updates only affected lookup texel on actual backend (2.4s)
  ok 143 [webkit] › e2e-m1\national.spec.ts:31:1 › REQ-NAT-01 MAP-08 actual query metadata, dense mapping, colors and refusal (781ms)
  ok 142 [firefox] › e2e-m1\map.spec.ts:126:70 › REQ-MAP-05 changedDimensions preserves last valid map and closes wire (1.7s)
  ok 144 [webkit] › e2e-m1\map.spec.ts:52:1 › REQ-MAP-04/05 RG8 high dense byte and LUT second row pick real ID65535 (1.6s)
  ok 145 [firefox] › e2e-m1\map.spec.ts:126:70 › REQ-MAP-05 changedDense preserves last valid map and closes wire (1.6s)
  ok 146 [webkit] › e2e-m1\map.spec.ts:59:33 › REQ-MAP-05 independent three border pixel oracle, u16 sentinel and camera preferred (3.7s)
  ok 147 [webkit] › e2e-m1\map.spec.ts:59:33 › REQ-MAP-05 independent three border pixel oracle, u16 sentinel and camera WebGL2 (3.8s)
  ok 148 [webkit] › e2e-m1\map.spec.ts:93:93 › REQ-PLAT-03 missingGPU falls back to actual WebGL2 pixels (995ms)
  ok 149 [webkit] › e2e-m1\map.spec.ts:93:93 › REQ-PLAT-03 nullAdapter falls back to actual WebGL2 pixels (1.1s)
  ok 150 [webkit] › e2e-m1\map.spec.ts:93:93 › REQ-PLAT-03 adapterReject falls back to actual WebGL2 pixels (1.1s)
  ok 151 [webkit] › e2e-m1\map.spec.ts:93:93 › REQ-PLAT-03 deviceReject falls back to actual WebGL2 pixels (1.1s)
  ok 152 [webkit] › e2e-m1\map.spec.ts:93:93 › REQ-PLAT-03 insecure falls back to actual WebGL2 pixels (1.1s)
  ok 153 [webkit] › e2e-m1\map.spec.ts:104:1 › REQ-PLAT-03 no backend shows localized notices (633ms)
  ok 154 [webkit] › e2e-m1\map.spec.ts:108:1 › REQ-PLAT-03 actual WebGL2 texture limit is checked before texture creation (598ms)
  ok 155 [webkit] › e2e-m1\map.spec.ts:112:1 › REQ-MAP-04 missing bundled index fails visibly without external download (573ms)
  ok 156 [webkit] › e2e-m1\map.spec.ts:116:116 › REQ-MAP-04 schema boundary oldVersion rejects atomically (587ms)
  ok 157 [webkit] › e2e-m1\map.spec.ts:116:116 › REQ-MAP-04 schema boundary futureVersion rejects atomically (587ms)
  ok 158 [webkit] › e2e-m1\map.spec.ts:116:116 › REQ-MAP-04 schema boundary wrongPack rejects atomically (558ms)
  ok 159 [webkit] › e2e-m1\map.spec.ts:116:116 › REQ-MAP-04 schema boundary duplicateIds rejects atomically (593ms)
  ok 160 [webkit] › e2e-m1\map.spec.ts:116:116 › REQ-MAP-04 schema boundary badStyle rejects atomically (586ms)
  ok 161 [webkit] › e2e-m1\map.spec.ts:116:116 › REQ-MAP-04 schema boundary shortBytes rejects atomically (584ms)
  ok 162 [webkit] › e2e-m1\map.spec.ts:116:116 › REQ-MAP-04 schema boundary wrongHash rejects atomically (575ms)
  ok 163 [webkit] › e2e-m1\map.spec.ts:126:70 › REQ-MAP-05 dangling preserves last valid map and closes wire (2.1s)
  ok 164 [webkit] › e2e-m1\map.spec.ts:126:70 › REQ-MAP-05 changedDimensions preserves last valid map and closes wire (2.1s)
  ok 165 [webkit] › e2e-m1\map.spec.ts:126:70 › REQ-MAP-05 changedDense preserves last valid map and closes wire (2.1s)

  165 passed (1.5m)
