
Running 30 tests using 3 workers

(node:604) Warning: The 'NO_COLOR' env is ignored due to the 'FORCE_COLOR' env being set.
(Use `node --trace-warnings ...` to show where the warning was created)
(node:35648) Warning: The 'NO_COLOR' env is ignored due to the 'FORCE_COLOR' env being set.
(Use `node --trace-warnings ...` to show where the warning was created)
(node:35420) Warning: The 'NO_COLOR' env is ignored due to the 'FORCE_COLOR' env being set.
(Use `node --trace-warnings ...` to show where the warning was created)
  ok  2 [chromium] › e2e-m1\map-redirect.spec.ts:15:3 › WP08 P06 metadata CORS redirect sends no foreign request on first load (738ms)
  ok  3 [chrome] › e2e-m1\map-redirect.spec.ts:15:3 › WP08 P06 metadata CORS redirect sends no foreign request on first load (829ms)
  ok  1 [edge] › e2e-m1\map-redirect.spec.ts:15:3 › WP08 P06 metadata CORS redirect sends no foreign request on first load (878ms)
  ok  4 [chromium] › e2e-m1\map-redirect.spec.ts:15:3 › WP08 P06 metadata CORS redirect sends no foreign request after valid selection (963ms)
  ok  6 [edge] › e2e-m1\map-redirect.spec.ts:15:3 › WP08 P06 metadata CORS redirect sends no foreign request after valid selection (1.0s)
  ok  5 [chrome] › e2e-m1\map-redirect.spec.ts:15:3 › WP08 P06 metadata CORS redirect sends no foreign request after valid selection (1.1s)
  ok  7 [chromium] › e2e-m1\map-redirect.spec.ts:15:3 › WP08 P06 index CORS redirect sends no foreign request on first load (407ms)
  ok  9 [chrome] › e2e-m1\map-redirect.spec.ts:15:3 › WP08 P06 index CORS redirect sends no foreign request on first load (608ms)
  ok  8 [edge] › e2e-m1\map-redirect.spec.ts:15:3 › WP08 P06 index CORS redirect sends no foreign request on first load (648ms)
  ok 10 [chromium] › e2e-m1\map-redirect.spec.ts:15:3 › WP08 P06 index CORS redirect sends no foreign request after valid selection (929ms)
  ok 13 [chromium] › e2e-m1\map-redirect.spec.ts:127:56 › WP08 P06 metadata same-origin redirect is also rejected before follow (326ms)
  ok 11 [chrome] › e2e-m1\map-redirect.spec.ts:15:3 › WP08 P06 index CORS redirect sends no foreign request after valid selection (965ms)
  ok 14 [chromium] › e2e-m1\map-redirect.spec.ts:127:56 › WP08 P06 index same-origin redirect is also rejected before follow (299ms)
  ok 12 [edge] › e2e-m1\map-redirect.spec.ts:15:3 › WP08 P06 index CORS redirect sends no foreign request after valid selection (1.0s)
  ok 15 [chrome] › e2e-m1\map-redirect.spec.ts:127:56 › WP08 P06 metadata same-origin redirect is also rejected before follow (404ms)
(node:35256) Warning: The 'NO_COLOR' env is ignored due to the 'FORCE_COLOR' env being set.
(Use `node --trace-warnings ...` to show where the warning was created)
  ok 16 [edge] › e2e-m1\map-redirect.spec.ts:127:56 › WP08 P06 metadata same-origin redirect is also rejected before follow (377ms)
  ok 18 [edge] › e2e-m1\map-redirect.spec.ts:127:56 › WP08 P06 index same-origin redirect is also rejected before follow (416ms)
  ok 17 [chrome] › e2e-m1\map-redirect.spec.ts:127:56 › WP08 P06 index same-origin redirect is also rejected before follow (462ms)
(node:18168) Warning: The 'NO_COLOR' env is ignored due to the 'FORCE_COLOR' env being set.
(Use `node --trace-warnings ...` to show where the warning was created)
  x  20 [webkit] › e2e-m1\map-redirect.spec.ts:15:3 › WP08 P06 metadata CORS redirect sends no foreign request on first load (966ms)
(node:6828) Warning: The 'NO_COLOR' env is ignored due to the 'FORCE_COLOR' env being set.
(Use `node --trace-warnings ...` to show where the warning was created)
  x  19 [firefox] › e2e-m1\map-redirect.spec.ts:15:3 › WP08 P06 metadata CORS redirect sends no foreign request on first load (3.2s)
(node:11864) Warning: The 'NO_COLOR' env is ignored due to the 'FORCE_COLOR' env being set.
(Use `node --trace-warnings ...` to show where the warning was created)
  x  21 [webkit] › e2e-m1\map-redirect.spec.ts:15:3 › WP08 P06 metadata CORS redirect sends no foreign request after valid selection (2.0s)
(node:29612) Warning: The 'NO_COLOR' env is ignored due to the 'FORCE_COLOR' env being set.
(Use `node --trace-warnings ...` to show where the warning was created)
  x  23 [webkit] › e2e-m1\map-redirect.spec.ts:15:3 › WP08 P06 index CORS redirect sends no foreign request on first load (892ms)
(node:23856) Warning: The 'NO_COLOR' env is ignored due to the 'FORCE_COLOR' env being set.
(Use `node --trace-warnings ...` to show where the warning was created)
  x  22 [firefox] › e2e-m1\map-redirect.spec.ts:15:3 › WP08 P06 metadata CORS redirect sends no foreign request after valid selection (2.9s)
(node:14232) Warning: The 'NO_COLOR' env is ignored due to the 'FORCE_COLOR' env being set.
(Use `node --trace-warnings ...` to show where the warning was created)
  x  24 [webkit] › e2e-m1\map-redirect.spec.ts:15:3 › WP08 P06 index CORS redirect sends no foreign request after valid selection (2.1s)
(node:28288) Warning: The 'NO_COLOR' env is ignored due to the 'FORCE_COLOR' env being set.
(Use `node --trace-warnings ...` to show where the warning was created)
  ok 26 [webkit] › e2e-m1\map-redirect.spec.ts:127:56 › WP08 P06 metadata same-origin redirect is also rejected before follow (682ms)
  ok 27 [webkit] › e2e-m1\map-redirect.spec.ts:127:56 › WP08 P06 index same-origin redirect is also rejected before follow (637ms)
  x  25 [firefox] › e2e-m1\map-redirect.spec.ts:15:3 › WP08 P06 index CORS redirect sends no foreign request on first load (2.8s)
(node:24844) Warning: The 'NO_COLOR' env is ignored due to the 'FORCE_COLOR' env being set.
(Use `node --trace-warnings ...` to show where the warning was created)
  x  28 [firefox] › e2e-m1\map-redirect.spec.ts:15:3 › WP08 P06 index CORS redirect sends no foreign request after valid selection (4.2s)
(node:33964) Warning: The 'NO_COLOR' env is ignored due to the 'FORCE_COLOR' env being set.
(Use `node --trace-warnings ...` to show where the warning was created)
  ok 29 [firefox] › e2e-m1\map-redirect.spec.ts:127:56 › WP08 P06 metadata same-origin redirect is also rejected before follow (1.2s)
  ok 30 [firefox] › e2e-m1\map-redirect.spec.ts:127:56 › WP08 P06 index same-origin redirect is also rejected before follow (2.2s)


  1) [firefox] › e2e-m1\map-redirect.spec.ts:15:3 › WP08 P06 metadata CORS redirect sends no foreign request on first load

    Error: expect(received).toHaveLength(expected)

    Expected length: 1
    Received length: 0
    Received array:  []

      103 |     // the successful follow/CORS positive control above kept separate.
      104 |     expect(source.sent).toHaveLength(1); expect(source.sent[0]).toMatchObject({ status: 302, location: foreignURL });
    > 105 |     expect(failures.filter(f => f.url === source.origin + source.sent[0].url)).toHaveLength(1);
          |                                                                                ^
      106 |     await expect(page.getByTestId('connection')).toHaveText('Connected');
      107 |     if (before) {
      108 |      await expect(page.getByTestId('tick')).toHaveText(before.tick!);
        at E:\openhoi\.orchestrator\wt\WP-08\client\e2e-m1\map-redirect.spec.ts:105:80

    Error Context: test-results\map-redirect-WP08-P06-meta-4c122-reign-request-on-first-load-firefox\error-context.md

  2) [firefox] › e2e-m1\map-redirect.spec.ts:15:3 › WP08 P06 metadata CORS redirect sends no foreign request after valid selection

    Error: expect(received).toHaveLength(expected)

    Expected length: 1
    Received length: 0
    Received array:  []

      103 |     // the successful follow/CORS positive control above kept separate.
      104 |     expect(source.sent).toHaveLength(1); expect(source.sent[0]).toMatchObject({ status: 302, location: foreignURL });
    > 105 |     expect(failures.filter(f => f.url === source.origin + source.sent[0].url)).toHaveLength(1);
          |                                                                                ^
      106 |     await expect(page.getByTestId('connection')).toHaveText('Connected');
      107 |     if (before) {
      108 |      await expect(page.getByTestId('tick')).toHaveText(before.tick!);
        at E:\openhoi\.orchestrator\wt\WP-08\client\e2e-m1\map-redirect.spec.ts:105:80

    Error Context: test-results\map-redirect-WP08-P06-meta-ec1da-quest-after-valid-selection-firefox\error-context.md

  3) [firefox] › e2e-m1\map-redirect.spec.ts:15:3 › WP08 P06 index CORS redirect sends no foreign request on first load

    Error: expect(received).toHaveLength(expected)

    Expected length: 1
    Received length: 0
    Received array:  []

      103 |     // the successful follow/CORS positive control above kept separate.
      104 |     expect(source.sent).toHaveLength(1); expect(source.sent[0]).toMatchObject({ status: 302, location: foreignURL });
    > 105 |     expect(failures.filter(f => f.url === source.origin + source.sent[0].url)).toHaveLength(1);
          |                                                                                ^
      106 |     await expect(page.getByTestId('connection')).toHaveText('Connected');
      107 |     if (before) {
      108 |      await expect(page.getByTestId('tick')).toHaveText(before.tick!);
        at E:\openhoi\.orchestrator\wt\WP-08\client\e2e-m1\map-redirect.spec.ts:105:80

    Error Context: test-results\map-redirect-WP08-P06-inde-8504b-reign-request-on-first-load-firefox\error-context.md

  4) [firefox] › e2e-m1\map-redirect.spec.ts:15:3 › WP08 P06 index CORS redirect sends no foreign request after valid selection

    Error: expect(received).toHaveLength(expected)

    Expected length: 1
    Received length: 0
    Received array:  []

      103 |     // the successful follow/CORS positive control above kept separate.
      104 |     expect(source.sent).toHaveLength(1); expect(source.sent[0]).toMatchObject({ status: 302, location: foreignURL });
    > 105 |     expect(failures.filter(f => f.url === source.origin + source.sent[0].url)).toHaveLength(1);
          |                                                                                ^
      106 |     await expect(page.getByTestId('connection')).toHaveText('Connected');
      107 |     if (before) {
      108 |      await expect(page.getByTestId('tick')).toHaveText(before.tick!);
        at E:\openhoi\.orchestrator\wt\WP-08\client\e2e-m1\map-redirect.spec.ts:105:80

    Error Context: test-results\map-redirect-WP08-P06-inde-ac0ff-quest-after-valid-selection-firefox\error-context.md

  5) [webkit] › e2e-m1\map-redirect.spec.ts:15:3 › WP08 P06 metadata CORS redirect sends no foreign request on first load

    Error: expect(received).toEqual(expected) // deep equality

    - Expected  - 1
    + Received  + 3

    - Array []
    + Array [
    +   "/127.0.0.1:13028/maps/testland/metadata due to access control checks.",
    + ]

      114 |     await page.getByRole('combobox').selectOption('ko');
      115 |     await expect(page.getByRole('alert')).toHaveText('지도 데이터를 불러올 수 없습니다. 동봉된 시나리오 파일을 확인하세요.');
    > 116 |     expect(errors).toEqual([]);
          |                    ^
      117 |    } finally {
      118 |     writeFileSync(`${evidence}/${info.project.name}-${resource}-${reload}.json`, JSON.stringify({ resource, reload, controlEvidence, sourceOrigin: source.origin, foreignURL, foreignHits, requests, actualSourceRedirects: source.sent, failures, responseEvents: redirects, errors, alerts: await page.getByRole('alert').allTextContents(), canvasCount: await page.getByTestId('province-map').locator('canvas').count() }, null, 2));
      119 |     await page.screenshot({ path: `${evidence}/${info.project.name}-${resource}-${reload}.png` });
        at E:\openhoi\.orchestrator\wt\WP-08\client\e2e-m1\map-redirect.spec.ts:116:20

    Error Context: test-results\map-redirect-WP08-P06-meta-4c122-reign-request-on-first-load-webkit\error-context.md

  6) [webkit] › e2e-m1\map-redirect.spec.ts:15:3 › WP08 P06 metadata CORS redirect sends no foreign request after valid selection

    Error: expect(received).toEqual(expected) // deep equality

    - Expected  - 1
    + Received  + 3

    - Array []
    + Array [
    +   "/127.0.0.1:13052/maps/testland/metadata due to access control checks.",
    + ]

      114 |     await page.getByRole('combobox').selectOption('ko');
      115 |     await expect(page.getByRole('alert')).toHaveText('지도 데이터를 불러올 수 없습니다. 동봉된 시나리오 파일을 확인하세요.');
    > 116 |     expect(errors).toEqual([]);
          |                    ^
      117 |    } finally {
      118 |     writeFileSync(`${evidence}/${info.project.name}-${resource}-${reload}.json`, JSON.stringify({ resource, reload, controlEvidence, sourceOrigin: source.origin, foreignURL, foreignHits, requests, actualSourceRedirects: source.sent, failures, responseEvents: redirects, errors, alerts: await page.getByRole('alert').allTextContents(), canvasCount: await page.getByTestId('province-map').locator('canvas').count() }, null, 2));
      119 |     await page.screenshot({ path: `${evidence}/${info.project.name}-${resource}-${reload}.png` });
        at E:\openhoi\.orchestrator\wt\WP-08\client\e2e-m1\map-redirect.spec.ts:116:20

    Error Context: test-results\map-redirect-WP08-P06-meta-ec1da-quest-after-valid-selection-webkit\error-context.md

  7) [webkit] › e2e-m1\map-redirect.spec.ts:15:3 › WP08 P06 index CORS redirect sends no foreign request on first load

    Error: expect(received).toEqual(expected) // deep equality

    - Expected  - 1
    + Received  + 3

    - Array []
    + Array [
    +   "/127.0.0.1:13070/maps/testland/index.bin?pack=b8d30ba577f303c3 due to access control checks.",
    + ]

      114 |     await page.getByRole('combobox').selectOption('ko');
      115 |     await expect(page.getByRole('alert')).toHaveText('지도 데이터를 불러올 수 없습니다. 동봉된 시나리오 파일을 확인하세요.');
    > 116 |     expect(errors).toEqual([]);
          |                    ^
      117 |    } finally {
      118 |     writeFileSync(`${evidence}/${info.project.name}-${resource}-${reload}.json`, JSON.stringify({ resource, reload, controlEvidence, sourceOrigin: source.origin, foreignURL, foreignHits, requests, actualSourceRedirects: source.sent, failures, responseEvents: redirects, errors, alerts: await page.getByRole('alert').allTextContents(), canvasCount: await page.getByTestId('province-map').locator('canvas').count() }, null, 2));
      119 |     await page.screenshot({ path: `${evidence}/${info.project.name}-${resource}-${reload}.png` });
        at E:\openhoi\.orchestrator\wt\WP-08\client\e2e-m1\map-redirect.spec.ts:116:20

    Error Context: test-results\map-redirect-WP08-P06-inde-8504b-reign-request-on-first-load-webkit\error-context.md

  8) [webkit] › e2e-m1\map-redirect.spec.ts:15:3 › WP08 P06 index CORS redirect sends no foreign request after valid selection

    Error: expect(received).toEqual(expected) // deep equality

    - Expected  - 1
    + Received  + 3

    - Array []
    + Array [
    +   "/127.0.0.1:13097/maps/testland/index.bin?pack=0000000000000000 due to access control checks.",
    + ]

      114 |     await page.getByRole('combobox').selectOption('ko');
      115 |     await expect(page.getByRole('alert')).toHaveText('지도 데이터를 불러올 수 없습니다. 동봉된 시나리오 파일을 확인하세요.');
    > 116 |     expect(errors).toEqual([]);
          |                    ^
      117 |    } finally {
      118 |     writeFileSync(`${evidence}/${info.project.name}-${resource}-${reload}.json`, JSON.stringify({ resource, reload, controlEvidence, sourceOrigin: source.origin, foreignURL, foreignHits, requests, actualSourceRedirects: source.sent, failures, responseEvents: redirects, errors, alerts: await page.getByRole('alert').allTextContents(), canvasCount: await page.getByTestId('province-map').locator('canvas').count() }, null, 2));
      119 |     await page.screenshot({ path: `${evidence}/${info.project.name}-${resource}-${reload}.png` });
        at E:\openhoi\.orchestrator\wt\WP-08\client\e2e-m1\map-redirect.spec.ts:116:20

    Error Context: test-results\map-redirect-WP08-P06-inde-ac0ff-quest-after-valid-selection-webkit\error-context.md

  8 failed
    [firefox] › e2e-m1\map-redirect.spec.ts:15:3 › WP08 P06 metadata CORS redirect sends no foreign request on first load
    [firefox] › e2e-m1\map-redirect.spec.ts:15:3 › WP08 P06 metadata CORS redirect sends no foreign request after valid selection
    [firefox] › e2e-m1\map-redirect.spec.ts:15:3 › WP08 P06 index CORS redirect sends no foreign request on first load
    [firefox] › e2e-m1\map-redirect.spec.ts:15:3 › WP08 P06 index CORS redirect sends no foreign request after valid selection
    [webkit] › e2e-m1\map-redirect.spec.ts:15:3 › WP08 P06 metadata CORS redirect sends no foreign request on first load
    [webkit] › e2e-m1\map-redirect.spec.ts:15:3 › WP08 P06 metadata CORS redirect sends no foreign request after valid selection
    [webkit] › e2e-m1\map-redirect.spec.ts:15:3 › WP08 P06 index CORS redirect sends no foreign request on first load
    [webkit] › e2e-m1\map-redirect.spec.ts:15:3 › WP08 P06 index CORS redirect sends no foreign request after valid selection
  22 passed (29.6s)
