
Running 6 tests using 1 worker

(node:22308) Warning: The 'NO_COLOR' env is ignored due to the 'FORCE_COLOR' env being set.
(Use `node --trace-warnings ...` to show where the warning was created)
  x  1 [chromium] › e2e-m1\map-redirect.spec.ts:15:3 › WP08 P06 metadata CORS redirect sends no foreign request on first load (5.3s)
(node:29236) Warning: The 'NO_COLOR' env is ignored due to the 'FORCE_COLOR' env being set.
(Use `node --trace-warnings ...` to show where the warning was created)
  x  2 [chromium] › e2e-m1\map-redirect.spec.ts:15:3 › WP08 P06 metadata CORS redirect sends no foreign request after valid selection (829ms)
(node:36056) Warning: The 'NO_COLOR' env is ignored due to the 'FORCE_COLOR' env being set.
(Use `node --trace-warnings ...` to show where the warning was created)
  x  3 [chromium] › e2e-m1\map-redirect.spec.ts:15:3 › WP08 P06 index CORS redirect sends no foreign request on first load (5.4s)
(node:21236) Warning: The 'NO_COLOR' env is ignored due to the 'FORCE_COLOR' env being set.
(Use `node --trace-warnings ...` to show where the warning was created)
  x  4 [chromium] › e2e-m1\map-redirect.spec.ts:15:3 › WP08 P06 index CORS redirect sends no foreign request after valid selection (6.5s)
(node:9512) Warning: The 'NO_COLOR' env is ignored due to the 'FORCE_COLOR' env being set.
(Use `node --trace-warnings ...` to show where the warning was created)
  x  5 [chromium] › e2e-m1\map-redirect.spec.ts:136:56 › WP08 P06 metadata same-origin redirect is also rejected before follow (5.3s)
(node:5040) Warning: The 'NO_COLOR' env is ignored due to the 'FORCE_COLOR' env being set.
(Use `node --trace-warnings ...` to show where the warning was created)
  x  6 [chromium] › e2e-m1\map-redirect.spec.ts:136:56 › WP08 P06 index same-origin redirect is also rejected before follow (5.3s)


  1) [chromium] › e2e-m1\map-redirect.spec.ts:15:3 › WP08 P06 metadata CORS redirect sends no foreign request on first load

    Error: expect(locator).toHaveText(expected) failed

    Locator: getByRole('alert')
    Expected: "Map data could not be loaded. Check the bundled scenario files."
    Timeout: 5000ms
    Error: element(s) not found

    Call log:
      - Expect "toHaveText" getByRole('alert') with timeout 5000ms
      - waiting for getByRole('alert')


       97 |      await page.getByTestId('state-panel').getByRole('button', { name: 'Southern Test State', exact: true }).click();
       98 |     }
    >  99 |     await expect(page.getByRole('alert')).toHaveText('Map data could not be loaded. Check the bundled scenario files.');
          |                                           ^
      100 |     await expect(map.locator('canvas')).toHaveCount(0);
      101 |     expect(foreignHits).toEqual([]);
      102 |     expect(requests.every(url => new URL(url).origin === new URL(page.url()).origin)).toBe(true);
        at E:\openhoi\.orchestrator\wt\WP-08\client\e2e-m1\map-redirect.spec.ts:99:43

    Error Context: test-results\map-redirect-WP08-P06-meta-4c122-reign-request-on-first-load-chromium\error-context.md

  2) [chromium] › e2e-m1\map-redirect.spec.ts:15:3 › WP08 P06 metadata CORS redirect sends no foreign request after valid selection

    Error: expect(received).toEqual(expected) // deep equality

    - Expected  - 1
    + Received  + 7

    - Array []
    + Array [
    +   Object {
    +     "method": "GET",
    +     "origin": "http://127.0.0.1:13932",
    +     "url": "/payload",
    +   },
    + ]

       99 |     await expect(page.getByRole('alert')).toHaveText('Map data could not be loaded. Check the bundled scenario files.');
      100 |     await expect(map.locator('canvas')).toHaveCount(0);
    > 101 |     expect(foreignHits).toEqual([]);
          |                         ^
      102 |     expect(requests.every(url => new URL(url).origin === new URL(page.url()).origin)).toBe(true);
      103 |     // Engines report redirect:error through different event channels. The
      104 |     // actual HTTP 302, one source GET, zero foreign GETs and UI are invariant.
        at E:\openhoi\.orchestrator\wt\WP-08\client\e2e-m1\map-redirect.spec.ts:101:25

    Error Context: test-results\map-redirect-WP08-P06-meta-ec1da-quest-after-valid-selection-chromium\error-context.md

  3) [chromium] › e2e-m1\map-redirect.spec.ts:15:3 › WP08 P06 index CORS redirect sends no foreign request on first load

    Error: expect(locator).toHaveText(expected) failed

    Locator: getByRole('alert')
    Expected: "Map data could not be loaded. Check the bundled scenario files."
    Timeout: 5000ms
    Error: element(s) not found

    Call log:
      - Expect "toHaveText" getByRole('alert') with timeout 5000ms
      - waiting for getByRole('alert')


       97 |      await page.getByTestId('state-panel').getByRole('button', { name: 'Southern Test State', exact: true }).click();
       98 |     }
    >  99 |     await expect(page.getByRole('alert')).toHaveText('Map data could not be loaded. Check the bundled scenario files.');
          |                                           ^
      100 |     await expect(map.locator('canvas')).toHaveCount(0);
      101 |     expect(foreignHits).toEqual([]);
      102 |     expect(requests.every(url => new URL(url).origin === new URL(page.url()).origin)).toBe(true);
        at E:\openhoi\.orchestrator\wt\WP-08\client\e2e-m1\map-redirect.spec.ts:99:43

    Error Context: test-results\map-redirect-WP08-P06-inde-8504b-reign-request-on-first-load-chromium\error-context.md

  4) [chromium] › e2e-m1\map-redirect.spec.ts:15:3 › WP08 P06 index CORS redirect sends no foreign request after valid selection

    Error: expect(locator).toHaveText(expected) failed

    Locator: getByRole('alert')
    Expected: "Map data could not be loaded. Check the bundled scenario files."
    Timeout: 5000ms
    Error: element(s) not found

    Call log:
      - Expect "toHaveText" getByRole('alert') with timeout 5000ms
      - waiting for getByRole('alert')


       97 |      await page.getByTestId('state-panel').getByRole('button', { name: 'Southern Test State', exact: true }).click();
       98 |     }
    >  99 |     await expect(page.getByRole('alert')).toHaveText('Map data could not be loaded. Check the bundled scenario files.');
          |                                           ^
      100 |     await expect(map.locator('canvas')).toHaveCount(0);
      101 |     expect(foreignHits).toEqual([]);
      102 |     expect(requests.every(url => new URL(url).origin === new URL(page.url()).origin)).toBe(true);
        at E:\openhoi\.orchestrator\wt\WP-08\client\e2e-m1\map-redirect.spec.ts:99:43

    Error Context: test-results\map-redirect-WP08-P06-inde-ac0ff-quest-after-valid-selection-chromium\error-context.md

  5) [chromium] › e2e-m1\map-redirect.spec.ts:136:56 › WP08 P06 metadata same-origin redirect is also rejected before follow

    Error: expect(locator).toHaveText(expected) failed

    Locator: getByRole('alert')
    Expected: "Map data could not be loaded. Check the bundled scenario files."
    Timeout: 5000ms
    Error: element(s) not found

    Call log:
      - Expect "toHaveText" getByRole('alert') with timeout 5000ms
      - waiting for getByRole('alert')


      144 |  try {
      145 |   await page.goto(`${source.origin}/?forceWebGL=1`);
    > 146 |   await expect(page.getByRole('alert')).toHaveText('Map data could not be loaded. Check the bundled scenario files.');
          |                                         ^
      147 |   await expect(page.getByTestId('province-map').locator('canvas')).toHaveCount(0);
      148 |   expect(requests.filter(url => new URL(url).searchParams.has('alias'))).toEqual([]);
      149 |   expect(source.sent).toEqual([{ url: path, status: 302, location: alias }]);
        at E:\openhoi\.orchestrator\wt\WP-08\client\e2e-m1\map-redirect.spec.ts:146:41

    Error Context: test-results\map-redirect-WP08-P06-meta-eac93-also-rejected-before-follow-chromium\error-context.md

  6) [chromium] › e2e-m1\map-redirect.spec.ts:136:56 › WP08 P06 index same-origin redirect is also rejected before follow

    Error: expect(locator).toHaveText(expected) failed

    Locator: getByRole('alert')
    Expected: "Map data could not be loaded. Check the bundled scenario files."
    Timeout: 5000ms
    Error: element(s) not found

    Call log:
      - Expect "toHaveText" getByRole('alert') with timeout 5000ms
      - waiting for getByRole('alert')


      144 |  try {
      145 |   await page.goto(`${source.origin}/?forceWebGL=1`);
    > 146 |   await expect(page.getByRole('alert')).toHaveText('Map data could not be loaded. Check the bundled scenario files.');
          |                                         ^
      147 |   await expect(page.getByTestId('province-map').locator('canvas')).toHaveCount(0);
      148 |   expect(requests.filter(url => new URL(url).searchParams.has('alias'))).toEqual([]);
      149 |   expect(source.sent).toEqual([{ url: path, status: 302, location: alias }]);
        at E:\openhoi\.orchestrator\wt\WP-08\client\e2e-m1\map-redirect.spec.ts:146:41

    Error Context: test-results\map-redirect-WP08-P06-inde-0e399-also-rejected-before-follow-chromium\error-context.md

  6 failed
    [chromium] › e2e-m1\map-redirect.spec.ts:15:3 › WP08 P06 metadata CORS redirect sends no foreign request on first load
    [chromium] › e2e-m1\map-redirect.spec.ts:15:3 › WP08 P06 metadata CORS redirect sends no foreign request after valid selection
    [chromium] › e2e-m1\map-redirect.spec.ts:15:3 › WP08 P06 index CORS redirect sends no foreign request on first load
    [chromium] › e2e-m1\map-redirect.spec.ts:15:3 › WP08 P06 index CORS redirect sends no foreign request after valid selection
    [chromium] › e2e-m1\map-redirect.spec.ts:136:56 › WP08 P06 metadata same-origin redirect is also rejected before follow
    [chromium] › e2e-m1\map-redirect.spec.ts:136:56 › WP08 P06 index same-origin redirect is also rejected before follow
