
Running 2 tests using 1 worker

(node:35112) Warning: The 'NO_COLOR' env is ignored due to the 'FORCE_COLOR' env being set.
(Use `node --trace-warnings ...` to show where the warning was created)
  x  1 [chromium] › e2e-m1\map-redirect.spec.ts:117:56 › WP08 P06 metadata same-origin redirect is also rejected before follow (5.2s)
(node:27852) Warning: The 'NO_COLOR' env is ignored due to the 'FORCE_COLOR' env being set.
(Use `node --trace-warnings ...` to show where the warning was created)
  x  2 [chromium] › e2e-m1\map-redirect.spec.ts:117:56 › WP08 P06 index same-origin redirect is also rejected before follow (5.2s)


  1) [chromium] › e2e-m1\map-redirect.spec.ts:117:56 › WP08 P06 metadata same-origin redirect is also rejected before follow

    Error: expect(locator).toHaveText(expected) failed

    Locator: getByRole('alert')
    Expected: "Map data could not be loaded. Check the bundled scenario files."
    Timeout: 5000ms
    Error: element(s) not found

    Call log:
      - Expect "toHaveText" getByRole('alert') with timeout 5000ms
      - waiting for getByRole('alert')


      127 |  try {
      128 |   await page.goto('/?forceWebGL=1');
    > 129 |   await expect(page.getByRole('alert')).toHaveText('Map data could not be loaded. Check the bundled scenario files.');
          |                                         ^
      130 |   await expect(page.getByTestId('province-map').locator('canvas')).toHaveCount(0);
      131 |   expect(requests.filter(url => new URL(url).searchParams.has('alias'))).toEqual([]);
      132 |  } finally {
        at E:\openhoi\.orchestrator\wt\WP-08\client\e2e-m1\map-redirect.spec.ts:129:41

    Error Context: test-results\map-redirect-WP08-P06-meta-eac93-also-rejected-before-follow-chromium\error-context.md

  2) [chromium] › e2e-m1\map-redirect.spec.ts:117:56 › WP08 P06 index same-origin redirect is also rejected before follow

    Error: expect(locator).toHaveText(expected) failed

    Locator: getByRole('alert')
    Expected: "Map data could not be loaded. Check the bundled scenario files."
    Timeout: 5000ms
    Error: element(s) not found

    Call log:
      - Expect "toHaveText" getByRole('alert') with timeout 5000ms
      - waiting for getByRole('alert')


      127 |  try {
      128 |   await page.goto('/?forceWebGL=1');
    > 129 |   await expect(page.getByRole('alert')).toHaveText('Map data could not be loaded. Check the bundled scenario files.');
          |                                         ^
      130 |   await expect(page.getByTestId('province-map').locator('canvas')).toHaveCount(0);
      131 |   expect(requests.filter(url => new URL(url).searchParams.has('alias'))).toEqual([]);
      132 |  } finally {
        at E:\openhoi\.orchestrator\wt\WP-08\client\e2e-m1\map-redirect.spec.ts:129:41

    Error Context: test-results\map-redirect-WP08-P06-inde-0e399-also-rejected-before-follow-chromium\error-context.md

  2 failed
    [chromium] › e2e-m1\map-redirect.spec.ts:117:56 › WP08 P06 metadata same-origin redirect is also rejected before follow
    [chromium] › e2e-m1\map-redirect.spec.ts:117:56 › WP08 P06 index same-origin redirect is also rejected before follow
