{
  "implementation": "red WP08 P06; original independent fixture f58c0c6",
  "scenario": "m1",
  "case": "actual cross-origin index redirect, valid CORS/exposed x-pack-hash, unaltered bytes/length/FNV",
  "expected": "same-origin response boundary must reject with localized map-data error before GPU creation",
  "actual": "map rendered",
  "alerts": [],
  "intercepts": [
    {
      "url": "http://127.0.0.1:19420/maps/testland/index.bin?pack=b8d30ba577f303c3",
      "method": "GET"
    },
    {
      "url": "http://localhost:19420/maps/testland/index.bin?pack=b8d30ba577f303c3",
      "method": "GET"
    }
  ],
  "crossOriginRequests": [
    "http://localhost:19420/maps/testland/index.bin?pack=b8d30ba577f303c3"
  ],
  "diagnostics": {
    "testid": "province-map",
    "backend": "webgl2",
    "textureLimit": "16384",
    "adapter": "ANGLE (NVIDIA, NVIDIA GeForce GTX 1660 Ti (0x00002182) Direct3D11 vs_5_0 ps_5_0, D3D11)",
    "device": "WebGL 2.0 (OpenGL ES 3.0 Chromium)",
    "camera": "{\"width\":16.877470355731223,\"height\":6.521739130434782,\"x\":4,\"y\":3,\"zoom\":1}",
    "shaderLanguage": "glsl",
    "shaderLength": "16167",
    "frames": "6",
    "selected": "",
    "mode": "map-mode-owner",
    "updatedBytes": "0",
    "updateMs": "0.10000000149011612",
    "frameMs": "32.200000000186265"
  },
  "errors": []
}
