
Running 4 tests using 1 worker

(node:28920) Warning: The 'NO_COLOR' env is ignored due to the 'FORCE_COLOR' env being set.
(Use `node --trace-warnings ...` to show where the warning was created)
  x  1 [chromium] › e2e-m1\map-redirect.spec.ts:13:3 › WP08 P06 metadata CORS redirect sends no foreign request on first load (5.4s)
(node:24720) Warning: The 'NO_COLOR' env is ignored due to the 'FORCE_COLOR' env being set.
(Use `node --trace-warnings ...` to show where the warning was created)
  x  2 [chromium] › e2e-m1\map-redirect.spec.ts:13:3 › WP08 P06 metadata CORS redirect sends no foreign request after valid selection (794ms)
(node:3224) Warning: The 'NO_COLOR' env is ignored due to the 'FORCE_COLOR' env being set.
(Use `node --trace-warnings ...` to show where the warning was created)
  x  3 [chromium] › e2e-m1\map-redirect.spec.ts:13:3 › WP08 P06 index CORS redirect sends no foreign request on first load (5.3s)
(node:17496) Warning: The 'NO_COLOR' env is ignored due to the 'FORCE_COLOR' env being set.
(Use `node --trace-warnings ...` to show where the warning was created)
  x  4 [chromium] › e2e-m1\map-redirect.spec.ts:13:3 › WP08 P06 index CORS redirect sends no foreign request after valid selection (5.7s)


  1) [chromium] › e2e-m1\map-redirect.spec.ts:13:3 › WP08 P06 metadata CORS redirect sends no foreign request on first load

    Error: expect(locator).toHaveText(expected) failed

    Locator: getByRole('alert')
    Expected: "Map data could not be loaded. Check the bundled scenario files."
    Timeout: 5000ms
    Error: element(s) not found

    Call log:
      - Expect "toHaveText" getByRole('alert') with timeout 5000ms
      - waiting for getByRole('alert')


      88 |      await page.getByTestId('state-panel').getByRole('button', { name: 'Southern Test State', exact: true }).click();
      89 |     }
    > 90 |     await expect(page.getByRole('alert')).toHaveText('Map data could not be loaded. Check the bundled scenario files.');
         |                                           ^
      91 |     await expect(map.locator('canvas')).toHaveCount(0);
      92 |     expect(foreignHits).toEqual([]);
      93 |     expect(requests.every(url => new URL(url).origin === new URL(page.url()).origin)).toBe(true);
        at E:\openhoi\.orchestrator\wt\WP-08\client\e2e-m1\map-redirect.spec.ts:90:43

    Error Context: test-results\map-redirect-WP08-P06-meta-4c122-reign-request-on-first-load-chromium\error-context.md

  2) [chromium] › e2e-m1\map-redirect.spec.ts:13:3 › WP08 P06 metadata CORS redirect sends no foreign request after valid selection

    Error: expect(received).toEqual(expected) // deep equality

    - Expected  - 1
    + Received  + 7

    - Array []
    + Array [
    +   Object {
    +     "method": "GET",
    +     "origin": "http://127.0.0.1:19421",
    +     "url": "/payload",
    +   },
    + ]

      90 |     await expect(page.getByRole('alert')).toHaveText('Map data could not be loaded. Check the bundled scenario files.');
      91 |     await expect(map.locator('canvas')).toHaveCount(0);
    > 92 |     expect(foreignHits).toEqual([]);
         |                         ^
      93 |     expect(requests.every(url => new URL(url).origin === new URL(page.url()).origin)).toBe(true);
      94 |     expect(redirects).toHaveLength(1); expect(redirects[0]).toMatchObject({ status: 302, location: foreignURL });
      95 |     await expect(page.getByTestId('connection')).toHaveText('Connected');
        at E:\openhoi\.orchestrator\wt\WP-08\client\e2e-m1\map-redirect.spec.ts:92:25

    Error Context: test-results\map-redirect-WP08-P06-meta-ec1da-quest-after-valid-selection-chromium\error-context.md

  3) [chromium] › e2e-m1\map-redirect.spec.ts:13:3 › WP08 P06 index CORS redirect sends no foreign request on first load

    Error: expect(locator).toHaveText(expected) failed

    Locator: getByRole('alert')
    Expected: "Map data could not be loaded. Check the bundled scenario files."
    Timeout: 5000ms
    Error: element(s) not found

    Call log:
      - Expect "toHaveText" getByRole('alert') with timeout 5000ms
      - waiting for getByRole('alert')


      88 |      await page.getByTestId('state-panel').getByRole('button', { name: 'Southern Test State', exact: true }).click();
      89 |     }
    > 90 |     await expect(page.getByRole('alert')).toHaveText('Map data could not be loaded. Check the bundled scenario files.');
         |                                           ^
      91 |     await expect(map.locator('canvas')).toHaveCount(0);
      92 |     expect(foreignHits).toEqual([]);
      93 |     expect(requests.every(url => new URL(url).origin === new URL(page.url()).origin)).toBe(true);
        at E:\openhoi\.orchestrator\wt\WP-08\client\e2e-m1\map-redirect.spec.ts:90:43

    Error Context: test-results\map-redirect-WP08-P06-inde-8504b-reign-request-on-first-load-chromium\error-context.md

  4) [chromium] › e2e-m1\map-redirect.spec.ts:13:3 › WP08 P06 index CORS redirect sends no foreign request after valid selection

    Error: expect(locator).toHaveText(expected) failed

    Locator: getByRole('alert')
    Expected: "Map data could not be loaded. Check the bundled scenario files."
    Timeout: 5000ms
    Error: element(s) not found

    Call log:
      - Expect "toHaveText" getByRole('alert') with timeout 5000ms
      - waiting for getByRole('alert')


      88 |      await page.getByTestId('state-panel').getByRole('button', { name: 'Southern Test State', exact: true }).click();
      89 |     }
    > 90 |     await expect(page.getByRole('alert')).toHaveText('Map data could not be loaded. Check the bundled scenario files.');
         |                                           ^
      91 |     await expect(map.locator('canvas')).toHaveCount(0);
      92 |     expect(foreignHits).toEqual([]);
      93 |     expect(requests.every(url => new URL(url).origin === new URL(page.url()).origin)).toBe(true);
        at E:\openhoi\.orchestrator\wt\WP-08\client\e2e-m1\map-redirect.spec.ts:90:43

    Error Context: test-results\map-redirect-WP08-P06-inde-ac0ff-quest-after-valid-selection-chromium\error-context.md

  4 failed
    [chromium] › e2e-m1\map-redirect.spec.ts:13:3 › WP08 P06 metadata CORS redirect sends no foreign request on first load
    [chromium] › e2e-m1\map-redirect.spec.ts:13:3 › WP08 P06 metadata CORS redirect sends no foreign request after valid selection
    [chromium] › e2e-m1\map-redirect.spec.ts:13:3 › WP08 P06 index CORS redirect sends no foreign request on first load
    [chromium] › e2e-m1\map-redirect.spec.ts:13:3 › WP08 P06 index CORS redirect sends no foreign request after valid selection
