   Compiling proc-macro2 v1.0.107
   Compiling unicode-ident v1.0.26
   Compiling quote v1.0.47
   Compiling serde_core v1.0.229
   Compiling serde v1.0.229
   Compiling zerocopy v0.8.60
   Compiling thiserror v2.0.21
   Compiling zmij v1.0.23
   Compiling autocfg v1.5.1
   Compiling ref-cast v1.0.27
   Compiling cfg-if v1.0.5
   Compiling windows-link v0.2.1
   Compiling fixed v1.31.0
   Compiling serde_json v1.0.151
   Compiling typenum v1.20.1
   Compiling az v1.3.0
   Compiling windows-sys v0.61.2
   Compiling winnow v1.0.4
   Compiling bytemuck v1.25.2
   Compiling rand_core v0.10.1
   Compiling memchr v2.8.3
   Compiling num-traits v0.2.19
   Compiling itoa v1.0.18
   Compiling toml_parser v1.1.3+spec-1.1.0
   Compiling toml_writer v1.1.2+spec-1.1.0
   Compiling semver v1.0.28
   Compiling dyn-clone v1.0.20
   Compiling winapi-util v0.1.11
   Compiling termcolor v1.4.1
   Compiling syn v3.0.6
   Compiling syn v2.0.119
   Compiling rmp v0.8.15
   Compiling toml_datetime v1.1.1+spec-1.1.0
   Compiling serde_spanned v1.1.1
   Compiling serde_derive_internals v0.30.0
   Compiling toml v1.1.6+spec-1.1.0
   Compiling serde_derive v1.0.229
   Compiling thiserror-impl v2.0.21
   Compiling ref-cast-impl v1.0.27
   Compiling schemars_derive v1.2.2
   Compiling cobs v0.3.0
   Compiling zerocopy-derive v0.8.60
   Compiling ts-rs-macros v12.0.1
   Compiling ts-rs v12.0.1
   Compiling postcard v1.1.3
   Compiling schemars v1.2.2
   Compiling rmp-serde v1.3.1
   Compiling ppv-lite86 v0.2.21
   Compiling half v2.7.1
   Compiling rand_chacha v0.10.0
   Compiling oh_core v0.1.0 (E:\openhoi\.orchestrator\wt\WP-05-verify\target\evidence\WP-05-verify\stale-workspace\crates\oh_core)
   Compiling oh_data v0.1.0 (E:\openhoi\.orchestrator\wt\WP-05-verify\target\evidence\WP-05-verify\stale-workspace\crates\oh_data)
   Compiling oh_sim v0.1.0 (E:\openhoi\.orchestrator\wt\WP-05-verify\target\evidence\WP-05-verify\stale-workspace\crates\oh_sim)
   Compiling oh_proto v0.1.0 (E:\openhoi\.orchestrator\wt\WP-05-verify\target\evidence\WP-05-verify\stale-workspace\crates\oh_proto)
    Finished `test` profile [unoptimized + debuginfo] target(s) in 18.26s
     Running tests\contract.rs (target\evidence\WP-05-verify\sandbox-build\debug\deps\contract-babfe32d2411ea2d.exe)

running 1 test
test req_net_04_generated_types_are_current ... FAILED

failures:

---- req_net_04_generated_types_are_current stdout ----

thread 'req_net_04_generated_types_are_current' (48296) panicked at crates\oh_proto\tests\contract.rs:29:5:
assertion `left == right` failed
  left: "// Generated by oh_proto; do not edit.\r\nexport const PROTOCOL_VERSION = \"m0-v1\" as const;\r\nexport type TimeCommand = { \"type\": \"Pause\", paused: boolean, } | { \"type\": \"SetSpeed\", speed: number, };\r\nexport type PackInfo = { id: string, version: string, hash: string, };\r\nexport type TimeState = {\r\n/**\r\n * Fully formatted by the server; browsers never calculate dates.\r\n */\r\ndate: string, hour: number,\r\n/**\r\n * Decimal text preserves full u64 precision in JavaScript.\r\n */\r\ntick: string, paused: boolean, speed: number, };\r\nexport type ClientMessage = { \"type\": \"Hello\", protocol_version: string, } | { \"type\": \"Create\", scenario: string, seed: string, mode: string, } | { \"type\": \"Join\", session: string, nation: string | null, } | { \"type\": \"Command\", sequence: string, command: TimeCommand, } | { \"type\": \"Query\", request: string, kind: string, };\r\nexport type ServerMessage = { \"type\": \"Welcome\", engine_version: string, protocol_version: string, accepted: boolean, reason_key: string | null, packs: Array<PackInfo>, sessions: Array<string>, } | { \"type\": \"CommandResult\", sequence: string, accepted: boolean, reason_key: string | null, } | { \"type\": \"Snapshot\", state: TimeState, } | { \"type\": \"Delta\", sequence: string, state: TimeState, } | { \"type\": \"QueryResult\", request: string, supported: boolean, reason_key: string | null, state: TimeState | null, } | { \"type\": \"Notice\", key: string, };\r\n\r\n// independent stale injection\r\n"
 right: "// Generated by oh_proto; do not edit.\nexport const PROTOCOL_VERSION = \"m0-v1\" as const;\nexport type TimeCommand = { \"type\": \"Pause\", paused: boolean, } | { \"type\": \"SetSpeed\", speed: number, };\nexport type PackInfo = { id: string, version: string, hash: string, };\nexport type TimeState = {\n/**\n * Fully formatted by the server; browsers never calculate dates.\n */\ndate: string, hour: number,\n/**\n * Decimal text preserves full u64 precision in JavaScript.\n */\ntick: string, paused: boolean, speed: number, };\nexport type ClientMessage = { \"type\": \"Hello\", protocol_version: string, } | { \"type\": \"Create\", scenario: string, seed: string, mode: string, } | { \"type\": \"Join\", session: string, nation: string | null, } | { \"type\": \"Command\", sequence: string, command: TimeCommand, } | { \"type\": \"Query\", request: string, kind: string, };\nexport type ServerMessage = { \"type\": \"Welcome\", engine_version: string, protocol_version: string, accepted: boolean, reason_key: string | null, packs: Array<PackInfo>, sessions: Array<string>, } | { \"type\": \"CommandResult\", sequence: string, accepted: boolean, reason_key: string | null, } | { \"type\": \"Snapshot\", state: TimeState, } | { \"type\": \"Delta\", sequence: string, state: TimeState, } | { \"type\": \"QueryResult\", request: string, supported: boolean, reason_key: string | null, state: TimeState | null, } | { \"type\": \"Notice\", key: string, };\n"
note: run with `RUST_BACKTRACE=1` environment variable to display a backtrace


failures:
    req_net_04_generated_types_are_current

test result: FAILED. 0 passed; 1 failed; 0 ignored; 0 measured; 1 filtered out; finished in 0.01s

error: test failed, to rerun pass `-p oh_proto --test contract`
