
Running 15 tests using 3 workers

(node:35832) Warning: The 'NO_COLOR' env is ignored due to the 'FORCE_COLOR' env being set.
(Use `node --trace-warnings ...` to show where the warning was created)
(node:33408) Warning: The 'NO_COLOR' env is ignored due to the 'FORCE_COLOR' env being set.
(Use `node --trace-warnings ...` to show where the warning was created)
(node:7140) Warning: The 'NO_COLOR' env is ignored due to the 'FORCE_COLOR' env being set.
(Use `node --trace-warnings ...` to show where the warning was created)
  ok  2 [chrome] › e2e-m1\map-pipeline.spec.ts:5:32 › REQ-PLAT-03 actual device pipeline rejection falls back to GL pixels (1.6s)
  ok  1 [edge] › e2e-m1\map-pipeline.spec.ts:5:32 › REQ-PLAT-03 actual device pipeline rejection falls back to GL pixels (1.7s)
  ok  5 [edge] › e2e-m1\map-pipeline.spec.ts:5:32 › REQ-PLAT-03 actual device pipeline rejection with unavailable GL shows notice (654ms)
  ok  4 [chrome] › e2e-m1\map-pipeline.spec.ts:5:32 › REQ-PLAT-03 actual device pipeline rejection with unavailable GL shows notice (801ms)
(node:25412) Warning: The 'NO_COLOR' env is ignored due to the 'FORCE_COLOR' env being set.
(Use `node --trace-warnings ...` to show where the warning was created)
  ok  7 [chromium] › e2e-m1\map-pipeline.spec.ts:5:32 › REQ-PLAT-03 actual device pipeline rejection falls back to GL pixels (724ms)
  ok  8 [chromium] › e2e-m1\map-pipeline.spec.ts:5:32 › REQ-PLAT-03 actual device pipeline rejection with unavailable GL shows notice (374ms)
  ok  3 [chrome] › e2e-m1\map-resize.spec.ts:7:1 › REQ-MAP-05 resize and reset preserve presentation pixels and camera authority (4.3s)
(node:24336) Warning: The 'NO_COLOR' env is ignored due to the 'FORCE_COLOR' env being set.
(Use `node --trace-warnings ...` to show where the warning was created)
  ok  6 [edge] › e2e-m1\map-resize.spec.ts:7:1 › REQ-MAP-05 resize and reset preserve presentation pixels and camera authority (3.3s)
(node:38224) Warning: The 'NO_COLOR' env is ignored due to the 'FORCE_COLOR' env being set.
(Use `node --trace-warnings ...` to show where the warning was created)
  ok  9 [chromium] › e2e-m1\map-resize.spec.ts:7:1 › REQ-MAP-05 resize and reset preserve presentation pixels and camera authority (3.7s)
(node:12768) Warning: The 'NO_COLOR' env is ignored due to the 'FORCE_COLOR' env being set.
(Use `node --trace-warnings ...` to show where the warning was created)
  ok 10 [firefox] › e2e-m1\map-pipeline.spec.ts:5:32 › REQ-PLAT-03 actual device pipeline rejection falls back to GL pixels (3.6s)
  ok 13 [firefox] › e2e-m1\map-pipeline.spec.ts:5:32 › REQ-PLAT-03 actual device pipeline rejection with unavailable GL shows notice (806ms)
  ok 12 [webkit] › e2e-m1\map-pipeline.spec.ts:5:32 › REQ-PLAT-03 actual device pipeline rejection falls back to GL pixels (1.8s)
(node:10404) Warning: The 'NO_COLOR' env is ignored due to the 'FORCE_COLOR' env being set.
(Use `node --trace-warnings ...` to show where the warning was created)
  ok 14 [webkit] › e2e-m1\map-pipeline.spec.ts:5:32 › REQ-PLAT-03 actual device pipeline rejection with unavailable GL shows notice (900ms)
  ok 11 [firefox] › e2e-m1\map-resize.spec.ts:7:1 › REQ-MAP-05 resize and reset preserve presentation pixels and camera authority (5.1s)
  ok 15 [webkit] › e2e-m1\map-resize.spec.ts:7:1 › REQ-MAP-05 resize and reset preserve presentation pixels and camera authority (7.9s)

  15 passed (20.4s)
