warning[license-not-encountered]: license was not encountered
  ┌─ E:\openhoi\.orchestrator\wt\WP-03-verify\deny.toml:3:48
  │
3 │ allow = ["MIT", "Apache-2.0", "BSD-2-Clause", "BSD-3-Clause", "ISC", "Zlib", "MPL-2.0", "Unicode-3.0", "BSL-1.0", "CC0-1.0"]
  │                                                ━━━━━━━━━━━━ unmatched license allowance

warning[license-not-encountered]: license was not encountered
  ┌─ E:\openhoi\.orchestrator\wt\WP-03-verify\deny.toml:3:105
  │
3 │ allow = ["MIT", "Apache-2.0", "BSD-2-Clause", "BSD-3-Clause", "ISC", "Zlib", "MPL-2.0", "Unicode-3.0", "BSL-1.0", "CC0-1.0"]
  │                                                                                                         ━━━━━━━ unmatched license allowance

warning[license-not-encountered]: license was not encountered
  ┌─ E:\openhoi\.orchestrator\wt\WP-03-verify\deny.toml:3:116
  │
3 │ allow = ["MIT", "Apache-2.0", "BSD-2-Clause", "BSD-3-Clause", "ISC", "Zlib", "MPL-2.0", "Unicode-3.0", "BSL-1.0", "CC0-1.0"]
  │                                                                                                                    ━━━━━━━ unmatched license allowance

warning[license-not-encountered]: license was not encountered
  ┌─ E:\openhoi\.orchestrator\wt\WP-03-verify\deny.toml:3:64
  │
3 │ allow = ["MIT", "Apache-2.0", "BSD-2-Clause", "BSD-3-Clause", "ISC", "Zlib", "MPL-2.0", "Unicode-3.0", "BSL-1.0", "CC0-1.0"]
  │                                                                ━━━ unmatched license allowance

warning[license-not-encountered]: license was not encountered
  ┌─ E:\openhoi\.orchestrator\wt\WP-03-verify\deny.toml:3:79
  │
3 │ allow = ["MIT", "Apache-2.0", "BSD-2-Clause", "BSD-3-Clause", "ISC", "Zlib", "MPL-2.0", "Unicode-3.0", "BSL-1.0", "CC0-1.0"]
  │                                                                               ━━━━━━━ unmatched license allowance

warning[duplicate]: found 2 duplicate entries for crate 'syn'
   ┌─ E:\openhoi\.orchestrator\wt\WP-03-verify/Cargo.lock:31:1
   │  
31 │ ╭ syn 2.0.119 registry+https://github.com/rust-lang/crates.io-index
32 │ │ syn 3.0.6 registry+https://github.com/rust-lang/crates.io-index
   │ ╰───────────────────────────────────────────────────────────────┘ lock entries
   │  
   ├ syn v2.0.119
     └── zerocopy-derive v0.8.60
         └── zerocopy v0.8.60
             └── half v2.7.1
                 └── fixed v1.31.0
                     └── oh_data v0.1.0
                         └── oh_sim v0.1.0
                             ├── oh_ai v0.1.0
                             │   ├── oh_cli v0.1.0
                             │   └── oh_server v0.1.0
                             ├── oh_proto v0.1.0
                             │   └── oh_server v0.1.0 (*)
                             └── oh_save v0.1.0
                                 ├── oh_cli v0.1.0 (*)
                                 └── oh_server v0.1.0 (*)
   ├ syn v3.0.6
     ├── ref-cast-impl v1.0.27
     │   └── ref-cast v1.0.27
     │       └── schemars v1.2.2
     │           └── oh_data v0.1.0
     │               └── oh_sim v0.1.0
     │                   ├── oh_ai v0.1.0
     │                   │   ├── oh_cli v0.1.0
     │                   │   └── oh_server v0.1.0
     │                   ├── oh_proto v0.1.0
     │                   │   └── oh_server v0.1.0 (*)
     │                   └── oh_save v0.1.0
     │                       ├── oh_cli v0.1.0 (*)
     │                       └── oh_server v0.1.0 (*)
     ├── schemars_derive v1.2.2
     │   └── schemars v1.2.2 (*)
     ├── serde_derive v1.0.229
     │   └── serde v1.0.229
     │       ├── oh_data v0.1.0 (*)
     │       └── schemars v1.2.2 (*)
     └── serde_derive_internals v0.30.0
         └── schemars_derive v1.2.2 (*)

advisories ok, bans ok, licenses ok, sources ok
