["npm.cmd", "--prefix", "client", "run", "test:e2e", "--", "--config", "../target/wp12-verify/playwright.config.ts"]

> openhoi-client@0.1.0 test:e2e
> playwright test --config ../target/wp12-verify/playwright.config.ts


Running 55 tests using 8 workers

(node:17020) Warning: The 'NO_COLOR' env is ignored due to the 'FORCE_COLOR' env being set.
(Use `node --trace-warnings ...` to show where the warning was created)
(node:18888) Warning: The 'NO_COLOR' env is ignored due to the 'FORCE_COLOR' env being set.
(Use `node --trace-warnings ...` to show where the warning was created)
(node:31236) Warning: The 'NO_COLOR' env is ignored due to the 'FORCE_COLOR' env being set.
(Use `node --trace-warnings ...` to show where the warning was created)
(node:28612) Warning: The 'NO_COLOR' env is ignored due to the 'FORCE_COLOR' env being set.
(Use `node --trace-warnings ...` to show where the warning was created)
(node:19476) Warning: The 'NO_COLOR' env is ignored due to the 'FORCE_COLOR' env being set.
(Use `node --trace-warnings ...` to show where the warning was created)
(node:3960) Warning: The 'NO_COLOR' env is ignored due to the 'FORCE_COLOR' env being set.
(Use `node --trace-warnings ...` to show where the warning was created)
(node:1172) Warning: The 'NO_COLOR' env is ignored due to the 'FORCE_COLOR' env being set.
(Use `node --trace-warnings ...` to show where the warning was created)
(node:19744) Warning: The 'NO_COLOR' env is ignored due to the 'FORCE_COLOR' env being set.
(Use `node --trace-warnings ...` to show where the warning was created)
  ok  4 [chrome] › ..\target\wp12-verify\e2e\shell.spec.ts:3:5 › REQ-PLAT-01 built client loads without browser errors (570ms)
  ok  1 [edge] › ..\target\wp12-verify\e2e\localization.spec.ts:9:5 › REQ-LOC-01 REQ-LOC-02 actual Rust executable ko/en switch and local CJK font (1.2s)
  ok  2 [edge] › ..\target\wp12-verify\e2e\shell.spec.ts:3:5 › REQ-PLAT-01 built client loads without browser errors (408ms)
  ok  9 [edge] › ..\target\wp12-verify\e2e\localization.spec.ts:58:5 › REQ-LOC-01 actual server Notice and CommandResult failure translate on language switch (525ms)
  ok  7 [chromium] › ..\target\wp12-verify\e2e\localization.spec.ts:9:5 › REQ-LOC-01 REQ-LOC-02 actual Rust executable ko/en switch and local CJK font (1.1s)
  ok  6 [chrome] › ..\target\wp12-verify\e2e\localization.spec.ts:9:5 › REQ-LOC-01 REQ-LOC-02 actual Rust executable ko/en switch and local CJK font (1.9s)
  ok 10 [edge] › ..\target\wp12-verify\e2e\localization.spec.ts:75:5 › REQ-LOC-01 actual server Notice renders through Fluent (448ms)
  ok  3 [chrome] › ..\target\wp12-verify\e2e\network.spec.ts:6:5 › REQ-GEN-01 REQ-TIME-01 REQ-NET-01 authoritative pause, five speeds and date (2.1s)
  ok 14 [chrome] › ..\target\wp12-verify\e2e\network.spec.ts:31:5 › REQ-NET-02 executable serves built assets and ko/en localization (40ms)
  ok  5 [edge] › ..\target\wp12-verify\e2e\network.spec.ts:6:5 › REQ-GEN-01 REQ-TIME-01 REQ-NET-01 authoritative pause, five speeds and date (2.2s)
  ok 16 [edge] › ..\target\wp12-verify\e2e\network.spec.ts:31:5 › REQ-NET-02 executable serves built assets and ko/en localization (49ms)
  ok 11 [chromium] › ..\target\wp12-verify\e2e\localization.spec.ts:58:5 › REQ-LOC-01 actual server Notice and CommandResult failure translate on language switch (447ms)
  ok 12 [chrome] › ..\target\wp12-verify\e2e\localization.spec.ts:58:5 › REQ-LOC-01 actual server Notice and CommandResult failure translate on language switch (626ms)
  ok 13 [edge] › ..\target\wp12-verify\e2e\localization.spec.ts:89:5 › AC-M1-03 ledger display fixture opens with keyboard and preserves supplied values (701ms)
  ok 18 [chromium] › ..\target\wp12-verify\e2e\localization.spec.ts:75:5 › REQ-LOC-01 actual server Notice renders through Fluent (312ms)
  ok  8 [chromium] › ..\target\wp12-verify\e2e\network.spec.ts:6:5 › REQ-GEN-01 REQ-TIME-01 REQ-NET-01 authoritative pause, five speeds and date (1.7s)
  ok 19 [chrome] › ..\target\wp12-verify\e2e\localization.spec.ts:75:5 › REQ-LOC-01 actual server Notice renders through Fluent (382ms)
  ok 21 [chromium] › ..\target\wp12-verify\e2e\network.spec.ts:31:5 › REQ-NET-02 executable serves built assets and ko/en localization (33ms)
  ok 20 [chromium] › ..\target\wp12-verify\e2e\localization.spec.ts:89:5 › AC-M1-03 ledger display fixture opens with keyboard and preserves supplied values (434ms)
(node:35560) Warning: The 'NO_COLOR' env is ignored due to the 'FORCE_COLOR' env being set.
(Use `node --trace-warnings ...` to show where the warning was created)
(node:35624) Warning: The 'NO_COLOR' env is ignored due to the 'FORCE_COLOR' env being set.
(Use `node --trace-warnings ...` to show where the warning was created)
(node:31168) Warning: The 'NO_COLOR' env is ignored due to the 'FORCE_COLOR' env being set.
(Use `node --trace-warnings ...` to show where the warning was created)
  ok 22 [chrome] › ..\target\wp12-verify\e2e\localization.spec.ts:89:5 › AC-M1-03 ledger display fixture opens with keyboard and preserves supplied values (612ms)
(node:4780) Warning: The 'NO_COLOR' env is ignored due to the 'FORCE_COLOR' env being set.
(Use `node --trace-warnings ...` to show where the warning was created)
  ok 24 [chromium] › ..\target\wp12-verify\e2e\shell.spec.ts:3:5 › REQ-PLAT-01 built client loads without browser errors (251ms)
  ok 15 [chrome] › ..\target\wp12-verify\e2e\network.spec.ts:44:5 › REQ-NET-01 version mismatch, acceptance, rejection and unsupported scope (1.9s)
  ok 17 [edge] › ..\target\wp12-verify\e2e\network.spec.ts:44:5 › REQ-NET-01 version mismatch, acceptance, rejection and unsupported scope (1.9s)
(node:31888) Warning: The 'NO_COLOR' env is ignored due to the 'FORCE_COLOR' env being set.
(Use `node --trace-warnings ...` to show where the warning was created)
(node:30892) Warning: The 'NO_COLOR' env is ignored due to the 'FORCE_COLOR' env being set.
(Use `node --trace-warnings ...` to show where the warning was created)
  ok 23 [chromium] › ..\target\wp12-verify\e2e\network.spec.ts:44:5 › REQ-NET-01 version mismatch, acceptance, rejection and unsupported scope (1.7s)
  ok 28 [chrome] › ..\target\wp12-verify\e2e\network.spec.ts:73:5 › REQ-NET-01 Create, supported query, Delta and explicit refusal (1.0s)
  ok 29 [edge] › ..\target\wp12-verify\e2e\network.spec.ts:73:5 › REQ-NET-01 Create, supported query, Delta and explicit refusal (1.0s)
  ok 33 [chrome] › ..\target\wp12-verify\e2e\network.spec.ts:101:5 › REQ-NET-02 ko localization (522ms)
  ok 32 [chromium] › ..\target\wp12-verify\e2e\network.spec.ts:73:5 › REQ-NET-01 Create, supported query, Delta and explicit refusal (932ms)
  ok 34 [edge] › ..\target\wp12-verify\e2e\network.spec.ts:101:5 › REQ-NET-02 ko localization (570ms)
  ok 36 [chromium] › ..\target\wp12-verify\e2e\network.spec.ts:101:5 › REQ-NET-02 ko localization (482ms)
  ok 30 [webkit] › ..\target\wp12-verify\e2e\localization.spec.ts:9:5 › REQ-LOC-01 REQ-LOC-02 actual Rust executable ko/en switch and local CJK font (1.4s)
  ok 35 [chrome] › ..\target\wp12-verify\e2e\network.spec.ts:112:5 › REQ-GEN-05 REQ-NET-05 server disconnect freezes displayed time and input (1.2s)
  ok 37 [edge] › ..\target\wp12-verify\e2e\network.spec.ts:112:5 › REQ-GEN-05 REQ-NET-05 server disconnect freezes displayed time and input (1.3s)
  ok 27 [firefox] › ..\target\wp12-verify\e2e\shell.spec.ts:3:5 › REQ-PLAT-01 built client loads without browser errors (2.1s)
  ok 39 [webkit] › ..\target\wp12-verify\e2e\localization.spec.ts:58:5 › REQ-LOC-01 actual server Notice and CommandResult failure translate on language switch (792ms)
  ok 38 [chromium] › ..\target\wp12-verify\e2e\network.spec.ts:112:5 › REQ-GEN-05 REQ-NET-05 server disconnect freezes displayed time and input (1.1s)
(node:11992) Warning: The 'NO_COLOR' env is ignored due to the 'FORCE_COLOR' env being set.
(Use `node --trace-warnings ...` to show where the warning was created)
  ok 40 [webkit] › ..\target\wp12-verify\e2e\localization.spec.ts:75:5 › REQ-LOC-01 actual server Notice renders through Fluent (651ms)
  ok 41 [webkit] › ..\target\wp12-verify\e2e\shell.spec.ts:3:5 › REQ-PLAT-01 built client loads without browser errors (399ms)
  ok 31 [webkit] › ..\target\wp12-verify\e2e\network.spec.ts:6:5 › REQ-GEN-01 REQ-TIME-01 REQ-NET-01 authoritative pause, five speeds and date (3.6s)
  ok 43 [webkit] › ..\target\wp12-verify\e2e\network.spec.ts:31:5 › REQ-NET-02 executable serves built assets and ko/en localization (30ms)
  ok 42 [webkit] › ..\target\wp12-verify\e2e\localization.spec.ts:89:5 › AC-M1-03 ledger display fixture opens with keyboard and preserves supplied values (928ms)
  ok 26 [firefox] › ..\target\wp12-verify\e2e\network.spec.ts:6:5 › REQ-GEN-01 REQ-TIME-01 REQ-NET-01 authoritative pause, five speeds and date (5.6s)
  ok 45 [firefox] › ..\target\wp12-verify\e2e\network.spec.ts:31:5 › REQ-NET-02 executable serves built assets and ko/en localization (20ms)
  ok 25 [firefox] › ..\target\wp12-verify\e2e\localization.spec.ts:9:5 › REQ-LOC-01 REQ-LOC-02 actual Rust executable ko/en switch and local CJK font (4.5s)
  ok 44 [webkit] › ..\target\wp12-verify\e2e\network.spec.ts:44:5 › REQ-NET-01 version mismatch, acceptance, rejection and unsupported scope (1.8s)
  ok 47 [firefox] › ..\target\wp12-verify\e2e\localization.spec.ts:58:5 › REQ-LOC-01 actual server Notice and CommandResult failure translate on language switch (599ms)
  ok 49 [firefox] › ..\target\wp12-verify\e2e\localization.spec.ts:75:5 › REQ-LOC-01 actual server Notice renders through Fluent (496ms)
  ok 48 [webkit] › ..\target\wp12-verify\e2e\network.spec.ts:73:5 › REQ-NET-01 Create, supported query, Delta and explicit refusal (1.0s)
  ok 46 [firefox] › ..\target\wp12-verify\e2e\network.spec.ts:44:5 › REQ-NET-01 version mismatch, acceptance, rejection and unsupported scope (1.9s)
  ok 51 [webkit] › ..\target\wp12-verify\e2e\network.spec.ts:101:5 › REQ-NET-02 ko localization (645ms)
  ok 50 [firefox] › ..\target\wp12-verify\e2e\localization.spec.ts:89:5 › AC-M1-03 ledger display fixture opens with keyboard and preserves supplied values (912ms)
  ok 52 [firefox] › ..\target\wp12-verify\e2e\network.spec.ts:73:5 › REQ-NET-01 Create, supported query, Delta and explicit refusal (1.1s)
  ok 53 [webkit] › ..\target\wp12-verify\e2e\network.spec.ts:112:5 › REQ-GEN-05 REQ-NET-05 server disconnect freezes displayed time and input (1.4s)
  ok 54 [firefox] › ..\target\wp12-verify\e2e\network.spec.ts:101:5 › REQ-NET-02 ko localization (492ms)
  ok 55 [firefox] › ..\target\wp12-verify\e2e\network.spec.ts:112:5 › REQ-GEN-05 REQ-NET-05 server disconnect freezes displayed time and input (1.1s)

  55 passed (16.4s)

EXIT=0
