["npm.cmd", "--prefix", "client", "run", "test:e2e", "--", "--config", "../target/wp12-verify/playwright.config.ts"]

> openhoi-client@0.1.0 test:e2e
> playwright test --config ../target/wp12-verify/playwright.config.ts

Error: Cannot find module 'E:openhoi.orchestratorwtWP-12-verifyclient
ode_modules@playwright	estindex.mjs'
Require stack:
- E:\openhoi\.orchestrator\wt\WP-12-verify\target\wp12-verify\playwright.config.ts
- E:\openhoi\.orchestrator\wt\WP-12-verify\client\node_modules\playwright\lib\common\index.js
- E:\openhoi\.orchestrator\wt\WP-12-verify\client\node_modules\playwright\lib\program.js
- E:\openhoi\.orchestrator\wt\WP-12-verify\client\node_modules\@playwright\test\cli.js
    at Module._resolveFilename (node:internal/modules/cjs/loader:1369:15)
    at defaultResolveImpl (node:internal/modules/cjs/loader:1025:19)
    at defaultResolve (node:internal/modules/cjs/loader:1047:31)
    at nextStep (node:internal/modules/customization_hooks:189:26)
    at resolve (E:\openhoi\.orchestrator\wt\WP-12-verify\client\node_modules\playwright\lib\common\index.js:821:19)
    at nextStep (node:internal/modules/customization_hooks:189:26)
    at resolveWithHooks (node:internal/modules/customization_hooks:395:10)
    at resolveForCJSWithHooks (node:internal/modules/cjs/loader:1056:25)
    at Module._load (node:internal/modules/cjs/loader:1179:37)
    at TracingChannel.traceSync (node:diagnostics_channel:322:14)
    at wrapModuleLoad (node:internal/modules/cjs/loader:235:24)
    at Module.require (node:internal/modules/cjs/loader:1449:12)
    at require (node:internal/modules/helpers:135:16)
    at Object.<anonymous> (E:\openhoi\.orchestrator\wt\WP-12-verify\target\wp12-verify\playwright.config.ts:2:1)
    at Module._compile (node:internal/modules/cjs/loader:1692:14)
    at Object.<anonymous> (node:internal/modules/cjs/loader:1824:10)
    at Module.load (node:internal/modules/cjs/loader:1427:32)
    at Module._load (node:internal/modules/cjs/loader:1250:12)
    at TracingChannel.traceSync (node:diagnostics_channel:322:14)
    at wrapModuleLoad (node:internal/modules/cjs/loader:235:24)
    at Module.require (node:internal/modules/cjs/loader:1449:12)
    at require (node:internal/modules/helpers:135:16)
    at requireOrImport (E:\openhoi\.orchestrator\wt\WP-12-verify\client\node_modules\playwright\lib\common\index.js:1083:18)
    at loadUserConfig (E:\openhoi\.orchestrator\wt\WP-12-verify\client\node_modules\playwright\lib\common\index.js:1268:52)
    at loadConfig (E:\openhoi\.orchestrator\wt\WP-12-verify\client\node_modules\playwright\lib\common\index.js:1275:28)
    at processTicksAndRejections (node:internal/process/task_queues:105:5)
    at Object.loadConfigFromFile (E:\openhoi\.orchestrator\wt\WP-12-verify\client\node_modules\playwright\lib\common\index.js:1490:10)
    at runTests (E:\openhoi\.orchestrator\wt\WP-12-verify\client\node_modules\playwright\lib\cli\testActions.js:46:18)
    at _Command.<anonymous> (E:\openhoi\.orchestrator\wt\WP-12-verify\client\node_modules\playwright\lib\program.js:55:7) {
  code: 'MODULE_NOT_FOUND',
  requireStack: [
    'E:\\openhoi\\.orchestrator\\wt\\WP-12-verify\\target\\wp12-verify\\playwright.config.ts',
    'E:\\openhoi\\.orchestrator\\wt\\WP-12-verify\\client\\node_modules\\playwright\\lib\\common\\index.js',
    'E:\\openhoi\\.orchestrator\\wt\\WP-12-verify\\client\\node_modules\\playwright\\lib\\program.js',
    'E:\\openhoi\\.orchestrator\\wt\\WP-12-verify\\client\\node_modules\\@playwright\\test\\cli.js'
  ]
}

EXIT=1
