"independently encoded valid body/header" accepted=true atomic=true
"engine" accepted=false atomic=true
"format" accepted=false atomic=true
"scenario" accepted=false atomic=true
"tick" accepted=false atomic=true
"seed" accepted=false atomic=true
"date" accepted=false atomic=true
"state hash" accepted=false atomic=true
"saved_at negative" accepted=false atomic=true
"saved_at future" accepted=false atomic=true
"definitions" accepted=false atomic=true
"effective defines" accepted=false atomic=true
"unknown player" accepted=false atomic=true
"duplicate player" accepted=false atomic=true
"player order" accepted=false atomic=true
"pack id" accepted=false atomic=true
"pack count" accepted=false atomic=true
"noncanonical header varint" accepted=false atomic=true
"header trailing" accepted=false atomic=true
"body trailing" accepted=false atomic=true
"body noncanonical string" accepted=false atomic=true
"truncation 0" accepted=false atomic=true
"truncation 1" accepted=false atomic=true
"truncation 2" accepted=false atomic=true
"truncation 3" accepted=false atomic=true
"truncation 4" accepted=false atomic=true
"truncation 5" accepted=false atomic=true
"truncation 6" accepted=false atomic=true
"truncation 7" accepted=false atomic=true
"truncation 8" accepted=false atomic=true
"truncation 9" accepted=false atomic=true
"truncation 10" accepted=false atomic=true
"truncation 11" accepted=false atomic=true
"truncation 12" accepted=false atomic=true
"truncation 13" accepted=false atomic=true
"truncation 14" accepted=false atomic=true
"truncation 15" accepted=false atomic=true
"truncation 16" accepted=false atomic=true
"truncation 17" accepted=false atomic=true
"truncation 18" accepted=false atomic=true
"truncation 19" accepted=false atomic=true
"truncation 20" accepted=false atomic=true
"truncation 21" accepted=false atomic=true
"truncation 22" accepted=false atomic=true
"truncation 23" accepted=false atomic=true
"truncation 24" accepted=false atomic=true
"truncation 25" accepted=false atomic=true
"truncation 26" accepted=false atomic=true
"truncation 27" accepted=false atomic=true
"truncation 28" accepted=false atomic=true
"truncation 29" accepted=false atomic=true
"truncation 30" accepted=false atomic=true
"truncation 31" accepted=false atomic=true
"truncation 32" accepted=false atomic=true
"truncation 33" accepted=false atomic=true
"truncation 34" accepted=false atomic=true
"truncation 35" accepted=false atomic=true
"truncation 36" accepted=false atomic=true
"truncation 37" accepted=false atomic=true
"truncation 38" accepted=false atomic=true
"truncation 39" accepted=false atomic=true
"truncation 40" accepted=false atomic=true
"truncation 41" accepted=false atomic=true
"truncation 42" accepted=false atomic=true
"truncation 43" accepted=false atomic=true
"truncation 44" accepted=false atomic=true
"truncation 45" accepted=false atomic=true
"truncation 46" accepted=false atomic=true
"truncation 47" accepted=false atomic=true
"truncation 48" accepted=false atomic=true
"truncation 49" accepted=false atomic=true
"truncation 50" accepted=false atomic=true
"truncation 51" accepted=false atomic=true
"truncation 52" accepted=false atomic=true
"truncation 53" accepted=false atomic=true
"truncation 54" accepted=false atomic=true
"truncation 55" accepted=false atomic=true
"truncation 56" accepted=false atomic=true
"truncation 57" accepted=false atomic=true
"truncation 58" accepted=false atomic=true
"truncation 59" accepted=false atomic=true
"truncation 60" accepted=false atomic=true
"truncation 61" accepted=false atomic=true
"truncation 62" accepted=false atomic=true
"truncation 63" accepted=false atomic=true
"truncation 64" accepted=false atomic=true
"truncation 65" accepted=false atomic=true
"truncation 66" accepted=false atomic=true
"truncation 67" accepted=false atomic=true
"truncation 68" accepted=false atomic=true
"truncation 69" accepted=false atomic=true
"truncation 70" accepted=false atomic=true
"truncation 71" accepted=false atomic=true
"truncation 72" accepted=false atomic=true
"truncation 73" accepted=false atomic=true
"truncation 74" accepted=false atomic=true
"truncation 75" accepted=false atomic=true
"truncation 76" accepted=false atomic=true
"truncation 77" accepted=false atomic=true
"truncation 78" accepted=false atomic=true
"truncation 79" accepted=false atomic=true
"truncation 80" accepted=false atomic=true
"truncation 81" accepted=false atomic=true
"truncation 82" accepted=false atomic=true
"truncation 83" accepted=false atomic=true
"truncation 84" accepted=false atomic=true
"truncation 85" accepted=false atomic=true
"truncation 86" accepted=false atomic=true
"truncation 87" accepted=false atomic=true
"truncation 88" accepted=false atomic=true
"truncation 89" accepted=false atomic=true
"truncation 90" accepted=false atomic=true
"truncation 91" accepted=false atomic=true
"truncation 92" accepted=false atomic=true
"truncation 93" accepted=false atomic=true
"truncation 94" accepted=false atomic=true
"truncation 95" accepted=false atomic=true
"truncation 96" accepted=false atomic=true
"truncation 97" accepted=false atomic=true
"truncation 98" accepted=false atomic=true
"truncation 99" accepted=false atomic=true
"truncation 100" accepted=false atomic=true
"truncation 101" accepted=false atomic=true
"truncation 102" accepted=false atomic=true
"truncation 103" accepted=false atomic=true
"truncation 104" accepted=false atomic=true
"truncation 105" accepted=false atomic=true
"truncation 106" accepted=false atomic=true
"truncation 107" accepted=false atomic=true
"truncation 108" accepted=false atomic=true
"truncation 109" accepted=false atomic=true
"truncation 110" accepted=false atomic=true
"truncation 111" accepted=false atomic=true
"truncation 112" accepted=false atomic=true
"truncation 113" accepted=false atomic=true
"truncation 114" accepted=false atomic=true
"truncation 115" accepted=false atomic=true
"truncation 116" accepted=false atomic=true
"truncation 117" accepted=false atomic=true
"truncation 118" accepted=false atomic=true
"truncation 119" accepted=false atomic=true
"truncation 120" accepted=false atomic=true
"truncation 121" accepted=false atomic=true
"truncation 122" accepted=false atomic=true
"truncation 123" accepted=false atomic=true
"truncation 124" accepted=false atomic=true
"truncation 125" accepted=false atomic=true
"truncation 126" accepted=false atomic=true
"truncation 127" accepted=false atomic=true
"truncation 128" accepted=false atomic=true
"truncation 129" accepted=false atomic=true
"truncation 130" accepted=false atomic=true
"truncation 131" accepted=false atomic=true
"truncation 132" accepted=false atomic=true
"truncation 133" accepted=false atomic=true
"truncation 134" accepted=false atomic=true
"truncation 135" accepted=false atomic=true
"truncation 136" accepted=false atomic=true
"truncation 137" accepted=false atomic=true
"truncation 138" accepted=false atomic=true
"truncation 139" accepted=false atomic=true
"truncation 140" accepted=false atomic=true
"truncation 141" accepted=false atomic=true
"truncation 142" accepted=false atomic=true
"truncation 143" accepted=false atomic=true
"truncation 144" accepted=false atomic=true
"truncation 145" accepted=false atomic=true
"truncation 146" accepted=false atomic=true
"truncation 147" accepted=false atomic=true
"truncation 148" accepted=false atomic=true
"truncation 149" accepted=false atomic=true
"truncation 150" accepted=false atomic=true
"truncation 151" accepted=false atomic=true
"truncation 152" accepted=false atomic=true
"truncation 153" accepted=false atomic=true
"truncation 154" accepted=false atomic=true
"truncation 155" accepted=false atomic=true
"truncation 156" accepted=false atomic=true
"truncation 157" accepted=false atomic=true
"truncation 158" accepted=false atomic=true
"truncation 159" accepted=false atomic=true
"truncation 160" accepted=false atomic=true
"truncation 161" accepted=false atomic=true
"truncation 162" accepted=false atomic=true
"truncation 163" accepted=false atomic=true
"truncation 164" accepted=false atomic=true
"truncation 165" accepted=false atomic=true
"truncation 166" accepted=false atomic=true
"truncation 167" accepted=false atomic=true
"truncation 168" accepted=false atomic=true
"truncation 169" accepted=false atomic=true
"truncation 170" accepted=false atomic=true
"truncation 171" accepted=false atomic=true
"truncation 172" accepted=false atomic=true
"truncation 173" accepted=false atomic=true
"truncation 174" accepted=false atomic=true
"truncation 175" accepted=false atomic=true
"truncation 176" accepted=false atomic=true
"truncation 177" accepted=false atomic=true
"truncation 178" accepted=false atomic=true
"truncation 179" accepted=false atomic=true
"truncation 180" accepted=false atomic=true
"truncation 181" accepted=false atomic=true
"truncation 182" accepted=false atomic=true
"truncation 183" accepted=false atomic=true
"truncation 184" accepted=false atomic=true
"truncation 185" accepted=false atomic=true
"truncation 186" accepted=false atomic=true
"truncation 187" accepted=false atomic=true
"truncation 188" accepted=false atomic=true
"truncation 189" accepted=false atomic=true
"truncation 190" accepted=false atomic=true
"truncation 191" accepted=false atomic=true
"truncation 192" accepted=false atomic=true
"truncation 193" accepted=false atomic=true
"truncation 194" accepted=false atomic=true
"truncation 195" accepted=false atomic=true
"truncation 196" accepted=false atomic=true
"truncation 197" accepted=false atomic=true
"truncation 198" accepted=false atomic=true
"truncation 199" accepted=false atomic=true
"truncation 200" accepted=false atomic=true
"truncation 201" accepted=false atomic=true
"truncation 202" accepted=false atomic=true
"truncation 203" accepted=false atomic=true
"truncation 204" accepted=false atomic=true
"truncation 205" accepted=false atomic=true
"truncation 206" accepted=false atomic=true
"truncation 207" accepted=false atomic=true
"truncation 208" accepted=false atomic=true
"truncation 209" accepted=false atomic=true
"truncation 210" accepted=false atomic=true
"truncation 211" accepted=false atomic=true
"truncation 212" accepted=false atomic=true
"truncation 213" accepted=false atomic=true
"truncation 214" accepted=false atomic=true
"truncation 215" accepted=false atomic=true
"truncation 216" accepted=false atomic=true
"truncation 217" accepted=false atomic=true
"truncation 218" accepted=false atomic=true
"truncation 219" accepted=false atomic=true
"truncation 220" accepted=false atomic=true
"truncation 221" accepted=false atomic=true
"truncation 222" accepted=false atomic=true
"truncation 223" accepted=false atomic=true
"truncation 224" accepted=false atomic=true
"truncation 225" accepted=false atomic=true
"truncation 226" accepted=false atomic=true
"truncation 227" accepted=false atomic=true
"truncation 228" accepted=false atomic=true
"truncation 229" accepted=false atomic=true
"truncation 230" accepted=false atomic=true
"truncation 231" accepted=false atomic=true
"truncation 232" accepted=false atomic=true
"truncation 233" accepted=false atomic=true
"truncation 234" accepted=false atomic=true
"truncation 235" accepted=false atomic=true
"truncation 236" accepted=false atomic=true
"truncation 237" accepted=false atomic=true
"truncation 238" accepted=false atomic=true
"truncation 239" accepted=false atomic=true
"truncation 240" accepted=false atomic=true
"truncation 241" accepted=false atomic=true
"truncation 242" accepted=false atomic=true
"truncation 243" accepted=false atomic=true
"truncation 244" accepted=false atomic=true
"truncation 245" accepted=false atomic=true
"truncation 246" accepted=false atomic=true
"truncation 247" accepted=false atomic=true
"truncation 248" accepted=false atomic=true
"truncation 249" accepted=false atomic=true
"truncation 250" accepted=false atomic=true
"truncation 251" accepted=false atomic=true
"truncation 252" accepted=false atomic=true
"truncation 253" accepted=false atomic=true
"truncation 254" accepted=false atomic=true
"truncation 255" accepted=false atomic=true
"truncation 256" accepted=false atomic=true
"truncation 257" accepted=false atomic=true
"truncation 258" accepted=false atomic=true
"truncation 259" accepted=false atomic=true
"truncation 260" accepted=false atomic=true
"truncation 261" accepted=false atomic=true
"truncation 262" accepted=false atomic=true
"truncation 263" accepted=false atomic=true
"truncation 264" accepted=false atomic=true
"truncation 265" accepted=false atomic=true
"truncation 266" accepted=false atomic=true
"truncation 267" accepted=false atomic=true
"truncation 268" accepted=false atomic=true
"truncation 269" accepted=false atomic=true
"truncation 270" accepted=false atomic=true
"truncation 271" accepted=false atomic=true
"truncation 272" accepted=false atomic=true
"truncation 273" accepted=false atomic=true
"truncation 274" accepted=false atomic=true
"truncation 275" accepted=false atomic=true
"truncation 276" accepted=false atomic=true
"truncation 277" accepted=false atomic=true
"truncation 278" accepted=false atomic=true
"truncation 279" accepted=false atomic=true
"truncation 280" accepted=false atomic=true
"truncation 281" accepted=false atomic=true
"truncation 282" accepted=false atomic=true
"truncation 283" accepted=false atomic=true
"truncation 284" accepted=false atomic=true
"truncation 285" accepted=false atomic=true
"truncation 286" accepted=false atomic=true
"truncation 287" accepted=false atomic=true
"truncation 288" accepted=false atomic=true
"truncation 289" accepted=false atomic=true
"truncation 290" accepted=false atomic=true
"truncation 291" accepted=false atomic=true
"truncation 292" accepted=false atomic=true
"truncation 293" accepted=false atomic=true
"truncation 294" accepted=false atomic=true
"truncation 295" accepted=false atomic=true
"truncation 296" accepted=false atomic=true
"truncation 297" accepted=false atomic=true
"truncation 298" accepted=false atomic=true
"truncation 299" accepted=false atomic=true
"truncation 300" accepted=false atomic=true
"truncation 301" accepted=false atomic=true
"truncation 302" accepted=false atomic=true
"truncation 303" accepted=false atomic=true
"truncation 304" accepted=false atomic=true
"truncation 305" accepted=false atomic=true
"truncation 306" accepted=false atomic=true
"truncation 307" accepted=false atomic=true
"truncation 308" accepted=false atomic=true
"truncation 309" accepted=false atomic=true
"truncation 310" accepted=false atomic=true
"truncation 311" accepted=false atomic=true
"truncation 312" accepted=false atomic=true
"truncation 313" accepted=false atomic=true
"truncation 314" accepted=false atomic=true
"truncation 315" accepted=false atomic=true
"truncation 316" accepted=false atomic=true
"truncation 317" accepted=false atomic=true
"truncation 318" accepted=false atomic=true
"truncation 319" accepted=false atomic=true
"truncation 320" accepted=false atomic=true
"truncation 321" accepted=false atomic=true
"truncation 322" accepted=false atomic=true
"truncation 323" accepted=false atomic=true
"truncation 324" accepted=false atomic=true
"truncation 325" accepted=false atomic=true
"truncation 326" accepted=false atomic=true
"truncation 327" accepted=false atomic=true
"truncation 328" accepted=false atomic=true
"truncation 329" accepted=false atomic=true
"truncation 330" accepted=false atomic=true
"truncation 331" accepted=false atomic=true
"truncation 332" accepted=false atomic=true
"truncation 333" accepted=false atomic=true
"truncation 334" accepted=false atomic=true
"truncation 335" accepted=false atomic=true
"truncation 336" accepted=false atomic=true
"truncation 337" accepted=false atomic=true
"truncation 338" accepted=false atomic=true
"truncation 339" accepted=false atomic=true
"truncation 340" accepted=false atomic=true
"truncation 341" accepted=false atomic=true
"truncation 342" accepted=false atomic=true
"truncation 343" accepted=false atomic=true
"truncation 344" accepted=false atomic=true
"truncation 345" accepted=false atomic=true
"truncation 346" accepted=false atomic=true
"truncation 347" accepted=false atomic=true
"truncation 348" accepted=false atomic=true
"truncation 349" accepted=false atomic=true
"truncation 350" accepted=false atomic=true
"truncation 351" accepted=false atomic=true
"truncation 352" accepted=false atomic=true
"truncation 353" accepted=false atomic=true
"truncation 354" accepted=false atomic=true
"truncation 355" accepted=false atomic=true
"truncation 356" accepted=false atomic=true
"truncation 357" accepted=false atomic=true
"truncation 358" accepted=false atomic=true
"truncation 359" accepted=false atomic=true
"truncation 360" accepted=false atomic=true
"truncation 361" accepted=false atomic=true
"truncation 362" accepted=false atomic=true
"truncation 363" accepted=false atomic=true
"truncation 364" accepted=false atomic=true
"truncation 365" accepted=false atomic=true
"truncation 366" accepted=false atomic=true
"truncation 367" accepted=false atomic=true
"truncation 368" accepted=false atomic=true
"truncation 369" accepted=false atomic=true
"truncation 370" accepted=false atomic=true
"truncation 371" accepted=false atomic=true
"truncation 372" accepted=false atomic=true
"truncation 373" accepted=false atomic=true
"truncation 374" accepted=false atomic=true
"truncation 375" accepted=false atomic=true
"truncation 376" accepted=false atomic=true
"truncation 377" accepted=false atomic=true
"truncation 378" accepted=false atomic=true
"truncation 379" accepted=false atomic=true
"truncation 380" accepted=false atomic=true
"truncation 381" accepted=false atomic=true
"truncation 382" accepted=false atomic=true
"truncation 383" accepted=false atomic=true
"truncation 384" accepted=false atomic=true
"truncation 385" accepted=false atomic=true
"truncation 386" accepted=false atomic=true
"truncation 387" accepted=false atomic=true
"truncation 388" accepted=false atomic=true
"truncation 389" accepted=false atomic=true
"truncation 390" accepted=false atomic=true
"truncation 391" accepted=false atomic=true
"truncation 392" accepted=false atomic=true
"truncation 393" accepted=false atomic=true
"truncation 394" accepted=false atomic=true
"truncation 395" accepted=false atomic=true
"truncation 396" accepted=false atomic=true
"truncation 397" accepted=false atomic=true
"truncation 398" accepted=false atomic=true
"truncation 399" accepted=false atomic=true
"truncation 400" accepted=false atomic=true
"truncation 401" accepted=false atomic=true
"truncation 402" accepted=false atomic=true
"truncation 403" accepted=false atomic=true
"truncation 404" accepted=false atomic=true
"prefix version 0" accepted=false atomic=true
"prefix version 2" accepted=false atomic=true
"prefix version 65535" accepted=false atomic=true
"header length 0" accepted=false atomic=true
"header length 65537" accepted=false atomic=true
"header length 4294967295" accepted=false atomic=true
"magic" accepted=false atomic=true
"checksum" accepted=false atomic=true
"double frame" accepted=false atomic=true
"empty second frame" accepted=false atomic=true
"trailing zero" accepted=false atomic=true
"skippable frame" accepted=false atomic=true
"body cap -1" accepted=false atomic=true
"body cap 0" accepted=true atomic=true
"body cap 1" accepted=true atomic=true
"file cap -1" accepted=false atomic=true
"file cap 0" accepted=true atomic=true
"file cap 1" accepted=true atomic=true
"unknown command enum" accepted=false atomic=true
