     Locking 79 packages to highest Rust 1.99.0 compatible versions
      Adding zstd-safe v7.2.2 (available: v7.2.4)
   Compiling proc-macro2 v1.0.107
   Compiling unicode-ident v1.0.26
   Compiling quote v1.0.47
   Compiling cfg-if v1.0.5
   Compiling serde_core v1.0.229
   Compiling getrandom v0.4.3
   Compiling zerocopy v0.8.60
   Compiling serde v1.0.229
   Compiling simd-adler32 v0.3.10
   Compiling thiserror v2.0.21
   Compiling shlex v2.0.1
   Compiling find-msvc-tools v0.1.14
   Compiling crc32fast v1.5.2
   Compiling pkg-config v0.3.34
   Compiling zmij v1.0.23
   Compiling adler2 v2.0.1
   Compiling fixed v1.31.0
   Compiling serde_json v1.0.151
   Compiling ref-cast v1.0.27
   Compiling miniz_oxide v0.9.1
   Compiling typenum v1.20.1
   Compiling winnow v1.0.4
   Compiling bytemuck v1.25.2
   Compiling az v1.3.0
   Compiling memchr v2.8.3
   Compiling itoa v1.0.18
   Compiling rand_core v0.10.1
   Compiling flate2 v1.1.10
   Compiling fdeflate v0.3.7
   Compiling miniz_oxide v0.8.9
   Compiling jobserver v0.1.35
   Compiling semver v1.0.28
   Compiling zstd-safe v7.2.2
   Compiling toml_writer v1.1.2+spec-1.1.0
   Compiling toml_parser v1.1.3+spec-1.1.0
   Compiling cc v1.6.0
   Compiling dyn-clone v1.0.20
   Compiling bitflags v2.13.2
   Compiling windows-link v0.2.1
   Compiling once_cell v1.21.4
   Compiling png v0.18.1
   Compiling windows-sys v0.61.2
   Compiling fastrand v2.5.0
   Compiling syn v3.0.6
   Compiling syn v2.0.119
   Compiling tempfile v3.27.0
   Compiling zstd-sys v2.0.16+zstd.1.5.7
   Compiling serde_spanned v1.1.1
   Compiling toml_datetime v1.1.1+spec-1.1.0
   Compiling toml v1.1.6+spec-1.1.0
   Compiling serde_derive_internals v0.30.0
   Compiling serde_derive v1.0.229
   Compiling thiserror-impl v2.0.21
   Compiling ref-cast-impl v1.0.27
   Compiling schemars_derive v1.2.2
   Compiling zerocopy-derive v0.8.60
   Compiling zstd v0.13.3
   Compiling cobs v0.3.0
   Compiling postcard v1.1.3
   Compiling schemars v1.2.2
   Compiling ppv-lite86 v0.2.21
   Compiling half v2.7.1
   Compiling rand_chacha v0.10.0
   Compiling oh_core v0.1.0 (E:\openhoi\.orchestrator\wt\WP-11-verify\crates\oh_core)
   Compiling oh_data v0.1.0 (E:\openhoi\.orchestrator\wt\WP-11-verify\crates\oh_data)
   Compiling oh_sim v0.1.0 (E:\openhoi\.orchestrator\wt\WP-11-verify\crates\oh_sim)
   Compiling oh_save v0.1.0 (E:\openhoi\.orchestrator\wt\WP-11-verify\crates\oh_save)
   Compiling wp11_independent_probe v0.0.0 (E:\openhoi\.orchestrator\wt\WP-11-verify\target\wp11-independent\harness)
    Finished `dev` profile [unoptimized + debuginfo] target(s) in 18.88s
     Running `target\wp11-independent\harness\target\debug\wp11_independent_probe.exe capture E:/openhoi/.orchestrator/wt/WP-11-verify/target/wp11-independent/own-pack E:/openhoi/.orchestrator/wt/WP-11-verify/target/wp11-independent/own-native`
initial 17fd9b41d50e54a1
continuous bb07a03a228aadc3
split 157ba3949a3ac857
capture PID 20264
